03-18 14:22:46.300  2380  2380 I CalendarProvider2: Created com.android.providers.calendar.CalendarAlarmManager@197c6b0(com.android.providers.calendar.CalendarProvider2@8496929)
03-18 14:22:46.333  2002  2002 I SystemBroadcastReceiver: Boot has been completed
03-18 14:22:46.334  2002  2002 I SystemBroadcastReceiver: toggleAppIcon() : FLAG_SYSTEM = true
03-18 14:22:46.455  1398  2387 I RadioInteraction: Waiting for radio power on...
03-18 14:22:46.459   264   504 E         : drm_ntp:connecting to ntp server
03-18 14:22:46.459   264   504 E         : drm_ntp: CreateNtpClientSockfd sockfd=10
03-18 14:22:46.463   264   504 E         : drm_ntp: get hostname 3.tw.pool.ntp.org address info failed! No address associated with hostname
03-18 14:22:46.463   264   504 E         : drm_ntp: sleep 2s and reconnect...
03-18 14:22:46.512  2399  2399 W System  : ClassLoader referenced unknown path: /system/app/Calendar/lib/arm
03-18 14:22:46.587  2399  2399 D ExtensionsFactory: No custom extensions.
03-18 14:22:46.595  2399  2399 D AlertReceiver: onReceive: a=android.intent.action.BOOT_COMPLETED Intent { act=android.intent.action.BOOT_COMPLETED flg=0x8000010 cmp=com.android.calendar/.alerts.AlertReceiver (has extras) }
03-18 14:22:46.619  1464  1464 W System  : ClassLoader referenced unknown path: /system/app/ContactsDefaultContactAddon/lib/arm
03-18 14:22:46.627  1464  1464 D DefaultContactAddon: isFirstBoot : false
03-18 14:22:46.655  1398  2387 I RadioInteraction: Radio turned on.
03-18 14:22:46.655  1398  2387 I RadioInteraction: Run the callback.
03-18 14:22:46.655  1398  2387 D RadioTaskExecutor: run phone 0 power radio on callback... mRadioBusyFlag = 1
03-18 14:22:46.655  1398  2387 D RadioTaskExecutor: ALL_RADIOS_OPERATION_DONE notify all!
03-18 14:22:46.656  1398  2323 D RadioTaskExecutor: done
03-18 14:22:46.656  1398  2323 D RadioTaskExecutor: finish execute task: SET_PRIMARY_CARD, radio busy end.
03-18 14:22:46.657  1398  1398 D RadioTaskExecutor: start loop
03-18 14:22:46.657  1398  1398 D RadioTaskExecutor: Task queue :
03-18 14:22:46.657  1398  1398 D RadioTaskExecutor: task queue is empty now, quit loop
03-18 14:22:46.685  2328  2420 I chatty  : uid=1000(system) AsyncHandler expire 2 lines
03-18 14:22:46.882  2422  2422 W System  : ClassLoader referenced unknown path: /system/priv-app/ManagedProvisioning/lib/arm
03-18 14:22:46.908  1479  1479 I chatty  : uid=10024(com.android.providers.media) android.process.media expire 5 lines
03-18 14:22:47.085  2438  2438 I chatty  : uid=1000(system) com.sprd.systemupdate expire 3 lines
03-18 14:22:47.253  2452  2452 W System  : ClassLoader referenced unknown path: /system/priv-app/OneTimeInitializer/lib/arm
03-18 14:22:47.279  1231  1374 I chatty  : uid=1000(system) AudioService expire 1 line
03-18 14:22:47.299   265  1326 W audio_hw_primary: [out_set_parameters], kvpairs=routing=2 devices:0x2 mode:0 
03-18 14:22:47.299   265  1326 W audio_hw_primary: the same devices(0x2) with val(0x2) val is zero...
03-18 14:22:47.303   265  1375 I APM::AudioPolicyManager: checkAndSetVolume() stream FM return 10
03-18 14:22:47.303   265  1375 D AudioPolicyManagerSPRD new: startOutput() isVoipSet 0,stream 1,
03-18 14:22:47.316   265  1326 D audio_hw_primary: start output stream mode:0 devices:2 call_start:0, call_connected:0, is_voip:0, voip_state:0, is_bt_sco:0
03-18 14:22:47.316   265  1326 W audio_hw_primary: i2s_pin_mux_sel in type is 3
03-18 14:22:47.316   265  1326 W audio_hw_primary: i2s_pin_mux_sel in type i-----------2 adev->cp =b605fe10 num = 1  vbc_ctrl_pipe_info = b605a1f8   cp_type = 2
03-18 14:22:47.316   265  1326 W audio_hw_primary: -----in  cpu_index  is 3 
03-18 14:22:47.316   265  1326 W audio_hw_primary: i2s_pin_mux_sel in type i----------i2s_ctl_info->is_switch = 1 
03-18 14:22:47.316   265  1326 E audio_hw_primary: select_devices_signal starting... adev->out_devices 0x2 adev->in_devices 0x0
03-18 14:22:47.316   265  1326 I audio_hw_primary: select_devices_signal finished.
03-18 14:22:47.316   265  1326 W audio_hw_primary: open s_tinycard in
03-18 14:22:47.322   265  1326 W audio_hw_primary: open s_tinycard successfully
03-18 14:22:47.322   265  1323 I audio_hw_primary: Not to change mute: 0
03-18 14:22:47.322   265  1323 I audio_hw_primary: Changing out_devices: from (0xfffffffd) to (0x00000002), Changing in_devices: from (0x00000000) to (0x00000000)
03-18 14:22:47.322   265  1323 W audio_hw_primary: vb_control_parameters.c hp_pa_delay_config 0x0 pa_config:0x210(0x210, 0), 0x2100000(fm)(0x0, 210),  hpPaConfig:0x0(0x0, 0), 0x0(fm)(0x0, 0)
03-18 14:22:47.322   265  1323 W audio_hw_primary: SetAudio_PaConfig_by_devices out, out_devices:0x2, in_devices:0x0
03-18 14:22:47.325   265  1323 I vb_effect: s_cur_out_devices(0x00000002), s_cur_in_devices(0x00000000)
03-18 14:22:47.328   265  1323 I vb_effect: profile is Handsfree, ret=0
03-18 14:22:47.328   265  1323 W audio_hw_primary: GetAudio_gain_by_devices, outmode:3 inmode:3,indev:0x0, outdev:0x2
03-18 14:22:47.328   265  1323 W audio_hw_primary: vb_control_parameters.c pa_config:0x210(0x210, 0), 0x2100000(fm)(0x0, 210),  hpPaConfig:0x0(0x0, 0), 0x0(fm)(0x0, 0)
03-18 14:22:47.328   265  1323 W audio_hw_primary: vb_control_parameters.c GetAudio_outpga_nv, dac_pga_gain_l:0x801807ca fm_pga_gain_l:0x24a fm_pga_gain_r:0x24a vol_level:0x1 
03-18 14:22:47.328   265  1323 W audio_hw_primary: GetAudio_inpga_nv, adc_pga_gain_l:0x903c device:0x0 vol_level:0x1
03-18 14:22:47.328   265  1323 D audio_pga: 'speaker-l' apply
03-18 14:22:47.329   265  1323 D audio_pga: 'speaker-r' apply
03-18 14:22:47.329   265  1323 W audio_hw_primary: SetAudio_gain_by_devices out, out_devices:0x2, in_devices:0x0
03-18 14:22:47.329   265  1323 I audio_hw_primary: stream_routing_thread looping done.
03-18 14:22:47.329   265  1323 I audio_hw_primary: stream_routing_thread looping now...
03-18 14:22:47.353   265  1326 D AudioFlinger: mixer(0xb18c0000) throttle end: throttle time(9)
03-18 14:22:47.379  2380  2380 I CalendarProvider2: Sending notification intent: Intent { act=android.intent.action.PROVIDER_CHANGED dat=content://com.android.calendar }
03-18 14:22:47.379  2380  2380 W ContentResolver: Failed to get type for: content://com.android.calendar (Unknown URL content://com.android.calendar)
03-18 14:22:47.383   265  1326 D AudioFlinger: mixer(0xb18c0000) throttle end: throttle time(14)
03-18 14:22:47.460  2467  2467 W System  : ClassLoader referenced unknown path: /system/app/Email/lib/arm
03-18 14:22:47.486   265  1316 D AudioPolicyManagerSPRD new: stopOutput() isVoipSet 0,stream 1,output size 1
03-18 14:22:47.486   265  1316 I APM::AudioPolicyManager: checkAndSetVolume() stream FM return 10
03-18 14:22:47.688  1231  1310 I chatty  : uid=1000(system) PowerManagerSer expire 3 lines
03-18 14:22:47.877  2484  2484 W System  : ClassLoader referenced unknown path: /system/app/Exchange2/lib/arm
03-18 14:22:47.905   215   470 I chatty  : uid=1000(system) /system/bin/wcnd expire 2 lines
03-18 14:22:47.988  2467  2467 D AddonManager: -> manageFeatureList: The Plugin of <com.android.email> is <PackageInfo{864796a plugin.sprd.emailxposed}> .
03-18 14:22:47.988  2467  2467 D AddonManager: -> getAddon: featureClassName:plugin.sprd.emailxposed.AddonEmailDrmUtils
03-18 14:22:47.989  2467  2467 I AddonManager: -> getAddon,The classloader of defClazz is dalvik.system.PathClassLoader[DexPathList[[zip file "/system/app/Email/Email.apk"],nativeLibraryDirectories=[/system/app/Email/lib/arm, /vendor/lib, /system/lib]]]
03-18 14:22:47.993  2467  2467 D AddonManager: ->getAddon, createAddon pkg: PackageInfo{864796a plugin.sprd.emailxposed}, clazz: class plugin.sprd.emailxposed.AddonEmailDrmUtils, classloader:dalvik.system.PathClassLoader[DexPathList[[zip file "/system/app/EmailDrmAddon/EmailDrmAddon.apk"],nativeLibraryDirectories=[/vendor/lib, /system/lib]]]
03-18 14:22:47.997  2467  2500 W art     : Long monitor contention event with owner method=int java.lang.String.hashCode() from String.java:620 waiters=1 for 129ms
03-18 14:22:48.015  2467  2467 D AddonManager: ->createAddon, wantedClass <class plugin.sprd.emailxposed.AddonEmailDrmUtils>, pluginContext: android.app.ContextImpl@f2fa6f8
03-18 14:22:48.017  2484  2484 I Exchange: EasService.onCreate
03-18 14:22:48.026  2467  2506 I Email   : Observing account changes for notifications
03-18 14:22:48.028  1231  2179 I chatty  : uid=1000(system) Binder_B expire 4 lines
03-18 14:22:48.039   264   505 E DrmOmaPlugIn: DrmOmaPlugIn::onInitialize : 3151
03-18 14:22:48.040   264   505 E DrmOmaPlugIn: DrmOmaPlugIn::onSetOnInfoListener : 3151
03-18 14:22:48.043  2484  2510 I Exchange: RestartPingTask
03-18 14:22:48.070  2484  2484 I Exchange: RestartPingsTask did not start any pings.
03-18 14:22:48.070  2484  2484 I Exchange: PSS stopIfIdle
03-18 14:22:48.070  2484  2484 I Exchange: PSS has no active accounts; stopping service.
03-18 14:22:48.086  1231  1474 I chatty  : uid=1000(system) Binder_3 expire 1 line
03-18 14:22:48.088  2484  2484 I Exchange: onDestroy
03-18 14:22:48.098  1231  1251 I chatty  : uid=1000(system) Binder_1 expire 2 lines
03-18 14:22:48.098  2484  2484 I Exchange: EasService.onCreate
03-18 14:22:48.103  2484  2520 I Exchange: RestartPingTask
03-18 14:22:48.123  2484  2484 I Exchange: RestartPingsTask did not start any pings.
03-18 14:22:48.123  2484  2484 I Exchange: PSS stopIfIdle
03-18 14:22:48.123  2484  2484 I Exchange: PSS has no active accounts; stopping service.
03-18 14:22:48.125  2230  2521 I chatty  : uid=1000(system) com.sprd.engineermode expire 11 lines
03-18 14:22:48.126  2484  2484 I Exchange: onDestroy
03-18 14:22:48.126  2230  2522 I chatty  : uid=1000(system) com.sprd.engineermode expire 3 lines
03-18 14:22:48.338  2230  2530 I chatty  : uid=1000(system) APRService expire 1 line
03-18 14:22:48.341   215   467 I chatty  : uid=1000(system) /system/bin/wcnd expire 5 lines
03-18 14:22:48.341  2230  2521 I chatty  : uid=1000(system) com.sprd.engineermode expire 3 lines
03-18 14:22:48.342   215   467 I chatty  : uid=1000(system) /system/bin/wcnd expire 9 lines
03-18 14:22:48.443  2230  2521 I chatty  : uid=1000(system) com.sprd.engineermode expire 3 lines
03-18 14:22:48.443   215   467 I chatty  : uid=1000(system) /system/bin/wcnd expire 23 lines
03-18 14:22:48.455  2230  2521 I chatty  : uid=1000(system) com.sprd.engineermode expire 2 lines
03-18 14:22:48.455   215   467 I chatty  : uid=1000(system) /system/bin/wcnd expire 2 lines
03-18 14:22:48.457  2531  2531 W System  : ClassLoader referenced unknown path: /system/app/messaging/lib/arm
03-18 14:22:48.464   264   504 E         : drm_ntp:connecting to ntp server
03-18 14:22:48.464   264   504 E         : drm_ntp: CreateNtpClientSockfd sockfd=10
03-18 14:22:48.469   264   504 E         : drm_ntp: get hostname 0.jp.pool.ntp.org address info failed! No address associated with hostname
03-18 14:22:48.469   264   504 E         : drm_ntp: sleep 2s and reconnect...
03-18 14:22:48.555  2531  2531 D PhaserProvider: /data/user/0/com.android.messaging/databases/pharser.db
03-18 14:22:48.630  1231  1610 I chatty  : uid=1000(system) Binder_6 expire 2 lines
03-18 14:22:48.631  1231  1761 I chatty  : uid=1000(system) Binder_8 expire 2 lines
03-18 14:22:48.632  1231  1617 I chatty  : uid=1000(system) Binder_7 expire 2 lines
03-18 14:22:48.633  1231  2131 I chatty  : uid=1000(system) Binder_A expire 2 lines
03-18 14:22:48.634  1231  2179 I chatty  : uid=1000(system) Binder_B expire 2 lines
03-18 14:22:48.735  2531  2531 D PluginsManager: initPluginsManager: search plugins'size: 1
03-18 14:22:48.738  1231  1252 I chatty  : uid=1000(system) Binder_2 expire 2 lines
03-18 14:22:48.743  1231  1251 I chatty  : uid=1000(system) Binder_1 expire 2 lines
03-18 14:22:48.744  1231  2131 I chatty  : uid=1000(system) Binder_A expire 2 lines
03-18 14:22:48.745  1231  1513 I chatty  : uid=1000(system) Binder_5 expire 2 lines
03-18 14:22:48.745  1231  1252 I chatty  : uid=1000(system) Binder_2 expire 2 lines
03-18 14:22:48.748  1646  1646 I chatty  : uid=1000(system) com.android.settings expire 2 lines
03-18 14:22:48.757  2531  2548 W MessagingApp: canonicalizeMccMnc: invalid mccmnc:null ,null
03-18 14:22:48.766  1464  1464 W SyncSimAccountsReceiver: action = android.intent.action.ACTION_SUBINFO_RECORD_UPDATED
03-18 14:22:48.768  1464  1464 E SyncSimAccountsReceiver: action with android.intent.action.ACTION_SUBINFO_RECORD_UPDATED
03-18 14:22:48.768  2531  2531 I MessagingApp: Carrier config changed. Reloading MMS config.
03-18 14:22:48.775  1849  1849 I InCall  : DialerUtils - getActiveSubscriptionInfo: forceReload = true sPermissionFlag = true
03-18 14:22:48.784  1646  2551 I chatty  : uid=1000(system) HandlerThreadAl expire 26 lines
03-18 14:22:48.815  1464  2554 D SyncSimAccountsReceiver: SUBINFO_RECORD_UPDATED: phoneId = 0, subId = 1
03-18 14:22:48.819  2531  2550 I MessagingAppDataModel: Fixup: Send failed - 0 Download failed - 0
03-18 14:22:48.868  1398  1398 W System  : ClassLoader referenced unknown path: /system/priv-app/MmsService/lib/arm
03-18 14:22:48.949  1398  1398 D MmsService: onCreate
03-18 14:22:48.966  1398  1764 D MmsService: getCarrierConfigValues
03-18 14:22:48.966  1398  1764 I MmsService: mms config for sub 1: null
03-18 14:22:48.968  1398  2570 I MmsService: MmsConfigManager loads in background mcc/mnc: 405/872
03-18 14:22:48.969  2531  2548 I MessagingApp: Carrier configs loaded: Bundle[{smsToMmsTextThreshold=-1, maxMessageTextSize=-1, recipientLimit=-1, sharedImageLimit=20, maxImageHeight=480, maxMessageSize=307200, maxImageWidth=640, enabledMMS=true, enableMultipartSMS=true}] from resources+system for subId=1
03-18 14:22:48.970  2531  2552 W art     : Long monitor contention event with owner method=android.os.Bundle android.telephony.SmsManager.getCarrierConfigValues() from SmsManager.java:1614 waiters=0 for 194ms
03-18 14:22:48.998  2556  2556 W System  : ClassLoader referenced unknown path: /system/priv-app/CellBroadcastReceiver/lib/arm
03-18 14:22:49.043  1231  1353 I chatty  : uid=1000(system) InputDispatcher expire 1 line
03-18 14:22:49.046  2556  2556 D CellBroadcastReceiver: onReceive Intent { act=android.intent.action.internal_sim_state_changed flg=0x4000010 cmp=com.android.cellbroadcastreceiver/.CellBroadcastReceiver (has extras) }
03-18 14:22:49.047  2073  2073 D HolographicOutlineHelper: createMediumDropShadow() rect.width() = 85;rect.height = 85
03-18 14:22:49.047  2073  2073 D HolographicOutlineHelper: createMediumDropShadow() bitmapWidth = 85;bitmapHeight = 85
03-18 14:22:49.049  2531  2552 W MessagingApp: canonicalizeMccMnc: invalid mccmnc:null ,null
03-18 14:22:49.075  2531  2572 I MessagingAppDataModel: SyncMessagesAction: Starting batch for messages from 1458281871492 to 1458282168663 (message update limit = 80, message scan limit = 4000)
03-18 14:22:49.082  2531  2550 D BugleNotifications: ====zhongjihao====update=====conversationId: null
03-18 14:22:49.114   210   210 I chatty  : uid=1000(system) /system/bin/surfaceflinger expire 1 line
03-18 14:22:49.137   283   351 I chatty  : uid=1000(system) /system/bin/phoneserver expire 2 lines
03-18 14:22:49.147  1398  1933 D MmsService: getCarrierConfigValues
03-18 14:22:49.148  1398  1933 I MmsService: mms config for sub 1: Bundle[{httpSocketTimeout=60000, aliasMinChars=2, smsToMmsTextThreshold=10, enableSMSDeliveryReports=true, maxMessageTextSize=-1, supportMmsContentDisposition=true, enabledTransID=false, aliasEnabled=false, supportHttpCharsetHeader=false, allowAttachAudio=true, smsToMmsTextLengthThreshold=-1, recipientLimit=2147483647, uaProfTagName=x-wap-profile, aliasMaxChars=48, maxImageHeight=480, enableMMSDeliveryReports=false, userAgent=, config_cellBroadcastAppLinks=true, maxSubjectLength=40, httpParams=, enableGroupMms=true, emailGatewayNumber=, maxMessageSize=307200, naiSuffix=, enableMMSReadReports=false, maxImageWidth=640, uaProfUrl=, enabledMMS=true, enabledNotifyWapMMSC=false, sendMultipartSmsAsSeparateMessages=false, enableMultipartSMS=true}]
03-18 14:22:49.165  2531  2552 I MessagingApp: Carrier configs loaded: Bundle[{httpSocketTimeout=60000, aliasMinChars=2, smsToMmsTextThreshold=10, enableSMSDeliveryReports=true, maxMessageTextSize=-1, supportMmsContentDisposition=true, enabledTransID=false, aliasEnabled=false, supportHttpCharsetHeader=false, allowAttachAudio=true, smsToMmsTextLengthThreshold=-1, recipientLimit=2147483647, uaProfTagName=x-wap-profile, sharedImageLimit=20, aliasMaxChars=48, maxImageHeight=480, enableMMSDeliveryReports=false, userAgent=, config_cellBroadcastAppLinks=true, maxSubjectLength=40, httpParams=, enableGroupMms=true, emailGatewayNumber=, maxMessageSize=307200, naiSuffix=, enableMMSReadReports=false, maxImageWidth=640, uaProfUrl=, enabledMMS=true, enabledNotifyWapMMSC=false, sendMultipartSmsAsSeparateMessages=false, enableMultipartSMS=true}] from resources+system for subId=1
03-18 14:22:49.170  2556  2574 D Utils   : the subId send in is:1
03-18 14:22:49.182  2556  2574 D Utils   : ---queryEnabledCheckBox---subId=1 and cursor.getcount=1
03-18 14:22:49.342  1464  1464 W SyncSimAccountsReceiver: action = android.intent.action.ACTION_SUBINFO_RECORD_UPDATED
03-18 14:22:49.350  1464  1464 E SyncSimAccountsReceiver: action with android.intent.action.ACTION_SUBINFO_RECORD_UPDATED
03-18 14:22:49.359  1849  1849 I InCall  : DialerUtils - getActiveSubscriptionInfo: forceReload = true sPermissionFlag = true
03-18 14:22:49.389  2531  2555 W MessagingApp: canonicalizeMccMnc: invalid mccmnc:null ,null
03-18 14:22:49.428  1464  2580 D SyncSimAccountsReceiver: SUBINFO_RECORD_UPDATED: phoneId = 0, subId = 1
03-18 14:22:49.441  1231  1354 I chatty  : uid=1000(system) InputReader expire 1 line
03-18 14:22:49.442  1231  1353 I chatty  : uid=1000(system) InputDispatcher expire 5 lines
03-18 14:22:49.452  1398  2578 D MmsService: getCarrierConfigValues
03-18 14:22:49.453  1398  2578 I MmsService: mms config for sub 1: Bundle[{httpSocketTimeout=60000, aliasMinChars=2, smsToMmsTextThreshold=10, enableSMSDeliveryReports=true, maxMessageTextSize=-1, supportMmsContentDisposition=true, enabledTransID=false, aliasEnabled=false, supportHttpCharsetHeader=false, allowAttachAudio=true, smsToMmsTextLengthThreshold=-1, recipientLimit=2147483647, uaProfTagName=x-wap-profile, aliasMaxChars=48, maxImageHeight=480, enableMMSDeliveryReports=false, userAgent=, config_cellBroadcastAppLinks=true, maxSubjectLength=40, httpParams=, enableGroupMms=true, emailGatewayNumber=, maxMessageSize=307200, naiSuffix=, enableMMSReadReports=false, maxImageWidth=640, uaProfUrl=, enabledMMS=true, enabledNotifyWapMMSC=false, sendMultipartSmsAsSeparateMessages=false, enableMultipartSMS=true}]
03-18 14:22:49.455  1464  1464 W SyncSimAccountsReceiver: action = android.intent.action.ACTION_SUBINFO_RECORD_UPDATED
03-18 14:22:49.458  2531  2555 I MessagingApp: Carrier configs loaded: Bundle[{httpSocketTimeout=60000, aliasMinChars=2, smsToMmsTextThreshold=10, enableSMSDeliveryReports=true, maxMessageTextSize=-1, supportMmsContentDisposition=true, enabledTransID=false, aliasEnabled=false, supportHttpCharsetHeader=false, allowAttachAudio=true, smsToMmsTextLengthThreshold=-1, recipientLimit=2147483647, uaProfTagName=x-wap-profile, sharedImageLimit=20, aliasMaxChars=48, maxImageHeight=480, enableMMSDeliveryReports=false, userAgent=, config_cellBroadcastAppLinks=true, maxSubjectLength=40, httpParams=, enableGroupMms=true, emailGatewayNumber=, maxMessageSize=307200, naiSuffix=, enableMMSReadReports=false, maxImageWidth=640, uaProfUrl=, enabledMMS=true, enabledNotifyWapMMSC=false, sendMultipartSmsAsSeparateMessages=false, enableMultipartSMS=true}] from resources+system for subId=1
03-18 14:22:49.460  1464  1464 E SyncSimAccountsReceiver: action with android.intent.action.ACTION_SUBINFO_RECORD_UPDATED
03-18 14:22:49.466  1849  1849 I InCall  : DialerUtils - getActiveSubscriptionInfo: forceReload = true sPermissionFlag = true
03-18 14:22:49.487  2556  2574 D CellBroadcastConfigService: enabling emergency cell broadcast channels
03-18 14:22:49.489   283   323 I chatty  : uid=1000(system) /system/bin/phoneserver expire 8 lines
03-18 14:22:49.502  1464  2583 D SyncSimAccountsReceiver: SUBINFO_RECORD_UPDATED: phoneId = 0, subId = 1
03-18 14:22:49.519  1464  1464 W SyncSimAccountsReceiver: action = android.intent.action.SIM_STATE_CHANGED
03-18 14:22:49.523  1464  1464 E SyncSimAccountsReceiver: SIM_STATE_CHANGED: state: LOADED phoneId: 0 subId: 1
03-18 14:22:49.523  1464  1464 D FSA0    : onEvent:0:1:true
03-18 14:22:49.523  1398  1413 D IccSmsInterfaceManager: [IccSmsInterfaceManager] enableGsmBroadcastRange
03-18 14:22:49.526  1849  1849 D VoiceMailUpdateReceiver: onReceive Action: android.intent.action.SIM_STATE_CHANGED
03-18 14:22:49.526  1849  1849 D CallerInfoUtils: refreshVoiceMailCache
03-18 14:22:49.529  1398  1413 D IccSmsInterfaceManager: [IccSmsInterfaceManager] Calling setGsmBroadcastConfig with 1 configurations
03-18 14:22:49.534  1398  1413 D IccSmsInterfaceManager: [IccSmsInterfaceManager] Failed to add GSM cell broadcast subscription for MID range 4352 to 4354 from client com.android.cellbroadcastreceiver
03-18 14:22:49.541  1398  1398 I ImsBroadcastReceiver: ACTION_SIM_STATE_CHANGED.
03-18 14:22:49.545  1646  1646 I chatty  : uid=1000(system) com.android.settings expire 2 lines
03-18 14:22:49.557  1398  1413 D IccSmsInterfaceManager: [IccSmsInterfaceManager] enableGsmBroadcastRange
03-18 14:22:49.559  1398  1413 D IccSmsInterfaceManager: [IccSmsInterfaceManager] Calling setGsmBroadcastConfig with 1 configurations
03-18 14:22:49.564  1398  1413 D IccSmsInterfaceManager: [IccSmsInterfaceManager] Failed to add GSM cell broadcast subscription for MID range 4356 to 4356 from client com.android.cellbroadcastreceiver
03-18 14:22:49.570  1464  1753 D FSA0    : onEvent:0:2:false
03-18 14:22:49.571  1464  1753 D FSA0    : addAccount for 0 and subId  1
03-18 14:22:49.579  2531  2582 I MessagingAppDataModel: SyncMessagesAction: All messages now in sync
03-18 14:22:49.584  1398  1413 D IccSmsInterfaceManager: [IccSmsInterfaceManager] enableGsmBroadcastRange
03-18 14:22:49.588  1398  1413 D IccSmsInterfaceManager: [IccSmsInterfaceManager] Calling setGsmBroadcastConfig with 1 configurations
03-18 14:22:49.595  1398  1413 D IccSmsInterfaceManager: [IccSmsInterfaceManager] Failed to add GSM cell broadcast subscription for MID range 4371 to 4372 from client com.android.cellbroadcastreceiver
03-18 14:22:49.607  1464  1753 D FSA0    : addAccount: USIM
03-18 14:22:49.610  1398  1764 D IccSmsInterfaceManager: [IccSmsInterfaceManager] enableCdmaBroadcastRange
03-18 14:22:49.612  1398  1764 D IccSmsInterfaceManager: [IccSmsInterfaceManager] Calling setCdmaBroadcastConfig with 1 configurations
03-18 14:22:49.617  1398  1764 D IccSmsInterfaceManager: [IccSmsInterfaceManager] Failed to add cdma broadcast subscription for MID range 4097 to 4097 from client com.android.cellbroadcastreceiver
03-18 14:22:49.627  1398  1413 D IccSmsInterfaceManager: [IccSmsInterfaceManager] enableGsmBroadcastRange
03-18 14:22:49.628  1398  1413 D IccSmsInterfaceManager: [IccSmsInterfaceManager] Calling setGsmBroadcastConfig with 1 configurations
03-18 14:22:49.631  1398  1413 D IccSmsInterfaceManager: [IccSmsInterfaceManager] Failed to add GSM cell broadcast subscription for MID range 4373 to 4378 from client com.android.cellbroadcastreceiver
03-18 14:22:49.642  1398  1412 D IccSmsInterfaceManager: [IccSmsInterfaceManager] enableCdmaBroadcastRange
03-18 14:22:49.642  1398  1412 D IccSmsInterfaceManager: [IccSmsInterfaceManager] Calling setCdmaBroadcastConfig with 1 configurations
03-18 14:22:49.644   283   323 I chatty  : uid=1000(system) /system/bin/phoneserver expire 30 lines
03-18 14:22:49.645  1398  1412 D IccSmsInterfaceManager: [IccSmsInterfaceManager] Failed to add cdma broadcast subscription for MID range 4098 to 4098 from client com.android.cellbroadcastreceiver
03-18 14:22:49.657  1398  1764 D IccSmsInterfaceManager: [IccSmsInterfaceManager] enableGsmBroadcastRange
03-18 14:22:49.658  1398  1764 D IccSmsInterfaceManager: [IccSmsInterfaceManager] Calling setGsmBroadcastConfig with 1 configurations
03-18 14:22:49.661  1398  1764 D IccSmsInterfaceManager: [IccSmsInterfaceManager] Failed to add GSM cell broadcast subscription for MID range 4379 to 4379 from client com.android.cellbroadcastreceiver
03-18 14:22:49.673  1398  2110 D IccSmsInterfaceManager: [IccSmsInterfaceManager] enableCdmaBroadcastRange
03-18 14:22:49.674  1398  2110 D IccSmsInterfaceManager: [IccSmsInterfaceManager] Calling setCdmaBroadcastConfig with 1 configurations
03-18 14:22:49.676  1398  2110 D IccSmsInterfaceManager: [IccSmsInterfaceManager] Failed to add cdma broadcast subscription for MID range 4099 to 4099 from client com.android.cellbroadcastreceiver
03-18 14:22:49.688  1398  2578 D IccSmsInterfaceManager: [IccSmsInterfaceManager] enableGsmBroadcastRange
03-18 14:22:49.689  1398  2578 D IccSmsInterfaceManager: [IccSmsInterfaceManager] Calling setGsmBroadcastConfig with 1 configurations
03-18 14:22:49.697  1398  2578 D IccSmsInterfaceManager: [IccSmsInterfaceManager] Failed to add GSM cell broadcast subscription for MID range 4370 to 4370 from client com.android.cellbroadcastreceiver
03-18 14:22:49.700  1464  1464 W SyncSimAccountsReceiver: action = android.intent.action.ACTION_SUBINFO_RECORD_UPDATED
03-18 14:22:49.701  1464  1464 E SyncSimAccountsReceiver: action with android.intent.action.ACTION_SUBINFO_RECORD_UPDATED
03-18 14:22:49.706  1849  1849 I InCall  : DialerUtils - getActiveSubscriptionInfo: forceReload = true sPermissionFlag = true
03-18 14:22:49.715  1398  1412 D IccSmsInterfaceManager: [IccSmsInterfaceManager] enableCdmaBroadcastRange
03-18 14:22:49.716  1398  1412 D IccSmsInterfaceManager: [IccSmsInterfaceManager] Calling setCdmaBroadcastConfig with 1 configurations
03-18 14:22:49.717  1464  1753 D SimUtils: sizes is null
03-18 14:22:49.720  1398  1412 D IccSmsInterfaceManager: [IccSmsInterfaceManager] Failed to add cdma broadcast subscription for MID range 4096 to 4096 from client com.android.cellbroadcastreceiver
03-18 14:22:49.724  1464  2584 D SyncSimAccountsReceiver: SUBINFO_RECORD_UPDATED: phoneId = 0, subId = 1
03-18 14:22:49.736  1464  1464 W SyncSimAccountsReceiver: action = android.intent.action.ACTION_SUBINFO_RECORD_UPDATED
03-18 14:22:49.738  1464  1464 E SyncSimAccountsReceiver: action with android.intent.action.ACTION_SUBINFO_RECORD_UPDATED
03-18 14:22:49.740  1398  2579 D IccSmsInterfaceManager: [IccSmsInterfaceManager] enableGsmBroadcastRange
03-18 14:22:49.742  1849  1849 I InCall  : DialerUtils - getActiveSubscriptionInfo: forceReload = true sPermissionFlag = true
03-18 14:22:49.744  1398  2579 D IccSmsInterfaceManager: [IccSmsInterfaceManager] Calling setGsmBroadcastConfig with 1 configurations
03-18 14:22:49.747  1398  2579 D IccSmsInterfaceManager: [IccSmsInterfaceManager] Failed to add GSM cell broadcast subscription for MID range 4383 to 4383 from client com.android.cellbroadcastreceiver
03-18 14:22:49.749  2556  2574 D CellBroadcastConfigService: enabled emergency cell broadcast channels
03-18 14:22:49.749  2556  2574 D CellBroadcastConfigService: disabling cell broadcast channel 50
03-18 14:22:49.759  1464  2585 D SyncSimAccountsReceiver: SUBINFO_RECORD_UPDATED: phoneId = 0, subId = 1
03-18 14:22:49.771  1398  2110 D IccSmsInterfaceManager: [IccSmsInterfaceManager] disableGsmBroadcastRange
03-18 14:22:49.773  1398  2110 D IccSmsInterfaceManager: [IccSmsInterfaceManager] Failed to remove GSM cell broadcast subscription for MID range 50 to 50 from client com.android.cellbroadcastreceiver
03-18 14:22:49.785  2556  2574 D CellBroadcastConfigService: disabling channels 919-928
03-18 14:22:49.803  2399  2399 D AlertReceiver: onReceive: a=android.intent.action.PROVIDER_CHANGED Intent { act=android.intent.action.PROVIDER_CHANGED dat=content://com.android.calendar flg=0x10 cmp=com.android.calendar/.alerts.AlertReceiver }
03-18 14:22:49.808  1398  1933 D IccSmsInterfaceManager: [IccSmsInterfaceManager] disableGsmBroadcastRange
03-18 14:22:49.809  1398  1933 D IccSmsInterfaceManager: [IccSmsInterfaceManager] Failed to remove GSM cell broadcast subscription for MID range 919 to 928 from client com.android.cellbroadcastreceiver
03-18 14:22:49.809  2556  2574 D CellBroadcastConfigService: disabling cell broadcast ETWS test messages
03-18 14:22:49.827  1398  2110 D IccSmsInterfaceManager: [IccSmsInterfaceManager] disableGsmBroadcastRange
03-18 14:22:49.829  1398  2110 D IccSmsInterfaceManager: [IccSmsInterfaceManager] Failed to remove GSM cell broadcast subscription for MID range 4355 to 4355 from client com.android.cellbroadcastreceiver
03-18 14:22:49.830  2556  2574 D CellBroadcastConfigService: disabling cell broadcast CMAS test messages
03-18 14:22:49.844  1398  1413 D IccSmsInterfaceManager: [IccSmsInterfaceManager] disableGsmBroadcastRange
03-18 14:22:49.845  1398  1413 D IccSmsInterfaceManager: [IccSmsInterfaceManager] Failed to remove GSM cell broadcast subscription for MID range 4380 to 4382 from client com.android.cellbroadcastreceiver
03-18 14:22:49.860  2230  2230 I chatty  : uid=1000(system) com.sprd.engineermode expire 1 line
03-18 14:22:49.866  1398  1412 D IccSmsInterfaceManager: [IccSmsInterfaceManager] disableCdmaBroadcastRange
03-18 14:22:49.868  1398  1412 D IccSmsInterfaceManager: [IccSmsInterfaceManager] Failed to remove cdma broadcast subscription for MID range 4100 to 4100 from client com.android.cellbroadcastreceiver
03-18 14:22:49.877  1231  1353 I chatty  : uid=1000(system) InputDispatcher expire 1 line
03-18 14:22:49.879  2073  2073 D HolographicOutlineHelper: createMediumDropShadow() rect.width() = 85;rect.height = 85
03-18 14:22:49.879  2073  2073 D HolographicOutlineHelper: createMediumDropShadow() bitmapWidth = 85;bitmapHeight = 85
03-18 14:22:49.900   283   323 I chatty  : uid=1000(system) /system/bin/phoneserver expire 19 lines
03-18 14:22:49.948  1464  1753 D SimUtils: EmailTypeOverallMax = -2
03-18 14:22:49.984  1464  1753 D SimUtils: UsimGroupNameMaxLen = -1
03-18 14:22:49.992  1231  1354 I chatty  : uid=1000(system) InputReader expire 1 line
03-18 14:22:49.993  1231  1353 I chatty  : uid=1000(system) InputDispatcher expire 12 lines
03-18 14:22:49.999  1231  1251 I chatty  : uid=1000(system) Binder_1 expire 1 line
03-18 14:22:50.001   283   323 I chatty  : uid=1000(system) /system/bin/phoneserver expire 170 lines
03-18 14:22:50.011   265  1326 W audio_hw_primary: [out_set_parameters], kvpairs=routing=2 devices:0x2 mode:0 
03-18 14:22:50.011   265  1326 W audio_hw_primary: the same devices(0x2) with val(0x2) val is zero...
03-18 14:22:50.012   265  2142 I APM::AudioPolicyManager: checkAndSetVolume() stream FM return 10
03-18 14:22:50.012   265  2142 D AudioPolicyManagerSPRD new: startOutput() isVoipSet 0,stream 1,
03-18 14:22:50.033  1464  1753 D SimUtils: UsimGroupCapacity = 0
03-18 14:22:50.036  1464  1753 D FSA0    : account: userdata:Bundle[{identifier=1, vnd.android.cursor.item/email_v2_typeoverallmax=-2, vnd.android.cursor.item/group_membership_length=-1, vnd.android.cursor.item/name_length=13, vnd.android.cursor.item/phone_v2_typeoverallmax=1, icc_sdn_uri=content://icc/sdn/subId/1, icc_sne_uri=content://icc/sne/subId/1, vnd.android.cursor.item/phone_v2_length=40, capacity=250, slot=0, vnd.android.cursor.item/group_membership_capacity=0, icc_aas_uri=content://icc/aas/subId/1, vnd.android.cursor.item/email_v2_capacity=0, icc_uri=content://icc/adn/subId/1, icc_gas_uri=content://icc/gas/subId/1, vnd.android.cursor.item/nickname_length=12}]
03-18 14:22:50.097  1231  1474 I chatty  : uid=1000(system) Binder_3 expire 1 line
03-18 14:22:50.100  1231  1231 I chatty  : uid=1000 system_server expire 1 line
03-18 14:22:50.100  1231  2179 I chatty  : uid=1000(system) Binder_B expire 1 line
03-18 14:22:50.106  1231  1761 I chatty  : uid=1000(system) Binder_8 expire 4 lines
03-18 14:22:50.118  1231  1252 I chatty  : uid=1000(system) Binder_2 expire 2 lines
03-18 14:22:50.119  1646  1660 I chatty  : uid=1000(system) HeapTaskDaemon expire 2 lines
03-18 14:22:50.133   210   210 I chatty  : uid=1000(system) /system/bin/surfaceflinger expire 1 line
03-18 14:22:50.138   283   351 I chatty  : uid=1000(system) /system/bin/phoneserver expire 4 lines
03-18 14:22:50.158  1464  1551 I ContactsProvider: Accounts changed
03-18 14:22:50.232  1464  1753 D FSA0    : onAction: mPhoneId = 0, action = 13
03-18 14:22:50.233  1464  1753 D FSA0    : startImport for Account {name=SIM1, type=sprd.com.android.account.usim}
03-18 14:22:50.234  1464  1753 D FSA     : sImportingCounter=1
03-18 14:22:50.245   265  1316 D AudioPolicyManagerSPRD new: stopOutput() isVoipSet 0,stream 1,output size 1
03-18 14:22:50.245   265  1316 I APM::AudioPolicyManager: checkAndSetVolume() stream FM return 10
03-18 14:22:50.311  1464  1551 I ContactsProvider: Accounts changed
03-18 14:22:50.347  2588  2588 W System  : ClassLoader referenced unknown path: /system/app/Browser/lib/arm
03-18 14:22:50.402  1646  2613 I chatty  : uid=1000(system) AsyncTask #1 expire 3 lines
03-18 14:22:50.470   264   504 E         : drm_ntp:connecting to ntp server
03-18 14:22:50.470   264   504 E         : drm_ntp: CreateNtpClientSockfd sockfd=10
03-18 14:22:50.477   264   504 E         : drm_ntp: get hostname 1.jp.pool.ntp.org address info failed! No address associated with hostname
03-18 14:22:50.477   264   504 E         : drm_ntp: sleep 2s and reconnect...
03-18 14:22:50.488  1231  1610 I chatty  : uid=1000(system) Binder_6 expire 1 line
03-18 14:22:50.489  2484  2484 I Exchange: Accounts changed - requesting FolderSync for unsynced accounts
03-18 14:22:50.494  1646  1646 I chatty  : uid=1000(system) com.android.settings expire 3 lines
03-18 14:22:50.494  2467  2621 I Email   : System accounts updated.
03-18 14:22:50.536  1231  1617 I chatty  : uid=1000(system) Binder_7 expire 2 lines
03-18 14:22:50.542  2484  2484 I Exchange: EasService.onCreate
03-18 14:22:50.543  1231  2131 I chatty  : uid=1000(system) Binder_A expire 3 lines
03-18 14:22:50.557  2484  2624 I Exchange: RestartPingTask
03-18 14:22:50.558  2467  2621 I NotifActionUtils: resendNotifications account: null, folder: null
03-18 14:22:50.577  2467  2625 I NotifUtils: resendNotifications cancelExisting: false, account: null, folder: null
03-18 14:22:50.580  1231  1772 I chatty  : uid=1000(system) Binder_9 expire 1 line
03-18 14:22:50.594  1464  1753 E SimContactProxy: iccUri:content://icc/adn/subId/1
03-18 14:22:50.594  1464  1753 E SimContactProxy: iccGroupUri:content://icc/gas/subId/1
03-18 14:22:50.594  1464  1753 E SimContactProxy: iccAasUri:content://icc/aas/subId/1
03-18 14:22:50.594  1464  1753 E SimContactProxy: iccSneUri:content://icc/sne/subId/1
03-18 14:22:50.594  1464  1753 E SimContactProxy: iccSdnUri:content://icc/sdn/subId/1
03-18 14:22:50.607  2484  2484 I Exchange: RestartPingsTask did not start any pings.
03-18 14:22:50.607  2484  2484 I Exchange: PSS stopIfIdle
03-18 14:22:50.607  2484  2484 I Exchange: PSS has no active accounts; stopping service.
03-18 14:22:50.609  2484  2484 I Exchange: onDestroy
03-18 14:22:50.669  1464  1551 D ContactDirectoryManager: Found com.android.exchange.directory.provider
03-18 14:22:50.697  1464  1551 I ContactDirectoryManager: deleted 0 stale rows which don't have any relevant directory
03-18 14:22:50.706  1464  1551 I ContactDirectoryManager: Discovered 0 contact directories in 145ms
03-18 14:22:50.711  1231  1478 I chatty  : uid=1000(system) Binder_4 expire 1 line
03-18 14:22:50.736  1479  2237 I chatty  : uid=10024(com.android.providers.media) android.process.media expire 92 lines
03-18 14:22:50.880  1231  1308 I chatty  : uid=1000(system) android.display expire 1 line
03-18 14:22:50.944  2073  2073 D Launcher: ====  5-screenid = -1   ,container = -1
03-18 14:22:51.137  1479  2237 D MediaScannerService: done scanning volume external
03-18 14:22:51.137  1479  2237 D MediaScannerService: index=3
03-18 14:22:51.137  1479  2237 D MediaScannerService: start scanning volume external: [/storage/emulated/0]
03-18 14:22:51.149  1479  2237 D MediaProvider: ensureDefaultFolders:externalStoragePaths=[/storage/emulated/0, /storage/72AD-2013]mPathType=4
03-18 14:22:51.173  1231  1354 I chatty  : uid=1000(system) InputReader expire 3 lines
03-18 14:22:51.225  2380  2380 I CalendarProvider2: Sending notification intent: Intent { act=android.intent.action.PROVIDER_CHANGED dat=content://com.android.calendar }
03-18 14:22:51.225  2380  2380 W ContentResolver: Failed to get type for: content://com.android.calendar (Unknown URL content://com.android.calendar)
03-18 14:22:51.228  2399  2399 D AlertReceiver: onReceive: a=android.intent.action.PROVIDER_CHANGED Intent { act=android.intent.action.PROVIDER_CHANGED dat=content://com.android.calendar flg=0x10 cmp=com.android.calendar/.alerts.AlertReceiver }
03-18 14:22:51.369   283   323 I chatty  : uid=1000(system) /system/bin/phoneserver expire 28 lines
03-18 14:22:51.465   210   210 I chatty  : uid=1000(system) /system/bin/surfaceflinger expire 1 line
03-18 14:22:51.492   283   323 I chatty  : uid=1000(system) /system/bin/phoneserver expire 255 lines
03-18 14:22:51.718  1479  2237 D MediaScannerService: done scanning volume external
03-18 14:22:51.718  1479  2237 D MediaScannerService: index=2
03-18 14:22:51.718  1479  2237 D MediaScannerService: start scanning volume internal: [/system/media, /oem/media]
03-18 14:22:52.139   283   351 I chatty  : uid=1000(system) /system/bin/phoneserver expire 2 lines
03-18 14:22:52.277   283   323 I chatty  : uid=1000(system) /system/bin/phoneserver expire 51 lines
03-18 14:22:52.359  1479  2237 W MediaScanner: Error opening directory '/oem/media/', skipping: No such file or directory.
03-18 14:22:52.375  1479  2237 D MediaScannerService: done scanning volume internal
03-18 14:22:52.375  1479  2237 D MediaScannerService: index=1
03-18 14:22:52.376  1479  2237 D MediaScannerService: start scanning volume external: [/storage/emulated/0]
03-18 14:22:52.389  1479  2237 D MediaProvider: ensureDefaultFolders:externalStoragePaths=[/storage/emulated/0, /storage/72AD-2013]mPathType=4
03-18 14:22:52.427  1231  1353 I chatty  : uid=1000(system) InputDispatcher expire 1 line
03-18 14:22:52.428  2073  2073 D HolographicOutlineHelper: createMediumDropShadow() rect.width() = 85;rect.height = 85
03-18 14:22:52.428  2073  2073 D HolographicOutlineHelper: createMediumDropShadow() bitmapWidth = 85;bitmapHeight = 85
03-18 14:22:52.429   283   323 I chatty  : uid=1000(system) /system/bin/phoneserver expire 41 lines
03-18 14:22:52.477   264   504 E         : drm_ntp:connecting to ntp server
03-18 14:22:52.477   264   504 E         : drm_ntp: CreateNtpClientSockfd sockfd=10
03-18 14:22:52.483   264   504 E         : drm_ntp: get hostname 2.jp.pool.ntp.org address info failed! No address associated with hostname
03-18 14:22:52.483   264   504 E         : drm_ntp: sleep 2s and reconnect...
03-18 14:22:52.555  1231  1354 I chatty  : uid=1000(system) InputReader expire 1 line
03-18 14:22:52.556   283   323 I chatty  : uid=1000(system) /system/bin/phoneserver expire 1 line
03-18 14:22:52.556  1231  1353 I chatty  : uid=1000(system) InputDispatcher expire 5 lines
03-18 14:22:52.557   210   210 I chatty  : uid=1000(system) /system/bin/surfaceflinger expire 1 line
03-18 14:22:52.558   283   323 I chatty  : uid=1000(system) /system/bin/phoneserver expire 2 lines
03-18 14:22:52.560  1231  1761 I chatty  : uid=1000(system) Binder_8 expire 1 line
03-18 14:22:52.567   265  1326 W audio_hw_primary: [out_set_parameters], kvpairs=routing=2 devices:0x2 mode:0 
03-18 14:22:52.567   265  1326 W audio_hw_primary: the same devices(0x2) with val(0x2) val is zero...
03-18 14:22:52.567   265  1376 I APM::AudioPolicyManager: checkAndSetVolume() stream FM return 10
03-18 14:22:52.567   265  1376 D AudioPolicyManagerSPRD new: startOutput() isVoipSet 0,stream 1,
03-18 14:22:52.574   283   323 I chatty  : uid=1000(system) /system/bin/phoneserver expire 9 lines
03-18 14:22:52.622   283   323 D phoneserver: Rev TID [323]: mux=/dev/stty_lte1:OK
03-18 14:22:52.626   283   323 D phoneserver: Rev TID [323]: mux=/dev/stty_lte1:+EUICC: 0,2,1
03-18 14:22:52.626   283   323 D phoneserver: Rev TID [323]: mux=/dev/stty_lte1:OK
03-18 14:22:52.648   283   323 D phoneserver: Rev TID [323]: mux=/dev/stty_lte1:+CRSM: 144,0,FFFFFFFFFFFFFFFFFFFFFFFFFFFFFFFFFFFFFFFFFFFFFFFFFFFFFF
03-18 14:22:52.648   283   323 D phoneserver: Rev TID [323]: mux=/dev/stty_lte1:OK
03-18 14:22:52.652   283   323 D phoneserver: Rev TID [323]: mux=/dev/stty_lte1:+EUICC: 0,2,1
03-18 14:22:52.652   283   323 D phoneserver: Rev TID [323]: mux=/dev/stty_lte1:OK
03-18 14:22:52.671   283   323 D phoneserver: Rev TID [323]: mux=/dev/stty_lte1:+CRSM: 144,0,FFFFFFFFFFFFFFFFFFFFFFFFFFFFFFFFFFFFFFFFFFFFFFFFFFFFFF
03-18 14:22:52.671   283   323 D phoneserver: Rev TID [323]: mux=/dev/stty_lte1:OK
03-18 14:22:52.676   283   323 D phoneserver: Rev TID [323]: mux=/dev/stty_lte1:+EUICC: 0,2,1
03-18 14:22:52.676   283   323 D phoneserver: Rev TID [323]: mux=/dev/stty_lte1:OK
03-18 14:22:52.687   283   323 D phoneserver: Rev TID [323]: mux=/dev/stty_lte1:+CRSM: 144,0,FFFFFFFFFFFFFFFFFFFFFFFFFFFFFFFFFFFFFFFFFFFFFFFFFFFFFF
03-18 14:22:52.687   283   323 D phoneserver: Rev TID [323]: mux=/dev/stty_lte1:OK
03-18 14:22:52.690   283   323 D phoneserver: Rev TID [323]: mux=/dev/stty_lte1:+EUICC: 0,2,1
03-18 14:22:52.690   283   323 D phoneserver: Rev TID [323]: mux=/dev/stty_lte1:OK
03-18 14:22:52.694  1231  1251 I Vpn     : Switched from [Legacy VPN] to com.sprd.vowifi.security
03-18 14:22:52.696  1231  1251 D Vpn     : setting state=IDLE, reason=prepare
03-18 14:22:52.703   283   323 D phoneserver: Rev TID [323]: mux=/dev/stty_lte1:+CRSM: 144,0,FFFFFFFFFFFFFFFFFFFFFFFFFFFFFFFFFFFFFFFFFFFFFFFFFFFFFF
03-18 14:22:52.703   283   323 D phoneserver: Rev TID [323]: mux=/dev/stty_lte1:OK
03-18 14:22:52.706   283   323 D phoneserver: Rev TID [323]: mux=/dev/stty_lte1:+EUICC: 0,2,1
03-18 14:22:52.706   283   323 D phoneserver: Rev TID [323]: mux=/dev/stty_lte1:OK
03-18 14:22:52.717   283   323 D phoneserver: Rev TID [323]: mux=/dev/stty_lte1:+CRSM: 144,0,FFFFFFFFFFFFFFFFFFFFFFFFFFFFFFFFFFFFFFFFFFFFFFFFFFFFFF
03-18 14:22:52.717   283   323 D phoneserver: Rev TID [323]: mux=/dev/stty_lte1:OK
03-18 14:22:52.720   283   323 D phoneserver: Rev TID [323]: mux=/dev/stty_lte1:+EUICC: 0,2,1
03-18 14:22:52.720   283   323 D phoneserver: Rev TID [323]: mux=/dev/stty_lte1:OK
03-18 14:22:52.735   283   323 D phoneserver: Rev TID [323]: mux=/dev/stty_lte1:+CRSM: 144,0,FFFFFFFFFFFFFFFFFFFFFFFFFFFFFFFFFFFFFFFFFFFFFFFFFFFFFF
03-18 14:22:52.735   283   323 D phoneserver: Rev TID [323]: mux=/dev/stty_lte1:OK
03-18 14:22:52.738   283   323 D phoneserver: Rev TID [323]: mux=/dev/stty_lte1:+EUICC: 0,2,1
03-18 14:22:52.738   283   323 D phoneserver: Rev TID [323]: mux=/dev/stty_lte1:OK
03-18 14:22:52.751   283   323 D phoneserver: Rev TID [323]: mux=/dev/stty_lte1:+CRSM: 144,0,FFFFFFFFFFFFFFFFFFFFFFFFFFFFFFFFFFFFFFFFFFFFFFFFFFFFFF
03-18 14:22:52.751   283   323 D phoneserver: Rev TID [323]: mux=/dev/stty_lte1:OK
03-18 14:22:52.755   283   323 D phoneserver: Rev TID [323]: mux=/dev/stty_lte1:+EUICC: 0,2,1
03-18 14:22:52.755   283   323 D phoneserver: Rev TID [323]: mux=/dev/stty_lte1:OK
03-18 14:22:52.766   283   323 D phoneserver: Rev TID [323]: mux=/dev/stty_lte1:+CRSM: 144,0,FFFFFFFFFFFFFFFFFFFFFFFFFFFFFFFFFFFFFFFFFFFFFFFFFFFFFF
03-18 14:22:52.766   283   323 D phoneserver: Rev TID [323]: mux=/dev/stty_lte1:OK
03-18 14:22:52.768   283   323 D phoneserver: Rev TID [323]: mux=/dev/stty_lte1:+EUICC: 0,2,1
03-18 14:22:52.768   283   323 D phoneserver: Rev TID [323]: mux=/dev/stty_lte1:OK
03-18 14:22:52.774  1231  1310 D LIGHTS  : file:vendor/sprd/open-source/libs/liblights/lights.c, func:set_light_buttons, on=0
03-18 14:22:52.774  1231  1310 E LIGHTS  : file:vendor/sprd/open-source/libs/liblights/lights.c, func:write_int, path=/sys/class/leds/keyboard-backlight/brightness, value=0
03-18 14:22:52.774  1231  1310 E LIGHTS  : file:vendor/sprd/open-source/libs/liblights/lights.c, func:write_int, failed to open /sys/class/leds/keyboard-backlight/brightness,fd = -1
03-18 14:22:52.780   283   323 D phoneserver: Rev TID [323]: mux=/dev/stty_lte1:+CRSM: 144,0,FFFFFFFFFFFFFFFFFFFFFFFFFFFFFFFFFFFFFFFFFFFFFFFFFFFFFF
03-18 14:22:52.781   283   323 D phoneserver: Rev TID [323]: mux=/dev/stty_lte1:OK
03-18 14:22:52.783   283   323 D phoneserver: Rev TID [323]: mux=/dev/stty_lte1:+EUICC: 0,2,1
03-18 14:22:52.784   283   323 D phoneserver: Rev TID [323]: mux=/dev/stty_lte1:OK
03-18 14:22:52.796   283   323 D phoneserver: Rev TID [323]: mux=/dev/stty_lte1:+CRSM: 144,0,FFFFFFFFFFFFFFFFFFFFFFFFFFFFFFFFFFFFFFFFFFFFFFFFFFFFFF
03-18 14:22:52.796   283   323 D phoneserver: Rev TID [323]: mux=/dev/stty_lte1:OK
03-18 14:22:52.798   265  1316 D AudioPolicyManagerSPRD new: stopOutput() isVoipSet 0,stream 1,output size 1
03-18 14:22:52.798   265  1316 I APM::AudioPolicyManager: checkAndSetVolume() stream FM return 10
03-18 14:22:52.798   283   323 D phoneserver: Rev TID [323]: mux=/dev/stty_lte1:+EUICC: 0,2,1
03-18 14:22:52.798   283   323 D phoneserver: Rev TID [323]: mux=/dev/stty_lte1:OK
03-18 14:22:52.814   283   323 D phoneserver: Rev TID [323]: mux=/dev/stty_lte1:+CRSM: 144,0,FFFFFFFFFFFFFFFFFFFFFFFFFFFFFFFFFFFFFFFFFFFFFFFFFFFFFF
03-18 14:22:52.814   283   323 D phoneserver: Rev TID [323]: mux=/dev/stty_lte1:OK
03-18 14:22:52.815   283   323 D phoneserver: Rev TID [323]: mux=/dev/stty_lte1:+EUICC: 0,2,1
03-18 14:22:52.816   283   323 D phoneserver: Rev TID [323]: mux=/dev/stty_lte1:OK
03-18 14:22:52.827   283   323 D phoneserver: Rev TID [323]: mux=/dev/stty_lte1:+CRSM: 144,0,FFFFFFFFFFFFFFFFFFFFFFFFFFFFFFFFFFFFFFFFFFFFFFFFFFFFFF
03-18 14:22:52.827   283   323 D phoneserver: Rev TID [323]: mux=/dev/stty_lte1:OK
03-18 14:22:52.828   283   323 D phoneserver: Rev TID [323]: mux=/dev/stty_lte1:+EUICC: 0,2,1
03-18 14:22:52.828   283   323 D phoneserver: Rev TID [323]: mux=/dev/stty_lte1:OK
03-18 14:22:52.845   283   323 D phoneserver: Rev TID [323]: mux=/dev/stty_lte1:+CRSM: 144,0,FFFFFFFFFFFFFFFFFFFFFFFFFFFFFFFFFFFFFFFFFFFFFFFFFFFFFF
03-18 14:22:52.845   283   323 D phoneserver: Rev TID [323]: mux=/dev/stty_lte1:OK
03-18 14:22:52.851   283   323 D phoneserver: Rev TID [323]: mux=/dev/stty_lte1:+EUICC: 0,2,1
03-18 14:22:52.851   283   323 D phoneserver: Rev TID [323]: mux=/dev/stty_lte1:OK
03-18 14:22:52.854   432   462 E SLOG    : reload: slog reload. [0]
03-18 14:22:52.864   432   432 E SLOG    : sig_handler1: get a signal 15, exit(0). [2]
03-18 14:22:52.865   283   323 D phoneserver: Rev TID [323]: mux=/dev/stty_lte1:+CRSM: 144,0,FFFFFFFFFFFFFFFFFFFFFFFFFFFFFFFFFFFFFFFFFFFFFFFFFFFFFF
03-18 14:22:52.865   283   323 D phoneserver: Rev TID [323]: mux=/dev/stty_lte1:OK
03-18 14:22:52.869   283   323 D phoneserver: Rev TID [323]: mux=/dev/stty_lte1:+EUICC: 0,2,1
03-18 14:22:52.869   283   323 D phoneserver: Rev TID [323]: mux=/dev/stty_lte1:OK
03-18 14:22:52.900  1479  2237 D MediaScannerService: done scanning volume external
03-18 14:22:52.900  1479  2237 D MediaScannerService: index=0
03-18 14:22:52.900  1479  2237 D MediaScannerService: stopSelf
03-18 14:22:52.900   283   323 D phoneserver: Rev TID [323]: mux=/dev/stty_lte1:+CRSM: 144,0,FFFFFFFFFFFFFFFFFFFFFFFFFFFFFFFFFFFFFFFFFFFFFFFFFFFFFF
03-18 14:22:52.900   283   323 D phoneserver: Rev TID [323]: mux=/dev/stty_lte1:OK
03-18 14:22:52.903  1479  1479 D MediaScannerService: onDestroy
03-18 14:22:52.903   283   323 D phoneserver: Rev TID [323]: mux=/dev/stty_lte1:+EUICC: 0,2,1
03-18 14:22:52.903   283   323 D phoneserver: Rev TID [323]: mux=/dev/stty_lte1:OK
03-18 14:22:52.907  2640  2640 E SLOG    : main: slog begin to work. [2]
03-18 14:22:52.908  2640  2640 E SLOG    : handle_slog_property: slog.step = 1, slog.reload = 1 [2]
03-18 14:22:52.909  2640  2640 E SLOG    : handle_kmemleak: handle_kmemleak: off
03-18 14:22:52.909  2640  2640 E SLOG    :  [2]
03-18 14:22:52.909  2640  2640 E SLOG    : init_external_storage: the external storage : /storage/72AD-2013/slog [2]
03-18 14:22:52.909  2640  2640 E SLOG    : handle_top_logdir: slog use external storage [2]
03-18 14:22:52.917   283   323 D phoneserver: Rev TID [323]: mux=/dev/stty_lte1:+CRSM: 144,0,FFFFFFFFFFFFFFFFFFFFFFFFFFFFFFFFFFFFFFFFFFFFFFFFFFFFFF
03-18 14:22:52.917   283   323 D phoneserver: Rev TID [323]: mux=/dev/stty_lte1:OK
03-18 14:22:52.925   283   323 D phoneserver: Rev TID [323]: mux=/dev/stty_lte1:+EUICC: 0,2,1
03-18 14:22:52.925   283   323 D phoneserver: Rev TID [323]: mux=/dev/stty_lte1:OK
03-18 14:22:52.945   283   323 D phoneserver: Rev TID [323]: mux=/dev/stty_lte1:+CRSM: 144,0,FFFFFFFFFFFFFFFFFFFFFFFFFFFFFFFFFFFFFFFFFFFFFFFFFFFFFF
03-18 14:22:52.945   283   323 D phoneserver: Rev TID [323]: mux=/dev/stty_lte1:OK
03-18 14:22:52.947   283   323 D phoneserver: Rev TID [323]: mux=/dev/stty_lte1:+EUICC: 0,2,1
03-18 14:22:52.947   283   323 D phoneserver: Rev TID [323]: mux=/dev/stty_lte1:OK
03-18 14:22:52.958   283   323 D phoneserver: Rev TID [323]: mux=/dev/stty_lte1:+CRSM: 144,0,FFFFFFFFFFFFFFFFFFFFFFFFFFFFFFFFFFFFFFFFFFFFFFFFFFFFFF
03-18 14:22:52.958   283   323 D phoneserver: Rev TID [323]: mux=/dev/stty_lte1:OK
03-18 14:22:52.959   283   323 D phoneserver: Rev TID [323]: mux=/dev/stty_lte1:+EUICC: 0,2,1
03-18 14:22:52.959   283   323 D phoneserver: Rev TID [323]: mux=/dev/stty_lte1:OK
03-18 14:22:52.972   283   323 D phoneserver: Rev TID [323]: mux=/dev/stty_lte1:+CRSM: 144,0,FFFFFFFFFFFFFFFFFFFFFFFFFFFFFFFFFFFFFFFFFFFFFFFFFFFFFF
03-18 14:22:52.972   283   323 D phoneserver: Rev TID [323]: mux=/dev/stty_lte1:OK
03-18 14:22:52.973   283   323 D phoneserver: Rev TID [323]: mux=/dev/stty_lte1:+EUICC: 0,2,1
03-18 14:22:52.973   283   323 D phoneserver: Rev TID [323]: mux=/dev/stty_lte1:OK
03-18 14:22:52.984   283   323 D phoneserver: Rev TID [323]: mux=/dev/stty_lte1:+CRSM: 144,0,FFFFFFFFFFFFFFFFFFFFFFFFFFFFFFFFFFFFFFFFFFFFFFFFFFFFFF
