03-18 18:45:55.936  1454  2211 D MediaProvider: object removed 11438
03-18 18:45:55.936  1454  2211 D MediaProvider: object removed 11439
03-18 18:45:55.936  1454  2211 D MediaProvider: object removed 11440
03-18 18:45:55.936  1454  2211 D MediaProvider: object removed 11441
03-18 18:45:55.937  1454  2211 D MediaProvider: object removed 11442
03-18 18:45:55.937  1454  2211 D MediaProvider: object removed 11443
03-18 18:45:55.937  1454  2211 D MediaProvider: object removed 11444
03-18 18:45:55.937  1454  2211 D MediaProvider: object removed 11445
03-18 18:45:55.938  1454  2211 D MediaProvider: object removed 11446
03-18 18:45:55.938  1454  2211 D MediaProvider: object removed 11447
03-18 18:45:55.938  1454  2211 D MediaProvider: object removed 11448
03-18 18:45:55.938  1454  2211 D MediaProvider: object removed 11449
03-18 18:45:55.939  1454  2211 D MediaProvider: object removed 11450
03-18 18:45:55.939  1454  2211 D MediaProvider: object removed 11451
03-18 18:45:55.939  1454  2211 D MediaProvider: object removed 11452
03-18 18:45:55.939  1454  2211 D MediaProvider: object removed 11453
03-18 18:45:55.939  1454  2211 D MediaProvider: object removed 11454
03-18 18:45:55.940  1454  2211 D MediaProvider: object removed 11455
03-18 18:45:55.940  1454  2211 D MediaProvider: object removed 11456
03-18 18:45:55.940  1454  2211 D MediaProvider: object removed 11457
03-18 18:45:55.940  1454  2211 D MediaProvider: object removed 11458
03-18 18:45:55.940  1454  2211 D MediaProvider: object removed 11459
03-18 18:45:55.941  1454  2211 D MediaProvider: object removed 11460
03-18 18:45:55.941  1454  2211 D MediaProvider: object removed 11461
03-18 18:45:55.941  1454  2211 D MediaProvider: object removed 11462
03-18 18:45:55.941  1454  2211 D MediaProvider: object removed 11463
03-18 18:45:55.941  1454  2211 D MediaProvider: object removed 11464
03-18 18:45:55.941  1454  2211 D MediaProvider: object removed 11465
03-18 18:45:55.942  1454  2211 D MediaProvider: object removed 11466
03-18 18:45:55.942  1454  2211 D MediaProvider: object removed 11467
03-18 18:45:55.942  1454  2211 D MediaProvider: object removed 11468
03-18 18:45:55.942  1454  2211 D MediaProvider: object removed 11469
03-18 18:45:55.943  1454  2211 D MediaProvider: object removed 11470
03-18 18:45:55.943  1454  2211 D MediaProvider: object removed 11471
03-18 18:45:55.943  1454  2211 D MediaProvider: object removed 11472
03-18 18:45:55.944  1454  2211 D MediaProvider: object removed 11473
03-18 18:45:55.944  1454  2211 D MediaProvider: object removed 11474
03-18 18:45:55.944  1454  2211 D MediaProvider: object removed 11475
03-18 18:45:55.944  1454  2211 D MediaProvider: object removed 11476
03-18 18:45:55.944  1454  2211 D MediaProvider: object removed 11477
03-18 18:45:55.945  1454  2211 D MediaProvider: object removed 11478
03-18 18:45:55.945  1454  2211 D MediaProvider: object removed 11479
03-18 18:45:55.945  1454  2211 D MediaProvider: object removed 11480
03-18 18:45:55.945  1454  2211 D MediaProvider: object removed 11481
03-18 18:45:55.945  1454  2211 D MediaProvider: object removed 11482
03-18 18:45:55.946  1454  2211 D MediaProvider: object removed 11483
03-18 18:45:55.946  1454  2211 D MediaProvider: object removed 11484
03-18 18:45:55.946  1454  2211 D MediaProvider: object removed 11485
03-18 18:45:55.946  1454  2211 D MediaProvider: object removed 11486
03-18 18:45:55.946  1454  2211 D MediaProvider: object removed 11487
03-18 18:45:55.946  1454  2211 D MediaProvider: object removed 11488
03-18 18:45:55.947  1454  2211 D MediaProvider: object removed 11489
03-18 18:45:55.947  1454  2211 D MediaProvider: object removed 11490
03-18 18:45:55.947  1454  2211 D MediaProvider: object removed 11491
03-18 18:45:55.948  1454  2211 D MediaProvider: object removed 11492
03-18 18:45:55.948  1454  2211 D MediaProvider: object removed 11493
03-18 18:45:55.948  1454  2211 D MediaProvider: object removed 11494
03-18 18:45:55.948  1454  2211 D MediaProvider: object removed 11495
03-18 18:45:55.948  1454  2211 D MediaProvider: object removed 11496
03-18 18:45:55.948  1454  2211 D MediaProvider: object removed 11497
03-18 18:45:55.949  1454  2211 D MediaProvider: object removed 11498
03-18 18:45:55.949  1454  2211 D MediaProvider: object removed 11499
03-18 18:45:55.949  1454  2211 D MediaProvider: object removed 11500
03-18 18:45:55.949  1454  2211 D MediaProvider: object removed 11501
03-18 18:45:55.950  1454  2211 D MediaProvider: object removed 11502
03-18 18:45:55.950  1454  2211 D MediaProvider: object removed 11503
03-18 18:45:55.950  1454  2211 D MediaProvider: object removed 11504
03-18 18:45:55.950  1454  2211 D MediaProvider: object removed 11505
03-18 18:45:55.950  1454  2211 D MediaProvider: object removed 11506
03-18 18:45:56.032  1172  1345 D WifiStateMachine: L2Connected CMD_START_SCAN source -2 4, 7 -> obsolete
03-18 18:45:56.101  1454  2211 D MediaProvider: object removed 11507
03-18 18:45:56.103  1454  2211 D MediaProvider: object removed 11508
03-18 18:45:56.103  1454  2211 D MediaProvider: object removed 11509
03-18 18:45:56.104  1454  2211 D MediaProvider: object removed 11510
03-18 18:45:56.104  1454  2211 D MediaProvider: object removed 11511
03-18 18:45:56.105  1454  2211 D MediaProvider: object removed 11512
03-18 18:45:56.105  1454  2211 D MediaProvider: object removed 11513
03-18 18:45:56.105  1454  2211 D MediaProvider: object removed 11514
03-18 18:45:56.106  1454  2211 D MediaProvider: object removed 11515
03-18 18:45:56.106  1454  2211 D MediaProvider: object removed 11516
03-18 18:45:56.106  1454  2211 D MediaProvider: object removed 11517
03-18 18:45:56.107  1454  2211 D MediaProvider: object removed 11518
03-18 18:45:56.107  1454  2211 D MediaProvider: object removed 11519
03-18 18:45:56.107  1454  2211 D MediaProvider: object removed 11520
03-18 18:45:56.107  1454  2211 D MediaProvider: object removed 11521
03-18 18:45:56.107  1454  2211 D MediaProvider: object removed 11522
03-18 18:45:56.108  1454  2211 D MediaProvider: object removed 11523
03-18 18:45:56.108  1454  2211 D MediaProvider: object removed 11524
03-18 18:45:56.108  1454  2211 D MediaProvider: object removed 11525
03-18 18:45:56.108  1454  2211 D MediaProvider: object removed 11526
03-18 18:45:56.109  1454  2211 D MediaProvider: object removed 11527
03-18 18:45:56.109  1454  2211 D MediaProvider: object removed 11528
03-18 18:45:56.109  1454  2211 D MediaProvider: object removed 11529
03-18 18:45:56.109  1454  2211 D MediaProvider: object removed 11530
03-18 18:45:56.110  1454  2211 D MediaProvider: object removed 11531
03-18 18:45:56.110  1454  2211 D MediaProvider: object removed 11532
03-18 18:45:56.111  1454  2211 D MediaProvider: object removed 11533
03-18 18:45:56.111  1454  2211 D MediaProvider: object removed 11534
03-18 18:45:56.111  1454  2211 D MediaProvider: object removed 11535
03-18 18:45:56.111  1454  2211 D MediaProvider: object removed 11536
03-18 18:45:56.111  1454  2211 D MediaProvider: object removed 11537
03-18 18:45:56.112  1454  2211 D MediaProvider: object removed 11538
03-18 18:45:56.112  1454  2211 D MediaProvider: object removed 11539
03-18 18:45:56.112  1454  2211 D MediaProvider: object removed 11540
03-18 18:45:56.112  1454  2211 D MediaProvider: object removed 11541
03-18 18:45:56.112  1454  2211 D MediaProvider: object removed 11542
03-18 18:45:56.113  1454  2211 D MediaProvider: object removed 11543
03-18 18:45:56.113  1454  2211 D MediaProvider: object removed 11544
03-18 18:45:56.113  1454  2211 D MediaProvider: object removed 11545
03-18 18:45:56.114  1454  2211 D MediaProvider: object removed 11546
03-18 18:45:56.114  1454  2211 D MediaProvider: object removed 11547
03-18 18:45:56.114  1454  2211 D MediaProvider: object removed 11548
03-18 18:45:56.114  1454  2211 D MediaProvider: object removed 11549
03-18 18:45:56.115  1454  2211 D MediaProvider: object removed 11550
03-18 18:45:56.115  1454  2211 D MediaProvider: object removed 11551
03-18 18:45:56.115  1454  2211 D MediaProvider: object removed 11552
03-18 18:45:56.115  1454  2211 D MediaProvider: object removed 11553
03-18 18:45:56.115  1454  2211 D MediaProvider: object removed 11554
03-18 18:45:56.116  1454  2211 D MediaProvider: object removed 11555
03-18 18:45:56.116  1454  2211 D MediaProvider: object removed 11556
03-18 18:45:56.116  1454  2211 D MediaProvider: object removed 11557
03-18 18:45:56.116  1454  2211 D MediaProvider: object removed 11558
03-18 18:45:56.116  1454  2211 D MediaProvider: object removed 11559
03-18 18:45:56.116  1454  2211 D MediaProvider: object removed 11560
03-18 18:45:56.117  1454  2211 D MediaProvider: object removed 11561
03-18 18:45:56.117  1454  2211 D MediaProvider: object removed 11562
03-18 18:45:56.117  1454  2211 D MediaProvider: object removed 11563
03-18 18:45:56.117  1454  2211 D MediaProvider: object removed 11564
03-18 18:45:56.117  1454  2211 D MediaProvider: object removed 11565
03-18 18:45:56.117  1454  2211 D MediaProvider: object removed 11566
03-18 18:45:56.118  1454  2211 D MediaProvider: object removed 11567
03-18 18:45:56.118  1454  2211 D MediaProvider: object removed 11568
03-18 18:45:56.118  1454  2211 D MediaProvider: object removed 11569
03-18 18:45:56.119  1454  2211 D MediaProvider: object removed 11570
03-18 18:45:56.119  1454  2211 D MediaProvider: object removed 11571
03-18 18:45:56.119  1454  2211 D MediaProvider: object removed 11572
03-18 18:45:56.119  1454  2211 D MediaProvider: object removed 11573
03-18 18:45:56.119  1454  2211 D MediaProvider: object removed 11574
03-18 18:45:56.119  1454  2211 D MediaProvider: object removed 11575
03-18 18:45:56.120  1454  2211 D MediaProvider: object removed 11576
03-18 18:45:56.120  1454  2211 D MediaProvider: object removed 11577
03-18 18:45:56.121  1454  2211 D MediaProvider: object removed 11578
03-18 18:45:56.121  1454  2211 D MediaProvider: object removed 11579
03-18 18:45:56.121  1454  2211 D MediaProvider: object removed 11580
03-18 18:45:56.122  1454  2211 D MediaProvider: object removed 11581
03-18 18:45:56.122  1454  2211 D MediaProvider: object removed 11582
03-18 18:45:56.123  1454  2211 D MediaProvider: object removed 11583
03-18 18:45:56.123  1454  2211 D MediaProvider: object removed 11584
03-18 18:45:56.123  1454  2211 D MediaProvider: object removed 11585
03-18 18:45:56.123  1454  2211 D MediaProvider: object removed 11586
03-18 18:45:56.124  1454  2211 D MediaProvider: object removed 11587
03-18 18:45:56.124  1454  2211 D MediaProvider: object removed 11588
03-18 18:45:56.124  1454  2211 D MediaProvider: object removed 11589
03-18 18:45:56.124  1454  2211 D MediaProvider: object removed 11590
03-18 18:45:56.125  1454  2211 D MediaProvider: object removed 11591
03-18 18:45:56.125  1454  2211 D MediaProvider: object removed 11592
03-18 18:45:56.125  1454  2211 D MediaProvider: object removed 11593
03-18 18:45:56.125  1454  2211 D MediaProvider: object removed 11594
03-18 18:45:56.125  1454  2211 D MediaProvider: object removed 11595
03-18 18:45:56.430   260   366 D phoneserver: sim0 signal no update num=27
03-18 18:45:56.430   260   366 D phoneserver: sim1 signal no update num=27
03-18 18:45:56.580  1454  2211 D MediaScannerService: done scanning volume external
03-18 18:45:56.580  1454  2211 D MediaScannerService: index=2
03-18 18:45:56.580  1454  2211 D MediaScannerService: start scanning volume internal: [/system/media, /oem/media]
03-18 18:45:56.581   285   504 D ENGPC   : parse_event: event { 'add', '/devices/virtual/firmware/vbc_eq', 'firmware', '' }
03-18 18:45:56.581   463   539 D ENGPC   : parse_event: event { 'add', '/devices/virtual/firmware/vbc_eq', 'firmware', '' }
03-18 18:45:56.587   285   504 D ENGPC   : parse_event: event { 'remove', '/devices/virtual/firmware/vbc_eq', 'firmware', '' }
03-18 18:45:56.587   463   539 D ENGPC   : parse_event: event { 'remove', '/devices/virtual/firmware/vbc_eq', 'firmware', '' }
03-18 18:45:57.317   216   464 D WCND    : is_cp2_alive_ok: open polling interface: /proc/mdbg/loopcheck, fd = 13
03-18 18:45:57.417   216   464 D WCND    : is_cp2_alive_ok: loop: /proc/mdbg/loopcheck is OK
03-18 18:45:57.430   260   366 D phoneserver: sim0 signal no update num=27
03-18 18:45:57.430   260   366 D phoneserver: sim1 signal no update num=27
03-18 18:45:57.827  1454  2211 W MediaScanner: Error opening directory '/oem/media/', skipping: No such file or directory.
03-18 18:45:57.866  1454  2211 D MediaScannerService: done scanning volume internal
03-18 18:45:57.866  1454  2211 D MediaScannerService: index=1
03-18 18:45:57.866  1454  2211 D MediaScannerService: start scanning volume external: [/storage/emulated/0]
03-18 18:45:57.891  1454  2211 D MediaProvider: ensureDefaultFolders:externalStoragePaths=[/storage/emulated/0, /storage/D8E3-1400]mPathType=4
03-18 18:45:58.031  1172  1185 I art     : Background partial concurrent mark sweep GC freed 31053(2MB) AllocSpace objects, 9(216KB) LOS objects, 33% free, 6MB/9MB, paused 2.624ms total 100.463ms
03-18 18:45:58.431   260   366 D phoneserver: sim0 signal no update num=27
03-18 18:45:58.431   260   366 D phoneserver: sim1 signal no update num=27
03-18 18:45:58.601  1454  2211 D MediaScannerService: done scanning volume external
03-18 18:45:58.601  1454  2211 D MediaScannerService: index=0
03-18 18:45:58.601  1454  2211 D MediaScannerService: stopSelf
03-18 18:45:58.607  1454  1454 D MediaScannerService: onDestroy
03-18 18:45:59.829   260   366 D phoneserver: sim0 signal no update num=27
03-18 18:45:59.829   260   366 D phoneserver: sim1 signal no update num=27
03-18 18:46:00.001  1172  1330 D AlarmManagerService: set alarm to RTC: 227.278000000
03-18 18:46:01.316   260   366 D phoneserver: sim0 signal no update num=27
03-18 18:46:01.316   260   366 D phoneserver: sim1 signal no update num=27
03-18 18:46:02.721   260   366 D phoneserver: sim0 signal no update num=27
03-18 18:46:02.721   260   366 D phoneserver: sim1 signal no update num=27
03-18 18:46:02.722   463   539 D ENGPC   : parse_event: event { 'change', '/devices/virtual/xt_idletimer/timers', 'xt_idletimer', '' }
03-18 18:46:02.723   285   504 D ENGPC   : parse_event: event { 'change', '/devices/virtual/xt_idletimer/timers', 'xt_idletimer', '' }
03-18 18:46:03.993   216   464 D WCND    : is_cp2_alive_ok: open polling interface: /proc/mdbg/loopcheck, fd = 13
03-18 18:46:03.993   260   366 D phoneserver: sim0 signal no update num=27
03-18 18:46:03.993   260   366 D phoneserver: sim1 signal no update num=27
03-18 18:46:04.093   216   464 D WCND    : is_cp2_alive_ok: loop: /proc/mdbg/loopcheck is OK
03-18 18:46:04.994   260   366 D phoneserver: sim0 signal no update num=27
03-18 18:46:04.994   260   366 D phoneserver: sim1 signal no update num=27
03-18 18:46:05.482  1172  2227 D NetlinkSocketObserver: NeighborEvent{elapsedMs=52759, 192.168.1.1, [EC26CA498022], RTM_NEWNEIGH, NUD_STALE}
03-18 18:46:05.994   260   366 D phoneserver: sim0 signal no update num=27
03-18 18:46:05.994   260   366 D phoneserver: sim1 signal no update num=27
03-18 18:46:06.994   260   366 D phoneserver: sim0 signal no update num=27
03-18 18:46:06.994   260   366 D phoneserver: sim1 signal no update num=27
03-18 18:46:07.995   260   366 D phoneserver: sim0 signal no update num=27
03-18 18:46:07.995   260   366 D phoneserver: sim1 signal no update num=27
03-18 18:46:08.995   260   366 D phoneserver: sim0 signal no update num=27
03-18 18:46:08.995   260   366 D phoneserver: sim1 signal no update num=27
03-18 18:46:09.094   216   464 D WCND    : is_cp2_alive_ok: open polling interface: /proc/mdbg/loopcheck, fd = 13
03-18 18:46:09.194   216   464 D WCND    : is_cp2_alive_ok: loop: /proc/mdbg/loopcheck is OK
03-18 18:46:09.996   260   366 D phoneserver: sim0 signal no update num=27
03-18 18:46:09.996   260   366 D phoneserver: sim1 signal no update num=27
03-18 18:46:10.997   260   366 D phoneserver: sim0 signal no update num=27
03-18 18:46:10.997   260   366 D phoneserver: sim1 signal no update num=27
03-18 18:46:11.997   260   366 D phoneserver: sim0 signal no update num=27
03-18 18:46:11.997   260   366 D phoneserver: sim1 signal no update num=27
03-18 18:46:12.998   260   366 D phoneserver: sim0 signal no update num=27
03-18 18:46:12.998   260   366 D phoneserver: sim1 signal no update num=27
03-18 18:46:13.998   260   366 D phoneserver: sim0 signal no update num=27
03-18 18:46:13.998   260   366 D phoneserver: sim1 signal no update num=27
03-18 18:46:14.195   216   464 D WCND    : is_cp2_alive_ok: open polling interface: /proc/mdbg/loopcheck, fd = 13
03-18 18:46:14.296   216   464 D WCND    : is_cp2_alive_ok: loop: /proc/mdbg/loopcheck is OK
03-18 18:46:15.035   260   366 D phoneserver: sim0 signal no update num=27
03-18 18:46:15.036   260   366 D phoneserver: sim1 signal no update num=27
03-18 18:46:16.115   260   366 D phoneserver: sim0 signal no update num=27
03-18 18:46:16.115   260   366 D phoneserver: sim1 signal no update num=27
03-18 18:46:18.023   260   366 D phoneserver: sim0 signal no update num=27
03-18 18:46:18.023   260   366 D phoneserver: sim1 signal no update num=27
03-18 18:46:19.102   260   366 D phoneserver: sim0 signal no update num=27
03-18 18:46:19.102   260   366 D phoneserver: sim1 signal no update num=27
03-18 18:46:20.103   260   366 D phoneserver: sim0 signal no update num=27
03-18 18:46:20.103   260   366 D phoneserver: sim1 signal no update num=27
03-18 18:46:20.394   216   464 D WCND    : is_cp2_alive_ok: open polling interface: /proc/mdbg/loopcheck, fd = 13
03-18 18:46:20.495   216   464 D WCND    : is_cp2_alive_ok: loop: /proc/mdbg/loopcheck is OK
03-18 18:46:21.103   260   366 D phoneserver: sim0 signal no update num=27
03-18 18:46:21.103   260   366 D phoneserver: sim1 signal no update num=27
03-18 18:46:21.720  1436  2368 D KeyguardViewMediator: onStartedWakingUp, seq = 2
03-18 18:46:21.720  1436  2368 D KeyguardViewMediator: notifyStartedWakingUp
03-18 18:46:21.721  1436  1436 D KeyguardViewMediator: handleNotifyWakingUp
03-18 18:46:21.730  1172  1335 I InputDispatcher: dispatchKey down - deviceId=3, policyFlags=0x2000001, action=0x0, keyCode=0x1a, scanCode=0x74, repeatCount=0
03-18 18:46:21.739   266  2036 W audio_hw_primary: adev_set_parameters, kvpairs : screen_state=on
03-18 18:46:21.739   266  2036 I AudioCustom_MMI: AudioMMIParse MMI test is close!
03-18 18:46:21.742  1172  1172 D AlarmManagerService: set alarm to RTC: 888.278000000
03-18 18:46:21.742  1963  1963 D wpa_supplicant: wlan0: Control interface command 'SET pno 0'
03-18 18:46:21.742  1963  1963 D wpa_supplicant: CTRL_IFACE SET 'pno'='0'
03-18 18:46:21.749  1436  1436 D NetworkController.MobileSignalController(2): getLabel[0]: Jio 4G color = -1
03-18 18:46:21.753  1963  1963 D wpa_supplicant: wlan0: Control interface command 'SIGNAL_POLL'
03-18 18:46:21.758  1172  1347 D WifiNetworkMonitor: EVENT_WIFI_RSSI_CHANGED
03-18 18:46:21.758  1172  1347 E WifiNetworkMonitor: Not any Obervers!!!
03-18 18:46:21.761  1172  1345 E native  : do suspend false
03-18 18:46:21.762  1963  1963 D wpa_supplicant: wlan0: Control interface command 'DRIVER SETSUSPENDMODE 0'
03-18 18:46:21.762  1963  1963 D wpa_supplicant: wpa_driver_nl80211_driver_cmd: Driver cmd: SETSUSPENDMODE 0
03-18 18:46:21.764  1436  1436 D PhoneStatusBar: label = 
03-18 18:46:21.764  1172  1270 D LIGHTS  : file:vendor/sprd/open-source/libs/liblights/lights.c, func:set_light_buttons, on=16777215
03-18 18:46:21.764  1172  1270 E LIGHTS  : file:vendor/sprd/open-source/libs/liblights/lights.c, func:write_int, path=/sys/class/leds/keyboard-backlight/brightness, value=255
03-18 18:46:21.765  1172  1270 E LIGHTS  : file:vendor/sprd/open-source/libs/liblights/lights.c, func:write_int, failed to open /sys/class/leds/keyboard-backlight/brightness,fd = -1
03-18 18:46:21.765  1436  2234 D KeyguardViewMediator: notifyScreenOn
03-18 18:46:21.767  1436  1436 D KeyguardViewMediator: handleNotifyScreenTurningOn
03-18 18:46:21.771  1172  1345 D WifiConfigStore: No blacklist allowed without epno enabled
03-18 18:46:21.840   212   212 D gralloc.sc8830: fb_post fps = 0.126559
03-18 18:46:21.903  1172  1336 D InputReader: processEventsLocked: type=1 Count=2 code=116 value=0 deviceId=3
03-18 18:46:21.907  2617  2617 I ZMF     : Zmf camdrv set orient angle 90
03-18 18:46:21.907  1680  1680 I ZMF     : Zmf camdrv set orient angle 90
03-18 18:46:21.948  2617  2617 I ZMF     : Zmf camdrv set orient angle 0
03-18 18:46:21.948  1680  1680 I ZMF     : Zmf camdrv set orient angle 0
03-18 18:46:21.958  2617  2617 I ZMF     : Zmf camdrv set orient angle 270
03-18 18:46:21.958  1680  1680 I ZMF     : Zmf camdrv set orient angle 270
03-18 18:46:21.968  2617  2617 I ZMF     : Zmf camdrv set orient angle 90
03-18 18:46:21.968  1680  1680 I ZMF     : Zmf camdrv set orient angle 90
03-18 18:46:22.083   212   212 W gralloc.sc8830: [Gralloc]: post Framebuffer timeout > 100 ms
03-18 18:46:22.083  1172  1376 D PowerManagerService-JNI: Excessive delay in autosuspend_disable() while turning screen on: 283ms
03-18 18:46:22.084   286   286 D refnotify: RefNotify ready to do cmd 
03-18 18:46:22.084   286   286 D refnotify: RefNotify_DoCmd, 0 
03-18 18:46:22.084   286   286 D refnotify: RefNotify_DoFreqCmd: clk = 0, divisor = 0, type = 0
03-18 18:46:22.084   286   286 D refnotify: RefNotify main: wait for modem notify event ...
03-18 18:46:22.085  1172  1336 W art     : Long monitor contention event with owner method=void com.android.server.power.PowerManagerService$1.onDisplayStateChange(int) from PowerManagerService.java:2110 waiters=1 for 182ms
03-18 18:46:22.086   212   212 D SurfaceFlinger: Set power mode=2, type=0 flinger=0xb6a64000
03-18 18:46:22.093  1172  1376 D LIGHTS  : file:vendor/sprd/open-source/libs/liblights/lights.c, func:set_light_backlight, brightness=25
03-18 18:46:22.093  1172  1376 E LIGHTS  : file:vendor/sprd/open-source/libs/liblights/lights.c, func:write_int, path=/sys/class/backlight/sprd_backlight/brightness, value=25
03-18 18:46:22.093   285   504 D ENGPC   : parse_event: event { 'change', '/devices/40260000.sprd_pwm_bl/backlight/sprd_backlight', 'backlight', '' }
03-18 18:46:22.093   463   539 D ENGPC   : parse_event: event { 'change', '/devices/40260000.sprd_pwm_bl/backlight/sprd_backlight', 'backlight', '' }
03-18 18:46:22.095  1436  2368 D KeyguardViewMediator: notifyScreenTurnedOn
03-18 18:46:22.095  1436  1436 D KeyguardViewMediator: handleNotifyScreenTurnedOn
03-18 18:46:22.103   260   366 D phoneserver: sim0 signal no update num=27
03-18 18:46:22.104   260   366 D phoneserver: sim1 signal no update num=27
03-18 18:46:22.115   260   332 D phoneserver: Rev TID [332]: mux=/dev/stty_lte1:OK
03-18 18:46:22.117   260   332 D phoneserver: Rev TID [332]: mux=/dev/stty_lte1:OK
03-18 18:46:22.117   260   335 D phoneserver: Rev TID [335]: mux=/dev/stty_lte4:OK
03-18 18:46:22.120   260   332 D phoneserver: Rev TID [332]: mux=/dev/stty_lte1:OK
03-18 18:46:22.123   260   332 D phoneserver: Rev TID [332]: mux=/dev/stty_lte1:OK
03-18 18:46:22.123   260   335 D phoneserver: Rev TID [335]: mux=/dev/stty_lte4:OK
03-18 18:46:22.126   260   332 D phoneserver: Rev TID [332]: mux=/dev/stty_lte1:OK
03-18 18:46:22.126   260   335 D phoneserver: Rev TID [335]: mux=/dev/stty_lte4:OK
03-18 18:46:22.129   260   335 D phoneserver: Rev TID [335]: mux=/dev/stty_lte4:OK
03-18 18:46:22.132   260   335 D phoneserver: Rev TID [335]: mux=/dev/stty_lte4:OK
03-18 18:46:22.253  1963  1963 D wpa_supplicant: wlan0: Control interface command 'SCAN TYPE=ONLY'
03-18 18:46:22.253  1963  1963 D wpa_supplicant: wlan0: Setting scan request: 0.000000 sec
03-18 18:46:22.254  1963  1963 D wpa_supplicant: wlan0: Starting AP scan for wildcard SSID
03-18 18:46:22.254  1963  1963 D wpa_supplicant: wlan0: Add radio work 'scan'@0xb69d9320
03-18 18:46:22.254  1963  1963 D wpa_supplicant: wlan0: First radio work item in the queue - schedule start immediately
03-18 18:46:22.254  1963  1963 D wpa_supplicant: wlan0: Starting radio work 'scan'@0xb69d9320 after 0.000092 second wait
03-18 18:46:22.254  1963  1963 D wpa_supplicant: wlan0: nl80211: scan request
03-18 18:46:22.254  1963  1963 D wpa_supplicant: nl80211: Scan SSID - hexdump(len=0): [NULL]
03-18 18:46:22.254  1963  1963 D wpa_supplicant: nl80211: Scan extra IEs - hexdump(len=6): 7f 04 00 00 0a 02
03-18 18:46:22.466  1172  1172 D AlarmManagerService: set alarm to RTC: 107.278000000
03-18 18:46:22.467  1436  1436 D KeyguardUpdateMonitor: received broadcast android.intent.action.TIME_TICK
03-18 18:46:22.467  1436  1436 D KeyguardUpdateMonitor: handleTimeUpdate
03-18 18:46:22.539  2617  2617 I ZMF     : Zmf camdrv set orient angle 0
03-18 18:46:22.539  1680  1680 I ZMF     : Zmf camdrv set orient angle 0
03-18 18:46:22.851  1963  1963 D wpa_supplicant: Scan requested (ret=0) - scan timeout 30 seconds
03-18 18:46:22.851  1963  1963 D wpa_supplicant: nl80211: Event message available
03-18 18:46:22.852  1963  1963 D wpa_supplicant: nl80211: Ignored event (cmd=33) for foreign interface (ifindex 10 wdev 0x0)
03-18 18:46:22.852  1963  1963 D wpa_supplicant: nl80211: Drv Event 33 (NL80211_CMD_TRIGGER_SCAN) received for wlan0
03-18 18:46:22.852  1963  1963 D wpa_supplicant: wlan0: nl80211: Scan trigger
03-18 18:46:22.852  1963  1963 D wpa_supplicant: wlan0: Event SCAN_STARTED (47) received
03-18 18:46:22.852  1963  1963 D wpa_supplicant: wlan0: Own scan request started a scan in 0.000366 seconds
03-18 18:46:22.852  1963  1963 D wpa_supplicant: CTRL_IFACE monitor sent successfully to /data/misc/wifi/sockets/wpa_ctrl_1172-2\x00
03-18 18:46:22.889  1963  1963 D wpa_supplicant: nl80211: Event message available
03-18 18:46:22.889  1963  1963 D wpa_supplicant: nl80211: Ignored event (cmd=34) for foreign interface (ifindex 10 wdev 0x0)
03-18 18:46:22.889  1963  1963 D wpa_supplicant: nl80211: Drv Event 34 (NL80211_CMD_NEW_SCAN_RESULTS) received for wlan0
03-18 18:46:22.889  1963  1963 D wpa_supplicant: wlan0: nl80211: New scan results available
03-18 18:46:22.889  1963  1963 D wpa_supplicant: nl80211: Scan probed for SSID ''
03-18 18:46:22.889  1963  1963 D wpa_supplicant: nl80211: Scan included frequencies: 2412 2417 2422 2427 2432 2437 2442 2447 2452 2457 2462 2467 2472 2484
03-18 18:46:22.889  1963  1963 D wpa_supplicant: wlan0: Event SCAN_RESULTS (3) received
03-18 18:46:22.889  1963  1963 D wpa_supplicant: wlan0: Scan completed in 0.037628 seconds
03-18 18:46:22.890  1963  1963 D wpa_supplicant: nl80211: Associated on 2462 MHz
03-18 18:46:22.890  1963  1963 D wpa_supplicant: nl80211: Associated with ec:26:ca:49:80:21
03-18 18:46:22.890  1963  1963 D wpa_supplicant: nl80211: Received scan results (4 BSSes)
03-18 18:46:22.890  1963  1963 D wpa_supplicant: nl80211: Scan results indicate BSS status with ec:26:ca:49:80:21 as associated
03-18 18:46:22.890  1963  1963 D wpa_supplicant: wlan0: BSS: Start scan result update 2
03-18 18:46:22.890  1963  1963 D wpa_supplicant: wlan0: BSS: Add new id 13 BSSID c8:be:19:ab:24:04 SSID 'Dubois'
03-18 18:46:22.890  1963  1963 D wpa_supplicant: CTRL_IFACE monitor sent successfully to /data/misc/wifi/sockets/wpa_ctrl_1172-2\x00
03-18 18:46:22.890  1963  1963 D wpa_supplicant: wlan0: BSS: Add new id 14 BSSID 00:0e:8e:56:a6:e4 SSID 'SpirentAP'
03-18 18:46:22.890  1963  1963 D wpa_supplicant: CTRL_IFACE monitor sent successfully to /data/misc/wifi/sockets/wpa_ctrl_1172-2\x00
03-18 18:46:22.890  1963  1963 D wpa_supplicant: BSS: last_scan_res_used=4/32
03-18 18:46:22.891  1963  1963 D wpa_supplicant: wlan0: Scan-only results received
03-18 18:46:22.891  1963  1963 D wpa_supplicant: CTRL_IFACE monitor sent successfully to /data/misc/wifi/sockets/wpa_ctrl_1172-2\x00
03-18 18:46:22.891  1963  1963 D wpa_supplicant: wlan0: Radio work 'scan'@0xb69d9320 done in 0.636932 seconds
03-18 18:46:22.896  1963  1963 D wpa_supplicant: wlan0: Control interface command 'BSS RANGE=0- MASK=0x29d87'
03-18 18:46:22.904  1963  1963 D wpa_supplicant: wlan0: Control interface command 'BSS RANGE=6- MASK=0x29d87'
03-18 18:46:22.907  1963  1963 D wpa_supplicant: wlan0: Control interface command 'BSS RANGE=13- MASK=0x29d87'
03-18 18:46:22.909  1172  1345 D HS20    : Caught java.lang.IllegalArgumentException: Element length 56 exceeds payload length 2 @ 214
03-18 18:46:22.909  1172  1345 D HS20    : Caught java.lang.IllegalArgumentException: Element length 190 exceeds payload length 2 @ 352
03-18 18:46:22.910  1172  1345 D HS20    : Caught java.lang.IllegalArgumentException: Element length 127 exceeds payload length 2 @ 178
03-18 18:46:22.910  1172  1345 D HS20    : Caught java.lang.IllegalArgumentException: Element length 195 exceeds payload length 2 @ 254
03-18 18:46:22.910  1172  1345 D HS20    : Caught java.lang.IllegalArgumentException: Element length 6 exceeds payload length 2 @ 241
03-18 18:46:22.911  1172  1345 D HS20    : Caught java.lang.IllegalArgumentException: Element length 72 exceeds payload length 2 @ 254
03-18 18:46:22.911  1172  1345 D HS20    : Caught java.lang.IllegalArgumentException: Element length 166 exceeds payload length 2 @ 235
03-18 18:46:22.911  1172  1345 D HS20    : Caught java.lang.IllegalArgumentException: Element length 250 exceeds payload length 2 @ 208
03-18 18:46:22.912  1172  1345 D HS20    : Caught java.lang.IllegalArgumentException: Element length 96 exceeds payload length 2 @ 190
03-18 18:46:22.912  1172  1345 D HS20    : Caught java.lang.IllegalArgumentException: Element length 236 exceeds payload length 2 @ 59
03-18 18:46:22.912  1172  1345 D HS20    : Caught java.lang.IllegalArgumentException: Element length 60 exceeds payload length 2 @ 208
03-18 18:46:22.912  1172  1345 D HS20    : Caught java.lang.IllegalArgumentException: Element length 57 exceeds payload length 2 @ 203
03-18 18:46:22.913  1172  1345 D HS20    : Caught java.lang.IllegalArgumentException: Element length 61 exceeds payload length 2 @ 208
03-18 18:46:22.913  1172  1345 D HS20    : Caught java.lang.IllegalArgumentException: Element length 100 exceeds payload length 2 @ 305
03-18 18:46:22.913  1172  1345 D HS20    : Caught java.lang.IllegalArgumentException: Element length 197 exceeds payload length 2 @ 60
03-18 18:46:22.920  1963  1963 D wpa_supplicant: wlan0: Control interface command 'STATUS-NO_EVENTS'
03-18 18:46:22.921  1963  1963 D wpa_supplicant: EAPOL: EAP Session-Id not available
03-18 18:46:22.971  1172  1335 I InputDispatcher: dispatchMotion down - deviceId=1, policyFlags=0x62000000, action=0x0, buttonState=0x0, xPrecision=1.002083, yPrecision=0.937939
03-18 18:46:23.019   212   212 D gralloc.sc8830: fb_post fps = 7.634076
03-18 18:46:23.099  1172  1336 D InputReader: processEventsLocked: type=0 Count=2 code=2 value=0 deviceId=1
03-18 18:46:23.100  1172  1335 I InputDispatcher: dispatchCycle MOTION UP, channel '509fa15 StatusBar (server)'
03-18 18:46:23.100  1172  1335 I InputDispatcher: dispatchCycle MOTION UP, channel 'WindowManager (server)'
03-18 18:46:23.104   260   366 D phoneserver: sim0 signal no update num=27
03-18 18:46:23.104   260   366 D phoneserver: sim1 signal no update num=27
03-18 18:46:23.105  1172  1335 I InputDispatcher: MOTION UP Finished Window 'Window{509fa15 u0 StatusBar}' the last input event: MotionEvent(deviceId=1, source=0x00001002, action=1, actionButton=0x00000000, flags=0x00000000, metaState=0x00000000, buttonState=0x00000000, edgeFlags=0x00000000, xPrecision=1.0, yPrecision=0.9, displayId=0, pointers=[0: (138.7, 518.2)]), policyFlags=0x62000000
03-18 18:46:23.365  1436  1436 D KeyguardSecurityView: showNextSecurityScreenOrFinish(false)
03-18 18:46:23.368  1436  1436 D KeyguardViewMediator: keyguardDone(true)
03-18 18:46:23.368  1436  1436 D PhoneStatusBar: disable: < expand ICONS alerts SYSTEM_INFO back HOME RECENT clock SEARCH quick_settings >
03-18 18:46:23.368  1436  1436 D KeyguardViewMediator: handleKeyguardDone
03-18 18:46:23.369  1436  1436 D KeyguardViewMediator: handleHide
03-18 18:46:23.391  2140  2140 D Launcher: bindAppWidget: AppWidget(id=3)
03-18 18:46:23.391  2140  2140 D Launcher: bindAppWidget: id=3 belongs to component ComponentInfo{com.android.settings/com.android.settings.widget.SettingsAppWidgetProvider}
03-18 18:46:23.401   266  1319 W audio_hw_primary: [out_set_parameters], kvpairs=routing=2 devices:0x2 mode:0 
03-18 18:46:23.401   266  1319 W audio_hw_primary: the same devices(0x2) with val(0x2) val is zero...
03-18 18:46:23.402   266  2228 I APM::AudioPolicyManager: checkAndSetVolume() stream FM return 10
03-18 18:46:23.402   266  2228 D AudioPolicyManagerSPRD new: startOutput() isVoipSet 0,stream 1,
03-18 18:46:23.403  1436  1436 D PhoneStatusBar: disable: < expand icons* alerts system_info* back HOME RECENT clock SEARCH quick_settings >
03-18 18:46:23.403  2140  2140 D Launcher: bound widget id=3 in 13ms
03-18 18:46:23.403  2140  2140 D Launcher: bindAppWidget: AppWidget(id=4)
03-18 18:46:23.403  2140  2140 D Launcher: bindAppWidget: id=4 belongs to component ComponentInfo{com.android.deskclock/com.android.alarmclock.AnalogAppWidgetProvider}
03-18 18:46:23.410  2140  2140 D Launcher: bound widget id=4 in 7ms
03-18 18:46:23.411  2140  2140 W ResourceType: No package identifier when getting name for resource number 0x00000005
03-18 18:46:23.415  1436  1436 D KeyguardUpdateMonitor: sendKeyguardVisibilityChanged(false)
03-18 18:46:23.415  1436  1436 D KeyguardMusicManager: on hide ...
03-18 18:46:23.415  2140  2140 E CellLayout: Ignoring an error while restoring a view instance state
03-18 18:46:23.415  2140  2140 E CellLayout: java.lang.IllegalArgumentException: Wrong state class, expecting View State but received class android.appwidget.AppWidgetHostView$ParcelableSparseArray instead. This usually happens when two views of different type have the same id in the same hierarchy. This view's id is id/0x5. Make sure other views do not use the same id.
03-18 18:46:23.415  2140  2140 E CellLayout: 	at android.view.View.onRestoreInstanceState(View.java:14786)
03-18 18:46:23.415  2140  2140 E CellLayout: 	at android.widget.TextView.onRestoreInstanceState(TextView.java:4058)
03-18 18:46:23.415  2140  2140 E CellLayout: 	at android.view.View.dispatchRestoreInstanceState(View.java:14761)
03-18 18:46:23.415  2140  2140 E CellLayout: 	at android.view.ViewGroup.dispatchRestoreInstanceState(ViewGroup.java:3135)
03-18 18:46:23.415  2140  2140 E CellLayout: 	at android.view.ViewGroup.dispatchRestoreInstanceState(ViewGroup.java:3135)
03-18 18:46:23.415  2140  2140 E CellLayout: 	at com.android.launcher3.CellLayout.restoreInstanceState(CellLayout.java:564)
03-18 18:46:23.415  2140  2140 E CellLayout: 	at com.android.launcher3.Workspace.restoreInstanceStateForChild(Workspace.java:3964)
03-18 18:46:23.415  2140  2140 E CellLayout: 	at com.android.launcher3.Workspace.restoreInstanceStateForRemainingPages(Workspace.java:3973)
03-18 18:46:23.415  2140  2140 E CellLayout: 	at com.android.launcher3.Launcher.finishBindingItems(Launcher.java:4282)
03-18 18:46:23.415  2140  2140 E CellLayout: 	at com.android.launcher3.Launcher$31.run(Launcher.java:4269)
03-18 18:46:23.415  2140  2140 E CellLayout: 	at com.android.launcher3.Launcher.onResume(Launcher.java:1148)
03-18 18:46:23.415  2140  2140 E CellLayout: 	at android.app.Instrumentation.callActivityOnResume(Instrumentation.java:1261)
03-18 18:46:23.415  2140  2140 E CellLayout: 	at android.app.Activity.performResume(Activity.java:6327)
03-18 18:46:23.415  2140  2140 E CellLayout: 	at android.app.ActivityThread.performResumeActivity(ActivityThread.java:3093)
03-18 18:46:23.415  2140  2140 E CellLayout: 	at android.app.ActivityThread.handleResumeActivity(ActivityThread.java:3135)
03-18 18:46:23.415  2140  2140 E CellLayout: 	at android.app.ActivityThread$H.handleMessage(ActivityThread.java:1389)
03-18 18:46:23.415  2140  2140 E CellLayout: 	at android.os.Handler.dispatchMessage(Handler.java:102)
03-18 18:46:23.415  2140  2140 E CellLayout: 	at android.os.Looper.loop(Looper.java:148)
03-18 18:46:23.415  2140  2140 E CellLayout: 	at android.app.ActivityThread.main(ActivityThread.java:5438)
03-18 18:46:23.415  2140  2140 E CellLayout: 	at java.lang.reflect.Method.invoke(Native Method)
03-18 18:46:23.415  2140  2140 E CellLayout: 	at com.android.internal.os.ZygoteInit$MethodAndArgsCaller.run(ZygoteInit.java:762)
03-18 18:46:23.415  2140  2140 E CellLayout: 	at com.android.internal.os.ZygoteInit.main(ZygoteInit.java:652)
03-18 18:46:23.416  1172  1705 E Sensors : AccSensor: mDelay(20000000) delay_ns(66667000)
03-18 18:46:23.416  1392  1406 D PhoneInterfaceManager: [PhoneIntfMgr] getDataEnabled: subId=2 phoneId=0
03-18 18:46:23.416  1172  1705 E Sensors : AccSensor: ms(66) 
03-18 18:46:23.417   266  1319 D audio_hw_primary: start output stream mode:0 devices:2 call_start:0, call_connected:0, is_voip:0, voip_state:0, is_bt_sco:0
03-18 18:46:23.417   266  1319 W audio_hw_primary: i2s_pin_mux_sel in type is 3
03-18 18:46:23.417   266  1319 W audio_hw_primary: i2s_pin_mux_sel in type i-----------2 adev->cp =b609fe10 num = 1  vbc_ctrl_pipe_info = b609a1f8   cp_type = 2
03-18 18:46:23.417  1392  1406 D PhoneInterfaceManager: [PhoneIntfMgr] getDataEnabled: subId=2 retVal=true
03-18 18:46:23.417   266  1319 W audio_hw_primary: -----in  cpu_index  is 3 
03-18 18:46:23.417   266  1319 W audio_hw_primary: i2s_pin_mux_sel in type i----------i2s_ctl_info->is_switch = 1 
03-18 18:46:23.417   266  1319 E audio_hw_primary: select_devices_signal starting... adev->out_devices 0x2 adev->in_devices 0x0
03-18 18:46:23.417   266  1319 I audio_hw_primary: select_devices_signal finished.
03-18 18:46:23.417   266  1319 W audio_hw_primary: open s_tinycard in
03-18 18:46:23.418  1436  1436 D KeyguardViewMediator: adjustStatusBarLocked: mShowing=false mOccluded=false isSecure=false --> flags=0x0
03-18 18:46:23.422   266  1319 W audio_hw_primary: open s_tinycard successfully
03-18 18:46:23.422  1436  2092 D TelephonyManager: getDataEnabled: retVal=true
03-18 18:46:23.423   266  1312 I audio_hw_primary: Not to change mute: 0
03-18 18:46:23.423  1436  2092 D QSTile.DataConnectionTile: dataConnected = true
03-18 18:46:23.423   266  1312 I audio_hw_primary: Changing out_devices: from (0xfffffffd) to (0x00000002), Changing in_devices: from (0x00000000) to (0x00000000)
03-18 18:46:23.423   266  1312 W audio_hw_primary: vb_control_parameters.c hp_pa_delay_config 0x0 pa_config:0x210(0x210, 0), 0x2100000(fm)(0x0, 210),  hpPaConfig:0x0(0x0, 0), 0x0(fm)(0x0, 0)
03-18 18:46:23.423   266  1312 W audio_hw_primary: SetAudio_PaConfig_by_devices out, out_devices:0x2, in_devices:0x0
03-18 18:46:23.425   266  1312 I vb_effect: s_cur_out_devices(0x00000002), s_cur_in_devices(0x00000000)
03-18 18:46:23.428   266  1312 I vb_effect: profile is Handsfree, ret=0
03-18 18:46:23.429   266  1312 W audio_hw_primary: GetAudio_gain_by_devices, outmode:3 inmode:3,indev:0x0, outdev:0x2
03-18 18:46:23.429   266  1312 W audio_hw_primary: vb_control_parameters.c pa_config:0x210(0x210, 0), 0x2100000(fm)(0x0, 210),  hpPaConfig:0x0(0x0, 0), 0x0(fm)(0x0, 0)
03-18 18:46:23.429   266  1312 W audio_hw_primary: vb_control_parameters.c GetAudio_outpga_nv, dac_pga_gain_l:0x801807ca fm_pga_gain_l:0x24a fm_pga_gain_r:0x24a vol_level:0x1 
03-18 18:46:23.429   266  1312 W audio_hw_primary: GetAudio_inpga_nv, adc_pga_gain_l:0x903c device:0x0 vol_level:0x1
03-18 18:46:23.429   266  1312 D audio_pga: 'speaker-l' apply
03-18 18:46:23.429   266  1312 D audio_pga: 'speaker-r' apply
03-18 18:46:23.429   266  1312 W audio_hw_primary: SetAudio_gain_by_devices out, out_devices:0x2, in_devices:0x0
03-18 18:46:23.429   266  1312 I audio_hw_primary: stream_routing_thread looping done.
03-18 18:46:23.429   266  1312 I audio_hw_primary: stream_routing_thread looping now...
03-18 18:46:23.438  1436  1436 D KeyguardUpdateMonitor: handleKeyguardVisibilityChanged(0)
03-18 18:46:23.438  1436  1436 D PhoneStatusBar: disable: < expand icons alerts system_info back home* recent* clock search* quick_settings >
03-18 18:46:23.439  1436  2092 D QSTile.DataConnectionTile: defaultDataSubId = 2 isDefaultDataSimReady = true isDefaultDataStandby = true
03-18 18:46:23.448  1436  2092 D QSTile.LteServiceTile: handleUpdateState: mLteEnabled = false isPrimaryCardUsim = true isPrimaryCardReady = true
03-18 18:46:23.450   266  1319 D AudioFlinger: mixer(0xb1940000) throttle end: throttle time(9)
03-18 18:46:23.479   266  1319 D AudioFlinger: mixer(0xb1940000) throttle end: throttle time(14)
03-18 18:46:23.670   266  1304 D AudioPolicyManagerSPRD new: stopOutput() isVoipSet 0,stream 1,output size 1
03-18 18:46:23.670   266  1304 I APM::AudioPolicyManager: checkAndSetVolume() stream FM return 10
03-18 18:46:24.104   260   366 D phoneserver: sim0 signal no update num=27
03-18 18:46:24.104   260   366 D phoneserver: sim1 signal no update num=27
03-18 18:46:24.210  1172  1335 I InputDispatcher: dispatchMotion down - deviceId=1, policyFlags=0x62000000, action=0x0, buttonState=0x0, xPrecision=1.002083, yPrecision=0.937939
03-18 18:46:24.246   212   212 D gralloc.sc8830: fb_post fps = 44.836304
03-18 18:46:24.316  1172  1336 D InputReader: processEventsLocked: type=0 Count=2 code=2 value=0 deviceId=1
03-18 18:46:24.316  1172  1335 I InputDispatcher: dispatchCycle MOTION UP, channel '83dda31 com.android.launcher3/com.android.launcher3.Launcher (server)'
03-18 18:46:24.316  1172  1335 I InputDispatcher: dispatchCycle MOTION UP, channel 'WindowManager (server)'
03-18 18:46:24.317  1172  1335 I InputDispatcher: MOTION UP Finished Window 'Window{83dda31 u0 com.android.launcher3/com.android.launcher3.Launcher}' the last input event: MotionEvent(deviceId=1, source=0x00001002, action=1, actionButton=0x00000000, flags=0x00000000, metaState=0x00000000, buttonState=0x00000000, edgeFlags=0x00000000, xPrecision=1.0, yPrecision=0.9, displayId=0, pointers=[0: (224.5, 831.6)]), policyFlags=0x62000000
03-18 18:46:24.324  1172  1356 W AudioTrack: AUDIO_OUTPUT_FLAG_FAST denied by client; transfer 4, track 48000 Hz, output 44100 Hz
03-18 18:46:24.338   266  1319 W audio_hw_primary: [out_set_parameters], kvpairs=routing=2 devices:0x2 mode:0 
03-18 18:46:24.338   266  1319 W audio_hw_primary: the same devices(0x2) with val(0x2) val is zero...
03-18 18:46:24.339   266  2228 I APM::AudioPolicyManager: checkAndSetVolume() stream FM return 10
03-18 18:46:24.339   266  2228 D AudioPolicyManagerSPRD new: startOutput() isVoipSet 0,stream 1,
03-18 18:46:24.569   266  1304 D AudioPolicyManagerSPRD new: stopOutput() isVoipSet 0,stream 1,output size 1
03-18 18:46:24.570   266  1304 I APM::AudioPolicyManager: checkAndSetVolume() stream FM return 10
03-18 18:46:24.762  1963  1963 D wpa_supplicant: wlan0: Control interface command 'SIGNAL_POLL'
03-18 18:46:24.766  1172  1347 D WifiNetworkMonitor: EVENT_WIFI_RSSI_CHANGED
03-18 18:46:24.767  1172  1347 E WifiNetworkMonitor: Not any Obervers!!!
03-18 18:46:24.869  1172  1270 D LIGHTS  : file:vendor/sprd/open-source/libs/liblights/lights.c, func:set_light_buttons, on=0
03-18 18:46:24.869  1172  1270 E LIGHTS  : file:vendor/sprd/open-source/libs/liblights/lights.c, func:write_int, path=/sys/class/leds/keyboard-backlight/brightness, value=0
03-18 18:46:24.869  1172  1270 E LIGHTS  : file:vendor/sprd/open-source/libs/liblights/lights.c, func:write_int, failed to open /sys/class/leds/keyboard-backlight/brightness,fd = -1
03-18 18:46:25.104   260   366 D phoneserver: sim0 signal no update num=27
03-18 18:46:25.104   260   366 D phoneserver: sim1 signal no update num=27
03-18 18:46:25.495   216   464 D WCND    : is_cp2_alive_ok: open polling interface: /proc/mdbg/loopcheck, fd = 13
03-18 18:46:25.596   216   464 D WCND    : is_cp2_alive_ok: loop: /proc/mdbg/loopcheck is OK
03-18 18:46:26.105   260   366 D phoneserver: sim0 signal no update num=27
03-18 18:46:26.105   260   366 D phoneserver: sim1 signal no update num=27
03-18 18:46:27.105   260   366 D phoneserver: sim0 signal no update num=27
03-18 18:46:27.105   260   366 D phoneserver: sim1 signal no update num=27
03-18 18:46:27.445   266  1319 W audio_hw_primary: do_output_standby.mode:0 
03-18 18:46:27.771  1963  1963 D wpa_supplicant: wlan0: Control interface command 'SIGNAL_POLL'
03-18 18:46:27.773  1172  1347 D WifiNetworkMonitor: EVENT_WIFI_RSSI_CHANGED
03-18 18:46:27.773  1172  1347 E WifiNetworkMonitor: Not any Obervers!!!
03-18 18:46:28.105   260   366 D phoneserver: sim0 signal no update num=27
03-18 18:46:28.106   260   366 D phoneserver: sim1 signal no update num=27
03-18 18:46:29.106   260   366 D phoneserver: sim0 signal no update num=27
03-18 18:46:29.106   260   366 D phoneserver: sim1 signal no update num=27
03-18 18:46:30.106   260   366 D phoneserver: sim0 signal no update num=27
03-18 18:46:30.106   260   366 D phoneserver: sim1 signal no update num=27
03-18 18:46:30.596   216   464 D WCND    : is_cp2_alive_ok: open polling interface: /proc/mdbg/loopcheck, fd = 13
03-18 18:46:30.697   216   464 D WCND    : is_cp2_alive_ok: loop: /proc/mdbg/loopcheck is OK
03-18 18:46:30.777  1963  1963 D wpa_supplicant: wlan0: Control interface command 'SIGNAL_POLL'
03-18 18:46:30.783  1172  1347 D WifiNetworkMonitor: EVENT_WIFI_RSSI_CHANGED
03-18 18:46:30.783  1172  1347 E WifiNetworkMonitor: Not any Obervers!!!
03-18 18:46:30.810  1436  2064 D NetworkController.MobileSignalController(2): getLabel[0]: Jio 4G color = -1
03-18 18:46:30.817  1436  2064 D PhoneStatusBar: label = 
03-18 18:46:30.819   212   212 D gralloc.sc8830: fb_post fps = 3.498839
03-18 18:46:31.107   260   366 D phoneserver: sim0 signal no update num=27
03-18 18:46:31.107   260   366 D phoneserver: sim1 signal no update num=27
03-18 18:46:32.107   260   366 D phoneserver: sim0 signal no update num=27
03-18 18:46:32.107   260   366 D phoneserver: sim1 signal no update num=27
03-18 18:46:33.107   260   366 D phoneserver: sim0 signal no update num=27
03-18 18:46:33.107   260   366 D phoneserver: sim1 signal no update num=27
03-18 18:46:33.786  1963  1963 D wpa_supplicant: wlan0: Control interface command 'SIGNAL_POLL'
03-18 18:46:33.787  1172  1347 D WifiNetworkMonitor: EVENT_WIFI_RSSI_CHANGED
03-18 18:46:33.788  1172  1347 E WifiNetworkMonitor: Not any Obervers!!!
03-18 18:46:34.108   260   366 D phoneserver: sim0 signal no update num=27
03-18 18:46:34.108   260   366 D phoneserver: sim1 signal no update num=27
03-18 18:46:34.461  1172  1335 I InputDispatcher: dispatchMotion down - deviceId=1, policyFlags=0x62000000, action=0x0, buttonState=0x0, xPrecision=1.002083, yPrecision=0.937939
03-18 18:46:34.463  2140  2140 D HolographicOutlineHelper: createMediumDropShadow() rect.width() = 85;rect.height = 85
03-18 18:46:34.463  2140  2140 D HolographicOutlineHelper: createMediumDropShadow() bitmapWidth = 85;bitmapHeight = 85
03-18 18:46:34.532  1172  1336 D InputReader: processEventsLocked: type=0 Count=2 code=2 value=0 deviceId=1
03-18 18:46:34.533  1172  1335 I InputDispatcher: dispatchCycle MOTION UP, channel '83dda31 com.android.launcher3/com.android.launcher3.Launcher (server)'
03-18 18:46:34.533  1172  1335 I InputDispatcher: dispatchCycle MOTION UP, channel '88cc9a3 com.android.systemui.ImageWallpaper (server)'
03-18 18:46:34.533  1172  1335 I InputDispatcher: dispatchCycle MOTION UP, channel 'WindowManager (server)'
03-18 18:46:34.533  1172  1335 I InputDispatcher: MOTION UP Finished Window 'Window{88cc9a3 u0 com.android.systemui.ImageWallpaper}' the last input event: MotionEvent(deviceId=1, source=0x00001002, action=1, actionButton=0x00000000, flags=0x00000000, metaState=0x00000000, buttonState=0x00000000, edgeFlags=0x00000000, xPrecision=1.0, yPrecision=0.9, displayId=0, pointers=[0: (55.9, 483.0)]), policyFlags=0x62000000
03-18 18:46:34.535  1172  1335 I InputDispatcher: MOTION UP Finished Window 'Window{83dda31 u0 com.android.launcher3/com.android.launcher3.Launcher}' the last input event: MotionEvent(deviceId=1, source=0x00001002, action=1, actionButton=0x00000000, flags=0x00000000, metaState=0x00000000, buttonState=0x00000000, edgeFlags=0x00000000, xPrecision=1.0, yPrecision=0.9, displayId=0, pointers=[0: (55.9, 483.0)]), policyFlags=0x62000000
03-18 18:46:34.538   266  1319 W audio_hw_primary: [out_set_parameters], kvpairs=routing=2 devices:0x2 mode:0 
03-18 18:46:34.538   266  1319 W audio_hw_primary: the same devices(0x2) with val(0x2) val is zero...
03-18 18:46:34.539  1172  1534 D IntentHooks: hookIntentIfNeeded() intent: Intent { act=android.intent.action.MAIN cat=[android.intent.category.LAUNCHER] flg=0x10200000 cmp=com.juphoon.justex.sprd/com.juphoon.vowifi.ui.MainActivity (has extras) }
03-18 18:46:34.539   266  1323 I APM::AudioPolicyManager: checkAndSetVolume() stream FM return 10
03-18 18:46:34.539   266  1323 D AudioPolicyManagerSPRD new: startOutput() isVoipSet 0,stream 1,
03-18 18:46:34.554   266  1319 D audio_hw_primary: start output stream mode:0 devices:2 call_start:0, call_connected:0, is_voip:0, voip_state:0, is_bt_sco:0
03-18 18:46:34.554   266  1319 W audio_hw_primary: i2s_pin_mux_sel in type is 3
03-18 18:46:34.555   266  1319 W audio_hw_primary: i2s_pin_mux_sel in type i-----------2 adev->cp =b609fe10 num = 1  vbc_ctrl_pipe_info = b609a1f8   cp_type = 2
03-18 18:46:34.555   266  1319 W audio_hw_primary: -----in  cpu_index  is 3 
03-18 18:46:34.555   266  1319 W audio_hw_primary: i2s_pin_mux_sel in type i----------i2s_ctl_info->is_switch = 1 
03-18 18:46:34.555   266  1319 E audio_hw_primary: select_devices_signal starting... adev->out_devices 0x2 adev->in_devices 0x0
03-18 18:46:34.555   266  1319 I audio_hw_primary: select_devices_signal finished.
03-18 18:46:34.555   266  1319 W audio_hw_primary: open s_tinycard in
03-18 18:46:34.556   212   212 D gralloc.sc8830: fb_post fps = 0.267616
03-18 18:46:34.559   266  1319 W audio_hw_primary: open s_tinycard successfully
03-18 18:46:34.559   266  1312 I audio_hw_primary: Not to change mute: 0
03-18 18:46:34.559   266  1312 I audio_hw_primary: Changing out_devices: from (0xfffffffd) to (0x00000002), Changing in_devices: from (0x00000000) to (0x00000000)
