03-18 18:46:34.559   266  1312 W audio_hw_primary: vb_control_parameters.c hp_pa_delay_config 0x0 pa_config:0x210(0x210, 0), 0x2100000(fm)(0x0, 210),  hpPaConfig:0x0(0x0, 0), 0x0(fm)(0x0, 0)
03-18 18:46:34.559   266  1312 W audio_hw_primary: SetAudio_PaConfig_by_devices out, out_devices:0x2, in_devices:0x0
03-18 18:46:34.561   266  1312 I vb_effect: s_cur_out_devices(0x00000002), s_cur_in_devices(0x00000000)
03-18 18:46:34.561   266  1312 I vb_effect: profile is Handsfree, ret=0
03-18 18:46:34.561   266  1312 W audio_hw_primary: GetAudio_gain_by_devices, outmode:3 inmode:3,indev:0x0, outdev:0x2
03-18 18:46:34.561   266  1312 W audio_hw_primary: vb_control_parameters.c pa_config:0x210(0x210, 0), 0x2100000(fm)(0x0, 210),  hpPaConfig:0x0(0x0, 0), 0x0(fm)(0x0, 0)
03-18 18:46:34.561   266  1312 W audio_hw_primary: vb_control_parameters.c GetAudio_outpga_nv, dac_pga_gain_l:0x801807ca fm_pga_gain_l:0x24a fm_pga_gain_r:0x24a vol_level:0x1 
03-18 18:46:34.561   266  1312 W audio_hw_primary: GetAudio_inpga_nv, adc_pga_gain_l:0x903c device:0x0 vol_level:0x1
03-18 18:46:34.561   266  1312 D audio_pga: 'speaker-l' apply
03-18 18:46:34.561   266  1312 D audio_pga: 'speaker-r' apply
03-18 18:46:34.561   266  1312 W audio_hw_primary: SetAudio_gain_by_devices out, out_devices:0x2, in_devices:0x0
03-18 18:46:34.561   266  1312 I audio_hw_primary: stream_routing_thread looping done.
03-18 18:46:34.561   266  1312 I audio_hw_primary: stream_routing_thread looping now...
03-18 18:46:34.590   266  1319 D AudioFlinger: mixer(0xb1940000) throttle end: throttle time(10)
03-18 18:46:34.620   266  1319 D AudioFlinger: mixer(0xb1940000) throttle end: throttle time(14)
03-18 18:46:34.633  2617  2617 D LEMON   : 18:46:34.633 MainActivity: INFO: onCreate
03-18 18:46:34.633  2617  2617 D MainActivity: onCreate
03-18 18:46:34.722   266  1304 D AudioPolicyManagerSPRD new: stopOutput() isVoipSet 0,stream 1,output size 1
03-18 18:46:34.723   266  1304 I APM::AudioPolicyManager: checkAndSetVolume() stream FM return 10
03-18 18:46:34.796  2617  2617 D LEMON   : 18:46:34.796 MainActivity: INFO: loading
03-18 18:46:34.796  2617  2617 D MainActivity: loading
03-18 18:46:34.810  2617  2617 D LEMON   : 18:46:34.810 MainActivity: INFO: loaded
03-18 18:46:34.810  2617  2617 D MainActivity: loaded
03-18 18:46:35.047  1466  1494 I ContactsDatabaseHelper: [getContactView] excludeRestrictedData = true
03-18 18:46:35.055  1466  1494 I ContactsDatabaseHelper: [getContactView] excludeRestrictedData = true
03-18 18:46:35.067  1466  2732 I ContactsDatabaseHelper: [getContactView] excludeRestrictedData = true
03-18 18:46:35.072  1466  2732 I ContactsDatabaseHelper: [getContactView] excludeRestrictedData = true
03-18 18:46:35.083  1466  1494 I ContactsDatabaseHelper: [getContactView] excludeRestrictedData = true
03-18 18:46:35.088  1466  1494 I ContactsDatabaseHelper: [getContactView] excludeRestrictedData = true
03-18 18:46:35.108   260   366 D phoneserver: sim0 signal no update num=27
03-18 18:46:35.108   260   366 D phoneserver: sim1 signal no update num=27
03-18 18:46:35.272  1172  1265 I ActivityManager: Displayed com.juphoon.justex.sprd/com.juphoon.vowifi.ui.MainActivity: +697ms
03-18 18:46:35.307  2140  2140 D Launcher: ====  5-screenid = -1   ,container = -1
03-18 18:46:35.556   212   212 D gralloc.sc8830: fb_post fps = 27.990604
03-18 18:46:35.697   216   464 D WCND    : is_cp2_alive_ok: open polling interface: /proc/mdbg/loopcheck, fd = 13
03-18 18:46:35.798   216   464 D WCND    : is_cp2_alive_ok: loop: /proc/mdbg/loopcheck is OK
03-18 18:46:36.109   260   366 D phoneserver: sim0 signal no update num=27
03-18 18:46:36.109   260   366 D phoneserver: sim1 signal no update num=27
03-18 18:46:36.795  1963  1963 D wpa_supplicant: wlan0: Control interface command 'SIGNAL_POLL'
03-18 18:46:36.797  1172  1347 D WifiNetworkMonitor: EVENT_WIFI_RSSI_CHANGED
03-18 18:46:36.797  1172  1347 E WifiNetworkMonitor: Not any Obervers!!!
03-18 18:46:36.883  2617  2617 D LEMON   : 18:46:36.883 RcsRegister: INFO: getState = 0
03-18 18:46:36.883  2617  2617 D RcsRegister: getState = 0
03-18 18:46:36.886  1466  2369 I ContactsDatabaseHelper: [getContactView] excludeRestrictedData = true
03-18 18:46:36.889  1466  2369 I ContactsDatabaseHelper: [getContactView] excludeRestrictedData = true
03-18 18:46:36.912  1466  1488 I ContactsDatabaseHelper: [getContactView] excludeRestrictedData = true
03-18 18:46:36.921  1466  1488 I ContactsDatabaseHelper: [getContactView] excludeRestrictedData = true
03-18 18:46:36.932  1466  2369 I ContactsDatabaseHelper: [getContactView] excludeRestrictedData = true
03-18 18:46:36.946  1466  2369 I ContactsDatabaseHelper: [getContactView] excludeRestrictedData = true
03-18 18:46:37.109   260   366 D phoneserver: sim0 signal no update num=27
03-18 18:46:37.109   260   366 D phoneserver: sim1 signal no update num=27
03-18 18:46:37.612   266  1319 W audio_hw_primary: do_output_standby.mode:0 
03-18 18:46:38.109   260   366 D phoneserver: sim0 signal no update num=27
03-18 18:46:38.109   260   366 D phoneserver: sim1 signal no update num=27
03-18 18:46:38.581  1172  1335 I InputDispatcher: dispatchMotion down - deviceId=1, policyFlags=0x62000000, action=0x0, buttonState=0x0, xPrecision=1.002083, yPrecision=0.937939
03-18 18:46:38.687  1172  1336 D InputReader: processEventsLocked: type=0 Count=2 code=2 value=0 deviceId=1
03-18 18:46:38.688  1172  1335 I InputDispatcher: dispatchCycle MOTION UP, channel 'af34bee com.juphoon.justex.sprd/com.juphoon.vowifi.ui.MainActivity (server)'
03-18 18:46:38.688  1172  1335 I InputDispatcher: dispatchCycle MOTION UP, channel 'WindowManager (server)'
03-18 18:46:38.690  1172  1335 I InputDispatcher: MOTION UP Finished Window 'Window{af34bee u0 com.juphoon.justex.sprd/com.juphoon.vowifi.ui.MainActivity}' the last input event: MotionEvent(deviceId=1, source=0x00001002, action=1, actionButton=0x00000000, flags=0x00000000, metaState=0x00000000, buttonState=0x00000000, edgeFlags=0x00000000, xPrecision=1.0, yPrecision=0.9, displayId=0, pointers=[0: (27.9, 77.8)]), policyFlags=0x62000000
03-18 18:46:38.709   266  1319 W audio_hw_primary: [out_set_parameters], kvpairs=routing=2 devices:0x2 mode:0 
03-18 18:46:38.709   266  1319 W audio_hw_primary: the same devices(0x2) with val(0x2) val is zero...
03-18 18:46:38.713   266  1357 I APM::AudioPolicyManager: checkAndSetVolume() stream FM return 10
03-18 18:46:38.713   266  1357 D AudioPolicyManagerSPRD new: startOutput() isVoipSet 0,stream 1,
03-18 18:46:38.725   266  1319 D audio_hw_primary: start output stream mode:0 devices:2 call_start:0, call_connected:0, is_voip:0, voip_state:0, is_bt_sco:0
03-18 18:46:38.725   266  1319 W audio_hw_primary: i2s_pin_mux_sel in type is 3
03-18 18:46:38.725   266  1319 W audio_hw_primary: i2s_pin_mux_sel in type i-----------2 adev->cp =b609fe10 num = 1  vbc_ctrl_pipe_info = b609a1f8   cp_type = 2
03-18 18:46:38.725   266  1319 W audio_hw_primary: -----in  cpu_index  is 3 
03-18 18:46:38.725   266  1319 W audio_hw_primary: i2s_pin_mux_sel in type i----------i2s_ctl_info->is_switch = 1 
03-18 18:46:38.725   266  1319 E audio_hw_primary: select_devices_signal starting... adev->out_devices 0x2 adev->in_devices 0x0
03-18 18:46:38.726   266  1319 I audio_hw_primary: select_devices_signal finished.
03-18 18:46:38.726   266  1319 W audio_hw_primary: open s_tinycard in
03-18 18:46:38.732   266  1319 W audio_hw_primary: open s_tinycard successfully
03-18 18:46:38.733   266  1312 I audio_hw_primary: Not to change mute: 0
03-18 18:46:38.733   266  1312 I audio_hw_primary: Changing out_devices: from (0xfffffffd) to (0x00000002), Changing in_devices: from (0x00000000) to (0x00000000)
03-18 18:46:38.733   266  1312 W audio_hw_primary: vb_control_parameters.c hp_pa_delay_config 0x0 pa_config:0x210(0x210, 0), 0x2100000(fm)(0x0, 210),  hpPaConfig:0x0(0x0, 0), 0x0(fm)(0x0, 0)
03-18 18:46:38.750   266  1312 W audio_hw_primary: SetAudio_PaConfig_by_devices out, out_devices:0x2, in_devices:0x0
03-18 18:46:38.751   266  1312 I vb_effect: s_cur_out_devices(0x00000002), s_cur_in_devices(0x00000000)
03-18 18:46:38.751   266  1312 I vb_effect: profile is Handsfree, ret=0
03-18 18:46:38.751   266  1312 W audio_hw_primary: GetAudio_gain_by_devices, outmode:3 inmode:3,indev:0x0, outdev:0x2
03-18 18:46:38.751   266  1312 W audio_hw_primary: vb_control_parameters.c pa_config:0x210(0x210, 0), 0x2100000(fm)(0x0, 210),  hpPaConfig:0x0(0x0, 0), 0x0(fm)(0x0, 0)
03-18 18:46:38.752   266  1312 W audio_hw_primary: vb_control_parameters.c GetAudio_outpga_nv, dac_pga_gain_l:0x801807ca fm_pga_gain_l:0x24a fm_pga_gain_r:0x24a vol_level:0x1 
03-18 18:46:38.752   266  1312 W audio_hw_primary: GetAudio_inpga_nv, adc_pga_gain_l:0x903c device:0x0 vol_level:0x1
03-18 18:46:38.752   266  1312 D audio_pga: 'speaker-l' apply
03-18 18:46:38.752   266  1312 D audio_pga: 'speaker-r' apply
03-18 18:46:38.752   266  1312 W audio_hw_primary: SetAudio_gain_by_devices out, out_devices:0x2, in_devices:0x0
03-18 18:46:38.752   266  1312 I audio_hw_primary: stream_routing_thread looping done.
03-18 18:46:38.752   266  1312 I audio_hw_primary: stream_routing_thread looping now...
03-18 18:46:38.851   298   298 D         : XmlStorage::handleEvent()
03-18 18:46:38.854   298   298 D         : /data/sprdinfo/apr.xml file is created
03-18 18:46:38.881   266  1304 D AudioPolicyManagerSPRD new: stopOutput() isVoipSet 0,stream 1,output size 1
03-18 18:46:38.882   266  1304 I APM::AudioPolicyManager: checkAndSetVolume() stream FM return 10
03-18 18:46:39.110   260   366 D phoneserver: sim0 signal no update num=27
03-18 18:46:39.110   260   366 D phoneserver: sim1 signal no update num=27
03-18 18:46:39.801  1963  1963 D wpa_supplicant: wlan0: Control interface command 'SIGNAL_POLL'
03-18 18:46:39.806  1172  1347 D WifiNetworkMonitor: EVENT_WIFI_RSSI_CHANGED
03-18 18:46:39.806  1172  1347 E WifiNetworkMonitor: Not any Obervers!!!
03-18 18:46:40.110   260   366 D phoneserver: sim0 signal no update num=27
03-18 18:46:40.110   260   366 D phoneserver: sim1 signal no update num=27
03-18 18:46:40.181  1172  1335 I InputDispatcher: dispatchMotion down - deviceId=1, policyFlags=0x62000000, action=0x0, buttonState=0x0, xPrecision=1.002083, yPrecision=0.937939
03-18 18:46:40.241  1172  1336 D InputReader: processEventsLocked: type=0 Count=2 code=2 value=0 deviceId=1
03-18 18:46:40.242  1172  1335 I InputDispatcher: dispatchCycle MOTION UP, channel 'af34bee com.juphoon.justex.sprd/com.juphoon.vowifi.ui.MainActivity (server)'
03-18 18:46:40.242  1172  1335 I InputDispatcher: dispatchCycle MOTION UP, channel 'WindowManager (server)'
03-18 18:46:40.243  1172  1335 I InputDispatcher: MOTION UP Finished Window 'Window{af34bee u0 com.juphoon.justex.sprd/com.juphoon.vowifi.ui.MainActivity}' the last input event: MotionEvent(deviceId=1, source=0x00001002, action=1, actionButton=0x00000000, flags=0x00000000, metaState=0x00000000, buttonState=0x00000000, edgeFlags=0x00000000, xPrecision=1.0, yPrecision=0.9, displayId=0, pointers=[0: (230.5, 302.8)]), policyFlags=0x62000000
03-18 18:46:40.248   266  1319 W audio_hw_primary: [out_set_parameters], kvpairs=routing=2 devices:0x2 mode:0 
03-18 18:46:40.248   266  1319 W audio_hw_primary: the same devices(0x2) with val(0x2) val is zero...
03-18 18:46:40.249   266  2228 I APM::AudioPolicyManager: checkAndSetVolume() stream FM return 10
03-18 18:46:40.249   266  2228 D AudioPolicyManagerSPRD new: startOutput() isVoipSet 0,stream 1,
03-18 18:46:40.289   266  1319 D AudioFlinger: mixer(0xb1940000) throttle end: throttle time(31)
03-18 18:46:40.478   266  1304 D AudioPolicyManagerSPRD new: stopOutput() isVoipSet 0,stream 1,output size 1
03-18 18:46:40.479   266  1304 I APM::AudioPolicyManager: checkAndSetVolume() stream FM return 10
03-18 18:46:40.512  1172  2594 D IntentHooks: hookIntentIfNeeded() intent: Intent { cmp=com.juphoon.justex.sprd/com.juphoon.vowifi.ui.AccountListActivity }
03-18 18:46:40.526  2617  2617 I System.out: onPause
03-18 18:46:40.695  1172  1265 I ActivityManager: Displayed com.juphoon.justex.sprd/com.juphoon.vowifi.ui.AccountListActivity: +169ms
03-18 18:46:40.725   212   212 D gralloc.sc8830: fb_post fps = 0.193480
03-18 18:46:40.798   216   464 D WCND    : is_cp2_alive_ok: open polling interface: /proc/mdbg/loopcheck, fd = 13
03-18 18:46:40.899   216   464 D WCND    : is_cp2_alive_ok: loop: /proc/mdbg/loopcheck is OK
03-18 18:46:41.110   260   366 D phoneserver: sim0 signal no update num=27
03-18 18:46:41.110   260   366 D phoneserver: sim1 signal no update num=27
03-18 18:46:41.982  1172  1335 I InputDispatcher: dispatchMotion down - deviceId=1, policyFlags=0x62000000, action=0x0, buttonState=0x0, xPrecision=1.002083, yPrecision=0.937939
03-18 18:46:42.111   260   366 D phoneserver: sim0 signal no update num=27
03-18 18:46:42.111   260   366 D phoneserver: sim1 signal no update num=27
03-18 18:46:42.155  1172  1336 D InputReader: processEventsLocked: type=0 Count=2 code=2 value=0 deviceId=1
03-18 18:46:42.156  1172  1335 I InputDispatcher: dispatchCycle MOTION UP, channel '2f77db4 com.juphoon.justex.sprd/com.juphoon.vowifi.ui.AccountListActivity (server)'
03-18 18:46:42.156  1172  1335 I InputDispatcher: dispatchCycle MOTION UP, channel 'WindowManager (server)'
03-18 18:46:42.157  1172  1335 I InputDispatcher: MOTION UP Finished Window 'Window{2f77db4 u0 com.juphoon.justex.sprd/com.juphoon.vowifi.ui.AccountListActivity}' the last input event: MotionEvent(deviceId=1, source=0x00001002, action=1, actionButton=0x00000000, flags=0x00000000, metaState=0x00000000, buttonState=0x00000000, edgeFlags=0x00000000, xPrecision=1.0, yPrecision=0.9, displayId=0, pointers=[0: (47.9, 82.1)]), policyFlags=0x62000000
03-18 18:46:42.178   266  1319 W audio_hw_primary: [out_set_parameters], kvpairs=routing=2 devices:0x2 mode:0 
03-18 18:46:42.178   266  1319 W audio_hw_primary: the same devices(0x2) with val(0x2) val is zero...
03-18 18:46:42.178   266  1323 I APM::AudioPolicyManager: checkAndSetVolume() stream FM return 10
03-18 18:46:42.178   266  1323 D AudioPolicyManagerSPRD new: startOutput() isVoipSet 0,stream 1,
03-18 18:46:42.236   266  1319 D AudioFlinger: mixer(0xb1940000) throttle end: throttle time(4)
03-18 18:46:42.256  1172  1345 D WifiStateMachine: starting scan for "DAPS_vowifi"WPA_PSK with 2462
03-18 18:46:42.256  1963  1963 D wpa_supplicant: wlan0: Control interface command 'SCAN TYPE=ONLY freq=2462'
03-18 18:46:42.256  1963  1963 D wpa_supplicant: wlan0: Setting scan request: 0.000000 sec
03-18 18:46:42.256  1963  1963 D wpa_supplicant: wlan0: Starting AP scan for wildcard SSID
03-18 18:46:42.256  1963  1963 D wpa_supplicant: wlan0: Limit manual scan to specified channels
03-18 18:46:42.256  1963  1963 D wpa_supplicant: wlan0: Add radio work 'scan'@0xb69d9320
03-18 18:46:42.256  1963  1963 D wpa_supplicant: wlan0: First radio work item in the queue - schedule start immediately
03-18 18:46:42.256  1963  1963 D wpa_supplicant: wlan0: Starting radio work 'scan'@0xb69d9320 after 0.000092 second wait
03-18 18:46:42.256  1963  1963 D wpa_supplicant: wlan0: nl80211: scan request
03-18 18:46:42.256  1963  1963 D wpa_supplicant: nl80211: Scan SSID - hexdump(len=0): [NULL]
03-18 18:46:42.257  1963  1963 D wpa_supplicant: nl80211: Scan extra IEs - hexdump(len=6): 7f 04 00 00 0a 02
03-18 18:46:42.257  1963  1963 D wpa_supplicant: nl80211: Scan frequency 2462 MHz
03-18 18:46:42.323  1963  1963 D wpa_supplicant: Scan requested (ret=0) - scan timeout 30 seconds
03-18 18:46:42.323  1963  1963 D wpa_supplicant: nl80211: Event message available
03-18 18:46:42.323  1963  1963 D wpa_supplicant: nl80211: Ignored event (cmd=33) for foreign interface (ifindex 10 wdev 0x0)
03-18 18:46:42.323  1963  1963 D wpa_supplicant: nl80211: Drv Event 33 (NL80211_CMD_TRIGGER_SCAN) received for wlan0
03-18 18:46:42.323  1963  1963 D wpa_supplicant: wlan0: nl80211: Scan trigger
03-18 18:46:42.323  1963  1963 D wpa_supplicant: wlan0: Event SCAN_STARTED (47) received
03-18 18:46:42.323  1963  1963 D wpa_supplicant: wlan0: Own scan request started a scan in 0.000245 seconds
03-18 18:46:42.323  1963  1963 D wpa_supplicant: CTRL_IFACE monitor sent successfully to /data/misc/wifi/sockets/wpa_ctrl_1172-2\x00
03-18 18:46:42.335  1963  1963 D wpa_supplicant: nl80211: Event message available
03-18 18:46:42.335  1963  1963 D wpa_supplicant: nl80211: Ignored event (cmd=34) for foreign interface (ifindex 10 wdev 0x0)
03-18 18:46:42.335  1963  1963 D wpa_supplicant: nl80211: Drv Event 34 (NL80211_CMD_NEW_SCAN_RESULTS) received for wlan0
03-18 18:46:42.335  1963  1963 D wpa_supplicant: wlan0: nl80211: New scan results available
03-18 18:46:42.335  1963  1963 D wpa_supplicant: nl80211: Scan probed for SSID ''
03-18 18:46:42.335  1963  1963 D wpa_supplicant: nl80211: Scan included frequencies: 2462
03-18 18:46:42.335  1963  1963 D wpa_supplicant: wlan0: Event SCAN_RESULTS (3) received
03-18 18:46:42.335  1963  1963 D wpa_supplicant: wlan0: Scan completed in 0.012573 seconds
03-18 18:46:42.336  1963  1963 D wpa_supplicant: nl80211: Associated on 2462 MHz
03-18 18:46:42.336  1963  1963 D wpa_supplicant: nl80211: Associated with ec:26:ca:49:80:21
03-18 18:46:42.336  1963  1963 D wpa_supplicant: nl80211: Received scan results (1 BSSes)
03-18 18:46:42.336  1963  1963 D wpa_supplicant: nl80211: Scan results indicate BSS status with ec:26:ca:49:80:21 as associated
03-18 18:46:42.336  1963  1963 D wpa_supplicant: wlan0: BSS: Start scan result update 3
03-18 18:46:42.336  1963  1963 D wpa_supplicant: wlan0: BSS: Remove id 11 BSSID c0:7b:bc:1b:75:52 SSID 'Sandbox3' due to no match in scan
03-18 18:46:42.336  1963  1963 D wpa_supplicant: CTRL_IFACE monitor sent successfully to /data/misc/wifi/sockets/wpa_ctrl_1172-2\x00
03-18 18:46:42.336  1963  1963 D wpa_supplicant: BSS: last_scan_res_used=1/32
03-18 18:46:42.336  1963  1963 D wpa_supplicant: wlan0: Scan-only results received
03-18 18:46:42.336  1963  1963 D wpa_supplicant: CTRL_IFACE monitor sent successfully to /data/misc/wifi/sockets/wpa_ctrl_1172-2\x00
03-18 18:46:42.336  1963  1963 D wpa_supplicant: wlan0: Radio work 'scan'@0xb69d9320 done in 0.079803 seconds
03-18 18:46:42.340  1963  1963 D wpa_supplicant: wlan0: Control interface command 'BSS RANGE=0- MASK=0x29d87'
03-18 18:46:42.343  1963  1963 D wpa_supplicant: wlan0: Control interface command 'BSS RANGE=6- MASK=0x29d87'
03-18 18:46:42.357  1172  1345 D HS20    : Caught java.lang.IllegalArgumentException: Element length 36 exceeds payload length 2 @ 325
03-18 18:46:42.358  1172  1345 D HS20    : Caught java.lang.IllegalArgumentException: Element length 190 exceeds payload length 2 @ 352
03-18 18:46:42.358  1172  1345 D HS20    : Caught java.lang.IllegalArgumentException: Element length 127 exceeds payload length 2 @ 178
03-18 18:46:42.359  1172  1345 D HS20    : Caught java.lang.IllegalArgumentException: Element length 195 exceeds payload length 2 @ 254
03-18 18:46:42.360  1172  1345 D HS20    : Caught java.lang.IllegalArgumentException: Element length 6 exceeds payload length 2 @ 241
03-18 18:46:42.360  1172  1345 D HS20    : Caught java.lang.IllegalArgumentException: Element length 72 exceeds payload length 2 @ 254
03-18 18:46:42.361  1172  1345 D HS20    : Caught java.lang.IllegalArgumentException: Element length 166 exceeds payload length 2 @ 235
03-18 18:46:42.361  1172  1345 D HS20    : Caught java.lang.IllegalArgumentException: Element length 250 exceeds payload length 2 @ 208
03-18 18:46:42.362  1172  1345 D HS20    : Caught java.lang.IllegalArgumentException: Element length 96 exceeds payload length 2 @ 190
03-18 18:46:42.362  1172  1345 D HS20    : Caught java.lang.IllegalArgumentException: Element length 236 exceeds payload length 2 @ 59
03-18 18:46:42.363  1172  1345 D HS20    : Caught java.lang.IllegalArgumentException: Element length 60 exceeds payload length 2 @ 208
03-18 18:46:42.364  1172  1345 D HS20    : Caught java.lang.IllegalArgumentException: Element length 61 exceeds payload length 2 @ 208
03-18 18:46:42.364  1172  1345 D HS20    : Caught java.lang.IllegalArgumentException: Element length 100 exceeds payload length 2 @ 305
03-18 18:46:42.364  1172  1345 D HS20    : Caught java.lang.IllegalArgumentException: Element length 197 exceeds payload length 2 @ 60
03-18 18:46:42.369  1963  1963 D wpa_supplicant: wlan0: Control interface command 'STATUS-NO_EVENTS'
03-18 18:46:42.370  1963  1963 D wpa_supplicant: EAPOL: EAP Session-Id not available
03-18 18:46:42.377  2617  2668 D OpenGLRenderer: endAllActiveAnimators on 0xa1020300 (RippleDrawable) with handle 0xa1d7f460
03-18 18:46:42.394   266  1304 D AudioPolicyManagerSPRD new: stopOutput() isVoipSet 0,stream 1,output size 1
03-18 18:46:42.394   266  1304 I APM::AudioPolicyManager: checkAndSetVolume() stream FM return 10
03-18 18:46:42.408   212   212 D gralloc.sc8830: fb_post fps = 7.724658
03-18 18:46:42.595  2617  2617 D ListView: mHeaderViewInfos.size() = 0 mFooterViewInfos.size()0
03-18 18:46:42.807  1963  1963 D wpa_supplicant: wlan0: Control interface command 'SIGNAL_POLL'
03-18 18:46:42.808  1172  1347 D WifiNetworkMonitor: EVENT_WIFI_RSSI_CHANGED
03-18 18:46:42.808  1172  1347 E WifiNetworkMonitor: Not any Obervers!!!
03-18 18:46:43.111   260   366 D phoneserver: sim0 signal no update num=27
03-18 18:46:43.111   260   366 D phoneserver: sim1 signal no update num=27
03-18 18:46:43.288  1172  1335 I InputDispatcher: dispatchMotion down - deviceId=1, policyFlags=0x62000000, action=0x0, buttonState=0x0, xPrecision=1.002083, yPrecision=0.937939
03-18 18:46:43.439  1172  1336 D InputReader: processEventsLocked: type=0 Count=2 code=2 value=0 deviceId=1
03-18 18:46:43.439  1172  1335 I InputDispatcher: dispatchCycle MOTION UP, channel 'af34bee com.juphoon.justex.sprd/com.juphoon.vowifi.ui.MainActivity (server)'
03-18 18:46:43.439  1172  1335 I InputDispatcher: dispatchCycle MOTION UP, channel 'WindowManager (server)'
03-18 18:46:43.445  1172  1335 I InputDispatcher: MOTION UP Finished Window 'Window{af34bee u0 com.juphoon.justex.sprd/com.juphoon.vowifi.ui.MainActivity}' the last input event: MotionEvent(deviceId=1, source=0x00001002, action=1, actionButton=0x00000000, flags=0x00000000, metaState=0x00000000, buttonState=0x00000000, edgeFlags=0x00000000, xPrecision=1.0, yPrecision=0.9, displayId=0, pointers=[0: (17.0, 55.4)]), policyFlags=0x62000000
03-18 18:46:43.455   266  1319 W audio_hw_primary: [out_set_parameters], kvpairs=routing=2 devices:0x2 mode:0 
03-18 18:46:43.455   266  1319 W audio_hw_primary: the same devices(0x2) with val(0x2) val is zero...
03-18 18:46:43.455   266  1357 I APM::AudioPolicyManager: checkAndSetVolume() stream FM return 10
03-18 18:46:43.455   266  1357 D AudioPolicyManagerSPRD new: startOutput() isVoipSet 0,stream 1,
03-18 18:46:43.511   266  1319 D AudioFlinger: mixer(0xb1940000) throttle end: throttle time(1)
03-18 18:46:43.674   266  1304 D AudioPolicyManagerSPRD new: stopOutput() isVoipSet 0,stream 1,output size 1
03-18 18:46:43.674   266  1304 I APM::AudioPolicyManager: checkAndSetVolume() stream FM return 10
03-18 18:46:44.112   260   366 D phoneserver: sim0 signal no update num=27
03-18 18:46:44.112   260   366 D phoneserver: sim1 signal no update num=27
03-18 18:46:44.257  1172  1335 I InputDispatcher: dispatchMotion down - deviceId=1, policyFlags=0x62000000, action=0x0, buttonState=0x0, xPrecision=1.002083, yPrecision=0.937939
03-18 18:46:44.306  1172  1336 D InputReader: processEventsLocked: type=0 Count=2 code=2 value=0 deviceId=1
03-18 18:46:44.306  1172  1335 I InputDispatcher: dispatchCycle MOTION UP, channel 'af34bee com.juphoon.justex.sprd/com.juphoon.vowifi.ui.MainActivity (server)'
03-18 18:46:44.306  1172  1335 I InputDispatcher: dispatchCycle MOTION UP, channel 'WindowManager (server)'
03-18 18:46:44.308  1172  1335 I InputDispatcher: MOTION UP Finished Window 'Window{af34bee u0 com.juphoon.justex.sprd/com.juphoon.vowifi.ui.MainActivity}' the last input event: MotionEvent(deviceId=1, source=0x00001002, action=1, actionButton=0x00000000, flags=0x00000000, metaState=0x00000000, buttonState=0x00000000, edgeFlags=0x00000000, xPrecision=1.0, yPrecision=0.9, displayId=0, pointers=[0: (225.5, 303.9)]), policyFlags=0x62000000
03-18 18:46:44.312   266  1319 W audio_hw_primary: [out_set_parameters], kvpairs=routing=2 devices:0x2 mode:0 
03-18 18:46:44.312   266  1319 W audio_hw_primary: the same devices(0x2) with val(0x2) val is zero...
03-18 18:46:44.312   266  1357 I APM::AudioPolicyManager: checkAndSetVolume() stream FM return 10
03-18 18:46:44.312   266  1357 D AudioPolicyManagerSPRD new: startOutput() isVoipSet 0,stream 1,
03-18 18:46:44.542   266  1304 D AudioPolicyManagerSPRD new: stopOutput() isVoipSet 0,stream 1,output size 1
03-18 18:46:44.542   266  1304 I APM::AudioPolicyManager: checkAndSetVolume() stream FM return 10
03-18 18:46:44.571  1172  1194 D IntentHooks: hookIntentIfNeeded() intent: Intent { cmp=com.juphoon.justex.sprd/com.juphoon.vowifi.ui.AccountListActivity }
03-18 18:46:44.590  2617  2617 I System.out: onPause
03-18 18:46:44.732  1172  1265 I ActivityManager: Displayed com.juphoon.justex.sprd/com.juphoon.vowifi.ui.AccountListActivity: +142ms
03-18 18:46:44.760   212   212 D gralloc.sc8830: fb_post fps = 4.675921
03-18 18:46:45.112   260   366 D phoneserver: sim0 signal no update num=27
03-18 18:46:45.112   260   366 D phoneserver: sim1 signal no update num=27
03-18 18:46:45.811  1963  1963 D wpa_supplicant: wlan0: Control interface command 'SIGNAL_POLL'
03-18 18:46:45.812  1172  1347 D WifiNetworkMonitor: EVENT_WIFI_RSSI_CHANGED
03-18 18:46:45.812  1172  1347 E WifiNetworkMonitor: Not any Obervers!!!
03-18 18:46:45.899   216   464 D WCND    : is_cp2_alive_ok: open polling interface: /proc/mdbg/loopcheck, fd = 13
03-18 18:46:46.000   216   464 D WCND    : is_cp2_alive_ok: loop: /proc/mdbg/loopcheck is OK
03-18 18:46:46.112   260   366 D phoneserver: sim0 signal no update num=27
03-18 18:46:46.112   260   366 D phoneserver: sim1 signal no update num=27
03-18 18:46:47.008  1172  1336 D InputReader: VirtualKeys: Generating key down: keyCode=3, scanCode=172
03-18 18:46:47.010  1172  1335 I InputDispatcher: dispatchKey down - deviceId=1, policyFlags=0x62000002, action=0x0, keyCode=0x3, scanCode=0xac, repeatCount=0
03-18 18:46:47.012  1172  1335 D LIGHTS  : file:vendor/sprd/open-source/libs/liblights/lights.c, func:set_light_buttons, on=16777215
03-18 18:46:47.012  1172  1335 E LIGHTS  : file:vendor/sprd/open-source/libs/liblights/lights.c, func:write_int, path=/sys/class/leds/keyboard-backlight/brightness, value=255
03-18 18:46:47.012  1172  1335 E LIGHTS  : file:vendor/sprd/open-source/libs/liblights/lights.c, func:write_int, failed to open /sys/class/leds/keyboard-backlight/brightness,fd = -1
03-18 18:46:47.076  1172  1336 D InputReader: processEventsLocked: type=0 Count=2 code=2 value=0 deviceId=1
03-18 18:46:47.076  1172  1336 D InputReader: VirtualKeys: Generating key up: keyCode=3, scanCode=172
03-18 18:46:47.110   212   409 D PermissionCache: checking android.permission.READ_FRAME_BUFFER for uid=1000 => granted (274 us)
03-18 18:46:47.112   260   366 D phoneserver: sim0 signal no update num=27
03-18 18:46:47.113   260   366 D phoneserver: sim1 signal no update num=27
03-18 18:46:47.125  1172  1335 D Bitmap  : recycle bitmap... mNativeBitmap = ffffffff9bb62f80 , Bitmap = android.graphics.Bitmap@4e67c49
03-18 18:46:47.241   212   212 D gralloc.sc8830: fb_post fps = 5.240945
03-18 18:46:47.418   266  1319 W audio_hw_primary: do_output_standby.mode:0 
03-18 18:46:47.708  2140  2284 W OpenGLRenderer: Incorrectly called buildLayer on View: ShortcutAndWidgetContainer, destroying layer...
03-18 18:46:47.708  2140  2284 W OpenGLRenderer: Incorrectly called buildLayer on View: ShortcutAndWidgetContainer, destroying layer...
03-18 18:46:47.860  1172  1335 I InputDispatcher: dispatchMotion down - deviceId=1, policyFlags=0x62000000, action=0x0, buttonState=0x0, xPrecision=1.002083, yPrecision=0.937939
03-18 18:46:47.898  1172  1336 D InputReader: processEventsLocked: type=0 Count=2 code=2 value=0 deviceId=1
03-18 18:46:47.898  1172  1335 I InputDispatcher: dispatchCycle MOTION UP, channel '83dda31 com.android.launcher3/com.android.launcher3.Launcher (server)'
03-18 18:46:47.898  1172  1335 I InputDispatcher: dispatchCycle MOTION UP, channel '88cc9a3 com.android.systemui.ImageWallpaper (server)'
03-18 18:46:47.899  1172  1335 I InputDispatcher: dispatchCycle MOTION UP, channel 'WindowManager (server)'
03-18 18:46:47.900  1172  1335 I InputDispatcher: MOTION UP Finished Window 'Window{88cc9a3 u0 com.android.systemui.ImageWallpaper}' the last input event: MotionEvent(deviceId=1, source=0x00001002, action=1, actionButton=0x00000000, flags=0x00000000, metaState=0x00000000, buttonState=0x00000000, edgeFlags=0x00000000, xPrecision=1.0, yPrecision=0.9, displayId=0, pointers=[0: (223.5, 790.0)]), policyFlags=0x62000000
03-18 18:46:47.904  1172  1335 I InputDispatcher: MOTION UP Finished Window 'Window{83dda31 u0 com.android.launcher3/com.android.launcher3.Launcher}' the last input event: MotionEvent(deviceId=1, source=0x00001002, action=1, actionButton=0x00000000, flags=0x00000000, metaState=0x00000000, buttonState=0x00000000, edgeFlags=0x00000000, xPrecision=1.0, yPrecision=0.9, displayId=0, pointers=[0: (223.5, 790.0)]), policyFlags=0x62000000
03-18 18:46:47.911   266  1319 W audio_hw_primary: [out_set_parameters], kvpairs=routing=2 devices:0x2 mode:0 
03-18 18:46:47.911   266  1319 W audio_hw_primary: the same devices(0x2) with val(0x2) val is zero...
03-18 18:46:47.912   266  2228 I APM::AudioPolicyManager: checkAndSetVolume() stream FM return 10
03-18 18:46:47.913   266  2228 D AudioPolicyManagerSPRD new: startOutput() isVoipSet 0,stream 1,
03-18 18:46:47.927   266  1319 D audio_hw_primary: start output stream mode:0 devices:2 call_start:0, call_connected:0, is_voip:0, voip_state:0, is_bt_sco:0
03-18 18:46:47.927   266  1319 W audio_hw_primary: i2s_pin_mux_sel in type is 3
03-18 18:46:47.927   266  1319 W audio_hw_primary: i2s_pin_mux_sel in type i-----------2 adev->cp =b609fe10 num = 1  vbc_ctrl_pipe_info = b609a1f8   cp_type = 2
03-18 18:46:47.927   266  1319 W audio_hw_primary: -----in  cpu_index  is 3 
03-18 18:46:47.927   266  1319 W audio_hw_primary: i2s_pin_mux_sel in type i----------i2s_ctl_info->is_switch = 1 
03-18 18:46:47.927   266  1319 E audio_hw_primary: select_devices_signal starting... adev->out_devices 0x2 adev->in_devices 0x0
03-18 18:46:47.927   266  1319 I audio_hw_primary: select_devices_signal finished.
03-18 18:46:47.927   266  1319 W audio_hw_primary: open s_tinycard in
03-18 18:46:47.934   266  1319 W audio_hw_primary: open s_tinycard successfully
03-18 18:46:47.935   266  1312 I audio_hw_primary: Not to change mute: 0
03-18 18:46:47.936   266  1312 I audio_hw_primary: Changing out_devices: from (0xfffffffd) to (0x00000002), Changing in_devices: from (0x00000000) to (0x00000000)
03-18 18:46:47.936   266  1312 W audio_hw_primary: vb_control_parameters.c hp_pa_delay_config 0x0 pa_config:0x210(0x210, 0), 0x2100000(fm)(0x0, 210),  hpPaConfig:0x0(0x0, 0), 0x0(fm)(0x0, 0)
03-18 18:46:47.955   266  1312 W audio_hw_primary: SetAudio_PaConfig_by_devices out, out_devices:0x2, in_devices:0x0
03-18 18:46:47.957   266  1312 I vb_effect: s_cur_out_devices(0x00000002), s_cur_in_devices(0x00000000)
03-18 18:46:47.957   266  1312 I vb_effect: profile is Handsfree, ret=0
03-18 18:46:47.957   266  1312 W audio_hw_primary: GetAudio_gain_by_devices, outmode:3 inmode:3,indev:0x0, outdev:0x2
03-18 18:46:47.957   266  1312 W audio_hw_primary: vb_control_parameters.c pa_config:0x210(0x210, 0), 0x2100000(fm)(0x0, 210),  hpPaConfig:0x0(0x0, 0), 0x0(fm)(0x0, 0)
03-18 18:46:47.957   266  1312 W audio_hw_primary: vb_control_parameters.c GetAudio_outpga_nv, dac_pga_gain_l:0x801807ca fm_pga_gain_l:0x24a fm_pga_gain_r:0x24a vol_level:0x1 
03-18 18:46:47.957   266  1312 W audio_hw_primary: GetAudio_inpga_nv, adc_pga_gain_l:0x903c device:0x0 vol_level:0x1
03-18 18:46:47.957   266  1312 D audio_pga: 'speaker-l' apply
03-18 18:46:47.957   266  1312 D audio_pga: 'speaker-r' apply
03-18 18:46:47.957   266  1312 W audio_hw_primary: SetAudio_gain_by_devices out, out_devices:0x2, in_devices:0x0
03-18 18:46:47.958   266  1312 I audio_hw_primary: stream_routing_thread looping done.
03-18 18:46:47.960   266  1312 I audio_hw_primary: stream_routing_thread looping now...
03-18 18:46:48.087   266  1304 D AudioPolicyManagerSPRD new: stopOutput() isVoipSet 0,stream 1,output size 1
03-18 18:46:48.088   266  1304 I APM::AudioPolicyManager: checkAndSetVolume() stream FM return 10
03-18 18:46:48.113   260   366 D phoneserver: sim0 signal no update num=27
03-18 18:46:48.113   260   366 D phoneserver: sim1 signal no update num=27
03-18 18:46:48.245   212   212 D gralloc.sc8830: fb_post fps = 44.815365
03-18 18:46:48.577  1172  1270 D LIGHTS  : file:vendor/sprd/open-source/libs/liblights/lights.c, func:set_light_buttons, on=0
03-18 18:46:48.577  1172  1270 E LIGHTS  : file:vendor/sprd/open-source/libs/liblights/lights.c, func:write_int, path=/sys/class/leds/keyboard-backlight/brightness, value=0
03-18 18:46:48.577  1172  1270 E LIGHTS  : file:vendor/sprd/open-source/libs/liblights/lights.c, func:write_int, failed to open /sys/class/leds/keyboard-backlight/brightness,fd = -1
03-18 18:46:48.817  1963  1963 D wpa_supplicant: wlan0: Control interface command 'SIGNAL_POLL'
03-18 18:46:48.822  1172  1347 D WifiNetworkMonitor: EVENT_WIFI_RSSI_CHANGED
03-18 18:46:48.822  1172  1347 E WifiNetworkMonitor: Not any Obervers!!!
03-18 18:46:48.885  1172  1335 I InputDispatcher: dispatchMotion down - deviceId=1, policyFlags=0x62000000, action=0x0, buttonState=0x0, xPrecision=1.002083, yPrecision=0.937939
03-18 18:46:48.888  2140  2140 D HolographicOutlineHelper: createMediumDropShadow() rect.width() = 85;rect.height = 85
03-18 18:46:48.888  2140  2140 D HolographicOutlineHelper: createMediumDropShadow() bitmapWidth = 85;bitmapHeight = 85
03-18 18:46:49.113   260   366 D phoneserver: sim0 signal no update num=27
03-18 18:46:49.113   260   366 D phoneserver: sim1 signal no update num=27
03-18 18:46:49.204  1172  1336 D InputReader: processEventsLocked: type=0 Count=2 code=2 value=0 deviceId=1
03-18 18:46:49.205  1172  1335 I InputDispatcher: dispatchCycle MOTION UP, channel '83dda31 com.android.launcher3/com.android.launcher3.Launcher (server)'
03-18 18:46:49.205  1172  1335 I InputDispatcher: dispatchCycle MOTION UP, channel '88cc9a3 com.android.systemui.ImageWallpaper (server)'
03-18 18:46:49.205  1172  1335 I InputDispatcher: dispatchCycle MOTION UP, channel 'WindowManager (server)'
03-18 18:46:49.206  1172  1335 I InputDispatcher: MOTION UP Finished Window 'Window{88cc9a3 u0 com.android.systemui.ImageWallpaper}' the last input event: MotionEvent(deviceId=1, source=0x00001002, action=1, actionButton=0x00000000, flags=0x00000000, metaState=0x00000000, buttonState=0x00000000, edgeFlags=0x00000000, xPrecision=1.0, yPrecision=0.9, displayId=0, pointers=[0: (12.0, 531.0)]), policyFlags=0x62000000
03-18 18:46:49.212  1172  1335 I InputDispatcher: MOTION UP Finished Window 'Window{83dda31 u0 com.android.launcher3/com.android.launcher3.Launcher}' the last input event: MotionEvent(deviceId=1, source=0x00001002, action=1, actionButton=0x00000000, flags=0x00000000, metaState=0x00000000, buttonState=0x00000000, edgeFlags=0x00000000, xPrecision=1.0, yPrecision=0.9, displayId=0, pointers=[0: (12.0, 531.0)]), policyFlags=0x62000000
03-18 18:46:49.943  1172  1335 I InputDispatcher: dispatchMotion down - deviceId=1, policyFlags=0x62000000, action=0x0, buttonState=0x0, xPrecision=1.002083, yPrecision=0.937939
03-18 18:46:49.945  2140  2140 D HolographicOutlineHelper: createMediumDropShadow() rect.width() = 85;rect.height = 85
03-18 18:46:49.945  2140  2140 D HolographicOutlineHelper: createMediumDropShadow() bitmapWidth = 85;bitmapHeight = 85
03-18 18:46:50.038  1172  1336 D InputReader: processEventsLocked: type=0 Count=2 code=2 value=0 deviceId=1
03-18 18:46:50.039  1172  1335 I InputDispatcher: dispatchCycle MOTION UP, channel '83dda31 com.android.launcher3/com.android.launcher3.Launcher (server)'
03-18 18:46:50.039  1172  1335 I InputDispatcher: dispatchCycle MOTION UP, channel '88cc9a3 com.android.systemui.ImageWallpaper (server)'
03-18 18:46:50.039  1172  1335 I InputDispatcher: dispatchCycle MOTION UP, channel 'WindowManager (server)'
03-18 18:46:50.041  1172  1335 I InputDispatcher: MOTION UP Finished Window 'Window{88cc9a3 u0 com.android.systemui.ImageWallpaper}' the last input event: MotionEvent(deviceId=1, source=0x00001002, action=1, actionButton=0x00000000, flags=0x00000000, metaState=0x00000000, buttonState=0x00000000, edgeFlags=0x00000000, xPrecision=1.0, yPrecision=0.9, displayId=0, pointers=[0: (93.8, 779.4)]), policyFlags=0x62000000
03-18 18:46:50.043  1172  1335 I InputDispatcher: MOTION UP Finished Window 'Window{83dda31 u0 com.android.launcher3/com.android.launcher3.Launcher}' the last input event: MotionEvent(deviceId=1, source=0x00001002, action=1, actionButton=0x00000000, flags=0x00000000, metaState=0x00000000, buttonState=0x00000000, edgeFlags=0x00000000, xPrecision=1.0, yPrecision=0.9, displayId=0, pointers=[0: (93.8, 779.4)]), policyFlags=0x62000000
03-18 18:46:50.063   266  1319 W audio_hw_primary: [out_set_parameters], kvpairs=routing=2 devices:0x2 mode:0 
03-18 18:46:50.063   266  1319 W audio_hw_primary: the same devices(0x2) with val(0x2) val is zero...
03-18 18:46:50.063   266  1323 I APM::AudioPolicyManager: checkAndSetVolume() stream FM return 10
03-18 18:46:50.063   266  1323 D AudioPolicyManagerSPRD new: startOutput() isVoipSet 0,stream 1,
03-18 18:46:50.064  1172  1195 D IntentHooks: hookIntentIfNeeded() intent: Intent { act=android.intent.action.MAIN cat=[android.intent.category.LAUNCHER] flg=0x10200000 cmp=com.sprd.vowifi.security/.MainActivity (has extras) }
03-18 18:46:50.071   212   212 D gralloc.sc8830: fb_post fps = 13.138952
03-18 18:46:50.105   266  1319 D AudioFlinger: mixer(0xb1940000) throttle end: throttle time(24)
03-18 18:46:50.113   260   366 D phoneserver: sim0 signal no update num=27
03-18 18:46:50.113   260   366 D phoneserver: sim1 signal no update num=27
03-18 18:46:50.190  1172  1705 I Vpn     : Switched from [Legacy VPN] to com.sprd.vowifi.security
03-18 18:46:50.191  1172  1705 D Vpn     : setting state=IDLE, reason=prepare
03-18 18:46:50.293   266  1304 D AudioPolicyManagerSPRD new: stopOutput() isVoipSet 0,stream 1,output size 1
03-18 18:46:50.293   266  1304 I APM::AudioPolicyManager: checkAndSetVolume() stream FM return 10
03-18 18:46:50.346  1172  1265 I ActivityManager: Displayed com.sprd.vowifi.security/.MainActivity: +227ms
03-18 18:46:50.524  2140  2140 D Launcher: ====  5-screenid = -1   ,container = -1
03-18 18:46:50.849  1172  1336 D InputReader: VirtualKeys: Generating key down: keyCode=4, scanCode=158
03-18 18:46:50.851  1172  1335 I InputDispatcher: dispatchKey down - deviceId=1, policyFlags=0x62000002, action=0x0, keyCode=0x4, scanCode=0x9e, repeatCount=0
03-18 18:46:50.851  1172  1335 D LIGHTS  : file:vendor/sprd/open-source/libs/liblights/lights.c, func:set_light_buttons, on=16777215
03-18 18:46:50.851  1172  1335 E LIGHTS  : file:vendor/sprd/open-source/libs/liblights/lights.c, func:write_int, path=/sys/class/leds/keyboard-backlight/brightness, value=255
03-18 18:46:50.852  1172  1335 E LIGHTS  : file:vendor/sprd/open-source/libs/liblights/lights.c, func:write_int, failed to open /sys/class/leds/keyboard-backlight/brightness,fd = -1
03-18 18:46:50.852  1172  1335 I InputDispatcher: dispatchCycle KEY DOWN, channel '255e3ac com.sprd.vowifi.security/com.sprd.vowifi.security.MainActivity (server)'
03-18 18:46:50.852  1172  1335 I InputDispatcher: dispatchCycle KEY DOWN, channel 'WindowManager (server)'
03-18 18:46:50.876  1172  1335 I InputDispatcher: KEY DOWN Finished Window 'Window{255e3ac u0 com.sprd.vowifi.security/com.sprd.vowifi.security.MainActivity}' the last input event: KeyEvent(deviceId=1, source=0x00000101, action=0, flags=0x00000048, keyCode=4, scanCode=158, metaState=0x00000000, repeatCount=0), policyFlags=0x62000002
03-18 18:46:50.916  1172  1336 D InputReader: processEventsLocked: type=0 Count=2 code=2 value=0 deviceId=1
03-18 18:46:50.916  1172  1336 D InputReader: VirtualKeys: Generating key up: keyCode=4, scanCode=158
03-18 18:46:50.960  1172  2593 D Bitmap  : recycle bitmap... mNativeBitmap = ffffffff9bb676c0 , Bitmap = android.graphics.Bitmap@75636f1
03-18 18:46:51.003   216   464 D WCND    : is_cp2_alive_ok: open polling interface: /proc/mdbg/loopcheck, fd = 13
03-18 18:46:51.074   212   212 D gralloc.sc8830: fb_post fps = 27.932657
03-18 18:46:51.083  1172  1185 I art     : Background partial concurrent mark sweep GC freed 4660(352KB) AllocSpace objects, 4(84KB) LOS objects, 33% free, 6MB/10MB, paused 1.739ms total 127.166ms
03-18 18:46:51.104   216   464 D WCND    : is_cp2_alive_ok: loop: /proc/mdbg/loopcheck is OK
03-18 18:46:51.114   260   366 D phoneserver: sim0 signal no update num=27
03-18 18:46:51.114   260   366 D phoneserver: sim1 signal no update num=27
03-18 18:46:51.712  1172  1335 I InputDispatcher: dispatchMotion down - deviceId=1, policyFlags=0x62000000, action=0x0, buttonState=0x0, xPrecision=1.002083, yPrecision=0.937939
03-18 18:46:51.714  2140  2140 D HolographicOutlineHelper: createMediumDropShadow() rect.width() = 85;rect.height = 85
03-18 18:46:51.714  2140  2140 D HolographicOutlineHelper: createMediumDropShadow() bitmapWidth = 85;bitmapHeight = 85
03-18 18:46:51.761  1172  1336 D InputReader: processEventsLocked: type=0 Count=2 code=2 value=0 deviceId=1
03-18 18:46:51.761  1172  1335 I InputDispatcher: dispatchCycle MOTION UP, channel '83dda31 com.android.launcher3/com.android.launcher3.Launcher (server)'
03-18 18:46:51.761  1172  1335 I InputDispatcher: dispatchCycle MOTION UP, channel '88cc9a3 com.android.systemui.ImageWallpaper (server)'
03-18 18:46:51.761  1172  1335 I InputDispatcher: dispatchCycle MOTION UP, channel 'WindowManager (server)'
03-18 18:46:51.764  1172  1335 I InputDispatcher: MOTION UP Finished Window 'Window{88cc9a3 u0 com.android.systemui.ImageWallpaper}' the last input event: MotionEvent(deviceId=1, source=0x00001002, action=1, actionButton=0x00000000, flags=0x00000000, metaState=0x00000000, buttonState=0x00000000, edgeFlags=0x00000000, xPrecision=1.0, yPrecision=0.9, displayId=0, pointers=[0: (82.8, 284.7)]), policyFlags=0x62000000
03-18 18:46:51.765  1172  1335 I InputDispatcher: MOTION UP Finished Window 'Window{83dda31 u0 com.android.launcher3/com.android.launcher3.Launcher}' the last input event: MotionEvent(deviceId=1, source=0x00001002, action=1, actionButton=0x00000000, flags=0x00000000, metaState=0x00000000, buttonState=0x00000000, edgeFlags=0x00000000, xPrecision=1.0, yPrecision=0.9, displayId=0, pointers=[0: (82.8, 284.7)]), policyFlags=0x62000000
03-18 18:46:51.776   266  1319 W audio_hw_primary: [out_set_parameters], kvpairs=routing=2 devices:0x2 mode:0 
03-18 18:46:51.776   266  1319 W audio_hw_primary: the same devices(0x2) with val(0x2) val is zero...
03-18 18:46:51.777   266   266 I APM::AudioPolicyManager: checkAndSetVolume() stream FM return 10
03-18 18:46:51.777   266   266 D AudioPolicyManagerSPRD new: startOutput() isVoipSet 0,stream 1,
03-18 18:46:51.778  1172  2594 D IntentHooks: hookIntentIfNeeded() intent: Intent { act=android.intent.action.MAIN cat=[android.intent.category.LAUNCHER] flg=0x10200000 cmp=com.juphoon.justex.sprd/com.juphoon.vowifi.ui.MainActivity (has extras) }
03-18 18:46:51.825  1963  1963 D wpa_supplicant: wlan0: Control interface command 'SIGNAL_POLL'
03-18 18:46:51.826  1172  1347 D WifiNetworkMonitor: EVENT_WIFI_RSSI_CHANGED
03-18 18:46:51.826  1172  1347 E WifiNetworkMonitor: Not any Obervers!!!
03-18 18:46:52.008   266  1304 D AudioPolicyManagerSPRD new: stopOutput() isVoipSet 0,stream 1,output size 1
03-18 18:46:52.008   266  1304 I APM::AudioPolicyManager: checkAndSetVolume() stream FM return 10
03-18 18:46:52.084   212   212 D gralloc.sc8830: fb_post fps = 43.565254
03-18 18:46:52.114   260   366 D phoneserver: sim0 signal no update num=27
03-18 18:46:52.114   260   366 D phoneserver: sim1 signal no update num=27
03-18 18:46:52.254  2140  2140 D Launcher: ====  5-screenid = -1   ,container = -1
03-18 18:46:52.418  1172  1270 D LIGHTS  : file:vendor/sprd/open-source/libs/liblights/lights.c, func:set_light_buttons, on=0
03-18 18:46:52.418  1172  1270 E LIGHTS  : file:vendor/sprd/open-source/libs/liblights/lights.c, func:write_int, path=/sys/class/leds/keyboard-backlight/brightness, value=0
03-18 18:46:52.418  1172  1270 E LIGHTS  : file:vendor/sprd/open-source/libs/liblights/lights.c, func:write_int, failed to open /sys/class/leds/keyboard-backlight/brightness,fd = -1
03-18 18:46:53.018  1172  1335 I InputDispatcher: dispatchMotion down - deviceId=1, policyFlags=0x62000000, action=0x0, buttonState=0x0, xPrecision=1.002083, yPrecision=0.937939
03-18 18:46:53.067  1172  1336 D InputReader: processEventsLocked: type=0 Count=2 code=2 value=0 deviceId=1
03-18 18:46:53.067  1172  1335 I InputDispatcher: dispatchCycle MOTION UP, channel '62b1377 com.juphoon.justex.sprd/com.juphoon.vowifi.ui.AccountListActivity (server)'
03-18 18:46:53.067  1172  1335 I InputDispatcher: dispatchCycle MOTION UP, channel 'WindowManager (server)'
03-18 18:46:53.075  1172  1335 I InputDispatcher: MOTION UP Finished Window 'Window{62b1377 u0 com.juphoon.justex.sprd/com.juphoon.vowifi.ui.AccountListActivity}' the last input event: MotionEvent(deviceId=1, source=0x00001002, action=1, actionButton=0x00000000, flags=0x00000000, metaState=0x00000000, buttonState=0x00000000, edgeFlags=0x00000000, xPrecision=1.0, yPrecision=0.9, displayId=0, pointers=[0: (41.9, 167.4)]), policyFlags=0x62000000
03-18 18:46:53.114   260   366 D phoneserver: sim0 signal no update num=27
03-18 18:46:53.114   260   366 D phoneserver: sim1 signal no update num=27
03-18 18:46:53.164  2617  2617 D LEMON   : 18:46:53.164 MRP: INFO: init db ok.
03-18 18:46:53.164  2617  2617 D LEMON   : 18:46:53.164 MXP: INFO: init db ok.
03-18 18:46:53.164  2617  2617 D LEMON   : 18:46:53.164 MMP: INFO: init db ok.
03-18 18:46:53.164  2617  2617 D LEMON   : 18:46:53.164 MNP: INFO: init db ok.
03-18 18:46:53.164  2617  2617 D LEMON   : 18:46:53.164 MTP: INFO: init db ok.
03-18 18:46:53.164  2617  2617 D LEMON   : 18:46:53.164 MTC: INFO: ProfSelect choice <405872000010354> ok
03-18 18:46:53.164  2617  2617 D LEMON   : 18:46:53.164 DNS: INFO: InitSrv primary 8.8.8.8:53
03-18 18:46:53.164  2617  2617 D LEMON   : 18:46:53.164 DNS: INFO: InitSrv secondary 8.8.4.4:53
03-18 18:46:53.165  2617  2617 D LEMON   : 18:46:53.165 MVC: INFO: GetSuptCdc support 7
03-18 18:46:53.165  2617  2617 D LEMON   : 18:46:53.165 MVD: INFO: GetSuptCdc support 3
03-18 18:46:53.167  2617  2617 D LEMON   : 18:46:53.167 ZOS: INFO: Open file</storage/emulated/0/JusTex/profiles/405872000010354/provision-v1.xml2ss> flag[w+b] ok.
03-18 18:46:53.168  2617  2617 D LEMON   : 18:46:53.167 ZOS: INFO: Open file</storage/emulated/0/JusTex/profiles/405872000010354/provision-v1.xml> flag[rb] ok.
03-18 18:46:53.169   266  1319 W audio_hw_primary: [out_set_parameters], kvpairs=routing=2 devices:0x2 mode:0 
03-18 18:46:53.169   266  1319 W audio_hw_primary: the same devices(0x2) with val(0x2) val is zero...
03-18 18:46:53.170   266  1791 I APM::AudioPolicyManager: checkAndSetVolume() stream FM return 10
03-18 18:46:53.170   266  1791 D AudioPolicyManagerSPRD new: startOutput() isVoipSet 0,stream 1,
03-18 18:46:53.178  2617  2617 D LEMON   : 18:46:53.178 MVC: INFO: GetSuptCdc support 7
03-18 18:46:53.178  2617  2617 D LEMON   : 18:46:53.178 MVD: INFO: GetSuptCdc support 3
03-18 18:46:53.184  2617  2617 D LEMON   : 18:46:53.184 ZOS: INFO: Open file</storage/emulated/0/JusTex/profiles/405872000010354/provision-v1.xml2ss> flag[w+b] ok.
03-18 18:46:53.187  2617  2617 D LEMON   : 18:46:53.187 ZOS: INFO: Open file</storage/emulated/0/JusTex/profiles/405872000010354/provision-v1.xml> flag[w+b] ok.
03-18 18:46:53.190  2617  2617 D LEMON   : 18:46:53.190 SIP: INFO: tpt set udp sever addr[100.80.139.75:0].
03-18 18:46:53.190  2617  2617 D LEMON   : 18:46:53.190 SIP: INFO: tpt set tcp sever addr[100.80.139.75:0].
03-18 18:46:53.190  2617  2617 D LEMON   : 18:46:53.190 SIP: INFO: tpt set tls sever addr[100.80.139.75:0].
03-18 18:46:53.191  2617  2617 D LEMON   : 18:46:53.190 MSP: DEBUG: get data bearer<6>.
03-18 18:46:53.191  2617  2617 D LEMON   : 18:46:53.191 MVC: INFO: DspSetAecEnable set disable
03-18 18:46:53.191  2617  2617 D LEMON   : 18:46:53.191 MVC: INFO: DspSetAecMode mode 4.
03-18 18:46:53.191  2617  2617 D LEMON   : 18:46:53.191 MVC: INFO: DspSetAgcEnable set enable
03-18 18:46:53.191  2617  2617 D LEMON   : 18:46:53.191 MVC: INFO: DspSetAgcMode mode 3
03-18 18:46:53.191  2617  2617 D LEMON   : 18:46:53.191 MVC: INFO: DspSetAgcTgt set 3.
03-18 18:46:53.191  2617  2617 D LEMON   : 18:46:53.191 MVC: INFO: DspSetAnrEnable set enable
03-18 18:46:53.192  2617  2617 D LEMON   : 18:46:53.192 MVC: INFO: DspSetAnrMode mode 2.
03-18 18:46:53.192  2617  2617 D LEMON   : 18:46:53.192 MTC: DEBUG: ProvDbSetCurProfUser <405872000010354>.
03-18 18:46:53.192  2617  2617 D LEMON   : 18:46:53.192 MTC: INFO: open client ok.
03-18 18:46:53.204  2617  2617 D LEMON   : 18:46:53.204 MTC: DEBUG: ProfGetUser <405872000010354>.
03-18 18:46:53.205  2617  2617 D LEMON   : 18:46:53.205 AccountActivity: INFO:  set app login  true
03-18 18:46:53.205  2617  2617 D AccountActivity:  set app login  true
03-18 18:46:53.231   463   539 D ENGPC   : parse_event: event { 'change', '/devices/virtual/xt_idletimer/timers', 'xt_idletimer', '' }
03-18 18:46:53.232   285   504 D ENGPC   : parse_event: event { 'change', '/devices/virtual/xt_idletimer/timers', 'xt_idletimer', '' }
03-18 18:46:53.354   212   212 D gralloc.sc8830: fb_post fps = 7.873894
03-18 18:46:53.400   266  1304 D AudioPolicyManagerSPRD new: stopOutput() isVoipSet 0,stream 1,output size 1
