03-18 18:47:03.491  2617  2617 D LEMON   : 18:47:03.491 MtcCliHelper: INFO: mtcCliCbRegStatChanged iRegStat=2 dwStatCode=57600
03-18 18:47:03.491  2617  2617 D MtcCliHelper: mtcCliCbRegStatChanged iRegStat=2 dwStatCode=57600
03-18 18:47:03.491  2617  2617 D LEMON   : 18:47:03.491 RcsRegister: INFO: mtcCliCbRegStatChanged iRegStat 2 dwStatCode 57600
03-18 18:47:03.491  2617  2617 D RcsRegister: mtcCliCbRegStatChanged iRegStat 2 dwStatCode 57600
03-18 18:47:03.492  2617  2617 D LEMON   : 18:47:03.491 RcsRegister: INFO: notifyStateChanged state: 2 stateCode: 57600
03-18 18:47:03.492  2617  2617 D RcsRegister: notifyStateChanged state: 2 stateCode: 57600
03-18 18:47:03.492  2617  2617 D LEMON   : 18:47:03.492 MTC: DEBUG: client old reg state 1 to new reg state 2.
03-18 18:47:03.492  2617  2617 D LEMON   : 18:47:03.492 MTC: DEBUG: reging call login ok.
03-18 18:47:03.492  2617  2617 D LEMON   : 18:47:03.492 MtcCliHelper: INFO: mtcCliCbServLoginOk
03-18 18:47:03.492  2617  2617 D MtcCliHelper: mtcCliCbServLoginOk
03-18 18:47:03.492  2617  2617 D LEMON   : 18:47:03.492 MtcCliHelper: INFO: cancelRelogin sReloginTrigger: 0
03-18 18:47:03.492  2617  2617 D MtcCliHelper: cancelRelogin sReloginTrigger: 0
03-18 18:47:03.492  2617  2617 D LEMON   : 18:47:03.492 RcsRegister: INFO: mtcCliCbServLoginOk
03-18 18:47:03.492  2617  2617 D RcsRegister: mtcCliCbServLoginOk
03-18 18:47:03.497  2617  2617 D LEMON   : 18:47:03.494 MTC: DEBUG: ProfGetCurUser <405872000010354>.
03-18 18:47:03.646  2617  2617 D LEMON   : 18:47:03.646 RcsRegister: INFO: getState = 2
03-18 18:47:03.646  2617  2617 D RcsRegister: getState = 2
03-18 18:47:03.646  2617  2617 D LEMON   : 18:47:03.646 MTC: DEBUG: ProfGetCurUser <405872000010354>.
03-18 18:47:03.856  1963  1963 D wpa_supplicant: wlan0: Control interface command 'SIGNAL_POLL'
03-18 18:47:03.857  1172  1347 D WifiNetworkMonitor: EVENT_WIFI_RSSI_CHANGED
03-18 18:47:03.857  1172  1347 E WifiNetworkMonitor: Not any Obervers!!!
03-18 18:47:03.868  2617  2645 D LEMON   : 18:47:03.868 UTPT: INFO: recv udp data(len:545) from [10.56.5.70:32920].
03-18 18:47:03.868  2617  2645 D LEMON   : 18:47:03.868 SIP: INFO: tpt utpt[1] of conn<0x20007> report data message<0xa047aba4> ok.
03-18 18:47:03.868  2617  3010 D LEMON   : 18:47:03.868 SIP: INFO: module process tpt event.
03-18 18:47:03.868  2617  3010 D LEMON   : 18:47:03.868 SIP: INFO: tpt conn<0x20007> process data message<0xa047aba4>.
03-18 18:47:03.868  2617  3010 D LEMON   : 18:47:03.868 SIP: INFO: 
03-18 18:47:03.868  2617  3010 D LEMON   : data length: 545
03-18 18:47:03.868  2617  3010 D LEMON   : data content[text]:
03-18 18:47:03.868  2617  3010 D LEMON   : ~~~~~~~~~~~~~~~~~~~~~~~~~~~~~~~~~~~~~~~~~~~~~~
03-18 18:47:03.868  2617  3010 D LEMON   : SIP/2.0 200 OK
03-18 18:47:03.868  2617  3010 D LEMON   : f:<sip:+917011021569@ims.mnc872.mcc405.3gppnetwork.org>;tag=-t.-J124nHwKzGcASe9bf7C321
03-18 18:47:03.868  2617  3010 D LEMON   : t:<sip:+917011021569@ims.mnc872.mcc405.3gppnetwork.org>;tag=766998295
03-18 18:47:03.868  2617  3010 D LEMON   : i:F2R3b24nHwKzGcASe9bf7B321l@100.80.139.75
03-18 18:47:03.868  2617  3010 D LEMON   : CSeq:1 SUBSCRIBE
03-18 18:47:03.868  2617  3010 D LEMON   : v:SIP/2.0/UDP 100.80.139.75:5066;branch=z9hG4bK1kF2R3b24nHwKzGcASe9bf7D32;rport=55978;received=100.80.139.75
03-18 18:47:03.868  2617  3010 D LEMON   : Expires:3660
03-18 18:47:03.868  2617  3010 D LEMON   : m:<sip:dl1scfx2201mw.ims.mnc872.mcc405.3gppnetwork.org:5090;lskpmc=SX3>
03-18 18:47:03.868  2617  3010 D LEMON   : Record-Route:<sip:10.56.5.70:5067;routing_id=pcscf_a_side;lskpmc=PX3;lr;serv_user=100.80.139.75:55978>
03-18 18:47:03.868  2617  3010 D LEMON   : l:0
03-18 18:47:03.868  2617  3010 D LEMON   : 
03-18 18:47:03.868  2617  3010 D LEMON   : 
03-18 18:47:03.868  2617  3010 D LEMON   : ~~~~~~~~~~~~~~~~~~~~~~~~~~~~~~~~~~~~~~~~~~~~~~
03-18 18:47:03.869  2617  3010 D LEMON   : 18:47:03.869 SIP: INFO: module TptMsgProc process incoming event.
03-18 18:47:03.869  2617  3010 D LEMON   : 18:47:03.869 SIP: INFO: trans TransPreProcEvnt preprocess old trans event.
03-18 18:47:03.869  2617  3010 D LEMON   : 18:47:03.869 ZOS: WARN: BkFromId invalid id[0x80010002].
03-18 18:47:03.869  2617  3010 D LEMON   : 18:47:03.869 ZOS: DEBUG: Page 32768/256, Slot 1/2
03-18 18:47:03.871  2617  3010 D LEMON   : 18:47:03.871 SIP: INFO: trans @10008 process response <SUBSCRIBE:200>.
03-18 18:47:03.871  2617  3010 D LEMON   : 18:47:03.871 SIP: INFO: module stop tmr<0x1A> [TIMER E] ok.
03-18 18:47:03.871  2617  3010 D LEMON   : 18:47:03.871 SIP: INFO: module stop tmr<0x1B> [TIMER F] ok.
03-18 18:47:03.871  2617  3010 D LEMON   : 18:47:03.871 SIP: INFO: trans @10008 report event [RECV 2XX].
03-18 18:47:03.871  2617  3010 D LEMON   : 18:47:03.871 SIP: INFO: module start tmr<0x1C> [TIMER K] <17000ms> ok.
03-18 18:47:03.871  2617  3010 D LEMON   : 18:47:03.871 ZOS: INFO: fsm(SIP_NICT) trans@[65544] state <TRYING> run [RECV_2XX] event ok.
03-18 18:47:03.871  2617  3010 D LEMON   : 18:47:03.871 ZOS: INFO: fsm(SIP_NICT) trans@[65544] state <TRYING> to <COMPLETED>.
03-18 18:47:03.871  2617  3010 D LEMON   : 18:47:03.871 SIP: INFO: module TptMsgProc process event queue.
03-18 18:47:03.872  2617  3010 D LEMON   : 18:47:03.871 SIP: INFO: core event queue process the next event.
03-18 18:47:03.872  2617  3010 D LEMON   : 18:47:03.872 SIP: INFO: core sess@20003 UacProcDamCnf process.
03-18 18:47:03.872  2617  3010 D LEMON   : 18:47:03.872 SIP: INFO: dlg DlgProcEvnt preprocess subscription event.
03-18 18:47:03.872  2617  3010 D LEMON   : 18:47:03.872 SIP: INFO: dlg sub@80010005 process event [RECV SUBS RSP].
03-18 18:47:03.872  2617  3010 D LEMON   : 18:47:03.872 SIP: INFO: dlg sub@80010005 process response <SUBSCRIBE:200>.
03-18 18:47:03.872  2617  3010 D LEMON   : 18:47:03.872 SIP: INFO: module start tmr<0x19> [TIMER SUBS] <3660000ms> ok.
03-18 18:47:03.872  2617  3010 D LEMON   : 18:47:03.872 SIP: INFO: dlg sub@80010005 report event.
03-18 18:47:03.872  2617  3010 D LEMON   : 18:47:03.872 SIP: INFO: core report event [DAM CNF].
03-18 18:47:03.874  2617  3010 D LEMON   : 18:47:03.872 SIP: INFO: core -->comp@2701228764 evnt@11 method@7.
03-18 18:47:03.874  2617  3010 D LEMON   : 18:47:03.874 SIP: INFO: core -->upper sess@20003 <----> sess user id@12.
03-18 18:47:03.874  2617  3010 D LEMON   : 18:47:03.874 SIP: INFO: core -->upper dlg@80010005 <----> dlg user id@ffffffff.
03-18 18:47:03.874  2617  3010 D LEMON   : 18:47:03.874 SIP: INFO: core -->upper trans@10008 <----> trans user id@0.
03-18 18:47:03.875  2617  2643 D LEMON   : 18:47:03.875 MRF: INFO: CompProcRsp recv subs rsp<200>
03-18 18:47:03.875  2617  2643 D LEMON   : 18:47:03.875 MRF: INFO: subs process [DAM CNF].
03-18 18:47:03.875  2617  2643 D LEMON   : 18:47:03.875 ZOS: INFO: fsm(MRF_SUBS) subs@[18] state <SUBS_OUT> run [DAM CNF] event ok.
03-18 18:47:03.875  2617  2643 D LEMON   : 18:47:03.875 ZOS: INFO: fsm(MRF_SUBS) subs@[18] state <SUBS_OUT> to <CONFIRMED>.
03-18 18:47:03.875  2617  2643 D LEMON   : 18:47:03.875 MSF: DEBUG: comp<MRF> proc evnt.
03-18 18:47:03.875  2617  2643 D LEMON   : 18:47:03.875 SIP: INFO: module MsgDelete msg 0x9faa045c.
03-18 18:47:03.879  2617  2645 D LEMON   : 18:47:03.878 UTPT: INFO: recv udp data(len:2063) from [10.56.5.70:32920].
03-18 18:47:03.879  2617  2645 D LEMON   : 18:47:03.879 SIP: INFO: tpt utpt[1] of conn<0x20007> report data message<0xa0e3a880> ok.
03-18 18:47:03.882  2617  3010 D LEMON   : 18:47:03.882 SIP: INFO: core sess@20003 UaReportDamCnf report.
03-18 18:47:03.882  2617  3010 D LEMON   : 18:47:03.882 ZOS: INFO: fsm(SIP_SUBS) subs@[2147549189] state <SUBS_OUT> run [RECV_SUBS_RSP] event ok.
03-18 18:47:03.882  2617  3010 D LEMON   : 18:47:03.882 ZOS: INFO: fsm(SIP_SUBS) subs@[2147549189] state <SUBS_OUT> to <CONFIRMED>.
03-18 18:47:03.882  2617  3010 D LEMON   : 18:47:03.882 SIP: INFO: core event queue process the last event.
03-18 18:47:03.882  2617  3010 D LEMON   : 18:47:03.882 SIP: INFO: module MsgDelete msg 0x9faa045c.
03-18 18:47:03.882  2617  3010 D LEMON   : 18:47:03.882 SIP: INFO: module MsgDelete msg 0x9faa045c.
03-18 18:47:03.882  2617  3010 D LEMON   : 18:47:03.882 SIP: INFO: module TptMsgProc check tpt alive.
03-18 18:47:03.882  2617  3010 D LEMON   : 18:47:03.882 SIP: INFO: tpt conn<0x20007> expires is 0.
03-18 18:47:03.882  2617  3010 D LEMON   : 18:47:03.882 SIP: INFO: module process tpt event.
03-18 18:47:03.883  2617  3010 D LEMON   : 18:47:03.883 SIP: INFO: tpt conn<0x20007> process data message<0xa0e3a880>.
03-18 18:47:03.883  2617  3010 D LEMON   : 18:47:03.883 SIP: INFO: 
03-18 18:47:03.883  2617  3010 D LEMON   : data length: 2063
03-18 18:47:03.883  2617  3010 D LEMON   : data content[text]:
03-18 18:47:03.883  2617  3010 D LEMON   : ~~~~~~~~~~~~~~~~~~~~~~~~~~~~~~~~~~~~~~~~~~~~~~
03-18 18:47:03.883  2617  3010 D LEMON   : NOTIFY sip:405872000010354@100.80.139.75:5066 SIP/2.0
03-18 18:47:03.883  2617  3010 D LEMON   : v:SIP/2.0/UDP 10.56.5.70:5067;branch=z9hG4bK_IMSCL1550631.000_e03790e1bd733634cdf6de0a1d5a97a4;lskpmc=PX3
03-18 18:47:03.883  2617  3010 D LEMON   : Record-Route:<sip:10.56.5.70:5067;routing_id=pcscf_a_side;lskpmc=PX3;lr>
03-18 18:47:03.883  2617  3010 D LEMON   : v:SIP/2.0/TCP 10.56.0.117:5090;branch=z9hG4bK_IMSCL1550631.000_68a81abd6b0d8ffab94c40fa3c6a9171;lskpmc=SX3
03-18 18:47:03.883  2617  3010 D LEMON   : f:<sip:+917011021569@ims.mnc872.mcc405.3gppnetwork.org>;tag=766998295
03-18 18:47:03.883  2617  3010 D LEMON   : t:<sip:+917011021569@ims.mnc872.mcc405.3gppnetwork.org>;tag=-t.-J124nHwKzGcASe9bf7C321
03-18 18:47:03.883  2617  3010 D LEMON   : o:reg
03-18 18:47:03.883  2617  3010 D LEMON   : i:F2R3b24nHwKzGcASe9bf7B321l@100.80.139.75
03-18 18:47:03.883  2617  3010 D LEMON   : Subscription-State:active
03-18 18:47:03.883  2617  3010 D LEMON   : CSeq:1 NOTIFY
03-18 18:47:03.883  2617  3010 D LEMON   : c:application/reginfo+xml
03-18 18:47:03.883  2617  3010 D LEMON   : m:<sip:dl1scfx2201mw.ims.mnc872.mcc405.3gppnetwork.org:5090;lskpmc=SX3>
03-18 18:47:03.883  2617  3010 D LEMON   : Max-Forwards:68
03-18 18:47:03.883  2617  3010 D LEMON   : l:1340
03-18 18:47:03.883  2617  3010 D LEMON   : 
03-18 18:47:03.883  2617  3010 D LEMON   : <?xml version="1.0"?><reginfo xmlns="urn:ietf:params:xml:ns:reginfo" xmlns:gr="urn:ietf:params:xml:ns:gruuinfo" xmlns:xsi="http://www.w3.org/2001/XMLSchema-instance" xmlns:ere="urn:3gpp:ns:extRegExp:1.0" xmlns:cp="urn:ietf:params:xml:ns:common-policy" xmlns:eri="urn:3gpp:ns:extRegInfo:1.0" version="0" state="full"><registration aor="sip:+917011021569@ims.mnc872.mcc405.3gppnetwork.org" id="5eb69dcaX31458298023305669" state="active"><contact id="X31458298023305669" state="active" event="created"><uri>sip:405872000010354@100.80.139.75:5066;transport=udp</uri><unknown-param name="+sip.instance">"&lt;urn:gsma:imei:867400020503813&gt;"</unknown-param><unknown-param name="+g.3gpp.icsi-ref">urn%%3Aurn-7%%3A3gpp-service.ims.icsi.mmtel</unknown-param><unknown-param name="video"/><unknown-param name="+g.3gpp.smsip"/></contact></registration><registration aor="tel:+917011021569" id="0b595c96X31458298023305669" state="active"><contact id="X31458298023305669" state="active" event="created"><uri>sip:405872000010354@100.80.139.75:5066;transport=udp</uri><unknown-param name="+sip.instance">"&lt;urn:gsma:imei:867400020503813&gt;"</unknown-param><unknown-param name="+g.3gpp.icsi-ref">urn%%3Aurn-7%%3A3gpp-service.ims.icsi.mmtel</unknown-param><unknown-param name="video"/><unknown-param name="+g.3gpp.smsip"/></contact></registration></reginfo>
03-18 18:47:03.883  2617  3010 D LEMON   : ~~~~~~~~~~~~~~~~~~~~~~~~~~~~~~~~~~~~~~~~~~~~~~
03-18 18:47:03.883  2617  3010 D LEMON   : 18:47:03.883 SIP: INFO: module TptMsgProc process incoming event.
03-18 18:47:03.883  2617  3010 D LEMON   : 18:47:03.883 SIP: INFO: trans TransPreProcEvnt preprocess new trans event.
03-18 18:47:03.884  2617  3010 D LEMON   : 18:47:03.884 ZOS: INFO: qtimer create task<0x9> timer<31> ok.
03-18 18:47:03.884  2617  3010 D LEMON   : 18:47:03.884 SIP: INFO: module create tmr<0x1F> [TIMER J] ok.
03-18 18:47:03.884  2617  3010 D LEMON   : 18:47:03.884 ZOS: INFO: qtimer create task<0x9> timer<32> ok.
03-18 18:47:03.886  2617  3010 D LEMON   : 18:47:03.884 SIP: INFO: module create tmr<0x20> [TIMER C] ok.
03-18 18:47:03.887  2617  3010 D LEMON   : 18:47:03.886 SIP: INFO: trans @10009 created.
03-18 18:47:03.887  2617  3010 D LEMON   : 18:47:03.887 SIP: INFO: trans TransNewPreProcEvnt trans create.
03-18 18:47:03.887  2617  3010 D LEMON   : 18:47:03.887 SIP: INFO: trans @10009 process request <NOTIFY>.
03-18 18:47:03.887  2617  3010 D LEMON   : 18:47:03.887 SIP: INFO: module start tmr<0x20> [TIMER C] <200000ms> ok.
03-18 18:47:03.887  2617  3010 D LEMON   : 18:47:03.887 SIP: INFO: trans @10009 report event [RECV NONINVITE].
03-18 18:47:03.888  2617  3010 D LEMON   : 18:47:03.887 ZOS: INFO: fsm(SIP_NIST) trans@[65545] state <IDLE> run [RECV_NONINVITE] event ok.
03-18 18:47:03.888  2617  3010 D LEMON   : 18:47:03.888 ZOS: INFO: fsm(SIP_NIST) trans@[65545] state <IDLE> to <TRYING>.
03-18 18:47:03.888  2617  3010 D LEMON   : 18:47:03.888 SIP: INFO: module TptMsgProc process event queue.
03-18 18:47:03.888  2617  3010 D LEMON   : 18:47:03.888 SIP: INFO: core event queue process the next event.
03-18 18:47:03.888  2617  3010 D LEMON   : 18:47:03.888 SIP: INFO: dlg DlgProcEvnt preprocess subscription event.
03-18 18:47:03.888  2617  3010 D LEMON   : 18:47:03.888 SIP: INFO: dlg sub@80010005 process event [RECV NTFY].
03-18 18:47:03.888  2617  3010 D LEMON   : 18:47:03.888 SIP: INFO: dlg sub@80010005 process request <NOTIFY>.
03-18 18:47:03.888  2617  3010 D LEMON   : 18:47:03.888 SIP: INFO: module stop tmr<0x19> [TIMER SUBS] ok.
03-18 18:47:03.888  2617  3010 D LEMON   : 18:47:03.888 SIP: INFO: dlg sub@80010005 report event.
03-18 18:47:03.888  2617  3010 D LEMON   : 18:47:03.888 SIP: INFO: core report event [DAM IND].
03-18 18:47:03.888  2617  3010 D LEMON   : 18:47:03.888 SIP: INFO: core -->comp@2701228764 evnt@12 method@8.
03-18 18:47:03.888  2617  3010 D LEMON   : 18:47:03.888 SIP: INFO: core -->upper sess@20003 <----> sess user id@12.
03-18 18:47:03.889  2617  3010 D LEMON   : 18:47:03.888 SIP: INFO: core -->upper dlg@80010005 <----> dlg user id@ffffffff.
03-18 18:47:03.889  2617  3010 D LEMON   : 18:47:03.889 SIP: INFO: core -->upper trans@10009 <----> trans user id@ffffffff.
03-18 18:47:03.889  2617  2643 D LEMON   : 18:47:03.889 MRF: INFO: subs process [DAM IND].
03-18 18:47:03.889  2617  2643 D LEMON   : 18:47:03.889 SIP: INFO: module MsgCreate dbuf 0xa047ac04 msg 0x9f953050.
03-18 18:47:03.889  2617  2643 D LEMON   : 18:47:03.889 MSF: INFO: TmrStop stop <15> [WAIT NOTIFY] ok.
03-18 18:47:03.890  2617  2643 D LEMON   : 18:47:03.890 MRF: INFO: endp notify [FSM SUBSCRIBE NOTIFY].
03-18 18:47:03.890  2617  2643 D LEMON   : 18:47:03.890 MSF: INFO: TmrStart start <0x0015> timer [SUBS REFRESH] 3060s ok.
03-18 18:47:03.890  2617  2643 D LEMON   : 18:47:03.890 ZOS: INFO: fsm(MRF_SUBS) subs@[18] state <CONFIRMED> run [DAM IND] event ok.
03-18 18:47:03.890  2617  2643 D LEMON   : 18:47:03.890 MSF: DEBUG: comp<MRF> proc evnt.
03-18 18:47:03.890  2617  2643 D LEMON   : 18:47:03.890 MSF: INFO: event queue run event.
03-18 18:47:03.890  2617  2643 D LEMON   : 18:47:03.890 MRF: INFO: register [17] process [FSM SUBSCRIBE NOTIFY].
03-18 18:47:03.891  2617  2643 D LEMON   : 18:47:03.891 ZOS: INFO: fsm(MRF_REG) reg@[17] state <REGED> run [FSM SUBSCRIBE NOTIFY] event ok.
03-18 18:47:03.891  2617  2643 D LEMON   : 18:47:03.891 SIP: INFO: module MsgDelete msg 0x9fa9f85c.
03-18 18:47:03.894  2617  3010 D LEMON   : 18:47:03.894 SIP: INFO: core sess@20003 UaReportDamInd report.
03-18 18:47:03.894  2617  3010 D LEMON   : 18:47:03.894 ZOS: INFO: fsm(SIP_SUBS) subs@[2147549189] state <CONFIRMED> run [RECV_NTFY] event ok.
03-18 18:47:03.895  2617  3010 D LEMON   : 18:47:03.895 SIP: INFO: core event queue process the last event.
03-18 18:47:03.895  2617  3010 D LEMON   : 18:47:03.895 SIP: INFO: module MsgDelete msg 0x9fa9f85c.
03-18 18:47:03.895  2617  3010 D LEMON   : 18:47:03.895 SIP: INFO: module MsgDelete msg 0x9fa9f85c.
03-18 18:47:03.895  2617  3010 D LEMON   : 18:47:03.895 SIP: INFO: module TptMsgProc check tpt alive.
03-18 18:47:03.895  2617  3010 D LEMON   : 18:47:03.895 SIP: INFO: tpt conn<0x20007> expires is 0.
03-18 18:47:03.895  2617  3010 D LEMON   : 18:47:03.895 SIP: INFO: module process user event.
03-18 18:47:03.895  2617  3010 D LEMON   : 18:47:03.895 SIP: INFO: core process event [DAM RSP].
03-18 18:47:03.895  2617  3010 D LEMON   : 18:47:03.895 SIP: INFO: core -->me comp@2701228764 evnt@30 method@8.
03-18 18:47:03.895  2617  3010 D LEMON   : 18:47:03.895 SIP: INFO: core -->me sess@20003 <----> sess user id@12.
03-18 18:47:03.895  2617  3010 D LEMON   : 18:47:03.895 SIP: INFO: core -->me dlg@80010005 <----> dlg user id@12.
03-18 18:47:03.896  2617  3010 D LEMON   : 18:47:03.895 SIP: INFO: core -->me trans@10009 <----> trans user id@ffffffff.
03-18 18:47:03.896  2617  3010 D LEMON   : 18:47:03.896 SIP: INFO: core UaSEvntToMEvnt exist sess.
03-18 18:47:03.896  2617  3010 D LEMON   : 18:47:03.896 SIP: INFO: core UaSEvntToMEvnt tpt type<1> 100.80.139.75:55978 -> 10.56.5.70:5067.
03-18 18:47:03.896  2617  3010 D LEMON   : 18:47:03.896 SIP: INFO: core sess@20003 UasProcDamRsp process.
03-18 18:47:03.896  2617  3010 D LEMON   : 18:47:03.896 SIP: INFO: dlg DlgProcEvnt preprocess subscription event.
03-18 18:47:03.896  2617  3010 D LEMON   : 18:47:03.896 SIP: INFO: dlg sub@80010005 process event [NTFY RSP].
03-18 18:47:03.896  2617  3010 D LEMON   : 18:47:03.896 SIP: INFO: dlg sub@80010005 process response <NOTIFY:200>.
03-18 18:47:03.896  2617  3010 D LEMON   : 18:47:03.896 SIP: INFO: dlg sub@80010005 SubsdCnfOnNtfyRsp notify event to trans.
03-18 18:47:03.896  2617  3010 D LEMON   : 18:47:03.896 SIP: INFO: dlg @20004 notify event [SEND 2XX].
03-18 18:47:03.896  2617  3010 D LEMON   : 18:47:03.896 ZOS: INFO: fsm(SIP_SUBS) subs@[2147549189] state <CONFIRMED> run [NTFY_RSP] event ok.
03-18 18:47:03.896  2617  3010 D LEMON   : 18:47:03.896 SIP: INFO: module MsgDelete msg 0x9f953050.
03-18 18:47:03.896  2617  3010 D LEMON   : 18:47:03.896 SIP: INFO: module CoreSessMsgProc process event queue.
03-18 18:47:03.897  2617  3010 D LEMON   : 18:47:03.897 SIP: INFO: core event queue process the next event.
03-18 18:47:03.897  2617  3010 D LEMON   : 18:47:03.897 SIP: INFO: trans @10009 process response <NOTIFY:200>.
03-18 18:47:03.897  2617  3010 D LEMON   : 18:47:03.897 SIP: INFO: 
03-18 18:47:03.897  2617  3010 D LEMON   : data length: 582
03-18 18:47:03.897  2617  3010 D LEMON   : data content[text]:
03-18 18:47:03.897  2617  3010 D LEMON   : ~~~~~~~~~~~~~~~~~~~~~~~~~~~~~~~~~~~~~~~~~~~~~~
03-18 18:47:03.897  2617  3010 D LEMON   : SIP/2.0 200 OK
03-18 18:47:03.897  2617  3010 D LEMON   : From: <sip:+917011021569@ims.mnc872.mcc405.3gppnetwork.org>;tag=766998295
03-18 18:47:03.897  2617  3010 D LEMON   : To: <sip:+917011021569@ims.mnc872.mcc405.3gppnetwork.org>;tag=-t.-J124nHwKzGcASe9bf7C321
03-18 18:47:03.897  2617  3010 D LEMON   : Supported: path,gruu,outbound
03-18 18:47:03.897  2617  3010 D LEMON   : Call-ID: F2R3b24nHwKzGcASe9bf7B321l@100.80.139.75
03-18 18:47:03.897  2617  3010 D LEMON   : CSeq: 1 NOTIFY
03-18 18:47:03.897  2617  3010 D LEMON   : Max-Forwards: 70
03-18 18:47:03.897  2617  3010 D LEMON   : Server: VoWIFI/WFC UA
03-18 18:47:03.897  2617  3010 D LEMON   : Via: SIP/2.0/UDP 10.56.5.70:5067;branch=z9hG4bK_IMSCL1550631.000_e03790e1bd733634cdf6de0a1d5a97a4;lskpmc=PX3;received=10.56.5.70
03-18 18:47:03.897  2617  3010 D LEMON   : Via: SIP/2.0/TCP 10.56.0.117:5090;branch=z9hG4bK_IMSCL1550631.000_68a81abd6b0d8ffab94c40fa3c6a9171;lskpmc=SX3
03-18 18:47:03.897  2617  3010 D LEMON   : Content-Length: 0
03-18 18:47:03.897  2617  3010 D LEMON   : 
03-18 18:47:03.897  2617  3010 D LEMON   : 
03-18 18:47:03.897  2617  3010 D LEMON   : ~~~~~~~~~~~~~~~~~~~~~~~~~~~~~~~~~~~~~~~~~~~~~~
03-18 18:47:03.899  2617  3010 D LEMON   : 18:47:03.899 UTPT: INFO: conn[0x4] send data[582] to [10.56.5.70:5067] ok.
03-18 18:47:03.900  2617  3010 D LEMON   : 18:47:03.899 SIP: INFO: tpt conn<0x10008> send message ok.
03-18 18:47:03.900  2617  3010 D LEMON   : 18:47:03.900 SIP: INFO: module stop tmr<0x20> [TIMER C] ok.
03-18 18:47:03.900  2617  3010 D LEMON   : 18:47:03.900 SIP: INFO: module start tmr<0x1F> [TIMER J] <128000ms> ok.
03-18 18:47:03.900  2617  3010 D LEMON   : 18:47:03.900 ZOS: INFO: fsm(SIP_NIST) trans@[65545] state <TRYING> run [SEND_2XX] event ok.
03-18 18:47:03.900  2617  3010 D LEMON   : 18:47:03.900 ZOS: INFO: fsm(SIP_NIST) trans@[65545] state <TRYING> to <COMPLETED>.
03-18 18:47:03.900  2617  3010 D LEMON   : 18:47:03.900 SIP: INFO: core event queue process the last event.
03-18 18:47:03.900  2617  3010 D LEMON   : 18:47:03.900 SIP: INFO: module MsgDelete msg 0x9f953050.
03-18 18:47:03.951  2617  2617 D ListView: mHeaderViewInfos.size() = 0 mFooterViewInfos.size()0
03-18 18:47:03.961  2617  2617 E WindowManager: 
03-18 18:47:03.961  2617  2617 E WindowManager: android.view.WindowLeaked: Activity com.juphoon.vowifi.ui.AccountListActivity has leaked window com.android.internal.policy.PhoneWindow$DecorView{e921dbb V.E...... R......D 0,0-456,174} that was originally added here
03-18 18:47:03.961  2617  2617 E WindowManager: 	at android.view.ViewRootImpl.<init>(ViewRootImpl.java:368)
03-18 18:47:03.961  2617  2617 E WindowManager: 	at android.view.WindowManagerGlobal.addView(WindowManagerGlobal.java:299)
03-18 18:47:03.961  2617  2617 E WindowManager: 	at android.view.WindowManagerImpl.addView(WindowManagerImpl.java:85)
03-18 18:47:03.961  2617  2617 E WindowManager: 	at android.app.Dialog.show(Dialog.java:319)
03-18 18:47:03.961  2617  2617 E WindowManager: 	at android.app.ProgressDialog.show(ProgressDialog.java:116)
03-18 18:47:03.961  2617  2617 E WindowManager: 	at android.app.ProgressDialog.show(ProgressDialog.java:99)
03-18 18:47:03.961  2617  2617 E WindowManager: 	at android.app.ProgressDialog.show(ProgressDialog.java:94)
03-18 18:47:03.961  2617  2617 E WindowManager: 	at com.juphoon.vowifi.ui.AccountListActivity.showProgressDialog(AccountListActivity.java:86)
03-18 18:47:03.961  2617  2617 E WindowManager: 	at com.juphoon.vowifi.ui.AccountListActivity.-wrap1(AccountListActivity.java)
03-18 18:47:03.961  2617  2617 E WindowManager: 	at com.juphoon.vowifi.ui.AccountListActivity$1.onItemClick(AccountListActivity.java:120)
03-18 18:47:03.961  2617  2617 E WindowManager: 	at android.widget.AdapterView.performItemClick(AdapterView.java:310)
03-18 18:47:03.961  2617  2617 E WindowManager: 	at android.widget.AbsListView.performItemClick(AbsListView.java:1146)
03-18 18:47:03.961  2617  2617 E WindowManager: 	at android.widget.AbsListView$PerformClick.run(AbsListView.java:3050)
03-18 18:47:03.961  2617  2617 E WindowManager: 	at android.widget.AbsListView$3.run(AbsListView.java:3893)
03-18 18:47:03.961  2617  2617 E WindowManager: 	at android.os.Handler.handleCallback(Handler.java:739)
03-18 18:47:03.961  2617  2617 E WindowManager: 	at android.os.Handler.dispatchMessage(Handler.java:95)
03-18 18:47:03.961  2617  2617 E WindowManager: 	at android.os.Looper.loop(Looper.java:148)
03-18 18:47:03.961  2617  2617 E WindowManager: 	at android.app.ActivityThread.main(ActivityThread.java:5438)
03-18 18:47:03.961  2617  2617 E WindowManager: 	at java.lang.reflect.Method.invoke(Native Method)
03-18 18:47:03.961  2617  2617 E WindowManager: 	at com.android.internal.os.ZygoteInit$MethodAndArgsCaller.run(ZygoteInit.java:762)
03-18 18:47:03.961  2617  2617 E WindowManager: 	at com.android.internal.os.ZygoteInit.main(ZygoteInit.java:652)
03-18 18:47:04.119   260   366 D phoneserver: sim0 signal no update num=27
03-18 18:47:04.119   260   366 D phoneserver: sim1 signal no update num=27
03-18 18:47:04.688  2016  2988 I charon  : 04[ESP] discarding inbound IP packet fe80::4 == ff02::1 due to policy
03-18 18:47:05.119   260   366 D phoneserver: sim0 signal no update num=27
03-18 18:47:05.119   260   366 D phoneserver: sim1 signal no update num=27
03-18 18:47:05.294   212   212 D gralloc.sc8830: fb_post fps = 23.014698
03-18 18:47:05.822  1436  1436 D NetworkController.MobileSignalController(2): getLabel[0]: Jio 4G color = -1
03-18 18:47:05.824  1436  1436 D PhoneStatusBar: label = 
03-18 18:47:06.119   260   366 D phoneserver: sim0 signal no update num=27
03-18 18:47:06.120   260   366 D phoneserver: sim1 signal no update num=27
03-18 18:47:06.306   216   464 D WCND    : is_cp2_alive_ok: open polling interface: /proc/mdbg/loopcheck, fd = 13
03-18 18:47:06.407   216   464 D WCND    : is_cp2_alive_ok: loop: /proc/mdbg/loopcheck is OK
03-18 18:47:06.861  1963  1963 D wpa_supplicant: wlan0: Control interface command 'SIGNAL_POLL'
03-18 18:47:06.868  1172  1347 D WifiNetworkMonitor: EVENT_WIFI_RSSI_CHANGED
03-18 18:47:06.868  1172  1347 E WifiNetworkMonitor: Not any Obervers!!!
03-18 18:47:07.120   260   366 D phoneserver: sim0 signal no update num=27
03-18 18:47:07.120   260   366 D phoneserver: sim1 signal no update num=27
03-18 18:47:08.120   260   366 D phoneserver: sim0 signal no update num=27
03-18 18:47:08.120   260   366 D phoneserver: sim1 signal no update num=27
03-18 18:47:09.121   260   366 D phoneserver: sim0 signal no update num=27
03-18 18:47:09.121   260   366 D phoneserver: sim1 signal no update num=27
03-18 18:47:09.873  1963  1963 D wpa_supplicant: wlan0: Control interface command 'SIGNAL_POLL'
03-18 18:47:09.874  1172  1347 D WifiNetworkMonitor: EVENT_WIFI_RSSI_CHANGED
03-18 18:47:09.874  1172  1347 E WifiNetworkMonitor: Not any Obervers!!!
03-18 18:47:10.121   260   366 D phoneserver: sim0 signal no update num=27
03-18 18:47:10.121   260   366 D phoneserver: sim1 signal no update num=27
03-18 18:47:11.121   260   366 D phoneserver: sim0 signal no update num=27
03-18 18:47:11.121   260   366 D phoneserver: sim1 signal no update num=27
03-18 18:47:11.407   216   464 D WCND    : is_cp2_alive_ok: open polling interface: /proc/mdbg/loopcheck, fd = 13
03-18 18:47:11.508   216   464 D WCND    : is_cp2_alive_ok: loop: /proc/mdbg/loopcheck is OK
03-18 18:47:12.122   260   366 D phoneserver: sim0 signal no update num=27
03-18 18:47:12.122   260   366 D phoneserver: sim1 signal no update num=27
03-18 18:47:12.880  1963  1963 D wpa_supplicant: wlan0: Control interface command 'SIGNAL_POLL'
03-18 18:47:12.881  1172  1347 D WifiNetworkMonitor: EVENT_WIFI_RSSI_CHANGED
03-18 18:47:12.881  1172  1347 E WifiNetworkMonitor: Not any Obervers!!!
03-18 18:47:13.122   260   366 D phoneserver: sim0 signal no update num=27
03-18 18:47:13.122   260   366 D phoneserver: sim1 signal no update num=27
03-18 18:47:13.479  1172  2227 D NetlinkSocketObserver: NeighborEvent{elapsedMs=120757, 192.168.1.1, [EC26CA498022], RTM_NEWNEIGH, NUD_STALE}
03-18 18:47:14.122   260   366 D phoneserver: sim0 signal no update num=27
03-18 18:47:14.122   260   366 D phoneserver: sim1 signal no update num=27
03-18 18:47:15.123   260   366 D phoneserver: sim0 signal no update num=27
03-18 18:47:15.123   260   366 D phoneserver: sim1 signal no update num=27
03-18 18:47:15.888  1963  1963 D wpa_supplicant: wlan0: Control interface command 'SIGNAL_POLL'
03-18 18:47:15.892  1172  1347 D WifiNetworkMonitor: EVENT_WIFI_RSSI_CHANGED
03-18 18:47:15.892  1172  1347 E WifiNetworkMonitor: Not any Obervers!!!
03-18 18:47:16.123   260   366 D phoneserver: sim0 signal no update num=27
03-18 18:47:16.123   260   366 D phoneserver: sim1 signal no update num=27
03-18 18:47:16.508   216   464 D WCND    : is_cp2_alive_ok: open polling interface: /proc/mdbg/loopcheck, fd = 13
03-18 18:47:16.608   216   464 D WCND    : is_cp2_alive_ok: loop: /proc/mdbg/loopcheck is OK
03-18 18:47:17.123   260   366 D phoneserver: sim0 signal no update num=27
03-18 18:47:17.124   260   366 D phoneserver: sim1 signal no update num=27
03-18 18:47:18.124   260   366 D phoneserver: sim0 signal no update num=27
03-18 18:47:18.124   260   366 D phoneserver: sim1 signal no update num=27
03-18 18:47:18.726  2617  3010 D LEMON   : 18:47:18.726 SIP: INFO: module process timer event.
03-18 18:47:18.727  2617  3010 D LEMON   : 18:47:18.727 SIP: INFO: core timer process trans event tmr<0xB> [TIMER K].
03-18 18:47:18.727  2617  3010 D LEMON   : 18:47:18.727 SIP: INFO: core timer process trans@10006 event.
03-18 18:47:18.727  2617  3010 D LEMON   : 18:47:18.727 SIP: INFO: trans @10006 report event [TRANS TERMINATED].
03-18 18:47:18.727  2617  3010 D LEMON   : 18:47:18.727 ZOS: INFO: fsm(SIP_NICT) trans@[65542] state <COMPLETED> run [TM_TK] event ok.
03-18 18:47:18.727  2617  3010 D LEMON   : 18:47:18.727 ZOS: INFO: fsm(SIP_NICT) trans@[65542] state <COMPLETED> to <TERMINATED>.
03-18 18:47:18.727  2617  3010 D LEMON   : 18:47:18.727 SIP: INFO: module TmrMsgProc core process event queue.
03-18 18:47:18.727  2617  3010 D LEMON   : 18:47:18.727 SIP: INFO: core event queue process the next event.
03-18 18:47:18.727  2617  3010 D LEMON   : 18:47:18.727 SIP: INFO: core @10004 terminated trans@10006 delete.
03-18 18:47:18.727  2617  3010 D LEMON   : 18:47:18.727 SIP: INFO: module delete tmr<0x9> [TIMER E] ok.
03-18 18:47:18.727  2617  3010 D LEMON   : 18:47:18.727 ZOS: INFO: qtimer delete timer<9> ok.
03-18 18:47:18.727  2617  3010 D LEMON   : 18:47:18.727 SIP: INFO: module delete tmr<0xA> [TIMER F] ok.
03-18 18:47:18.727  2617  3010 D LEMON   : 18:47:18.727 ZOS: INFO: qtimer delete timer<10> ok.
03-18 18:47:18.728  2617  3010 D LEMON   : 18:47:18.727 SIP: INFO: module delete tmr<0xB> [TIMER K] ok.
03-18 18:47:18.728  2617  3010 D LEMON   : 18:47:18.728 ZOS: INFO: qtimer delete timer<11> ok.
03-18 18:47:18.728  2617  3010 D LEMON   : 18:47:18.728 SIP: INFO: module delete tmr<0xC> [TIMER WAIT_CONN] ok.
03-18 18:47:18.728  2617  3010 D LEMON   : 18:47:18.728 ZOS: INFO: qtimer delete timer<12> ok.
03-18 18:47:18.728  2617  3010 D LEMON   : 18:47:18.728 SIP: INFO: module delete tmr<0xD> [TIMER C] ok.
03-18 18:47:18.728  2617  3010 D LEMON   : 18:47:18.728 ZOS: INFO: qtimer delete timer<13> ok.
03-18 18:47:18.728  2617  3010 D LEMON   : 18:47:18.728 SIP: INFO: trans @10006 deleted.
03-18 18:47:18.728  2617  3010 D LEMON   : 18:47:18.728 SIP: INFO: module MsgDelete msg 0xa02bc050.
03-18 18:47:18.728  2617  3010 D LEMON   : 18:47:18.728 SIP: INFO: core dlg@10003 terminated delete.
03-18 18:47:18.728  2617  3010 D LEMON   : 18:47:18.728 SIP: INFO: core dlg@10004 deleted.
03-18 18:47:18.728  2617  3010 D LEMON   : 18:47:18.728 SIP: INFO: core sess@10003 terminated delete.
03-18 18:47:18.729  2617  3010 D LEMON   : 18:47:18.728 SIP: INFO: core sess@10003 deleted.
03-18 18:47:18.729  2617  3010 D LEMON   : 18:47:18.729 SIP: INFO: core event queue process the last event.
03-18 18:47:18.760   463   539 D ENGPC   : parse_event: event { 'change', '/devices/sprd_battery.16/power_supply/battery', 'power_supply', '' }
03-18 18:47:18.760   285   504 D ENGPC   : parse_event: event { 'change', '/devices/sprd_battery.16/power_supply/battery', 'power_supply', '' }
03-18 18:47:18.763   217   217 D batterysrv: write 58
03-18 18:47:18.763   217   217 D batterysrv:  to /productinfo/.save_capacity 
03-18 18:47:18.828  1436  1436 D KeyguardUpdateMonitor: received broadcast android.intent.action.BATTERY_CHANGED
03-18 18:47:18.828  1436  1436 D KeyguardUpdateMonitor: handleBatteryUpdate
03-18 18:47:18.834  1436  1436 D BatteryMeterView: level should be =58
03-18 18:47:18.834  1436  1436 D BatteryMeterView:  non-charge: level =58
03-18 18:47:18.848  1436  1436 D BatteryMeterView: level should be =58
03-18 18:47:18.848  1436  1436 D BatteryMeterView:  non-charge: level =58
03-18 18:47:18.848  1436  1436 D BatteryMeterView: level should be =58
03-18 18:47:18.848  1436  1436 D BatteryMeterView:  non-charge: level =58
03-18 18:47:18.893  1963  1963 D wpa_supplicant: wlan0: Control interface command 'SIGNAL_POLL'
03-18 18:47:18.894  1172  1347 D WifiNetworkMonitor: EVENT_WIFI_RSSI_CHANGED
03-18 18:47:18.894  1172  1347 E WifiNetworkMonitor: Not any Obervers!!!
03-18 18:47:19.124   260   366 D phoneserver: sim0 signal no update num=27
03-18 18:47:19.124   260   366 D phoneserver: sim1 signal no update num=27
03-18 18:47:19.719   463   539 D ENGPC   : parse_event: event { 'change', '/devices/virtual/xt_idletimer/timers', 'xt_idletimer', '' }
03-18 18:47:19.724   285   504 D ENGPC   : parse_event: event { 'change', '/devices/virtual/xt_idletimer/timers', 'xt_idletimer', '' }
03-18 18:47:20.125   260   366 D phoneserver: sim0 signal no update num=27
03-18 18:47:20.125   260   366 D phoneserver: sim1 signal no update num=27
03-18 18:47:20.467  2617  3010 D LEMON   : 18:47:20.467 SIP: INFO: module process timer event.
03-18 18:47:20.467  2617  3010 D LEMON   : 18:47:20.467 SIP: INFO: core timer process trans event tmr<0x11> [TIMER K].
03-18 18:47:20.468  2617  3010 D LEMON   : 18:47:20.467 SIP: INFO: core timer process trans@10007 event.
03-18 18:47:20.468  2617  3010 D LEMON   : 18:47:20.468 SIP: INFO: trans @10007 report event [TRANS TERMINATED].
03-18 18:47:20.468  2617  3010 D LEMON   : 18:47:20.468 ZOS: INFO: fsm(SIP_NICT) trans@[65543] state <COMPLETED> run [TM_TK] event ok.
03-18 18:47:20.468  2617  3010 D LEMON   : 18:47:20.468 ZOS: INFO: fsm(SIP_NICT) trans@[65543] state <COMPLETED> to <TERMINATED>.
03-18 18:47:20.468  2617  3010 D LEMON   : 18:47:20.468 SIP: INFO: module TmrMsgProc core process event queue.
03-18 18:47:20.468  2617  3010 D LEMON   : 18:47:20.468 SIP: INFO: core event queue process the next event.
03-18 18:47:20.468  2617  3010 D LEMON   : 18:47:20.468 SIP: INFO: core @10005 terminated trans@10007 delete.
03-18 18:47:20.468  2617  3010 D LEMON   : 18:47:20.468 SIP: INFO: module delete tmr<0xF> [TIMER E] ok.
03-18 18:47:20.468  2617  3010 D LEMON   : 18:47:20.468 ZOS: INFO: qtimer delete timer<15> ok.
03-18 18:47:20.468  2617  3010 D LEMON   : 18:47:20.468 SIP: INFO: module delete tmr<0x10> [TIMER F] ok.
03-18 18:47:20.468  2617  3010 D LEMON   : 18:47:20.468 ZOS: INFO: qtimer delete timer<16> ok.
03-18 18:47:20.468  2617  3010 D LEMON   : 18:47:20.468 SIP: INFO: module delete tmr<0x11> [TIMER K] ok.
03-18 18:47:20.468  2617  3010 D LEMON   : 18:47:20.468 ZOS: INFO: qtimer delete timer<17> ok.
03-18 18:47:20.469  2617  3010 D LEMON   : 18:47:20.468 SIP: INFO: module delete tmr<0x12> [TIMER WAIT_CONN] ok.
03-18 18:47:20.469  2617  3010 D LEMON   : 18:47:20.469 ZOS: INFO: qtimer delete timer<18> ok.
03-18 18:47:20.469  2617  3010 D LEMON   : 18:47:20.469 SIP: INFO: module delete tmr<0x13> [TIMER C] ok.
03-18 18:47:20.469  2617  3010 D LEMON   : 18:47:20.469 ZOS: INFO: qtimer delete timer<19> ok.
03-18 18:47:20.469  2617  3010 D LEMON   : 18:47:20.469 SIP: INFO: trans @10007 deleted.
03-18 18:47:20.469  2617  3010 D LEMON   : 18:47:20.469 SIP: INFO: module MsgDelete msg 0xa047c45c.
03-18 18:47:20.469  2617  3010 D LEMON   : 18:47:20.469 SIP: INFO: core dlg@10004 terminated delete.
03-18 18:47:20.469  2617  3010 D LEMON   : 18:47:20.469 SIP: INFO: core dlg@10005 deleted.
03-18 18:47:20.470  2617  3010 D LEMON   : 18:47:20.469 SIP: INFO: core sess@10004 terminated delete.
03-18 18:47:20.470  2617  3010 D LEMON   : 18:47:20.470 SIP: INFO: core sess@10004 deleted.
03-18 18:47:20.470  2617  3010 D LEMON   : 18:47:20.470 SIP: INFO: core call@10002 terminated delete.
03-18 18:47:20.470  2617  3010 D LEMON   : 18:47:20.470 SIP: INFO: core call@10002 deleted.
03-18 18:47:20.470  2617  3010 D LEMON   : 18:47:20.470 SIP: INFO: core event queue process the last event.
03-18 18:47:20.872  2617  3010 D LEMON   : 18:47:20.872 SIP: INFO: module process timer event.
03-18 18:47:20.872  2617  3010 D LEMON   : 18:47:20.872 SIP: INFO: core timer process trans event tmr<0x1C> [TIMER K].
03-18 18:47:20.872  2617  3010 D LEMON   : 18:47:20.872 SIP: INFO: core timer process trans@10008 event.
03-18 18:47:20.872  2617  3010 D LEMON   : 18:47:20.872 SIP: INFO: trans @10008 report event [TRANS TERMINATED].
03-18 18:47:20.872  2617  3010 D LEMON   : 18:47:20.872 ZOS: INFO: fsm(SIP_NICT) trans@[65544] state <COMPLETED> run [TM_TK] event ok.
03-18 18:47:20.872  2617  3010 D LEMON   : 18:47:20.872 ZOS: INFO: fsm(SIP_NICT) trans@[65544] state <COMPLETED> to <TERMINATED>.
03-18 18:47:20.872  2617  3010 D LEMON   : 18:47:20.872 SIP: INFO: module TmrMsgProc core process event queue.
03-18 18:47:20.873  2617  3010 D LEMON   : 18:47:20.873 SIP: INFO: core event queue process the next event.
03-18 18:47:20.873  2617  3010 D LEMON   : 18:47:20.873 SIP: INFO: dlg DlgProcEvnt preprocess subscription event.
03-18 18:47:20.873  2617  3010 D LEMON   : 18:47:20.873 SIP: INFO: dlg sub@80010005 process event [TRANS TERMINATED].
03-18 18:47:20.873  2617  3010 D LEMON   : 18:47:20.873 SIP: INFO: module delete tmr<0x1A> [TIMER E] ok.
03-18 18:47:20.873  2617  3010 D LEMON   : 18:47:20.873 ZOS: INFO: qtimer delete timer<26> ok.
03-18 18:47:20.873  2617  3010 D LEMON   : 18:47:20.873 SIP: INFO: module delete tmr<0x1B> [TIMER F] ok.
03-18 18:47:20.873  2617  3010 D LEMON   : 18:47:20.873 ZOS: INFO: qtimer delete timer<27> ok.
03-18 18:47:20.873  2617  3010 D LEMON   : 18:47:20.873 SIP: INFO: module delete tmr<0x1C> [TIMER K] ok.
03-18 18:47:20.873  2617  3010 D LEMON   : 18:47:20.873 ZOS: INFO: qtimer delete timer<28> ok.
03-18 18:47:20.873  2617  3010 D LEMON   : 18:47:20.873 SIP: INFO: module delete tmr<0x1D> [TIMER WAIT_CONN] ok.
03-18 18:47:20.873  2617  3010 D LEMON   : 18:47:20.873 ZOS: INFO: qtimer delete timer<29> ok.
03-18 18:47:20.873  2617  3010 D LEMON   : 18:47:20.873 SIP: INFO: module delete tmr<0x1E> [TIMER C] ok.
03-18 18:47:20.873  2617  3010 D LEMON   : 18:47:20.873 ZOS: INFO: qtimer delete timer<30> ok.
03-18 18:47:20.874  2617  3010 D LEMON   : 18:47:20.874 SIP: INFO: trans @10008 deleted.
03-18 18:47:20.874  2617  3010 D LEMON   : 18:47:20.874 SIP: INFO: module MsgDelete msg 0x9fa9985c.
03-18 18:47:20.874  2617  3010 D LEMON   : 18:47:20.874 SIP: INFO: dlg @80010005 SubsdCnfOnTransTerm trans delete.
03-18 18:47:20.874  2617  3010 D LEMON   : 18:47:20.874 ZOS: INFO: fsm(SIP_SUBS) subs@[2147549189] state <CONFIRMED> run [TXN_TERMINATED] event ok.
03-18 18:47:20.874  2617  3010 D LEMON   : 18:47:20.874 SIP: INFO: core event queue process the last event.
03-18 18:47:21.125   260   366 D phoneserver: sim0 signal no update num=27
03-18 18:47:21.125   260   366 D phoneserver: sim1 signal no update num=27
03-18 18:47:21.609   216   464 D WCND    : is_cp2_alive_ok: open polling interface: /proc/mdbg/loopcheck, fd = 13
03-18 18:47:21.710   216   464 D WCND    : is_cp2_alive_ok: loop: /proc/mdbg/loopcheck is OK
03-18 18:47:21.899  1963  1963 D wpa_supplicant: wlan0: Control interface command 'SIGNAL_POLL'
03-18 18:47:21.900  1172  1347 D WifiNetworkMonitor: EVENT_WIFI_RSSI_CHANGED
03-18 18:47:21.900  1172  1347 E WifiNetworkMonitor: Not any Obervers!!!
03-18 18:47:22.125   260   366 D phoneserver: sim0 signal no update num=27
03-18 18:47:22.125   260   366 D phoneserver: sim1 signal no update num=27
03-18 18:47:22.259  1172  1345 D WifiStateMachine: starting scan for "DAPS_vowifi"WPA_PSK with 2462
03-18 18:47:22.260  1963  1963 D wpa_supplicant: wlan0: Control interface command 'SCAN TYPE=ONLY freq=2462'
03-18 18:47:22.260  1963  1963 D wpa_supplicant: wlan0: Setting scan request: 0.000000 sec
03-18 18:47:22.260  1963  1963 D wpa_supplicant: wlan0: Starting AP scan for wildcard SSID
03-18 18:47:22.260  1963  1963 D wpa_supplicant: wlan0: Limit manual scan to specified channels
03-18 18:47:22.260  1963  1963 D wpa_supplicant: wlan0: Add radio work 'scan'@0xb69d9320
03-18 18:47:22.260  1963  1963 D wpa_supplicant: wlan0: First radio work item in the queue - schedule start immediately
03-18 18:47:22.260  1963  1963 D wpa_supplicant: wlan0: Starting radio work 'scan'@0xb69d9320 after 0.000123 second wait
03-18 18:47:22.260  1963  1963 D wpa_supplicant: wlan0: nl80211: scan request
03-18 18:47:22.260  1963  1963 D wpa_supplicant: nl80211: Scan SSID - hexdump(len=0): [NULL]
03-18 18:47:22.260  1963  1963 D wpa_supplicant: nl80211: Scan extra IEs - hexdump(len=6): 7f 04 00 00 0a 02
03-18 18:47:22.260  1963  1963 D wpa_supplicant: nl80211: Scan frequency 2462 MHz
03-18 18:47:22.332  1963  1963 D wpa_supplicant: Scan requested (ret=0) - scan timeout 30 seconds
03-18 18:47:22.332  1963  1963 D wpa_supplicant: nl80211: Event message available
03-18 18:47:22.332  1963  1963 D wpa_supplicant: nl80211: Ignored event (cmd=33) for foreign interface (ifindex 10 wdev 0x0)
03-18 18:47:22.332  1963  1963 D wpa_supplicant: nl80211: Drv Event 33 (NL80211_CMD_TRIGGER_SCAN) received for wlan0
03-18 18:47:22.332  1963  1963 D wpa_supplicant: wlan0: nl80211: Scan trigger
03-18 18:47:22.332  1963  1963 D wpa_supplicant: wlan0: Event SCAN_STARTED (47) received
03-18 18:47:22.332  1963  1963 D wpa_supplicant: wlan0: Own scan request started a scan in 0.000366 seconds
03-18 18:47:22.333  1963  1963 D wpa_supplicant: CTRL_IFACE monitor sent successfully to /data/misc/wifi/sockets/wpa_ctrl_1172-2\x00
03-18 18:47:22.335  1963  1963 D wpa_supplicant: nl80211: Event message available
03-18 18:47:22.335  1963  1963 D wpa_supplicant: nl80211: Ignored event (cmd=34) for foreign interface (ifindex 10 wdev 0x0)
03-18 18:47:22.335  1963  1963 D wpa_supplicant: nl80211: Drv Event 34 (NL80211_CMD_NEW_SCAN_RESULTS) received for wlan0
03-18 18:47:22.335  1963  1963 D wpa_supplicant: wlan0: nl80211: New scan results available
03-18 18:47:22.335  1963  1963 D wpa_supplicant: nl80211: Scan probed for SSID ''
03-18 18:47:22.335  1963  1963 D wpa_supplicant: nl80211: Scan included frequencies: 2462
03-18 18:47:22.335  1963  1963 D wpa_supplicant: wlan0: Event SCAN_RESULTS (3) received
03-18 18:47:22.335  1963  1963 D wpa_supplicant: wlan0: Scan completed in 0.002625 seconds
03-18 18:47:22.335  1963  1963 D wpa_supplicant: nl80211: Associated on 2462 MHz
03-18 18:47:22.335  1963  1963 D wpa_supplicant: nl80211: Associated with ec:26:ca:49:80:21
03-18 18:47:22.335  1963  1963 D wpa_supplicant: nl80211: Received scan results (1 BSSes)
03-18 18:47:22.335  1963  1963 D wpa_supplicant: nl80211: Scan results indicate BSS status with ec:26:ca:49:80:21 as associated
03-18 18:47:22.336  1963  1963 D wpa_supplicant: wlan0: BSS: Start scan result update 5
03-18 18:47:22.336  1963  1963 D wpa_supplicant: BSS: last_scan_res_used=1/32
03-18 18:47:22.336  1963  1963 D wpa_supplicant: wlan0: Scan-only results received
03-18 18:47:22.336  1963  1963 D wpa_supplicant: CTRL_IFACE monitor sent successfully to /data/misc/wifi/sockets/wpa_ctrl_1172-2\x00
03-18 18:47:22.336  1963  1963 D wpa_supplicant: wlan0: Radio work 'scan'@0xb69d9320 done in 0.075683 seconds
03-18 18:47:22.346  1963  1963 D wpa_supplicant: wlan0: Control interface command 'BSS RANGE=0- MASK=0x29d87'
03-18 18:47:22.356  1963  1963 D wpa_supplicant: wlan0: Control interface command 'BSS RANGE=11- MASK=0x29d87'
03-18 18:47:22.361  1172  1345 D HS20    : Caught java.lang.IllegalArgumentException: Element length 76 exceeds payload length 2 @ 214
03-18 18:47:22.361  1172  1345 D HS20    : Caught java.lang.IllegalArgumentException: Element length 196 exceeds payload length 2 @ 180
03-18 18:47:22.362  1172  1345 D HS20    : Caught java.lang.IllegalArgumentException: Element length 203 exceeds payload length 2 @ 263
03-18 18:47:22.362  1172  1345 D HS20    : Caught java.lang.IllegalArgumentException: Element length 218 exceeds payload length 2 @ 235
03-18 18:47:22.363  1172  1345 D HS20    : Caught java.lang.IllegalArgumentException: Element length 247 exceeds payload length 2 @ 208
03-18 18:47:22.363  1172  1345 D HS20    : Caught java.lang.IllegalArgumentException: Element length 185 exceeds payload length 2 @ 264
03-18 18:47:22.364  1172  1345 D HS20    : Caught java.lang.IllegalArgumentException: Element length 244 exceeds payload length 2 @ 221
03-18 18:47:22.364  1172  1345 D HS20    : Caught java.lang.IllegalArgumentException: Element length 100 exceeds payload length 2 @ 305
03-18 18:47:22.365  1172  1345 D HS20    : Caught java.lang.IllegalArgumentException: Element length 42 exceeds payload length 2 @ 60
03-18 18:47:22.366  1172  1345 D HS20    : Caught java.lang.IllegalArgumentException: Element length 224 exceeds payload length 2 @ 254
03-18 18:47:22.366  1172  1345 D HS20    : Caught java.lang.IllegalArgumentException: Element length 143 exceeds payload length 2 @ 235
03-18 18:47:22.367  1172  1345 D HS20    : Caught java.lang.IllegalArgumentException: Element length 175 exceeds payload length 2 @ 156
03-18 18:47:22.367  1172  1345 D HS20    : Caught java.lang.IllegalArgumentException: Element length 84 exceeds payload length 2 @ 208
03-18 18:47:22.379  1963  1963 D wpa_supplicant: wlan0: Control interface command 'STATUS-NO_EVENTS'
03-18 18:47:22.379  1963  1963 D wpa_supplicant: EAPOL: EAP Session-Id not available
03-18 18:47:23.126   260   366 D phoneserver: sim0 signal no update num=27
03-18 18:47:23.126   260   366 D phoneserver: sim1 signal no update num=27
03-18 18:47:23.745  2016  2996 I charon  : 12[IKE] sending keep alive to 49.44.57.161[4500]
03-18 18:47:23.746   463   539 D ENGPC   : parse_event: event { 'change', '/devices/virtual/xt_idletimer/timers', 'xt_idletimer', '' }
03-18 18:47:23.752   285   504 D ENGPC   : parse_event: event { 'change', '/devices/virtual/xt_idletimer/timers', 'xt_idletimer', '' }
03-18 18:47:23.859  1436  1436 D NetworkController.MobileSignalController(2): getLabel[0]: Jio 4G color = -1
03-18 18:47:23.861  1436  1436 D PhoneStatusBar: label = 
03-18 18:47:24.126   260   366 D phoneserver: sim0 signal no update num=27
03-18 18:47:24.126   260   366 D phoneserver: sim1 signal no update num=27
03-18 18:47:24.859  1436  1436 D NetworkController.MobileSignalController(2): getLabel[0]: Jio 4G color = -1
03-18 18:47:24.860  1436  1436 D PhoneStatusBar: label = 
03-18 18:47:24.903  1963  1963 D wpa_supplicant: wlan0: Control interface command 'SIGNAL_POLL'
03-18 18:47:24.906  1172  1347 D WifiNetworkMonitor: EVENT_WIFI_RSSI_CHANGED
03-18 18:47:24.906  1172  1347 E WifiNetworkMonitor: Not any Obervers!!!
03-18 18:47:24.909  1436  2064 D NetworkController.MobileSignalController(2): getLabel[0]: Jio 4G color = -1
03-18 18:47:24.913  1436  2064 D PhoneStatusBar: label = 
03-18 18:47:25.126   260   366 D phoneserver: sim0 signal no update num=27
03-18 18:47:25.126   260   366 D phoneserver: sim1 signal no update num=27
03-18 18:47:26.127   260   366 D phoneserver: sim0 signal no update num=27
03-18 18:47:26.127   260   366 D phoneserver: sim1 signal no update num=27
03-18 18:47:26.710   216   464 D WCND    : is_cp2_alive_ok: open polling interface: /proc/mdbg/loopcheck, fd = 13
03-18 18:47:26.811   216   464 D WCND    : is_cp2_alive_ok: loop: /proc/mdbg/loopcheck is OK
03-18 18:47:27.127   260   366 D phoneserver: sim0 signal no update num=27
03-18 18:47:27.127   260   366 D phoneserver: sim1 signal no update num=27
03-18 18:47:27.913  1963  1963 D wpa_supplicant: wlan0: Control interface command 'SIGNAL_POLL'
03-18 18:47:27.914  1172  1347 D WifiNetworkMonitor: EVENT_WIFI_RSSI_CHANGED
03-18 18:47:27.914  1172  1347 E WifiNetworkMonitor: Not any Obervers!!!
03-18 18:47:28.127   260   366 D phoneserver: sim0 signal no update num=27
03-18 18:47:28.128   260   366 D phoneserver: sim1 signal no update num=27
03-18 18:47:28.247  1172  1335 I InputDispatcher: dispatchMotion down - deviceId=1, policyFlags=0x62000000, action=0x0, buttonState=0x0, xPrecision=1.002083, yPrecision=0.937939
03-18 18:47:28.329  1172  1336 D InputReader: processEventsLocked: type=0 Count=2 code=2 value=0 deviceId=1
03-18 18:47:28.330  1172  1335 I InputDispatcher: dispatchCycle MOTION UP, channel 'af34bee com.juphoon.justex.sprd/com.juphoon.vowifi.ui.MainActivity (server)'
03-18 18:47:28.330  1172  1335 I InputDispatcher: dispatchCycle MOTION UP, channel 'WindowManager (server)'
03-18 18:47:28.333  1172  1335 I InputDispatcher: MOTION UP Finished Window 'Window{af34bee u0 com.juphoon.justex.sprd/com.juphoon.vowifi.ui.MainActivity}' the last input event: MotionEvent(deviceId=1, source=0x00001002, action=1, actionButton=0x00000000, flags=0x00000000, metaState=0x00000000, buttonState=0x00000000, edgeFlags=0x00000000, xPrecision=1.0, yPrecision=0.9, displayId=0, pointers=[0: (381.2, 194.0)]), policyFlags=0x62000000
03-18 18:47:28.404   266  1319 W audio_hw_primary: [out_set_parameters], kvpairs=routing=2 devices:0x2 mode:0 
03-18 18:47:28.404   266  1319 W audio_hw_primary: the same devices(0x2) with val(0x2) val is zero...
03-18 18:47:28.406   266  2036 I APM::AudioPolicyManager: checkAndSetVolume() stream FM return 10
03-18 18:47:28.406   266  2036 D AudioPolicyManagerSPRD new: startOutput() isVoipSet 0,stream 1,
03-18 18:47:28.421   266  1319 D audio_hw_primary: start output stream mode:0 devices:2 call_start:0, call_connected:0, is_voip:0, voip_state:0, is_bt_sco:0
03-18 18:47:28.421   266  1319 W audio_hw_primary: i2s_pin_mux_sel in type is 3
03-18 18:47:28.421   266  1319 W audio_hw_primary: i2s_pin_mux_sel in type i-----------2 adev->cp =b609fe10 num = 1  vbc_ctrl_pipe_info = b609a1f8   cp_type = 2
03-18 18:47:28.421   266  1319 W audio_hw_primary: -----in  cpu_index  is 3 
03-18 18:47:28.421   266  1319 W audio_hw_primary: i2s_pin_mux_sel in type i----------i2s_ctl_info->is_switch = 1 
03-18 18:47:28.421   266  1319 E audio_hw_primary: select_devices_signal starting... adev->out_devices 0x2 adev->in_devices 0x0
03-18 18:47:28.421   266  1319 I audio_hw_primary: select_devices_signal finished.
03-18 18:47:28.421   266  1319 W audio_hw_primary: open s_tinycard in
03-18 18:47:28.428   266  1319 W audio_hw_primary: open s_tinycard successfully
03-18 18:47:28.429   266  1312 I audio_hw_primary: Not to change mute: 0
03-18 18:47:28.429   266  1312 I audio_hw_primary: Changing out_devices: from (0xfffffffd) to (0x00000002), Changing in_devices: from (0x0000000