
============  16-04-29 15:55:00  ==============
04-29 15:54:40.722  1428  1428 D AddonManager: -> getAddon: featureClassName:plugin.sprd.systemuiaddon.AddonSystemuiUtils
04-29 15:54:40.723  1428  1428 I AddonManager: -> getAddon,The classloader of defClazz is dalvik.system.PathClassLoader[DexPathList[[zip file "/system/priv-app/SystemUI/SystemUI.apk"],nativeLibraryDirectories=[/system/priv-app/SystemUI/lib/arm, /vendor/lib, /system/lib]]]
04-29 15:54:40.723  1428  1428 D AddonManager: ->getAddon: Create feature <plugin.sprd.systemuiaddon.AddonSystemuiUtils> object Failed, AddonManager will return <class com.sprd.systemui.SystemuiFeatureUtil> object.
04-29 15:54:41.060   265  1290 D CommandListener: Setting iface cfg
04-29 15:54:41.060   265  1290 D CommandListener: Trying to bring up p2p0
04-29 15:54:41.061  1163  1334 I chatty  : uid=1000(system) WifiP2pService expire 3 lines
04-29 15:54:41.064   267   485 E         : drm_ntp:connecting to ntp server
04-29 15:54:41.064   267   485 E         : drm_ntp: CreateNtpClientSockfd sockfd=10
04-29 15:54:41.070   267   485 E         : drm_ntp: get hostname 2.asia.pool.ntp.org address info failed! No address associated with hostname
04-29 15:54:41.070   267   485 E         : drm_ntp: sleep 2s and reconnect...
04-29 15:54:41.094  1933  1933 I chatty  : uid=1000(system) com.juphoon.sprd.service expire 179 lines
04-29 15:54:41.095  1945  1945 W System  : ClassLoader referenced unknown path: /system/priv-app/Security/lib/arm
04-29 15:54:41.139  1383  1383 I ImsServiceImpl: handleMessage msg={ when=-242ms what=270369 obj=android.os.AsyncResult@86707b3 target=com.spreadtrum.ims.ImsServiceImpl$ImsHandler }
04-29 15:54:41.154  1383  1383 D CarrierConfigLoader: mHandler: 0 phoneId: 1
04-29 15:54:41.154  1383  1383 D CarrierServiceBindHelper: mHandler: 1
04-29 15:54:41.154  1383  1383 D CarrierServiceBindHelper: Unbinding for phoneId: 1
04-29 15:54:41.161  1383  1383 I NotificationMgr: SIM_STATE_CHANGED,state:IMSI
04-29 15:54:41.161  1383  1383 D GlobalConfigManager: Receiver action: android.intent.action.SIM_STATE_CHANGED
04-29 15:54:41.161  1383  1383 D Telephony: OtherGlobals: action===android.intent.action.SIM_STATE_CHANGED,stateIMSI
04-29 15:54:41.161  1383  1383 D ImsRegister: action = android.intent.action.SIM_STATE_CHANGED, state = IMSI, phoneId = 0
04-29 15:54:41.161  1383  1383 D ImsRegister: action = android.intent.action.SIM_STATE_CHANGED, state = IMSI, phoneId = 0
04-29 15:54:41.181  1383  1383 D Telephony: PstnPhoneCapabilitiesNotifier: handleVideoCapabilitesChanged. Video capability - true
04-29 15:54:41.186  1383  1383 W TelecomManager: Telecom Service not found.
04-29 15:54:41.186  1383  1383 D Telephony: PstnPhoneCapabilitiesNotifier: handleVideoCapabilitesChanged. Exception=java.lang.NullPointerException: Attempt to invoke virtual method 'android.telecom.PhoneAccountHandle android.telecom.PhoneAccount.getAccountHandle()' on a null object reference
04-29 15:54:41.186  1383  1383 D TeleUtils:  changeOperator: old value= 
04-29 15:54:41.187  1383  1383 D TeleUtils:  changeOperator: itemList length is 4
04-29 15:54:41.187  1383  1383 D TeleUtils: changeOperator not found: original value=  newName= 
04-29 15:54:41.189  1383  1976 I ImsConfigImpl: setFeatureValue->feature:0 network:13 value:1
04-29 15:54:41.192  1383  1977 I ImsConfigImpl: setFeatureValue->feature:0 network:13 value:1
04-29 15:54:41.194   293   293 I chatty  : uid=1000(system) /system/bin/cp_diskserver expire 22 lines
04-29 15:54:41.196   293   375 I chatty  : uid=1000(system) /system/bin/cp_diskserver expire 4 lines
04-29 15:54:41.216  1383  1383 D TeleUtils:  changeOperator: old value= 
04-29 15:54:41.217  1383  1383 D TeleUtils:  changeOperator: itemList length is 4
04-29 15:54:41.217  1383  1383 D TeleUtils: changeOperator not found: original value=  newName= 
04-29 15:54:41.219  1383  1976 I ImsConfigImpl: setFeatureValue->feature:1 network:13 value:1
04-29 15:54:41.222  1383  1977 I ImsConfigImpl: setFeatureValue->feature:1 network:13 value:1
04-29 15:54:41.226  1383  1383 D ImsConfigImpl: handleMessage what:104 msg.obj:android.os.AsyncResult@8c76ea5
04-29 15:54:41.226  1383  1383 I ImsConfigImpl: ACTION_SET_IMS_CALL_AVAILABILITY->status:0 result:-1
04-29 15:54:41.226  1383  1383 W ImsConfigImpl: ACTION_SET_IMS_CALL_AVAILABILITY->imsConfigListener is null!
04-29 15:54:41.228  1383  1383 D ImsConfigImpl: handleMessage what:104 msg.obj:android.os.AsyncResult@93e927a
04-29 15:54:41.228  1383  1383 I ImsConfigImpl: ACTION_SET_IMS_CALL_AVAILABILITY->status:0 result:-1
04-29 15:54:41.228  1383  1383 W ImsConfigImpl: ACTION_SET_IMS_CALL_AVAILABILITY->imsConfigListener is null!
04-29 15:54:41.239  1958  1958 W System  : ClassLoader referenced unknown path: /system/priv-app/radio_interactor_service/lib/arm
04-29 15:54:41.308  1428  1428 D SystemUIPluginsHelper: ShowFlightMode = false
04-29 15:54:41.337  1945  1945 I ZMF     : JniOnload
04-29 15:54:41.338  1945  1945 I ZMF     : ZMF CamDrv
04-29 15:54:41.338  1945  1945 I ZMF     : ZMF AudioNative
04-29 15:54:41.339  1945  1945 I ZMF     : ZMF RenderNative
04-29 15:54:41.364  1428  1428 D LocalBluetoothProfileManager: Adding local MAP profile
04-29 15:54:41.370  1428  1428 D BluetoothMap: Create BluetoothMap proxy object
04-29 15:54:41.387  1428  1428 D LocalBluetoothProfileManager: LocalBluetoothProfileManager construction complete
04-29 15:54:41.429  1383  1383 W System  : ClassLoader referenced unknown path: /system/priv-app/radio_interactor_service/lib/arm
04-29 15:54:41.434  1516  1516 W SyncSimAccountsReceiver: action = android.intent.action.SIM_STATE_CHANGED
04-29 15:54:41.437  1516  1516 E SyncSimAccountsReceiver: SIM_STATE_CHANGED: state: NOT_READY phoneId: 1 subId: -3
04-29 15:54:41.459  1516  1516 D FSA1    : onEvent:1:1:false
04-29 15:54:41.460  1516  1516 D FSA1    : onEvent:1:1:false
04-29 15:54:41.460  1516  1516 D FSA1    : onAction: mPhoneId = 1, action = 9
04-29 15:54:41.463  1516  2001 D FSA1    : onAction: mPhoneId = 1, action = 8
04-29 15:54:41.463  1516  2001 D FSA1    : onAction: mPhoneId = 1, action = 12
04-29 15:54:41.463  1516  2001 D FSA1    : PURGE_CONTACT mAccount = null
04-29 15:54:41.463  1516  2001 D FSA1    : >>>purgeContact:1:null
04-29 15:54:41.463  1516  2001 D FSA1    : mAccount is null
04-29 15:54:41.463  1516  2001 D FSA1    : onAction: mPhoneId = 1, action = 10
04-29 15:54:41.463  1516  2001 D FSA1    : >>>addPhoneAccount
04-29 15:54:41.480  1163  1547 I chatty  : uid=1000(system) Binder_6 expire 1 line
04-29 15:54:41.481  1516  2001 D FSA1    : phone account already exists
04-29 15:54:41.481  1516  2001 D FSA1    : >>>remove sim account:1
04-29 15:54:41.481  1516  2001 D FSA1    : mAccount is null
04-29 15:54:41.481  1163  1163 I chatty  : uid=1000 system_server expire 43 lines
04-29 15:54:41.481  1516  2001 D FSA1    : onAction: mPhoneId = 1, action = 11
04-29 15:54:41.481  1516  2001 D FSA1    : <<<remove sim account:1
04-29 15:54:41.483  1809  1809 D VoiceMailUpdateReceiver: onReceive Action: android.intent.action.SIM_STATE_CHANGED
04-29 15:54:41.491  1428  1428 D PhoneStatusBar: carrierlabel=android.widget.LinearLayout{31c2869 V.E...... ......I. 0,0-0,0 #7f100028 app:id/carrier_label_group_ex} show=true
04-29 15:54:41.494  1428  1428 D PhoneStatusBar: label = 未插卡
04-29 15:54:41.496  1945  1945 D SecurityS2bWrapper: init
04-29 15:54:41.497  1428  1428 I CameraManagerGlobal: Connecting to camera service
04-29 15:54:41.505  1383  1383 I ImsBroadcastReceiver: ACTION_SIM_STATE_CHANGED.
04-29 15:54:41.506  1163  1346 I chatty  : uid=1000(system) AudioService expire 1 line
04-29 15:54:41.513  1945  1945 I com.juphoon.sprd.lemon.ui.MtcDelegate: MtcDelegate init state:0
04-29 15:54:41.520   268  1313 I AudioFlinger: systemReady
04-29 15:54:41.525  1163  1320 I chatty  : uid=1000(system) AlarmManager expire 1 line
04-29 15:54:41.542  1468  1468 D ExternalStorage: After updating volumes, found 2 active roots
04-29 15:54:41.555  1945  1945 D ZMF     : zmfInitialize:packageName=com.sprd.vowifi.security,libPath=/system/priv-app/Security/lib/arm,apiLevel=23
04-29 15:54:41.555  1945  1945 I ZMF     : try load cdcdrv:/system/priv-app/Security/lib/arm/libcdcdrv23.so
04-29 15:54:41.556  1945  1945 I ZMF     : initialize Audio
04-29 15:54:41.556  1945  1945 I ZMF     : trying to use native audio.
04-29 15:54:41.557  1945  1945 I ZMF     : Use native Audio
04-29 15:54:41.557  1945  1945 I ZMF     : initialize Video
04-29 15:54:41.558  1945  1945 D ZMF     : camdrvInit:libPath=/system/priv-app/Security/lib/arm,apiLevel=23
04-29 15:54:41.558  1945  1945 I ZMF     : try load camdrv:/system/priv-app/Security/lib/arm/libCamdrv23.so
04-29 15:54:41.559  1945  1945 I ZMF     : try load camdrv:/system/lib/libCamdrv23.so
04-29 15:54:41.565  1468  1468 D ExternalStorage: After updating volumes, found 2 active roots
04-29 15:54:41.567  1945  1945 I ZMF     : use camdrv:/system/lib/libCamdrv23.so
04-29 15:54:41.567  1945  1945 I ZMF     : use native camera.
04-29 15:54:41.569  1163  2011 I chatty  : uid=1000(system) SoundPoolThread expire 6 lines
04-29 15:54:41.573   267   486 E DrmOmaPlugIn: DrmOmaPlugIn::onInitialize : 4357
04-29 15:54:41.573   267   486 E DrmOmaPlugIn: DrmOmaPlugIn::onSetOnInfoListener : 4357
04-29 15:54:41.574   267   267 E DrmOmaPlugIn: DrmOmaPlugIn::onOpenDecryptSession() : offset:0, length:5136, fd:10
04-29 15:54:41.574   267   267 E         : DcfParser::parse (null), fd: 12
04-29 15:54:41.574   267   267 E         : DcfParser::parse (null), version: 79
04-29 15:54:41.574   267   267 E DrmOmaPlugIn: DrmOmaPlugIn::onOpenDecryptSession() : dcf parse error
04-29 15:54:41.583   267   267 E DrmOmaPlugIn: DrmOmaPlugIn::onTerminate : 4357
04-29 15:54:41.586  1516  1516 W SyncSimAccountsReceiver: action = sync_sim_fake_boot_completed
04-29 15:54:41.611  1659  1659 D wpa_supplicant: random: Got 3/3 bytes from /dev/random
04-29 15:54:41.611  1659  1659 D wpa_supplicant: Get randomness: len=20 entropy=10
04-29 15:54:41.613  1516  1516 E SyncSimAccountsReceiver: sync_sim_fake_boot_completed: profileOwner is null
04-29 15:54:41.613  1516  1516 E SyncSimAccountsReceiver: sync_sim_fake_boot_completed: switch to Id:-1 myId:0
04-29 15:54:41.615  1516  1516 D FSA0    : onAction: mPhoneId = 0, action = 9
04-29 15:54:41.615  1516  1516 D FSA1    : onAction: mPhoneId = 1, action = 9
04-29 15:54:41.615  1516  1803 D FSA0    : onAction: mPhoneId = 0, action = 8
04-29 15:54:41.615  1516  1803 D FSA0    : onAction: mPhoneId = 0, action = 12
04-29 15:54:41.615  1516  1803 D FSA0    : PURGE_CONTACT mAccount = null
04-29 15:54:41.616  1516  2001 D FSA1    : onAction: mPhoneId = 1, action = 8
04-29 15:54:41.616  1516  2001 D FSA1    : onAction: mPhoneId = 1, action = 12
04-29 15:54:41.616  1516  2001 D FSA1    : PURGE_CONTACT mAccount = null
04-29 15:54:41.616  1516  2001 D FSA1    : >>>purgeContact:1:null
04-29 15:54:41.616  1516  2001 D FSA1    : mAccount is null
04-29 15:54:41.616  1516  2001 D FSA1    : onAction: mPhoneId = 1, action = 10
04-29 15:54:41.616  1516  2001 D FSA1    : >>>addPhoneAccount
04-29 15:54:41.615  1516  1803 D FSA0    : >>>purgeContact:0:null
04-29 15:54:41.617  1516  1803 D FSA0    : mAccount is null
04-29 15:54:41.617  1516  1803 D FSA0    : onAction: mPhoneId = 0, action = 10
04-29 15:54:41.617  1516  1803 D FSA0    : >>>addPhoneAccount
04-29 15:54:41.649  1428  1428 D TelephonyManager: getRadioCapbility: ssdaMode=csfb
04-29 15:54:41.649  1428  1428 D TelephonyManager: getRadioCapbility: ssdaMode=csfb
04-29 15:54:41.649  1428  1428 D TelephonyManager: getRadioCapbility: ssdaMode=csfb
04-29 15:54:41.649  1428  1428 D TelephonyManager: getRadioCapbility: ssdaMode=csfb
04-29 15:54:41.659  1163  2028 I chatty  : uid=1000 system_server expire 4 lines
04-29 15:54:41.685  1163  1556 I chatty  : uid=1000(system) Binder_8 expire 1 line
04-29 15:54:41.686  1428  1428 D TelephonyManager: getRadioCapbility: ssdaMode=csfb
04-29 15:54:41.686  1428  1428 D TelephonyManager: getRadioCapbility: ssdaMode=csfb
04-29 15:54:41.686  1428  1428 D TelephonyManager: getRadioCapbility: ssdaMode=csfb
04-29 15:54:41.686  1428  1428 D TelephonyManager: getRadioCapbility: ssdaMode=csfb
04-29 15:54:41.688  1516  2001 D FSA1    : phone account already exists
04-29 15:54:41.688  1516  2001 D FSA1    : >>>remove sim account:1
04-29 15:54:41.688  1516  2001 D FSA1    : mAccount is null
04-29 15:54:41.688  1516  1803 D FSA0    : phone account already exists
04-29 15:54:41.688  1516  1803 D FSA0    : >>>remove sim account:0
04-29 15:54:41.688  1516  1803 D FSA0    : mAccount is null
04-29 15:54:41.688  1516  1803 D FSA0    : onAction: mPhoneId = 0, action = 11
04-29 15:54:41.688  1516  1803 D FSA0    : <<<remove sim account:0
04-29 15:54:41.705  1516  2001 D FSA1    : onAction: mPhoneId = 1, action = 11
04-29 15:54:41.705  1516  2001 D FSA1    : <<<remove sim account:1
04-29 15:54:41.723  1516  1516 W SyncSimAccountsReceiver: action = android.intent.action.PHONE_START
04-29 15:54:41.727  1383  1895 D PhoneInterfaceManager: [PhoneIntfMgr] getDataEnabled: subId=2 phoneId=2147483647
04-29 15:54:41.727  1383  1895 D PhoneInterfaceManager: [PhoneIntfMgr] getDataEnabled: subId=2 retVal=true
04-29 15:54:41.727  1516  1516 D SyncSimAccountsReceiver: syncSim:ACTION_PHONE_START
04-29 15:54:41.728  1516  1516 D FSA0    : onAction: mPhoneId = 0, action = 9
04-29 15:54:41.728  1516  1516 D FSA1    : onAction: mPhoneId = 1, action = 9
04-29 15:54:41.728  1516  2001 D FSA1    : onAction: mPhoneId = 1, action = 8
04-29 15:54:41.728  1516  2001 D FSA1    : onAction: mPhoneId = 1, action = 12
04-29 15:54:41.728  1516  2001 D FSA1    : PURGE_CONTACT mAccount = null
04-29 15:54:41.728  1516  2001 D FSA1    : >>>purgeContact:1:null
04-29 15:54:41.728  1516  2001 D FSA1    : mAccount is null
04-29 15:54:41.728  1516  2001 D FSA1    : onAction: mPhoneId = 1, action = 10
04-29 15:54:41.728  1516  2001 D FSA1    : >>>addPhoneAccount
04-29 15:54:41.729  1516  1803 D FSA0    : onAction: mPhoneId = 0, action = 8
04-29 15:54:41.729  1516  1803 D FSA0    : onAction: mPhoneId = 0, action = 12
04-29 15:54:41.729  1516  1803 D FSA0    : PURGE_CONTACT mAccount = null
04-29 15:54:41.729  1516  1803 D FSA0    : >>>purgeContact:0:null
04-29 15:54:41.729  1516  1803 D FSA0    : mAccount is null
04-29 15:54:41.729  1516  1803 D FSA0    : onAction: mPhoneId = 0, action = 10
04-29 15:54:41.729  1516  1803 D FSA0    : >>>addPhoneAccount
04-29 15:54:41.733  1428  2031 D TelephonyManager: getDataEnabled: retVal=true
04-29 15:54:41.746  1516  2001 D FSA1    : phone account already exists
04-29 15:54:41.746  1516  2001 D FSA1    : >>>remove sim account:1
04-29 15:54:41.746  1516  2001 D FSA1    : mAccount is null
04-29 15:54:41.746  1516  2001 D FSA1    : onAction: mPhoneId = 1, action = 11
04-29 15:54:41.746  1516  2001 D FSA1    : <<<remove sim account:1
04-29 15:54:41.746  1516  1803 D FSA0    : phone account already exists
04-29 15:54:41.746  1516  1803 D FSA0    : >>>remove sim account:0
04-29 15:54:41.746  1516  1803 D FSA0    : mAccount is null
04-29 15:54:41.746  1516  1803 D FSA0    : onAction: mPhoneId = 0, action = 11
04-29 15:54:41.746  1516  1803 D FSA0    : <<<remove sim account:0
04-29 15:54:41.748  1428  2031 D QSTile.DataConnectionTile: dataConnected = true
04-29 15:54:41.790  1428  2052 D OpenGLRenderer: Use EGL_SWAP_BEHAVIOR_PRESERVED: false
04-29 15:54:41.790  1428  2052 D OpenGLRenderer: profile bars disabled
04-29 15:54:41.791  1428  2052 D OpenGLRenderer: ambientRatio = 1.50
04-29 15:54:41.802  1428  2031 D QSTile.DataConnectionTile: defaultDataSubId = 2 isDefaultDataSimReady = false isDefaultDataStandby = false
04-29 15:54:41.867  1659  1659 D wpa_supplicant: random: Updated entropy file /data/misc/wifi/entropy.bin (own_pool_ready=2)
04-29 15:54:41.881  1428  1428 D PhoneStatusBar: disable: < expand icons alerts system_info back home recent clock search quick_settings >
04-29 15:54:41.885  1383  1383 D ImsConfigImpl: handleMessage what:105 msg.obj:null
04-29 15:54:41.894  1383  1383 D ImsConfigImpl: handleMessage what:105 msg.obj:null
04-29 15:54:41.900  1383  1404 D PhoneInterfaceManager: [PhoneIntfMgr] getDataEnabled: subId=2 phoneId=2147483647
04-29 15:54:41.904  1383  1404 D PhoneInterfaceManager: [PhoneIntfMgr] getDataEnabled: subId=2 retVal=true
04-29 15:54:41.914  1945  1945 I MME     : APICALL   ; (15:54:41:913 |    0)        VOICE:    1    99;      1945; SetTraceCallback(callback=0xb4dab38c)
04-29 15:54:41.914  1945  1945 I MME     : APICALL   ; (15:54:41:914 |    1)        VOICE:    1    99;      1945; SetTraceFilter(filter=0x1f)
04-29 15:54:41.914  1945  1945 D ZMF     : Zmf_AudioOutputGetName
04-29 15:54:41.916  1945  1945 D ZMF     : ZmfAudio.outputGetName:0,[Ljava.lang.String;@c8df921
04-29 15:54:41.916  1945  1945 D ZMF     : Zmf_AudioInputGetName
04-29 15:54:41.916  1945  1945 D ZMF     : ZmfAudio.inputGetName:0,[Ljava.lang.String;@ae15146
04-29 15:54:41.916  1945  1945 I MME     : STATEINFO ; (15:54:41:916 |    0) AUDIO DEVICE:    1    99;      1945; output: available=0
04-29 15:54:41.916  1945  1945 I MME     : STATEINFO ; (15:54:41:916 |    0) AUDIO DEVICE:    1    99;      1945; output: available=0
04-29 15:54:41.917  1945  1945 I MME     : APICALL   ; (15:54:41:917 |    3)        VOICE:    1    99;      1945; NumOfCodecs()
04-29 15:54:41.917  1945  1945 I MME     : STATEINFO ; (15:54:41:917 |    1)        VOICE:    1    99;      1945; NumOfCodecs() => 24
04-29 15:54:41.917  1945  1945 I MME     : STATEINFO ; (15:54:41:917 |    0)        VOICE:    1    99;      1945; GetCodec() => plname=ISAC, pacsize=480, plfreq=16000, pltype=65, channels=1, rate=32000
04-29 15:54:41.917  1945  1945 I MME     : STATEINFO ; (15:54:41:917 |    0)        VOICE:    1    99;      1945; GetCodec() => plname=ISAC, pacsize=960, plfreq=32000, pltype=66, channels=1, rate=56000
04-29 15:54:41.917  1945  1945 I MME     : STATEINFO ; (15:54:41:917 |    0)        VOICE:    1    99;      1945; GetCodec() => plname=ISAC, pacsize=1440, plfreq=48000, pltype=67, channels=1, rate=56000
04-29 15:54:41.917  1945  1945 I MME     : STATEINFO ; (15:54:41:917 |    0)        VOICE:    1    99;      1945; GetCodec() => plname=L16, pacsize=80, plfreq=8000, pltype=107, channels=1, rate=128000
04-29 15:54:41.917  1945  1945 I MME     : STATEINFO ; (15:54:41:917 |    0)        VOICE:    1    99;      1945; GetCodec() => plname=L16, pacsize=160, plfreq=16000, pltype=108, channels=1, rate=256000
04-29 15:54:41.918  1945  1945 I MME     : STATEINFO ; (15:54:41:918 |    1)        VOICE:    1    99;      1945; GetCodec() => plname=L16, pacsize=320, plfreq=32000, pltype=109, channels=1, rate=512000
04-29 15:54:41.918  1428  2031 D TelephonyManager: getDataEnabled: retVal=true
04-29 15:54:41.918  1945  1945 I MME     : STATEINFO ; (15:54:41:918 |    0)        VOICE:    1    99;      1945; GetCodec() => plname=L16, pacsize=80, plfreq=8000, pltype=111, channels=2, rate=128000
04-29 15:54:41.918  1945  1945 I MME     : STATEINFO ; (15:54:41:918 |    0)        VOICE:    1    99;      1945; GetCodec() => plname=L16, pacsize=160, plfreq=16000, pltype=112, channels=2, rate=256000
04-29 15:54:41.918  1945  1945 I MME     : STATEINFO ; (15:54:41:918 |    0)        VOICE:    1    99;      1945; GetCodec() => plname=L16, pacsize=320, plfreq=32000, pltype=113, channels=2, rate=512000
04-29 15:54:41.918  1428  2031 D QSTile.DataConnectionTile: dataConnected = true
04-29 15:54:41.918  1945  1945 I MME     : STATEINFO ; (15:54:41:918 |    0)        VOICE:    1    99;      1945; GetCodec() => plname=PCMU, pacsize=160, plfreq=8000, pltype=0, channels=1, rate=64000
04-29 15:54:41.918  1945  1945 I MME     : APICALL   ; (15:54:41:918 |    1)        VOICE:    1    99;      1945; NumOfCodecs()
04-29 15:54:41.918  1945  1945 I MME     : STATEINFO ; (15:54:41:918 |    0)        VOICE:    1    99;      1945; NumOfCodecs() => 24
04-29 15:54:41.918  1945  1945 I MME     : STATEINFO ; (15:54:41:918 |    0)        VOICE:    1    99;      1945; GetCodec() => plname=ISAC, pacsize=480, plfreq=16000, pltype=65, channels=1, rate=32000
04-29 15:54:41.918  1945  1945 I MME     : STATEINFO ; (15:54:41:918 |    0)        VOICE:    1    99;      1945; GetCodec() => plname=ISAC, pacsize=960, plfreq=32000, pltype=66, channels=1, rate=56000
04-29 15:54:41.919  1945  1945 I MME     : STATEINFO ; (15:54:41:918 |    0)        VOICE:    1    99;      1945; GetCodec() => plname=ISAC, pacsize=1440, plfreq=48000, pltype=67, channels=1, rate=56000
04-29 15:54:41.919  1945  1945 I MME     : STATEINFO ; (15:54:41:919 |    1)        VOICE:    1    99;      1945; GetCodec() => plname=L16, pacsize=80, plfreq=8000, pltype=107, channels=1, rate=128000
04-29 15:54:41.919  1945  1945 I MME     : STATEINFO ; (15:54:41:919 |    0)        VOICE:    1    99;      1945; GetCodec() => plname=L16, pacsize=160, plfreq=16000, pltype=108, channels=1, rate=256000
04-29 15:54:41.919  1945  1945 I MME     : STATEINFO ; (15:54:41:919 |    0)        VOICE:    1    99;      1945; GetCodec() => plname=L16, pacsize=320, plfreq=32000, pltype=109, channels=1, rate=512000
04-29 15:54:41.919  1945  1945 I MME     : STATEINFO ; (15:54:41:919 |    0)        VOICE:    1    99;      1945; GetCodec() => plname=L16, pacsize=80, plfreq=8000, pltype=111, channels=2, rate=128000
04-29 15:54:41.919  1945  1945 I MME     : STATEINFO ; (15:54:41:919 |    0)        VOICE:    1    99;      1945; GetCodec() => plname=L16, pacsize=160, plfreq=16000, pltype=112, channels=2, rate=256000
04-29 15:54:41.919  1945  1945 I MME     : STATEINFO ; (15:54:41:919 |    0)        VOICE:    1    99;      1945; GetCodec() => plname=L16, pacsize=320, plfreq=32000, pltype=113, channels=2, rate=512000
04-29 15:54:41.919  1945  1945 I MME     : STATEINFO ; (15:54:41:919 |    0)        VOICE:    1    99;      1945; GetCodec() => plname=PCMU, pacsize=160, plfreq=8000, pltype=0, channels=1, rate=64000
04-29 15:54:41.919  1945  1945 I MME     : STATEINFO ; (15:54:41:919 |    0)        VOICE:    1    99;      1945; GetCodec() => plname=PCMA, pacsize=160, plfreq=8000, pltype=8, channels=1, rate=64000
04-29 15:54:41.919  1945  1945 I MME     : APICALL   ; (15:54:41:919 |    1)        VOICE:    1    99;      1945; NumOfCodecs()
04-29 15:54:41.920  1945  1945 I MME     : STATEINFO ; (15:54:41:919 |    0)        VOICE:    1    99;      1945; NumOfCodecs() => 24
04-29 15:54:41.920  1945  1945 I MME     : STATEINFO ; (15:54:41:920 |    1)        VOICE:    1    99;      1945; GetCodec() => plname=ISAC, pacsize=480, plfreq=16000, pltype=65, channels=1, rate=32000
04-29 15:54:41.920  1945  1945 I MME     : STATEINFO ; (15:54:41:920 |    0)        VOICE:    1    99;      1945; GetCodec() => plname=ISAC, pacsize=960, plfreq=32000, pltype=66, channels=1, rate=56000
04-29 15:54:41.920  1945  1945 I MME     : STATEINFO ; (15:54:41:920 |    0)        VOICE:    1    99;      1945; GetCodec() => plname=ISAC, pacsize=1440, plfreq=48000, pltype=67, channels=1, rate=56000
04-29 15:54:41.920  1945  1945 I MME     : STATEINFO ; (15:54:41:920 |    0)        VOICE:    1    99;      1945; GetCodec() => plname=L16, pacsize=80, plfreq=8000, pltype=107, channels=1, rate=128000
04-29 15:54:41.920  1945  1945 I MME     : STATEINFO ; (15:54:41:920 |    0)        VOICE:    1    99;      1945; GetCodec() => plname=L16, pacsize=160, plfreq=16000, pltype=108, channels=1, rate=256000
04-29 15:54:41.920  1945  1945 I MME     : STATEINFO ; (15:54:41:920 |    0)        VOICE:    1    99;      1945; GetCodec() => plname=L16, pacsize=320, plfreq=32000, pltype=109, channels=1, rate=512000
04-29 15:54:41.920  1945  1945 I MME     : STATEINFO ; (15:54:41:920 |    0)        VOICE:    1    99;      1945; GetCodec() => plname=L16, pacsize=80, plfreq=8000, pltype=111, channels=2, rate=128000
04-29 15:54:41.920  1945  1945 I MME     : STATEINFO ; (15:54:41:920 |    0)        VOICE:    1    99;      1945; GetCodec() => plname=L16, pacsize=160, plfreq=16000, pltype=112, channels=2, rate=256000
04-29 15:54:41.920  1945  1945 I MME     : STATEINFO ; (15:54:41:920 |    0)        VOICE:    1    99;      1945; GetCodec() => plname=L16, pacsize=320, plfreq=32000, pltype=113, channels=2, rate=512000
04-29 15:54:41.921  1945  1945 I MME     : STATEINFO ; (15:54:41:920 |    0)        VOICE:    1    99;      1945; GetCodec() => plname=PCMU, pacsize=160, plfreq=8000, pltype=0, channels=1, rate=64000
04-29 15:54:41.921  1945  1945 I MME     : STATEINFO ; (15:54:41:921 |    1)        VOICE:    1    99;      1945; GetCodec() => plname=PCMA, pacsize=160, plfreq=8000, pltype=8, channels=1, rate=64000
04-29 15:54:41.923  1945  1945 I MME     : STATEINFO ; (15:54:41:923 |    2)        VOICE:    1    99;      1945; GetCodec() => plname=PCMU, pacsize=160, plfreq=8000, pltype=110, channels=2, rate=64000
04-29 15:54:41.923  1945  1945 I MME     : STATEINFO ; (15:54:41:923 |    0)        VOICE:    1    99;      1945; GetCodec() => plname=PCMA, pacsize=160, plfreq=8000, pltype=118, channels=2, rate=64000
04-29 15:54:41.923  1945  1945 I MME     : STATEINFO ; (15:54:41:923 |    0)        VOICE:    1    99;      1945; GetCodec() => plname=ILBC, pacsize=240, plfreq=8000, pltype=102, channels=1, rate=13300
04-29 15:54:41.923  1945  1945 I MME     : STATEINFO ; (15:54:41:923 |    0)        VOICE:    1    99;      1945; GetCodec() => plname=AMR, pacsize=160, plfreq=8000, pltype=103, channels=1, rate=12200
04-29 15:54:41.923  1945  1945 I MME     : STATEINFO ; (15:54:41:923 |    0)        VOICE:    1    99;      1945; GetCodec() => plname=AMR-WB, pacsize=320, plfreq=16000, pltype=104, channels=1, rate=19850
04-29 15:54:41.923  1945  1945 I MME     : STATEINFO ; (15:54:41:923 |    0)        VOICE:    1    99;      1945; GetCodec() => plname=G722, pacsize=320, plfreq=16000, pltype=9, channels=1, rate=64000
04-29 15:54:41.923  1945  1945 I MME     : STATEINFO ; (15:54:41:923 |    0)        VOICE:    1    99;      1945; GetCodec() => plname=G722, pacsize=320, plfreq=16000, pltype=119, channels=2, rate=64000
04-29 15:54:41.924  1945  1945 I MME     : STATEINFO ; (15:54:41:924 |    1)        VOICE:    1    99;      1945; GetCodec() => plname=opus, pacsize=960, plfreq=48000, pltype=120, channels=2, rate=64000
04-29 15:54:41.924  1945  1945 I MME     : STATEINFO ; (15:54:41:924 |    0)        VOICE:    1    99;      1945; GetCodec() => plname=CN, pacsize=240, plfreq=8000, pltype=13, channels=1, rate=0
04-29 15:54:41.924  1945  1945 I MME     : STATEINFO ; (15:54:41:924 |    0)        VOICE:    1    99;      1945; GetCodec() => plname=CN, pacsize=480, plfreq=16000, pltype=98, channels=1, rate=0
04-29 15:54:41.924  1945  1945 I MME     : STATEINFO ; (15:54:41:924 |    0)        VOICE:    1    99;      1945; GetCodec() => plname=CN, pacsize=960, plfreq=32000, pltype=99, channels=1, rate=0
04-29 15:54:41.924  1945  1945 I MME     : STATEINFO ; (15:54:41:924 |    0)        VOICE:    1    99;      1945; GetCodec() => plname=telephone-event, pacsize=240, plfreq=8000, pltype=106, channels=1, rate=0
04-29 15:54:41.924  1945  1945 I MME     : STATEINFO ; (15:54:41:924 |    0)        VOICE:    1    99;      1945; GetCodec() => plname=red, pacsize=0, plfreq=8000, pltype=114, channels=1, rate=0
04-29 15:54:41.924  1945  1945 I MME     : APICALL   ; (15:54:41:924 |    5)        VOICE:    1    99;      1945; NumOfCodecs()
04-29 15:54:41.924  1945  1945 I MME     : STATEINFO ; (15:54:41:924 |    0)        VOICE:    1    99;      1945; NumOfCodecs() => 24
04-29 15:54:41.924  1945  1945 I MME     : STATEINFO ; (15:54:41:924 |    0)        VOICE:    1    99;      1945; GetCodec() => plname=ISAC, pacsize=480, plfreq=16000, pltype=65, channels=1, rate=32000
04-29 15:54:41.924  1945  1945 I MME     : STATEINFO ; (15:54:41:924 |    0)        VOICE:    1    99;      1945; GetCodec() => plname=ISAC, pacsize=960, plfreq=32000, pltype=66, channels=1, rate=56000
04-29 15:54:41.924  1945  1945 I MME     : STATEINFO ; (15:54:41:924 |    0)        VOICE:    1    99;      1945; GetCodec() => plname=ISAC, pacsize=1440, plfreq=48000, pltype=67, channels=1, rate=56000
04-29 15:54:41.925  1945  1945 I MME     : STATEINFO ; (15:54:41:925 |    1)        VOICE:    1    99;      1945; GetCodec() => plname=L16, pacsize=80, plfreq=8000, pltype=107, channels=1, rate=128000
04-29 15:54:41.925  1945  1945 I MME     : STATEINFO ; (15:54:41:925 |    0)        VOICE:    1    99;      1945; GetCodec() => plname=L16, pacsize=160, plfreq=16000, pltype=108, channels=1, rate=256000
04-29 15:54:41.925  1945  1945 I MME     : STATEINFO ; (15:54:41:925 |    0)        VOICE:    1    99;      1945; GetCodec() => plname=L16, pacsize=320, plfreq=32000, pltype=109, channels=1, rate=512000
04-29 15:54:41.925  1945  1945 I MME     : STATEINFO ; (15:54:41:925 |    0)        VOICE:    1    99;      1945; GetCodec() => plname=L16, pacsize=80, plfreq=8000, pltype=111, channels=2, rate=128000
04-29 15:54:41.925  1945  1945 I MME     : STATEINFO ; (15:54:41:925 |    0)        VOICE:    1    99;      1945; GetCodec() => plname=L16, pacsize=160, plfreq=16000, pltype=112, channels=2, rate=256000
04-29 15:54:41.925  1945  1945 I MME     : STATEINFO ; (15:54:41:925 |    0)        VOICE:    1    99;      1945; GetCodec() => plname=L16, pacsize=320, plfreq=32000, pltype=113, channels=2, rate=512000
04-29 15:54:41.925  1945  1945 I MME     : STATEINFO ; (15:54:41:925 |    0)        VOICE:    1    99;      1945; GetCodec() => plname=PCMU, pacsize=160, plfreq=8000, pltype=0, channels=1, rate=64000
04-29 15:54:41.925  1945  1945 I MME     : STATEINFO ; (15:54:41:925 |    0)        VOICE:    1    99;      1945; GetCodec() => plname=PCMA, pacsize=160, plfreq=8000, pltype=8, channels=1, rate=64000
04-29 15:54:41.926  1945  1945 I MME     : STATEINFO ; (15:54:41:925 |    0)        VOICE:    1    99;      1945; GetCodec() => plname=PCMU, pacsize=160, plfreq=8000, pltype=110, channels=2, rate=64000
04-29 15:54:41.926  1945  1945 I MME     : STATEINFO ; (15:54:41:926 |    1)        VOICE:    1    99;      1945; GetCodec() => plname=PCMA, pacsize=160, plfreq=8000, pltype=118, channels=2, rate=64000
04-29 15:54:41.926  1945  1945 I MME     : STATEINFO ; (15:54:41:926 |    0)        VOICE:    1    99;      1945; GetCodec() => plname=ILBC, pacsize=240, plfreq=8000, pltype=102, channels=1, rate=13300
04-29 15:54:41.926  1945  1945 I MME     : STATEINFO ; (15:54:41:926 |    0)        VOICE:    1    99;      1945; GetCodec() => plname=AMR, pacsize=160, plfreq=8000, pltype=103, channels=1, rate=12200
04-29 15:54:41.926  1945  1945 I MME     : STATEINFO ; (15:54:41:926 |    0)        VOICE:    1    99;      1945; GetCodec() => plname=AMR-WB, pacsize=320, plfreq=16000, pltype=104, channels=1, rate=19850
04-29 15:54:41.926  1945  1945 I MME     : STATEINFO ; (15:54:41:926 |    0)        VOICE:    1    99;      1945; GetCodec() => plname=G722, pacsize=320, plfreq=16000, pltype=9, channels=1, rate=64000
04-29 15:54:41.926  1945  1945 I MME     : APICALL   ; (15:54:41:926 |    2)        VOICE:    1    99;      1945; NumOfCodecs()
04-29 15:54:41.926  1945  1945 I MME     : STATEINFO ; (15:54:41:926 |    0)        VOICE:    1    99;      1945; NumOfCodecs() => 24
04-29 15:54:41.926  1945  1945 I MME     : STATEINFO ; (15:54:41:926 |    0)        VOICE:    1    99;      1945; GetCodec() => plname=ISAC, pacsize=480, plfreq=16000, pltype=65, channels=1, rate=32000
04-29 15:54:41.926  1945  1945 I MME     : STATEINFO ; (15:54:41:926 |    0)        VOICE:    1    99;      1945; GetCodec() => plname=ISAC, pacsize=960, plfreq=32000, pltype=66, channels=1, rate=56000
04-29 15:54:41.926  1945  1945 I MME     : STATEINFO ; (15:54:41:926 |    0)        VOICE:    1    99;      1945; GetCodec() => plname=ISAC, pacsize=1440, plfreq=48000, pltype=67, channels=1, rate=56000
04-29 15:54:41.926  1945  1945 I MME     : STATEINFO ; (15:54:41:926 |    0)        VOICE:    1    99;      1945; GetCodec() => plname=L16, pacsize=80, plfreq=8000, pltype=107, channels=1, rate=128000
04-29 15:54:41.926  1945  1945 I MME     : STATEINFO ; (15:54:41:926 |    0)        VOICE:    1    99;      1945; GetCodec() => plname=L16, pacsize=160, plfreq=16000, pltype=108, channels=1, rate=256000
04-29 15:54:41.927  1945  1945 I MME     : STATEINFO ; (15:54:41:927 |    1)        VOICE:    1    99;      1945; GetCodec() => plname=L16, pacsize=320, plfreq=32000, pltype=109, channels=1, rate=512000
04-29 15:54:41.927  1945  1945 I MME     : STATEINFO ; (15:54:41:927 |    0)        VOICE:    1    99;      1945; GetCodec() => plname=L16, pacsize=80, plfreq=8000, pltype=111, channels=2, rate=128000
04-29 15:54:41.927  1945  1945 I MME     : STATEINFO ; (15:54:41:927 |    0)        VOICE:    1    99;      1945; GetCodec() => plname=L16, pacsize=160, plfreq=16000, pltype=112, channels=2, rate=256000
04-29 15:54:41.927  1945  1945 I MME     : STATEINFO ; (15:54:41:927 |    0)        VOICE:    1    99;      1945; GetCodec() => plname=L16, pacsize=320, plfreq=32000, pltype=113, channels=2, rate=512000
04-29 15:54:41.927  1945  1945 I MME     : STATEINFO ; (15:54:41:927 |    0)        VOICE:    1    99;      1945; GetCodec() => plname=PCMU, pacsize=160, plfreq=8000, pltype=0, channels=1, rate=64000
04-29 15:54:41.927  1945  1945 I MME     : STATEINFO ; (15:54:41:927 |    0)        VOICE:    1    99;      1945; GetCodec() => plname=PCMA, pacsize=160, plfreq=8000, pltype=8, channels=1, rate=64000
04-29 15:54:41.927  1945  1945 I MME     : STATEINFO ; (15:54:41:927 |    0)        VOICE:    1    99;      1945; GetCodec() => plname=PCMU, pacsize=160, plfreq=8000, pltype=110, channels=2, rate=64000
04-29 15:54:41.927  1945  1945 I MME     : STATEINFO ; (15:54:41:927 |    0)        VOICE:    1    99;      1945; GetCodec() => plname=PCMA, pacsize=160, plfreq=8000, pltype=118, channels=2, rate=64000
04-29 15:54:41.927  1945  1945 I MME     : STATEINFO ; (15:54:41:927 |    0)        VOICE:    1    99;      1945; GetCodec() => plname=ILBC, pacsize=240, plfreq=8000, pltype=102, channels=1, rate=13300
04-29 15:54:41.927  1945  1945 I MME     : STATEINFO ; (15:54:41:927 |    0)        VOICE:    1    99;      1945; GetCodec() => plname=AMR, pacsize=160, plfreq=8000, pltype=103, channels=1, rate=12200
04-29 15:54:41.927  1945  1945 I MME     : STATEINFO ; (15:54:41:927 |    0)        VOICE:    1    99;      1945; GetCodec() => plname=AMR-WB, pacsize=320, plfreq=16000, pltype=104, channels=1, rate=19850
04-29 15:54:41.927  1945  1945 I MME     : STATEINFO ; (15:54:41:927 |    0)        VOICE:    1    99;      1945; GetCodec() => plname=G722, pacsize=320, plfreq=16000, pltype=9, channels=1, rate=64000
04-29 15:54:41.928  1945  1945 I MME     : STATEINFO ; (15:54:41:928 |    1)        VOICE:    1    99;      1945; GetCodec() => plname=G722, pacsize=320, plfreq=16000, pltype=119, channels=2, rate=64000
04-29 15:54:41.928  1945  1945 I MME     : STATEINFO ; (15:54:41:928 |    0)        VOICE:    1    99;      1945; GetCodec() => plname=opus, pacsize=960, plfreq=48000, pltype=120, channels=2, rate=64000
04-29 15:54:41.928  1945  1945 I MME     : APICALL   ; (15:54:41:928 |    2)        VOICE:    1    99;      1945; NumOfCodecs()
04-29 15:54:41.928  1945  1945 I MME     : STATEINFO ; (15:54:41:928 |    0)        VOICE:    1    99;      1945; NumOfCodecs() => 24
04-29 15:54:41.928  1945  1945 I MME     : STATEINFO ; (15:54:41:928 |    0)        VOICE:    1    99;      1945; GetCodec() => plname=ISAC, pacsize=480, plfreq=16000, pltype=65, channels=1, rate=32000
04-29 15:54:41.928  1945  1945 I MME     : STATEINFO ; (15:54:41:928 |    0)        VOICE:    1    99;      1945; GetCodec() => plname=ISAC, pacsize=960, plfreq=32000, pltype=66, channels=1, rate=56000
04-29 15:54:41.928  1945  1945 I MME     : STATEINFO ; (15:54:41:928 |    0)        VOICE:    1    99;      1945; GetCodec() => plname=ISAC, pacsize=1440, plfreq=48000, pltype=67, channels=1, rate=56000
04-29 15:54:41.929  1945  1945 I MME     : STATEINFO ; (15:54:41:928 |    0)        VOICE:    1    99;      1945; GetCodec() => plname=L16, pacsize=80, plfreq=8000, pltype=107, channels=1, rate=128000
04-29 15:54:41.929  1945  1945 I MME     : STATEINFO ; (15:54:41:929 |    1)        VOICE:    1    99;      1945; GetCodec() => plname=L16, pacsize=160, plfreq=16000, pltype=108, channels=1, rate=256000
04-29 15:54:41.929  1945  1945 I MME     : STATEINFO ; (15:54:41:929 |    0)        VOICE:    1    99;      1945; GetCodec() => plname=L16, pacsize=320, plfreq=32000, pltype=109, channels=1, rate=512000
04-29 15:54:41.929  1945  1945 I MME     : STATEINFO ; (15:54:41:929 |    0)        VOICE:    1    99;      1945; GetCodec() => plname=L16, pacsize=80, plfreq=8000, pltype=111, channels=2, rate=128000
04-29 15:54:41.929  1945  1945 I MME     : STATEINFO ; (15:54:41:929 |    0)        VOICE:    1    99;      1945; GetCodec() => plname=L16, pacsize=160, plfreq=16000, pltype=112, channels=2, rate=256000
04-29 15:54:41.929  1945  1945 I MME     : STATEINFO ; (15:54:41:929 |    0)        VOICE:    1    99;      1945; GetCodec() => plname=L16, pacsize=320, plfreq=32000, pltype=113, channels=2, rate=512000
04-29 15:54:41.929  1945  1945 I MME     : STATEINFO ; (15:54:41:929 |    0)        VOICE:    1    99;      1945; GetCodec() => plname=PCMU, pacsize=160, plfreq=8000, pltype=0, channels=1, rate=64000
04-29 15:54:41.929  1945  1945 I MME     : STATEINFO ; (15:54:41:929 |    0)        VOICE:    1    99;      1945; GetCodec() => plname=PCMA, pacsize=160, plfreq=8000, pltype=8, channels=1, rate=64000
04-29 15:54:41.929  1945  1945 I MME     : STATEINFO ; (15:54:41:929 |    0)        VOICE:    1    99;      1945; GetCodec() => plname=PCMU, pacsize=160, plfreq=8000, pltype=110, channels=2, rate=64000
04-29 15:54:41.929  1945  1945 I MME     : STATEINFO ; (15:54:41:929 |    0)        VOICE:    1    99;      1945; GetCodec() => plname=PCMA, pacsize=160, plfreq=8000, pltype=118, channels=2, rate=64000
04-29 15:54:41.930  1945  1945 I MME     : STATEINFO ; (15:54:41:929 |    0)        VOICE:    1    99;      1945; GetCodec() => plname=ILBC, pacsize=240, plfreq=8000, pltype=102, channels=1, rate=13300
04-29 15:54:41.930  1945  1945 I MME     : STATEINFO ; (15:54:41:930 |    1)        VOICE:    1    99;      1945; GetCodec() => plname=AMR, pacsize=160, plfreq=8000, pltype=103, channels=1, rate=12200
04-29 15:54:41.930  1945  1945 I MME     : APICALL   ; (15:54:41:930 |    2)        VOICE:    1    99;      1945; NumOfCodecs()
04-29 15:54:41.930  1945  1945 I MME     : STATEINFO ; (15:54:41:930 |    0)        VOICE:    1    99;      1945; NumOfCodecs() => 24
04-29 15:54:41.930  1945  1945 I MME     : STATEINFO ; (15:54:41:930 |    0)        VOICE:    1    99;      1945; GetCodec() => plname=ISAC, pacsize=480, plfreq=16000, pltype=65, channels=1, rate=32000
04-29 15:54:41.930  1945  1945 I MME     : STATEINFO ; (15:54:41:930 |    0)        VOICE:    1    99;      1945; GetCodec() => plname=ISAC, pacsize=960, plfreq=32000, pltype=66, channels=1, rate=56000
04-29 15:54:41.930  1945  1945 I MME     : STATEINFO ; (15:54:41:930 |    0)        VOICE:    1    99;      1945; GetCodec() => plname=ISAC, pacsize=1440, plfreq=48000, pltype=67, channels=1, rate=56000
04-29 15:54:41.930  1945  1945 I MME     : STATEINFO ; (15:54:41:930 |    0)        VOICE:    1    99;      1945; GetCodec() => plname=L16, pacsize=80, plfreq=8000, pltype=107, channels=1, rate=128000
04-29 15:54:41.930  1945  1945 I MME     : STATEINFO ; (15:54:41:930 |    0)        VOICE:    1    99;      1945; GetCodec() => plname=L16, pacsize=160, plfreq=16000, pltype=108, channels=1, rate=256000
04-29 15:54:41.930  1945  1945 I MME     : STATEINFO ; (15:54:41:930 |    0)        VOICE:    1    99;      1945; GetCodec() => plname=L16, pacsize=320, plfreq=32000, pltype=109, channels=1, rate=512000
04-29 15:54:41.930  1945  1945 I MME     : STATEINFO ; (15:54:41:930 |    0)        VOICE:    1    99;      1945; GetCodec() => plname=L16, pacsize=80, plfreq=8000, pltype=111, channels=2, rate=128000
04-29 15:54:41.930  1945  1945 I MME     : STATEINFO ; (15:54:41:930 |    0)        VOICE:    1    99;      1945; GetCodec() => plname=L16, pacsize=160, plfreq=16000, pltype=112, channels=2, rate=256000
04-29 15:54:41.931  1945  1945 I MME     : STATEINFO ; (15:54:41:930 |    0)        VOICE:    1    99;      1945; GetCodec() => plname=L16, pacsize=320, plfreq=32000, pltype=113, channels=2, rate=512000
04-29 15:54:41.931  1945  1945 I MME     : STATEINFO ; (15:54:41:931 |    1)        VOICE:    1    99;      1945; GetCodec() => plname=PCMU, pacsize=160, plfreq=8000, pltype=0, channels=1, rate=64000
04-29 15:54:41.931  1945  1945 I MME     : STATEINFO ; (15:54:41:931 |    0)        VOICE:    1    99;      1945; GetCodec() => plname=PCMA, pacsize=160, plfreq=8000, pltype=8, channels=1, rate=64000
04-29 15:54:41.931  1945  1945 I MME     : STATEINFO ; (15:54:41:931 |    0)        VOICE:    1    99;      1945; GetCodec() => plname=PCMU, pacsize=160, plfreq=8000, pltype=110, channels=2, rate=64000
04-29 15:54:41.931  1945  1945 I MME     : STATEINFO ; (15:54:41:931 |    0)        VOICE:    1    99;      1945; GetCodec() => plname=PCMA, pacsize=160, plfreq=8000, pltype=118, channels=2, rate=64000
04-29 15:54:41.931  1945  1945 I MME     : STATEINFO ; (15:54:41:931 |    0)        VOICE:    1    99;      1945; GetCodec() => plname=ILBC, pacsize=240, plfreq=8000, pltype=102, channels=1, rate=13300
04-29 15:54:41.931  1945  1945 I MME     : STATEINFO ; (15:54:41:931 |    0)        VOICE:    1    99;      1945; GetCodec() => plname=AMR, pacsize=160, plfreq=8000, pltype=103, channels=1, rate=12200
04-29 15:54:41.931  1945  1945 I MME     : STATEINFO ; (15:54:41:931 |    0)        VOICE:    1    99;      1945; GetCodec() => plname=AMR-WB, pacsize=320, plfreq=16000, pltype=104, channels=1, rate=19850
04-29 15:54:41.932  1945  1945 I MME     : APICALL   ; (15:54:41:931 |    1)        VOICE:    1    99;      1945; NumOfCodecs()
04-29 15:54:41.932  1945  1945 I MME     : STATEINFO ; (15:54:41:932 |    1)        VOICE:    1    99;      1945; NumOfCodecs() => 24
04-29 15:54:41.932  1945  1945 I MME     : STATEINFO ; (15:54:41:932 |    0)        VOICE:    1    99;      1945; GetCodec() => plname=ISAC, pacsize=480, plfreq=16000, pltype=65, channels=1, rate=32000
04-29 15:54:41.932  1945  1945 I MME     : STATEINFO ; (15:54:41:932 |    0)        VOICE:    1    99;      1945; GetCodec() => plname=ISAC, pacsize=960, plfreq=32000, pltype=66, channels=1, rate=56000
04-29 15:54:41.932  1945  1945 I MME     : STATEINFO ; (15:54:41:932 |    0)        VOICE:    1    99;      1945; GetCodec() => plname=ISAC, pacsize=1440, plfreq=48000, pltype=67, channels=1, rate=56000
04-29 15:54:41.932  1945  1945 I MME     : STATEINFO ; (15:54:41:932 |    0)        VOICE:    1    99;      1945; GetCodec() => plname=L16, pacsize=80, plfreq=8000, pltype=107, channels=1, rate=128000
04-29 15:54:41.932  1945  1945 I MME     : STATEINFO ; (15:54:41:932 |    0)        VOICE:    1    99;      1945; GetCodec() => plname=L16, pacsize=160, plfreq=16000, pltype=108, channels=1, rate=256000
04-29 15:54:41.932  1945  1945 I MME     : STATEINFO ; (15:54:41:932 |    0)        VOICE:    1    99;      1945; GetCodec() => plname=L16, pacsize=320, plfreq=32000, pltype=109, channels=1, rate=512000
04-29 15:54:41.932  1945  1945 I MME     : STATEINFO ; (15:54:41:932 |    0)        VOICE:    1    99;      1945; GetCodec() => plname=L16, pacsize=80, plfreq=8000, pltype=111, channels=2, rate=128000
04-29 15:54:41.932  1945  1945 I MME     : STATEINFO ; (15:54:41:932 |    0)        VOICE:    1    99;      1945; GetCodec() => plname=L16, pacsize=160, plfreq=16000, pltype=112, channels=2, rate=256000
04-29 15:54:41.933  1945  1945 I MME     : STATEINFO ; (15:54:41:932 |    0)        VOICE:    1    99;      1945; GetCodec() => plname=L16, pacsize=320, plfreq=32000, pltype=113, channels=2, rate=512000
04-29 15:54:41.933  1945  1945 I MME     : STATEINFO ; (15:54:41:933 |    1)        VOICE:    1    99;      1945; GetCodec() => plname=PCMU, pacsize=160, plfreq=8000, pltype=0, channels=1, rate=64000
04-29 15:54:41.933  1945  1945 I MME     : STATEINFO ; (15:54:41:933 |    0)        VOICE:    1    99;      1945; GetCodec() => plname=PCMA, pacsize=160, plfreq=8000, pltype=8, channels=1, rate=64000
04-29 15:54:41.933  1945  1945 I MME     : STATEINFO ; (15:54:41:933 |    0)        VOICE:    1    99;      1945; GetCodec() => plname=PCMU, pacsize=160, plfreq=8000, pltype=110, channels=2, rate=64000
04-29 15:54:41.933  1945  1945 I MME     : STATEINFO ; (15:54:41:933 |    0)        VOICE:    1    99;      1945; GetCodec() => plname=PCMA, pacsize=160, plfreq=8000, pltype=118, channels=2, rate=64000
04-29 15:54:41.933  1945  1945 I MME     : STATEINFO ; (15:54:41:933 |    0)        VOICE:    1    99;      1945; GetCodec() => plname=ILBC, pacsize=240, plfreq=8000, pltype=102, channels=1, rate=13300
04-29 15:54:41.933  1945  1945 I MME     : STATEINFO ; (15:54:41:933 |    0)        VOICE:    1    99;      1945; GetCodec() => plname=AMR, pacsize=160, plfreq=8000, pltype=103, channels=1, rate=12200
04-29 15:54:41.933  1945  1945 I MME     : STATEINFO ; (15:54:41:933 |    0)        VOICE:    1    99;      1945; GetCodec() => plname=AMR-WB, pacsize=320, plfreq=16000, pltype=104, channels=1, rate=19850
04-29 15:54:41.934  1945  1945 I MME     : STATEINFO ; (15:54:41:934 |    1)        VOICE:    1    99;      1945; GetCodec() => plname=G722, pacsize=320, plfreq=16000, pltype=9, channels=1, rate=64000
04-29 15:54:41.934  1945  1945 I MME     : STATEINFO ; (15:54:41:934 |    0)        VOICE:    1    99;      1945; GetCodec() => plname=G722, pacsize=320, plfreq=16000, pltype=119, channels=2, rate=64000
04-29 15:54:41.934  1945  1945 I MME     : STATEINFO ; (15:54:41:934 |    0)        VOICE:    1    99;      1945; GetCodec() => plname=opus, pacsize=960, plfreq=48000, pltype=120, channels=2, rate=64000
04-29 15:54:41.934  1945  1945 I MME     : STATEINFO ; (15:54:41:934 |    0)        VOICE:    1    99;      1945; GetCodec() => plname=CN, pacsize=240, plfreq=8000, pltype=13, channels=1, rate=0
04-29 15:54:41.934  1945  1945 I MME     : STATEINFO ; (15:54:41:934 |    0)        VOICE:    1    99;      1945; GetCodec() => plname=CN, pacsize=480, plfreq=16000, pltype=98, channels=1, rate=0
04-29 15:54:41.934  1945  1945 I MME     : STATEINFO ; (15:54:41:934 |    0)        VOICE:    1    99;      1945; GetCodec() => plname=CN, pacsize=960, plfreq=32000, pltype=99, channels=1, rate=0
04-29 15:54:41.934  1945  1945 I MME     : STATEINFO ; (15:54:41:934 |    0)        VOICE:    1    99;      1945; GetCodec() => plname=telephone-event, pacsize=240, plfreq=8000, pltype=106, channels=1, rate=0
04-29 15:54:41.935  1945  1945 I MME     : APICALL   ; (15:54:41:934 |    3)        VOICE:    1    99;      1945; SetEcStatus(enable=1, mode=3)
04-29 15:54:41.947  1163  1220 I chatty  : uid=1000(system) android.bg expire 9 lines
04-29 15:54:41.940  1945  1945 I MME     : APICALL   ; (15:54:41:940 |    6)        VOICE:    1    99;      1945; SetEcStatus(enable=1, mode=3)
04-29 15:54:41.967  1945  1945 I MME     : APICALL   ; (15:54:41:967 |   27)        VOICE:    1    99;      1945; SetAgcStatus(enable=1, mode=4)
04-29 15:54:41.967  1945  1945 I MME     : APICALL   ; (15:54:41:967 |    0)        VOICE:    1    99;      1945; SetAgcStatus(enable=1, mode=4)
04-29 15:54:41.968  1945  1945 I MME     : APICALL   ; (15:54:41:968 |    1)        VOICE:    1    99;      1945; SetNsStatus(enable=1, mode=5)
04-29 15:54:41.970  1945  1945 I MME     : APICALL   ; (15:54:41:968 |    0)        VOICE:    1    99;      1945; SetNsStatus(enable=1, mode=5)
04-29 15:54:42.005   267   486 E DrmOmaPlugIn: DrmOmaPlugIn::onInitialize : 7348
04-29 15:54:42.005   267   486 E DrmOmaPlugIn: DrmOmaPlugIn::onSetOnInfoListener : 7348
04-29 15:54:42.006  2036  2036 W System  : ClassLoader referenced unknown path: /system/priv-app/CellBroadcastReceiver/lib/arm
04-29 15:54:42.007  1163  1326 I chatty  : uid=1000(system) InputReader expire 2 lines
04-29 15:54:42.009  1383  1383 I VoWifiSecurityS2bManager: onServiceConnected
04-29 15:54:42.009  1383  1383 I VoWifiSecurityS2bManager: onServiceConnected 1
04-29 15:54:42.015   267   267 E DrmOmaPlugIn: DrmOmaPlugIn::onOpenDecryptSession() : offset:0, length:5837, fd:10
04-29 15:54:42.016   267   267 E         : DcfParser::parse (null), fd: 12
04-29 15:54:42.016   267   267 E         : DcfParser::parse (null), version: 79
04-29 15:54:42.016   267   267 E DrmOmaPlugIn: DrmOmaPlugIn::onOpenDecryptSession() : dcf parse error
04-29 15:54:42.036   267   267 E DrmOmaPlugIn: DrmOmaPlugIn::onTerminate : 7348
04-29 15:54:42.054  2016  2016 I LatinIME: Hardware accelerated drawing: true
04-29 15:54:42.091  1163  2082 I chatty  : uid=1000 system_server expire 4 lines
04-29 15:54:42.110  1945  1945 D AccessibilityManager: getInstance() new sInstance = android.view.accessibility.AccessibilityManager@7ebab59, context = com.sprd.vowifi.security.SecurityApplication@620e70, userId = 0
04-29 15:54:42.133  1428  1428 D PhoneStatusBar: heads up is enabled
04-29 15:54:42.135  1428  1428 D KeyguardMusicManager: init KeyguardMusicManager
04-29 15:54:42.150  1428  2031 D QSTile.DataConnectionTile: defaultDataSubId = 2 isDefaultDataSimReady = false isDefaultDataStandby = false
04-29 15:54:42.188  1516  1516 E UserSwicthReceiver: ACTION_USER_SWITCHED
04-29 15:54:42.191  1383  1383 I VoWifiConnectManager: onServiceConnected success1
04-29 15:54:42.191  1383  1383 I VoWifiConnectManager: onServiceConnected success2
04-29 15:54:42.200  1933  1944 I chatty  : uid=1000(system) Binder_1 expire 2 lines
04-29 15:54:42.230   267   486 E DrmOmaPlugIn: DrmOmaPlugIn::onInitialize : 6948
04-29 15:54:42.230   267   486 E DrmOmaPlugIn: DrmOmaPlugIn::onSetOnInfoListener : 6948
04-29 15:54:42.231  1383  1383 I VoWifiRegisterManager: onServiceConnected
04-29 15:54:42.231  1383  1383 I VoWifiRegisterManager: onServiceConnected 1
