
============  16-03-18 18:45:52  ==============
03-18 18:45:37.693  1172  2309 I chatty  : uid=1000(system) AsyncTask #1 expire 2 lines
03-18 18:45:37.705  1436  1436 D KeyguardViewMediator: handleNotifyScreenTurnedOn
03-18 18:45:37.705  1436  1436 D SignalClusterView: subId = -1
03-18 18:45:37.705  1436  1436 D SignalClusterView: subId = -2
03-18 18:45:37.705  1436  1436 D SignalClusterView: validSimCount = 0, subs.size = 0
03-18 18:45:37.705  1436  1436 D SignalClusterView: Create PhoneState subId = -1
03-18 18:45:37.715  1172  2011 I chatty  : uid=1000(system) NetworkTimeUpda expire 1 line
03-18 18:45:37.906  1436  1436 D SignalClusterView: PhoneState, showSimColor: false
03-18 18:45:37.907  1436  1436 D SignalClusterView: Create PhoneState subId = -2
03-18 18:45:37.910  1436  1436 D SignalClusterView: PhoneState, showSimColor: false
03-18 18:45:37.910  1436  1436 D SignalClusterView: subId = -1
03-18 18:45:37.910  1436  1436 D SignalClusterView: subId = -2
03-18 18:45:37.910  1436  1436 D SignalClusterView: validSimCount = 0, subs.size = 0
03-18 18:45:37.910  1436  1436 D SignalClusterView: Create PhoneState subId = -1
03-18 18:45:37.917  1436  1436 D SignalClusterView: PhoneState, showSimColor: false
03-18 18:45:37.917  1436  1436 D SignalClusterView: Create PhoneState subId = -2
03-18 18:45:37.921  1436  1436 D SignalClusterView: PhoneState, showSimColor: false
03-18 18:45:37.922  1436  1436 D SignalClusterView: subId = -1
03-18 18:45:37.922  1436  1436 D SignalClusterView: subId = -2
03-18 18:45:37.922  1436  1436 D SignalClusterView: validSimCount = 0, subs.size = 0
03-18 18:45:37.922  1436  1436 D SignalClusterView: Create PhoneState subId = -1
03-18 18:45:37.925  1436  1436 D SignalClusterView: PhoneState, showSimColor: false
03-18 18:45:37.926  1436  1436 D SignalClusterView: Create PhoneState subId = -2
03-18 18:45:37.929  1436  1436 D SignalClusterView: PhoneState, showSimColor: false
03-18 18:45:37.935  1392  1833 D PhoneInterfaceManager: [PhoneIntfMgr] getDataEnabled: subId=2 phoneId=0
03-18 18:45:37.936  1436  1436 D KeyguardUpdateMonitor: handleKeyguardReset
03-18 18:45:37.936  1436  1436 D KeyguardUpdateMonitor: handleKeyguardVisibilityChanged(1)
03-18 18:45:37.946  1392  1833 D PhoneInterfaceManager: [PhoneIntfMgr] getDataEnabled: subId=2 retVal=true
03-18 18:45:37.951  1436  2092 D TelephonyManager: getDataEnabled: retVal=true
03-18 18:45:37.951  1436  2092 D QSTile.DataConnectionTile: dataConnected = true
03-18 18:45:37.982  2140  2140 D Launcher: ==== 6-screenid = -1  ,container = -1
03-18 18:45:37.988  1172  1534 I chatty  : uid=1000(system) Binder_5 expire 3 lines
03-18 18:45:38.033  1436  2092 D QSTile.DataConnectionTile: defaultDataSubId = 2 isDefaultDataSimReady = true isDefaultDataStandby = true
03-18 18:45:38.046  1436  2092 D QSTile.LteServiceTile: handleUpdateState: mLteEnabled = false isPrimaryCardUsim = true isPrimaryCardReady = true
03-18 18:45:38.063  1172  1330 I chatty  : uid=1000(system) AlarmManager expire 2 lines
03-18 18:45:38.106  1436  1436 D KeyguardUpdateMonitor: handleKeyguardBouncerChanged(0)
03-18 18:45:38.137  1436  1436 D PhoneStatusBar: disable: < expand* ICONS alerts SYSTEM_INFO back* HOME RECENT clock SEARCH quick_settings >
03-18 18:45:38.257  1436  1436 D CarriersTextLayout: updateCarrierText(): 0
03-18 18:45:38.257  1436  1436 D CarriersTextLayout: isAllCardsAbsent = false
03-18 18:45:38.257  1436  1436 D CarriersTextLayout: isShowFlightMode = false
03-18 18:45:38.268  1392  1392 D TeleUtils:  changeOperator: old value= Jio 4G
03-18 18:45:38.268  1392  1392 D TeleUtils:  changeOperator: itemList length is 4
03-18 18:45:38.268  1392  1392 D TeleUtils: changeOperator not found: original value= Jio 4G newName= Jio 4G
03-18 18:45:38.328  1392  1392 D CarrierConfigLoader: update config for phoneId: 0 simState: LOADED
03-18 18:45:38.329  1392  1392 D CarrierServiceBindHelper: update binding for phoneId: 0 simState: LOADED
03-18 18:45:38.358  1436  1436 D EmergencyButtons: InvalidSubPhoneStateListener: onServiceStateChanged(), serviceState = 3 3 voice home data home null null null null null null  Unknown Unknown CSS not supported -1 -1 RoamInd=-1 DefRoamInd=-1 EmergOnly=false IsDataRoamingFromRegistration=false
03-18 18:45:38.364  2287  2287 D ZMF     : Zmf_AudioOutputGetName
03-18 18:45:38.365  2287  2287 D ZMF     : ZmfAudio.outputGetName:0,[Ljava.lang.String;@e8ce4dd
03-18 18:45:38.365  2287  2287 D ZMF     : Zmf_AudioInputGetName
03-18 18:45:38.365  2287  2287 D ZMF     : ZmfAudio.inputGetName:0,[Ljava.lang.String;@fa6f852
03-18 18:45:38.393  1436  1436 D KeyguardUpdateMonitor: received broadcast android.intent.action.TIME_SET
03-18 18:45:38.429  2287  2287 D LEMON   : 18:45:38.429 RcsRegister: INFO: initialize
03-18 18:45:38.430  2287  2287 D RcsRegister: initialize
03-18 18:45:38.431  2287  2287 D VoWiFiSecurityS2bWrapper: init
03-18 18:45:38.459  1392  1392 D TeleUtils:  changeOperator: old value= Jio 4G
03-18 18:45:38.460  1392  1392 D TeleUtils:  changeOperator: itemList length is 4
03-18 18:45:38.460  1392  1392 D TeleUtils: changeOperator not found: original value= Jio 4G newName= Jio 4G
03-18 18:45:38.509  1436  1436 D EmergencyButtons: SubInfoUpdateReceiver-onReceive
03-18 18:45:38.511   212   406 I chatty  : uid=1000(system) Binder_1 expire 1 line
03-18 18:45:38.515  1436  1436 D EmergencyButtons: SubInfoUpdate, mSubIds = [I@823ea5
03-18 18:45:38.638  1436  1436 D EmergencyButtons: SubInfoUpdateReceiver-onReceive
03-18 18:45:38.685  2191  2191 I chatty  : uid=1000(system) com.sprd.engineermode expire 3 lines
03-18 18:45:38.687  1392  1392 I Telephony: PstnIncomingCallNotifier: Unregistering: Handler (com.android.internal.telephony.gsm.GSMPhone) {47e1107}
03-18 18:45:38.690  1392  1392 D Telephony: PstnPhoneCapabilitiesNotifier: Unregistering: Handler (com.android.internal.telephony.gsm.GSMPhone) {47e1107}
03-18 18:45:38.691  1436  1436 D KeyguardUpdateMonitor: received broadcast android.intent.action.SIM_STATE_CHANGED
03-18 18:45:38.691  1436  1436 D KeyguardUpdateMonitor: handleTimeUpdate
03-18 18:45:38.693  1392  1392 D Telephony: TelecomAccountRegistry: Found 2 phones.  Attempting to register.
03-18 18:45:38.693  1392  1392 D Telephony: TelecomAccountRegistry: Phone with subscription id 2
03-18 18:45:38.708  1436  1436 D EmergencyButtons: SubInfoUpdateReceiver-onReceive
03-18 18:45:38.713  2287  2287 D LEMON   : 18:45:38.713 VoWiFiSecurityS2bWrapper: INFO: S2b Server connected123
03-18 18:45:38.713  2287  2287 D VoWiFiSecurityS2bWrapper: S2b Server connected123
03-18 18:45:38.715  2248  2248 D StorageReceiver: onReceive, mSdcard = false; intent: Intent { act=android.intent.action.MEDIA_MOUNTED dat=file:///storage/emulated/0 flg=0x4000010 cmp=com.sprd.fileexplorer/.StorageReceiver (has extras) }
03-18 18:45:38.717  2248  2248 D StorageUtilImpl: ExternalStoragePath is /storage/D8E3-1400
03-18 18:45:38.717  2248  2248 E StorageReceiver: whichStorage, path = /storage/emulated/0; getExternalStorage() = /storage/D8E3-1400
03-18 18:45:38.717  2248  2248 D StorageUtilImpl: ExternalStoragePath is /storage/D8E3-1400
03-18 18:45:38.718  2248  2248 D StorageReceiver: onReceive, preAvailable = true; mSdcard = false; path = /storage/emulated/0
03-18 18:45:39.165  1436  1436 D CarriersTextLayout: mCarrierName[0] :Jio 4G
03-18 18:45:39.166  1436  1436 D EmergencyButtons: onServiceStateChanged(), serviceState = 3 3 voice home data home null null null null null null  Unknown Unknown CSS not supported -1 -1 RoamInd=-1 DefRoamInd=-1 EmergOnly=false IsDataRoamingFromRegistration=false, phoneId = 0
03-18 18:45:39.181  1564  1564 I chatty  : uid=1000(system) com.android.settings expire 5 lines
03-18 18:45:39.199  1436  1436 D KeyguardViewMediator: handleReset
03-18 18:45:39.200  1466  1466 W SyncSimAccountsReceiver: action = sync_sim_fake_boot_completed
03-18 18:45:39.205  1466  1466 E SyncSimAccountsReceiver: sync_sim_fake_boot_completed: profileOwner is null
03-18 18:45:39.206  1466  1466 E SyncSimAccountsReceiver: sync_sim_fake_boot_completed: switch to Id:0 myId:0
03-18 18:45:39.224  1392  1392 D TelephonyManager: getRadioCapbility: ssdaMode=csfb
03-18 18:45:39.224  1392  1392 I Telephony: AccountEntry: updateVideoPauseSupport -- mcc/mnc for sub: {id=2, iccId=89918720400000103547 simSlotIndex=0 displayName=Jio 4G carrierName=Jio 4G nameSource=0 iconTint=-16746133 dataRoaming=0 iconBitmap=android.graphics.Bitmap@3f442b2 mcc 405 mnc 872}
03-18 18:45:39.241  1436  2092 D QSTile.DataConnectionTile: defaultDataSubId = 2 isDefaultDataSimReady = true isDefaultDataStandby = true
03-18 18:45:39.243  1436  1436 D PhoneStatusBar: disable: < expand ICONS alerts SYSTEM_INFO back HOME RECENT clock SEARCH quick_settings >
03-18 18:45:39.245  1436  1436 D KeyguardViewBase: show()
03-18 18:45:39.255  1436  1436 D KeyguardSecurityView: showSecurityScreen(None)
03-18 18:45:39.266  1436  2092 D QSTile.LteServiceTile: handleUpdateState: mLteEnabled = false isPrimaryCardUsim = true isPrimaryCardReady = true
03-18 18:45:39.288  1392  1392 I Telephony: AccountEntry: Registered phoneAccount: [[ ] PhoneAccount: ComponentInfo{com.android.phone/com.android.services.telephony.TelephonyConnectionService}, [5a8e5a546a7f7357b6b5ea2b9f44c04ff559e337], UserHandle{0} Capabilities: 54 Schemes: tel voicemail ] with handle: ComponentInfo{com.android.phone/com.android.services.telephony.TelephonyConnectionService}, [5a8e5a546a7f7357b6b5ea2b9f44c04ff559e337], UserHandle{0}
03-18 18:45:39.288  1392  1392 I Telephony: PstnIncomingCallNotifier: Registering: Handler (com.android.internal.telephony.gsm.GSMPhone) {47e1107}
03-18 18:45:39.340  1392  1392 D Telephony: PstnPhoneCapabilitiesNotifier: Registering: Handler (com.android.internal.telephony.gsm.GSMPhone) {47e1107}
03-18 18:45:39.347  1436  1436 D CarrierText: updateCarrierText(): 1
03-18 18:45:39.347  1436  1436 D CarrierText: Handling (subId=2): READY Jio 4G
03-18 18:45:39.347  1436  1436 D CarriersTextLayout: updateCarrierText(): 1
03-18 18:45:39.347  1436  1436 D CarriersTextLayout: isAllCardsAbsent = false
03-18 18:45:39.347  1436  1436 D CarriersTextLayout: isShowFlightMode = false
03-18 18:45:39.347  1436  1436 D CarriersTextLayout: Handling carrierName = Jio 4G
03-18 18:45:39.359  1392  1392 D Telephony: TelecomAccountRegistry: Phone with subscription id -3
03-18 18:45:39.365  1436  1436 D CarriersTextLayout: simTitlebarColorVariableBool  = false
03-18 18:45:39.365  1436  1436 D CarriersTextLayout: mCarrierName[0] :Jio 4G
03-18 18:45:39.366  1436  1436 D EmergencyButtons: onServiceStateChanged(), serviceState = 3 3 voice home data home null null null null null null  Unknown Unknown CSS not supported -1 -1 RoamInd=-1 DefRoamInd=-1 EmergOnly=false IsDataRoamingFromRegistration=false, phoneId = 0
03-18 18:45:39.378  2353  2353 I chatty  : uid=1000(system) com.android.deskclock expire 3 lines
03-18 18:45:39.382  1436  1436 D NetworkController.MobileSignalController(2): getLabel[0]: Jio 4G color = -1
03-18 18:45:39.385  1436  1436 D PhoneStatusBar: label = 
03-18 18:45:39.386  1436  1436 D SignalClusterView: subId = -1
03-18 18:45:39.386  1436  1436 D SignalClusterView: subId = -2
03-18 18:45:39.386  1436  1436 D SignalClusterView: validSimCount = 0, subs.size = 1
03-18 18:45:39.386  1436  1436 D SignalClusterView: Create PhoneState subId = 2
03-18 18:45:39.387  1392  1392 I NotificationMgr: SIM_STATE_CHANGED,state:LOADED
03-18 18:45:39.391  1436  1436 D SignalClusterView: PhoneState, showSimColor: false
03-18 18:45:39.391  1392  1392 D GlobalConfigManager: Receiver action: android.intent.action.SIM_STATE_CHANGED
03-18 18:45:39.391  1436  1436 D SignalClusterView: Create PhoneState subId = -2
03-18 18:45:39.391  1392  1392 D Telephony: OtherGlobals: action===android.intent.action.SIM_STATE_CHANGED,stateLOADED
03-18 18:45:39.391  1392  1392 D Telephony: OtherGlobals: not support hot swap
03-18 18:45:39.391  1392  1392 D ImsRegister: action = android.intent.action.SIM_STATE_CHANGED, state = LOADED, phoneId = 0
03-18 18:45:39.391  1392  1392 D CarrierConfigLoader: mHandler: 7 phoneId: 0
03-18 18:45:39.395  1436  1436 D SignalClusterView: PhoneState, showSimColor: false
03-18 18:45:39.395  1436  1436 D SignalClusterView: subId = -1
03-18 18:45:39.395  1436  1436 D SignalClusterView: subId = -2
03-18 18:45:39.395  1436  1436 D SignalClusterView: validSimCount = 0, subs.size = 1
03-18 18:45:39.395  1436  1436 D SignalClusterView: Create PhoneState subId = 2
03-18 18:45:39.399  1436  1436 D SignalClusterView: PhoneState, showSimColor: false
03-18 18:45:39.399  1436  1436 D SignalClusterView: Create PhoneState subId = -2
03-18 18:45:39.403  1436  1436 D SignalClusterView: PhoneState, showSimColor: false
03-18 18:45:39.403  1436  1436 D SignalClusterView: subId = -1
03-18 18:45:39.404  1436  1436 D SignalClusterView: subId = -2
03-18 18:45:39.404  1436  1436 D SignalClusterView: validSimCount = 0, subs.size = 1
03-18 18:45:39.404  1436  2064 D NetworkController.MobileSignalController(2):  showDataIcon: false
03-18 18:45:39.404  1436  2064 D SystemUIPluginsHelper: needShowDataTypeIcon : true
03-18 18:45:39.404  1436  2064 D NetworkController.MobileSignalController(2): isRelianceBoard = false
03-18 18:45:39.404  1436  1436 D SignalClusterView: Create PhoneState subId = 2
03-18 18:45:39.407  1436  1436 D SignalClusterView: PhoneState, showSimColor: false
03-18 18:45:39.408  1436  1436 D SignalClusterView: Create PhoneState subId = -2
03-18 18:45:39.409  1436  2064 D NetworkController.MobileSignalController(2): getLabel[0]: Jio 4G color = -1
03-18 18:45:39.409  1436  2092 D QSTile.LteServiceTile: handleUpdateState: mLteEnabled = false isPrimaryCardUsim = true isPrimaryCardReady = true
03-18 18:45:39.411  1436  1436 D SignalClusterView: PhoneState, showSimColor: false
03-18 18:45:39.413  1436  2064 D PhoneStatusBar: label = 
03-18 18:45:39.415  1436  2064 D NetworkController.MobileSignalController(2): getLabel[0]: Jio 4G color = -1
03-18 18:45:39.418  1436  2064 D PhoneStatusBar: label = 
03-18 18:45:39.446  1392  1392 D CarrierConfigLoader: Loaded config from XML. package=com.android.carrierconfig phoneId=0
03-18 18:45:39.467  1436  1436 D KeyguardUpdateMonitor: handleKeyguardReset
03-18 18:45:39.509  1392  1392 D CarrierServiceBindHelper: mHandler: 0
03-18 18:45:39.509  1392  1392 D CarrierServiceBindHelper: Binding to phoneId: 0
03-18 18:45:39.514  1392  1392 D CarrierServiceBindHelper: No carrier app for: 0
03-18 18:45:39.514  1392  1392 D ImsRegister: action = android.intent.action.SIM_STATE_CHANGED, state = LOADED, phoneId = 0
03-18 18:45:39.531  1392  1392 I Telephony: PstnIncomingCallNotifier: Unregistering: Handler (com.android.internal.telephony.gsm.GSMPhone) {47e1107}
03-18 18:45:39.532  1392  1392 D Telephony: PstnPhoneCapabilitiesNotifier: Unregistering: Handler (com.android.internal.telephony.gsm.GSMPhone) {47e1107}
03-18 18:45:39.533  1392  1392 D Telephony: TelecomAccountRegistry: Found 2 phones.  Attempting to register.
03-18 18:45:39.534  1392  1392 D Telephony: TelecomAccountRegistry: Phone with subscription id 2
03-18 18:45:39.543  1436  2064 D SystemUIPluginsHelper: updateNetworkName showSpn = true spn = Jio 4G showPlmn = false plmn = 无服务
03-18 18:45:39.624  1392  1392 D TelephonyManager: getRadioCapbility: ssdaMode=csfb
03-18 18:45:39.625  1392  1392 I Telephony: AccountEntry: updateVideoPauseSupport -- mcc/mnc for sub: {id=2, iccId=89918720400000103547 simSlotIndex=0 displayName=Jio 4G carrierName=Jio 4G nameSource=0 iconTint=-16746133 dataRoaming=0 iconBitmap=android.graphics.Bitmap@8878498 mcc 405 mnc 872}
03-18 18:45:39.658  1392  1392 I Telephony: AccountEntry: Registered phoneAccount: [[ ] PhoneAccount: ComponentInfo{com.android.phone/com.android.services.telephony.TelephonyConnectionService}, [5a8e5a546a7f7357b6b5ea2b9f44c04ff559e337], UserHandle{0} Capabilities: 54 Schemes: tel voicemail ] with handle: ComponentInfo{com.android.phone/com.android.services.telephony.TelephonyConnectionService}, [5a8e5a546a7f7357b6b5ea2b9f44c04ff559e337], UserHandle{0}
03-18 18:45:39.658  1392  1392 I Telephony: PstnIncomingCallNotifier: Registering: Handler (com.android.internal.telephony.gsm.GSMPhone) {47e1107}
03-18 18:45:39.660  1392  1392 D Telephony: PstnPhoneCapabilitiesNotifier: Registering: Handler (com.android.internal.telephony.gsm.GSMPhone) {47e1107}
03-18 18:45:39.663  1392  1392 D Telephony: TelecomAccountRegistry: Phone with subscription id -3
03-18 18:45:39.669  2374  2374 W System  : ClassLoader referenced unknown path: /system/app/SprdQuickSearchBox/lib/arm
03-18 18:45:39.675  1436  2064 D SystemUIPluginsHelper: updateNetworkName showSpn = true spn = Jio 4G showPlmn = false plmn = null
03-18 18:45:39.676  1436  2064 D NetworkController.MobileSignalController(2): onVoLteServiceStateChanged: VoLteServiceState: 4
03-18 18:45:39.676  1436  2064 D NetworkController.MobileSignalController(2): imsRegistered: false
03-18 18:45:39.703  1392  1392 I Telephony: PstnIncomingCallNotifier: Unregistering: Handler (com.android.internal.telephony.gsm.GSMPhone) {47e1107}
03-18 18:45:39.704  1392  1392 D Telephony: PstnPhoneCapabilitiesNotifier: Unregistering: Handler (com.android.internal.telephony.gsm.GSMPhone) {47e1107}
03-18 18:45:39.705  1392  1392 D Telephony: TelecomAccountRegistry: Found 2 phones.  Attempting to register.
03-18 18:45:39.705  1392  1392 D Telephony: TelecomAccountRegistry: Phone with subscription id 2
03-18 18:45:39.720  1392  1392 D TelephonyManager: getRadioCapbility: ssdaMode=csfb
03-18 18:45:39.721  1392  1392 I Telephony: AccountEntry: updateVideoPauseSupport -- mcc/mnc for sub: {id=2, iccId=89918720400000103547 simSlotIndex=0 displayName=Jio 4G carrierName=Jio 4G nameSource=0 iconTint=-16746133 dataRoaming=0 iconBitmap=android.graphics.Bitmap@4c841f3 mcc 405 mnc 872}
03-18 18:45:39.757  1392  1392 I Telephony: AccountEntry: Registered phoneAccount: [[ ] PhoneAccount: ComponentInfo{com.android.phone/com.android.services.telephony.TelephonyConnectionService}, [5a8e5a546a7f7357b6b5ea2b9f44c04ff559e337], UserHandle{0} Capabilities: 54 Schemes: tel voicemail ] with handle: ComponentInfo{com.android.phone/com.android.services.telephony.TelephonyConnectionService}, [5a8e5a546a7f7357b6b5ea2b9f44c04ff559e337], UserHandle{0}
03-18 18:45:39.758  1392  1392 I Telephony: PstnIncomingCallNotifier: Registering: Handler (com.android.internal.telephony.gsm.GSMPhone) {47e1107}
03-18 18:45:39.759  1392  1392 D Telephony: PstnPhoneCapabilitiesNotifier: Registering: Handler (com.android.internal.telephony.gsm.GSMPhone) {47e1107}
03-18 18:45:39.761  1392  1392 D Telephony: TelecomAccountRegistry: Phone with subscription id -3
03-18 18:45:39.793  1392  1392 D TelephonyProvider: subIdString = 2 subId = 2
03-18 18:45:39.808   290   290 I chatty  : uid=1000(system) /system/bin/cp_diskserver expire 22 lines
03-18 18:45:39.810   290   392 I chatty  : uid=1000(system) /system/bin/cp_diskserver expire 4 lines
03-18 18:45:39.919  1392  1392 I NotificationMgr: updateMwi(): subId 2 update to false
03-18 18:45:39.921  1392  1392 D Telephony: PstnPhoneCapabilitiesNotifier: handleVideoCapabilitesChanged. Video capability - false
03-18 18:45:40.037  1392  1392 D CallForwardHelper: (phoneId0) onServiceStateChanged(), state: 3
03-18 18:45:40.037  1392  1392 D NotificationMgr: updateCfiVisibility->visible = false,phoneId = 0
03-18 18:45:40.039  1392  1392 D Telephony: PstnPhoneCapabilitiesNotifier: handleVideoCapabilitesChanged. Video capability - false
03-18 18:45:40.044  2391  2391 I chatty  : uid=1000(system) com.sprd.systemupdate expire 6 lines
03-18 18:45:40.065  1466  1466 W SyncSimAccountsReceiver: action = android.intent.action.ACTION_SUBINFO_RECORD_UPDATED
03-18 18:45:40.066  1466  1466 E SyncSimAccountsReceiver: action with android.intent.action.ACTION_SUBINFO_RECORD_UPDATED
03-18 18:45:40.070  1815  1815 I InCall  : DialerUtils - getActiveSubscriptionInfo: forceReload = true sPermissionFlag = true
03-18 18:45:40.080  1392  1392 D Telephony: OtherGlobals: handleMessage : EVENT_SIM_STATE_CHANGED  mSimStateChangedFlag = 3 hasSubscriptionInfosUpdated = false
03-18 18:45:40.080  1392  1392 D IccPolicy: updateSimPriorities
03-18 18:45:40.080  1392  1392 D GeneralPolicy: get sim 0 priority:HIGH_USIM
03-18 18:45:40.080  1392  1392 D GeneralPolicy: get sim 1 priority:NONE
03-18 18:45:40.080  1392  1392 D IccPolicy: mMaxPriorityPhoneId = 0 mMaxPriorityCount = 1 mMaxPriorityPhoneIds = 0
03-18 18:45:40.092  1392  1392 D Telephony: OtherGlobals: isPrimaryCardNeedManualSet = false
03-18 18:45:40.092  1392  1392 D TelephonyManager: getRadioCapbility: ssdaMode=csfb
03-18 18:45:40.093  1392  1392 D TelephonyManager: getRadioCapbility: ssdaMode=csfb
03-18 18:45:40.093  1392  1392 D TelephonyManager: getRadioCapbility: ssdaMode=csfb
03-18 18:45:40.093  1392  1392 D TelephonyManager: getRadioCapbility: ssdaMode=csfb
03-18 18:45:40.098  1466  2405 D SyncSimAccountsReceiver: SUBINFO_RECORD_UPDATED: phoneId = 0, subId = 2
03-18 18:45:40.116  1466  1466 W SyncSimAccountsReceiver: action = android.intent.action.ACTION_SUBINFO_RECORD_UPDATED
03-18 18:45:40.118  1466  1466 E SyncSimAccountsReceiver: action with android.intent.action.ACTION_SUBINFO_RECORD_UPDATED
03-18 18:45:40.118  1392  1392 D Telephony: OtherGlobals: lastIccId = 89918720400000103547 newIccId = 89918720400000103547
03-18 18:45:40.122  1815  1815 I InCall  : DialerUtils - getActiveSubscriptionInfo: forceReload = true sPermissionFlag = true
03-18 18:45:40.137  1392  1392 D Telephony: OtherGlobals: lastIccId =  newIccId = 
03-18 18:45:40.137  1392  1392 D Telephony: OtherGlobals: volte version, lastIccId and newIccId are all empty!
03-18 18:45:40.137  1392  1392 D Telephony: OtherGlobals: save sim iccid
03-18 18:45:40.148  1466  2407 D SyncSimAccountsReceiver: SUBINFO_RECORD_UPDATED: phoneId = 0, subId = 2
03-18 18:45:40.158  2082  2082 D CellBroadcastReceiver: onReceive Intent { act=android.intent.action.internal_sim_state_changed flg=0x4000010 cmp=com.android.cellbroadcastreceiver/.CellBroadcastReceiver (has extras) }
03-18 18:45:40.176  1392  1392 D Telephony: OtherGlobals: autoSetDefaultPhones: defaultVoiceSubId = -1
03-18 18:45:40.192  1392  1392 D Telephony: OtherGlobals: setDefaultVoiceSubId2
03-18 18:45:40.196  2082  2410 D Utils   : the subId send in is:2
03-18 18:45:40.204  2082  2410 D Utils   : ---queryEnabledCheckBox---subId=2 and cursor.getcount=1
03-18 18:45:40.283  1392  1392 D Telephony: OtherGlobals: autoSetDefaultPhones: defaultSmsSubId = -1
03-18 18:45:40.284  2082  2410 D CellBroadcastConfigService: enabling emergency cell broadcast channels
03-18 18:45:40.313  1392  1392 D Telephony: OtherGlobals: isSimsChanged = false
03-18 18:45:40.314  1392  1392 D Telephony: OtherGlobals: primaryCard = -1
03-18 18:45:40.314  1392  1959 D IccSmsInterfaceManager: [IccSmsInterfaceManager] enableGsmBroadcastRange
03-18 18:45:40.315  1392  1392 D IccPolicy: updateSimPriorities
03-18 18:45:40.315  1392  1392 D GeneralPolicy: get sim 0 priority:HIGH_USIM
03-18 18:45:40.315  1392  1392 D GeneralPolicy: get sim 1 priority:NONE
03-18 18:45:40.315  1392  1392 D IccPolicy: mMaxPriorityPhoneId = 0 mMaxPriorityCount = 1 mMaxPriorityPhoneIds = 0
03-18 18:45:40.402  1392  1959 D IccSmsInterfaceManager: [IccSmsInterfaceManager] Calling setGsmBroadcastConfig with 1 configurations
03-18 18:45:40.410  1392  1392 D Telephony: OtherGlobals: isPrimaryCardNeedManualSet = false
03-18 18:45:40.410  1392  1392 D IccPolicy: updateSimPriorities
03-18 18:45:40.410  1392  1392 D GeneralPolicy: get sim 0 priority:HIGH_USIM
03-18 18:45:40.410  1392  1392 D GeneralPolicy: get sim 1 priority:NONE
03-18 18:45:40.410  1392  1392 D IccPolicy: mMaxPriorityPhoneId = 0 mMaxPriorityCount = 1 mMaxPriorityPhoneIds = 0
03-18 18:45:40.414  1392  1392 D RadioTaskManager: Auto set primary card according to policy. autoSetprimaryCard = 0
03-18 18:45:40.414  1392  1392 D RadioTaskManager: setMainSlot phoneId = 0
03-18 18:45:40.417  1392  1392 D TelephonyManager: getRadioCapbility: ssdaMode=csfb
03-18 18:45:40.417  1392  1392 D RadioTaskManager: updateRadioFeatures: radioCap = CSFB
03-18 18:45:40.417  1392  1392 D RadioTaskManager: PreferredNetworkType = 0
03-18 18:45:40.418  1392  1392 D TelephonyManager: getRadioCapbility: ssdaMode=csfb
03-18 18:45:40.418  1392  1392 D TelephonyManager: getRadioCapbility: ssdaMode=csfb
03-18 18:45:40.418  1392  1392 D TelephonyManager: getRadioCapbility: ssdaMode=csfb
03-18 18:45:40.418  1392  1392 D TelephonyManager: getRadioCapbility: ssdaMode=csfb
03-18 18:45:40.418  1392  1392 D TelephonyManager: getRadioCapbility: ssdaMode=csfb
03-18 18:45:40.418  1392  1392 D RadioTaskManager: [getRadioFeature] radioFeature = TD_LTE_AND_LTE_FDD_AND_W_AND_TD_AND_GSM_CSFB
03-18 18:45:40.420  1392  1392 D RadioTaskManager: SET_PRIMARY_CARD
03-18 18:45:40.420  1392  1392 D RadioTaskManager: Network mode has not been setted by EM, return false.
03-18 18:45:40.420  1392  1392 D TelephonyManager: getRadioFeatures: phoneId=0
03-18 18:45:40.420  1392  1392 D TelephonyManager: getRadioCapbility: ssdaMode=csfb
03-18 18:45:40.420  1392  1392 D TelephonyManager: getRadioFeatures: rCapbility=CSFB, testMode=9
03-18 18:45:40.421  1392  1392 D TelephonyManager: getRadioFeatures: phoneId=1
03-18 18:45:40.421  1392  1392 D TelephonyManager: getRadioCapbility: ssdaMode=csfb
03-18 18:45:40.421  1392  1392 D TelephonyManager: getRadioFeatures: rCapbility=CSFB, testMode=254
03-18 18:45:40.421  1392  1392 D RadioTaskManager: Has radio features changed : false
03-18 18:45:40.421  1392  1392 D RadioTaskExecutor: add task start
03-18 18:45:40.421  1392  1392 D RadioTaskExecutor: Task queue : [1]SET_PRIMARY_CARD
03-18 18:45:40.421  1392  1392 D RadioTaskExecutor: removeSpareTasks
03-18 18:45:40.421  1392  1392 D RadioTaskExecutor: last task : SET_PRIMARY_CARD
03-18 18:45:40.421  1392  1392 D RadioTaskExecutor: task : SET_PRIMARY_CARD task.mEnable = false
03-18 18:45:40.421  1392  1392 D RadioTaskExecutor: start loop
03-18 18:45:40.421  1392  1392 D RadioTaskExecutor: Task queue : [1]SET_PRIMARY_CARD
03-18 18:45:40.421  1392  1392 D RadioTaskExecutor: currentTask state = NEW
03-18 18:45:40.422  1392  1392 D RadioTaskExecutor: add task end
03-18 18:45:40.426  1392  2427 D RadioTaskExecutor: start execute task: SET_PRIMARY_CARD, radio busy start.
03-18 18:45:40.426  1392  2427 D RadioTaskExecutor: execute sub task : UPDATA_DEFAULT_DATA phoneId = 0
03-18 18:45:40.431  1436  2092 D QSTile.DataConnectionTile: mRadioSetting handleValueChanged
03-18 18:45:40.434  2412  2412 W System  : ClassLoader referenced unknown path: /system/app/Calendar/lib/arm
03-18 18:45:40.435  1392  2427 D RadioTaskExecutor: updateDefaultDataToPrimaryCard: 0 subId = 2
03-18 18:45:40.442  1392  2427 D RadioTaskExecutor: after updateDefaultDataToPrimaryCard done, sleep 1s before power radio on
03-18 18:45:40.444  1392  1408 D PhoneInterfaceManager: [PhoneIntfMgr] getDataEnabled: subId=2 phoneId=0
03-18 18:45:40.445  1392  1408 D PhoneInterfaceManager: [PhoneIntfMgr] getDataEnabled: subId=2 retVal=true
03-18 18:45:40.447  1436  2092 D TelephonyManager: getDataEnabled: retVal=true
03-18 18:45:40.447  1436  2092 D QSTile.DataConnectionTile: dataConnected = true
03-18 18:45:40.453  1436  2092 D QSTile.DataConnectionTile: defaultDataSubId = 2 isDefaultDataSimReady = true isDefaultDataStandby = true
03-18 18:45:40.453  1436  2092 D QSTile.LteServiceTile: handleValueChanged: value = 1
03-18 18:45:40.457  1392  1392 D CarrierConfigLoader: mHandler: 5 phoneId: 0
03-18 18:45:40.461  1436  2092 D QSTile.LteServiceTile: handleUpdateState: mLteEnabled = false isPrimaryCardUsim = true isPrimaryCardReady = true
03-18 18:45:40.465  1392  1392 D Telephony: PstnPhoneCapabilitiesNotifier: handleVideoCapabilitesChanged. Video capability - false
03-18 18:45:40.506  2412  2412 D ExtensionsFactory: No custom extensions.
03-18 18:45:40.508  1392  1392 D Telephony: PstnPhoneCapabilitiesNotifier: handleVideoCapabilitesChanged. Video capability - false
03-18 18:45:40.563  1392  1959 D IccSmsInterfaceManager: [IccSmsInterfaceManager] Failed to add GSM cell broadcast subscription for MID range 4352 to 4354 from client com.android.cellbroadcastreceiver
03-18 18:45:40.572  1392  1392 D GlobalConfigManager: Receiver action: android.telephony.action.CARRIER_CONFIG_CHANGED
03-18 18:45:40.575  1392  2433 D GlobalConfigManager: Load global config in background...
03-18 18:45:40.584  1392  2433 D GlobalConfigManager: tele config for phone 0: Bundle[{num_match_short=-1, sms_7bit_enabled=false, sms_coding_national=, roamingvm=, spn=, mvno=false, num_match_rule=-1, vmtag=, vmnumber=, ecclist_withcard=, num_match=7, ecclist_nocard=, fake_ecclist_withcard=}]
03-18 18:45:40.586  1392  2433 D GlobalConfigManager: updateEccProperties ECC[0]: eccListFromSim =  eccListFromCarrierConfig = 
03-18 18:45:40.587  1392  2433 D GlobalConfigManager: tele config for phone 1: Bundle[{num_match_short=-1, sms_7bit_enabled=false, sms_coding_national=, roamingvm=, spn=, mvno=false, num_match_rule=-1, vmtag=, vmnumber=, ecclist_withcard=, num_match=7, ecclist_nocard=, fake_ecclist_withcard=}]
03-18 18:45:40.589  1392  2433 D GlobalConfigManager: updateEccProperties ECC[1]: eccListFromSim = null eccListFromCarrierConfig = 
03-18 18:45:40.590  1392  1406 D IccSmsInterfaceManager: [IccSmsInterfaceManager] enableGsmBroadcastRange
03-18 18:45:40.592  1392  1406 D IccSmsInterfaceManager: [IccSmsInterfaceManager] Calling setGsmBroadcastConfig with 1 configurations
03-18 18:45:40.595  1392  1406 D IccSmsInterfaceManager: [IccSmsInterfaceManager] Failed to add GSM cell broadcast subscription for MID range 4356 to 4356 from client com.android.cellbroadcastreceiver
03-18 18:45:40.613  1392  1959 D IccSmsInterfaceManager: [IccSmsInterfaceManager] enableGsmBroadcastRange
03-18 18:45:40.615  1392  1959 D IccSmsInterfaceManager: [IccSmsInterfaceManager] Calling setGsmBroadcastConfig with 1 configurations
03-18 18:45:40.618  1392  1959 D IccSmsInterfaceManager: [IccSmsInterfaceManager] Failed to add GSM cell broadcast subscription for MID range 4371 to 4372 from client com.android.cellbroadcastreceiver
03-18 18:45:40.630  1392  1833 D IccSmsInterfaceManager: [IccSmsInterfaceManager] enableCdmaBroadcastRange
03-18 18:45:40.631  1392  1833 D IccSmsInterfaceManager: [IccSmsInterfaceManager] Calling setCdmaBroadcastConfig with 1 configurations
03-18 18:45:40.636  1392  1833 D IccSmsInterfaceManager: [IccSmsInterfaceManager] Failed to add cdma broadcast subscription for MID range 4097 to 4097 from client com.android.cellbroadcastreceiver
03-18 18:45:40.650  1392  1408 D IccSmsInterfaceManager: [IccSmsInterfaceManager] enableGsmBroadcastRange
03-18 18:45:40.651  1392  1408 D IccSmsInterfaceManager: [IccSmsInterfaceManager] Calling setGsmBroadcastConfig with 1 configurations
03-18 18:45:40.655  1392  1408 D IccSmsInterfaceManager: [IccSmsInterfaceManager] Failed to add GSM cell broadcast subscription for MID range 4373 to 4378 from client com.android.cellbroadcastreceiver
03-18 18:45:40.661  2353  2434 I chatty  : uid=1000(system) AsyncHandler expire 3 lines
03-18 18:45:40.670  1392  2367 D IccSmsInterfaceManager: [IccSmsInterfaceManager] enableCdmaBroadcastRange
03-18 18:45:40.672  1392  2367 D IccSmsInterfaceManager: [IccSmsInterfaceManager] Calling setCdmaBroadcastConfig with 1 configurations
03-18 18:45:40.675  1392  2367 D IccSmsInterfaceManager: [IccSmsInterfaceManager] Failed to add cdma broadcast subscription for MID range 4098 to 4098 from client com.android.cellbroadcastreceiver
03-18 18:45:40.687  1466  1466 W SyncSimAccountsReceiver: action = android.intent.action.ACTION_SUBINFO_RECORD_UPDATED
03-18 18:45:40.687  1392  1406 D IccSmsInterfaceManager: [IccSmsInterfaceManager] enableGsmBroadcastRange
03-18 18:45:40.689  1392  1406 D IccSmsInterfaceManager: [IccSmsInterfaceManager] Calling setGsmBroadcastConfig with 1 configurations
03-18 18:45:40.689  1466  1466 E SyncSimAccountsReceiver: action with android.intent.action.ACTION_SUBINFO_RECORD_UPDATED
03-18 18:45:40.692  1392  1406 D IccSmsInterfaceManager: [IccSmsInterfaceManager] Failed to add GSM cell broadcast subscription for MID range 4379 to 4379 from client com.android.cellbroadcastreceiver
03-18 18:45:40.695  1815  1815 I InCall  : DialerUtils - getActiveSubscriptionInfo: forceReload = true sPermissionFlag = true
03-18 18:45:40.717  1564  2435 I chatty  : uid=1000(system) HandlerThreadAl expire 24 lines
03-18 18:45:40.718  1392  1833 D IccSmsInterfaceManager: [IccSmsInterfaceManager] enableCdmaBroadcastRange
03-18 18:45:40.720  1392  1833 D IccSmsInterfaceManager: [IccSmsInterfaceManager] Calling setCdmaBroadcastConfig with 1 configurations
03-18 18:45:40.725  1466  2436 D SyncSimAccountsReceiver: SUBINFO_RECORD_UPDATED: phoneId = 0, subId = 2
03-18 18:45:40.726  1392  1833 D IccSmsInterfaceManager: [IccSmsInterfaceManager] Failed to add cdma broadcast subscription for MID range 4099 to 4099 from client com.android.cellbroadcastreceiver
03-18 18:45:40.737  1466  1466 W SyncSimAccountsReceiver: action = android.intent.action.ACTION_SUBINFO_RECORD_UPDATED
03-18 18:45:40.738  1466  1466 E SyncSimAccountsReceiver: action with android.intent.action.ACTION_SUBINFO_RECORD_UPDATED
03-18 18:45:40.741  1392  1833 D IccSmsInterfaceManager: [IccSmsInterfaceManager] enableGsmBroadcastRange
03-18 18:45:40.744  1815  1815 I InCall  : DialerUtils - getActiveSubscriptionInfo: forceReload = true sPermissionFlag = true
03-18 18:45:40.744  1392  1833 D IccSmsInterfaceManager: [IccSmsInterfaceManager] Calling setGsmBroadcastConfig with 1 configurations
03-18 18:45:40.748  1392  1833 D IccSmsInterfaceManager: [IccSmsInterfaceManager] Failed to add GSM cell broadcast subscription for MID range 4370 to 4370 from client com.android.cellbroadcastreceiver
03-18 18:45:40.765  1466  2437 D SyncSimAccountsReceiver: SUBINFO_RECORD_UPDATED: phoneId = 0, subId = 2
03-18 18:45:40.777  1466  1466 W SyncSimAccountsReceiver: action = android.intent.action.SIM_STATE_CHANGED
03-18 18:45:40.777  1392  1833 D IccSmsInterfaceManager: [IccSmsInterfaceManager] enableCdmaBroadcastRange
03-18 18:45:40.780  1392  1833 D IccSmsInterfaceManager: [IccSmsInterfaceManager] Calling setCdmaBroadcastConfig with 1 configurations
03-18 18:45:40.780  1466  1466 E SyncSimAccountsReceiver: SIM_STATE_CHANGED: state: LOADED phoneId: 0 subId: 2
03-18 18:45:40.781  1466  1466 D FSA0    : onEvent:0:1:true
03-18 18:45:40.785  1815  1815 D VoiceMailUpdateReceiver: onReceive Action: android.intent.action.SIM_STATE_CHANGED
03-18 18:45:40.785  1815  1815 D CallerInfoUtils: refreshVoiceMailCache
03-18 18:45:40.785  1392  1833 D IccSmsInterfaceManager: [IccSmsInterfaceManager] Failed to add cdma broadcast subscription for MID range 4096 to 4096 from client com.android.cellbroadcastreceiver
03-18 18:45:40.790  1466  1809 D FSA0    : onEvent:0:2:false
03-18 18:45:40.790  1466  1809 D FSA0    : addAccount for 0 and subId  2
03-18 18:45:40.800  1466  1809 D FSA0    : addAccount: USIM
03-18 18:45:40.805  1392  1392 I ImsBroadcastReceiver: ACTION_SIM_STATE_CHANGED.
03-18 18:45:40.823  1392  2367 D IccSmsInterfaceManager: [IccSmsInterfaceManager] enableGsmBroadcastRange
03-18 18:45:40.827  1392  2367 D IccSmsInterfaceManager: [IccSmsInterfaceManager] Calling setGsmBroadcastConfig with 1 configurations
03-18 18:45:40.831  1392  2367 D IccSmsInterfaceManager: [IccSmsInterfaceManager] Failed to add GSM cell broadcast subscription for MID range 4383 to 4383 from client com.android.cellbroadcastreceiver
03-18 18:45:40.832  2082  2410 D CellBroadcastConfigService: enabled emergency cell broadcast channels
03-18 18:45:40.832  2082  2410 D CellBroadcastConfigService: disabling cell broadcast channel 50
03-18 18:45:40.953  1392  1406 D IccSmsInterfaceManager: [IccSmsInterfaceManager] disableGsmBroadcastRange
03-18 18:45:40.959  1392  1406 D IccSmsInterfaceManager: [IccSmsInterfaceManager] Failed to remove GSM cell broadcast subscription for MID range 50 to 50 from client com.android.cellbroadcastreceiver
03-18 18:45:40.965  1436  1436 D NetworkController.MobileSignalController(2): getLabel[0]: Jio 4G color = -1
03-18 18:45:40.974  1436  1436 D PhoneStatusBar: label = 
03-18 18:45:40.977  2082  2410 D CellBroadcastConfigService: disabling channels 919-928
03-18 18:45:41.004  1466  1466 W SyncSimAccountsReceiver: action = android.intent.action.ACTION_SUBINFO_RECORD_UPDATED
03-18 18:45:41.005  1392  2367 D IccSmsInterfaceManager: [IccSmsInterfaceManager] disableGsmBroadcastRange
03-18 18:45:41.012  1392  2367 D IccSmsInterfaceManager: [IccSmsInterfaceManager] Failed to remove GSM cell broadcast subscription for MID range 919 to 928 from client com.android.cellbroadcastreceiver
03-18 18:45:41.013  2082  2410 D CellBroadcastConfigService: disabling cell broadcast ETWS test messages
03-18 18:45:41.014  1466  1466 E SyncSimAccountsReceiver: action with android.intent.action.ACTION_SUBINFO_RECORD_UPDATED
03-18 18:45:41.017  1815  1815 I InCall  : DialerUtils - getActiveSubscriptionInfo: forceReload = true sPermissionFlag = true
03-18 18:45:41.032  1392  2367 D IccSmsInterfaceManager: [IccSmsInterfaceManager] disableGsmBroadcastRange
03-18 18:45:41.037  1392  2367 D IccSmsInterfaceManager: [IccSmsInterfaceManager] Failed to remove GSM cell broadcast subscription for MID range 4355 to 4355 from client com.android.cellbroadcastreceiver
03-18 18:45:41.038  2082  2410 D CellBroadcastConfigService: disabling cell broadcast CMAS test messages
03-18 18:45:41.040  1466  2439 D SyncSimAccountsReceiver: SUBINFO_RECORD_UPDATED: phoneId = 0, subId = 2
03-18 18:45:41.048  1466  1466 W SyncSimAccountsReceiver: action = android.intent.action.ACTION_SUBINFO_RECORD_UPDATED
03-18 18:45:41.051  1466  1466 E SyncSimAccountsReceiver: action with android.intent.action.ACTION_SUBINFO_RECORD_UPDATED
03-18 18:45:41.055  1815  1815 I InCall  : DialerUtils - getActiveSubscriptionInfo: forceReload = true sPermissionFlag = true
03-18 18:45:41.056  1392  2367 D IccSmsInterfaceManager: [IccSmsInterfaceManager] disableGsmBroadcastRange
03-18 18:45:41.058  1392  2367 D IccSmsInterfaceManager: [IccSmsInterfaceManager] Failed to remove GSM cell broadcast subscription for MID range 4380 to 4382 from client com.android.cellbroadcastreceiver
03-18 18:45:41.085  1392  2367 D IccSmsInterfaceManager: [IccSmsInterfaceManager] disableCdmaBroadcastRange
03-18 18:45:41.097  1392  2367 D IccSmsInterfaceManager: [IccSmsInterfaceManager] Failed to remove cdma broadcast subscription for MID range 4100 to 4100 from client com.android.cellbroadcastreceiver
03-18 18:45:41.083  1466  2440 D SyncSimAccountsReceiver: SUBINFO_RECORD_UPDATED: phoneId = 0, subId = 2
03-18 18:45:41.112  1466  1809 D SimUtils: sizes is null
03-18 18:45:41.122  1436  1436 D KeyguardUpdateMonitor: received broadcast android.intent.action.BOOT_COMPLETED
03-18 18:45:41.134  1172  2452 I chatty  : uid=1000 system_server expire 1 line
03-18 18:45:41.218  2443  2443 I chatty  : uid=1000(system) com.android.keychain expire 1 line
03-18 18:45:41.411  2460  2460 W System  : ClassLoader referenced unknown path: /system/priv-app/CalendarProvider/lib/arm
03-18 18:45:41.443  1392  2427 D RadioTaskExecutor: execute sub task : RADIO_POWER_ON phoneId = 4
03-18 18:45:41.448  1392  2427 I RadioInteraction: powerOnIRadio for Phone0
03-18 18:45:41.448  1392  2427 D RadioTaskExecutor: try to power radio on 0 mRadioBusyFlag = 1
03-18 18:45:41.448  1392  2427 D RadioTaskExecutor: Not allowed to power on radio 1
03-18 18:45:41.448  1392  2475 I RadioInteraction: MessageHandler handleMessage { when=0 what=3 obj=125000 target=com.android.internal.telephony.policy.RadioInteraction$MessageHandler }
03-18 18:45:41.448  1392  2427 D RadioTaskExecutor: waiting...
03-18 18:45:41.448  1392  2475 I RadioInteraction: powerOnRadioInner for Phone0
03-18 18:45:41.449  1392  2475 D RadioInteraction: powerOnRadioInner isAirplaneModeOn = true isStandby = true
03-18 18:45:41.452  1466  1809 D SimUtils: EmailTypeOverallMax = -2
03-18 18:45:41.482  2460  2460 I CalendarProvider2: Created com.android.providers.calendar.CalendarAlarmManager@83c45c6(com.android.providers.calendar.CalendarProvider2@c103987)
03-18 18:45:41.489  1466  1809 D SimUtils: UsimGroupNameMaxLen = -1
03-18 18:45:41.491  1172  2366 I chatty  : uid=1000(system) Binder_A expire 6 lines
03-18 18:45:41.508  1172  1705 I chatty  : uid=1000(system) Binder_7 expire 1 line
03-18 18:45:41.514  1990  1990 I SystemBroadcastReceiver: Boot has been completed
03-18 18:45:41.514  1990  1990 I SystemBroadcastReceiver: toggleAppIcon() : FLAG_SYSTEM = true
03-18 18:45:41.528  1466  1809 D SimUtils: UsimGroupCapacity = 0
03-18 18:45:41.528  1466  1809 D FSA0    : account: userdata:Bundle[{identifier=1, vnd.android.cursor.item/email_v2_typeoverallmax=-2, vnd.android.cursor.item/group_membership_length=-1, vnd.android.cursor.item/name_length=13, vnd.android.cursor.item/phone_v2_typeoverallmax=1, icc_sdn_uri=content://icc/sdn/subId/2, icc_sne_uri=content://icc/sne/subId/2, vnd.android.cursor.item/phone_v2_length=40, capacity=250, slot=0, vnd.android.cursor.item/group_membership_capacity=0, icc_aas_uri=content://icc/aas/subId/2, vnd.android.cursor.item/email_v2_capacity=0, icc_uri=content://icc/adn/subId/2, icc_gas_uri=content://icc/gas/subId/2, vnd.android.cursor.item/nickname_length=12}]
03-18 18:45:41.530  2412  2412 D AlertReceiver: onReceive: a=android.intent.action.BOOT_COMPLETED Intent { act=android.intent.action.BOOT_COMPLETED flg=0x8000010 cmp=com.android.calendar/.alerts.AlertReceiver (has extras) }
03-18 18:45:41.548  1466  1466 W System  : ClassLoader referenced unknown path: /system/app/ContactsDefaultContactAddon/lib/arm
03-18 18:45:41.557  1466  1466 D DefaultContactAddon: isFirstBoot : false
03-18 18:45:41.585  1172  1195 I chatty  : uid=1000(system) Binder_2 expire 6 lines
03-18 18:45:41.591  1466  1619 I ContactsProvider: Accounts changed
03-18 18:45:41.594  1466  1809 D FSA0    : onAction: mPhoneId = 0, action = 13
03-18 18:45:41.594  1466  1809 D FSA0    : startImport for Account {name=SIM1, type=sprd.com.android.account.usim}
03-18 18:45:41.594  1466  1809 D FSA     : sImportingCounter=1
03-18 18:45:41.689  1466  1619 I ContactsProvider: Accounts changed
03-18 18:45:41.710  2480  2480 W System  : ClassLoader referenced unknown path: /system/priv-app/ManagedProvisioning/lib/arm
03-18 18:45:41.732  1466  1809 E SimContactProxy: iccUri:content://icc/adn/subId/2
03-18 18:45:41.732  1466  1809 E SimContactProxy: iccGroupUri:content://icc/gas/subId/2
03-18 18:45:41.732  1466  1809 E SimContactProxy: iccAasUri:content://icc/aas/subId/2
03-18 18:45:41.733  1466  1809 E SimContactProxy: iccSneUri:content://icc/sne/subId/2
03-18 18:45:41.733  1466  1809 E SimContactProxy: iccSdnUri:content://icc/sdn/subId/2
03-18 18:45:41.817  2114  2114 I chatty  : uid=1000(system) com.spreadst.validator expire 1 line
03-18 18:45:41.827  1963  1963 D wpa_supplicant: wlan0: Control interface command 'SIGNAL_POLL'
03-18 18:45:41.937  1466  1619 D ContactDirectoryManager: Found com.android.exchange.directory.provider
03-18 18:45:41.950  1392  2475 I RadioInteraction: Waiting for radio power on...
03-18 18:45:41.960  2501  2501 W System  : ClassLoader referenced unknown path: /system/priv-app/OneTimeInitializer/lib/arm
03-18 18:45:41.963  1436  1436 D NetworkController.MobileSignalController(2): getLabel[0]: Jio 4G color = -1
03-18 18:45:41.966  1436  1436 D PhoneStatusBar: label = 
03-18 18:45:42.013   216   464 I chatty  : uid=1000(system) /system/bin/wcnd expire 2 lines
03-18 18:45:42.150  1392  2475 I RadioInteraction: Radio turned on.
03-18 18:45:42.150  1392  2475 I RadioInteraction: Run the callback.
03-18 18:45:42.150  1392  2475 D RadioTaskExecutor: run phone 0 power radio on callback... mRadioBusyFlag = 1
03-18 18:45:42.150  1392  2475 D RadioTaskExecutor: ALL_RADIOS_OPERATION_DONE notify all!
03-18 18:45:42.150  1392  2427 D RadioTaskExecutor: done
03-18 18:45:42.150  1392  2427 D RadioTaskExecutor: finish execute task: SET_PRIMARY_CARD, radio busy end.
03-18 18:45:42.150  1392  1392 D RadioTaskExecutor: start loop
03-18 18:45:42.150  1392  1392 D RadioTaskExecutor: Task queue :
03-18 18:45:42.151  1392  1392 D RadioTaskExecutor: task queue is empty now, quit loop
03-18 18:45:42.166  1436  2092 D QSTile.DataConnectionTile: mRadioSetting handleValueChanged
03-18 18:45:42.174  1392  1406 D PhoneInterfaceManager: [PhoneIntfMgr] getDataEnabled: subId=2 phoneId=0
03-18 18:45:42.175  1392  1406 D PhoneInterfaceManager: [PhoneIntfMgr] getDataEnabled: subId=2 retVal=true
03-18 18:45:42.178  1436  2092 D TelephonyManager: getDataEnabled: retVal=true
03-18 18:45:42.178  1436  2092 D QSTile.DataConnectionTile: dataConnected = true
03-18 18:45:42.185  2514  2514 W System  : ClassLoader referenced unknown path: /system/app/Exchange2/lib/arm
03-18 18:45:42.192  2530  2530 W System  : ClassLoader referenced unknown path: /system/app/Email/lib/arm
03-18 18:45:42.192  1436  2092 D QSTile.DataConnectionTile: defaultDataSubId = 2 isDefaultDataSimReady = true isDefaultDataStandby = true
03-18 18:45:42.194  1436  2092 D QSTile.LteServiceTile: handleValueChanged: value = 0
03-18 18:45:42.199  1436  2092 D QSTile.LteServiceTile: handleUpdateState: mLteEnabled = false isPrimaryCardUsim = true isPrimaryCardReady = true
03-18 18:45:42.357  1466  1619 I ContactDirectoryManager: deleted 0 stale rows which don't have any relevant directory
03-18 18:45:42.386  1466  1619 I ContactDirectoryManager: Discovered 0 contact directories in 564ms
03-18 18:45:42.390  1172  1710 I chatty  : uid=1000(system) Binder_8 expire 8 lines
03-18 18:45:42.601  2460  2460 I CalendarProvider2: Sending notification intent: Intent { act=android.intent.action.PROVIDER_CHANGED dat=content://com.android.calendar }
03-18 18:45:42.601  2460  2460 W ContentResolver: Failed to get type for: content://com.android.calendar (Unknown URL content://com.android.calendar)
03-18 18:45:42.660  2530  2530 D AddonManager: -> manageFeatureList: The Plugin of <com.android.email> is <PackageInfo{8b1167c plugin.sprd.emailxposed}> .
03-18 18:45:42.661  2530  2530 D AddonManager: -> getAddon: featureClassName:plugin.sprd.emailxposed.AddonEmailDrmUtils
03-18 18:45:42.661  2530  2530 I AddonManager: -> getAddon,The classloader of defClazz is dalvik.system.PathClassLoader[DexPathList[[zip file "/system/app/Email/Email.apk"],nativeLibraryDirectories=[/system/app/Email/lib/arm, /vendor/lib, /system/lib]]]
03-18 18:45:42.667  2530  2530 D AddonManager: ->getAddon, createAddon pkg: PackageInfo{8b1167c plugin.sprd.emailxposed}, clazz: class plugin.sprd.emailxposed.AddonEmailDrmUtils, classloader:dalvik.system.PathClassLoader[DexPathList[[zip file "/system/app/EmailDrmAddon/EmailDrmAddon.apk"],nativeLibraryDirectories=[/vendor/lib, /system/lib]]]
03-18 18:45:42.689  2530  2530 D AddonManager: ->createAddon, wantedClass <class plugin.sprd.emailxposed.AddonEmailDrmUtils>, pluginContext: android.app.ContextImpl@8288b05
03-18 18:45:42.691  2530  2548 W art     : Long monitor contention event with owner method=long android.database.sqlite.SQLiteConnection.nativeOpen(java.lang.String, int, java.lang.String, boolean, boolean) from SQLiteConnection.java:4294967294 waiters=1 for 137ms
03-18 18:45:42.704  1172  1496 I chatty  : uid=1000(system) Binder_4 expire 4 lines
03-18 18:45:42.720  2514  2514 I Exchange: EasService.onCreate
03-18 18:45:42.724   263   499 E DrmOmaPlugIn: DrmOmaPlugIn::onInitialize : 3111
03-18 18:45:42.724   263   499 E DrmOmaPlugIn: DrmOmaPlugIn::onSetOnInfoListener : 3111
03-18 18:45:42.751  2530  2552 W art     : Long monitor contention event with owner method=void java.lang.Thread.nativeCreate(java.lang.Thread, long, boolean) from Thread.java:4294967294 waiters=0 for 212ms
03-18 18:45:42.794  2514  2571 I Exchange: RestartPingTask
03-18 18:45:42.798  2530  2560 I Email   : Observing account changes for notifications
03-18 18:45:42.903  2564  2564 I chatty  : uid=1000(system) com.sprd.engineermode expire 1 line
03-18 18:45:42.911  2514  2514 I Exchange: RestartPingsTask did not start any pings.
03-18 18:45:42.911  2514  2514 I Exchange: PSS stopIfIdle
03-18 18:45:42.912  2514  2514 I Exchange: PSS has no active accounts; stopping service.
03-18 18:45:42.920  2514  2514 I Exchange: onDestroy
03-18 18:45:42.926  2530  2549 W art     : Long monitor contention event with owner method=void com.android.email.provider.AccountReconciler.reconcileAccounts(android.content.Context) from AccountReconciler.java:4294967295 waiters=1 for 173ms
03-18 18:45:42.971  2564  2585 I chatty  : uid=1000(system) com.sprd.engineermode expire 2 lines
03-18 18:45:42.972   216   460 I chatty  : uid=1000(system) /system/bin/wcnd expire 20 lines
03-18 18:45:42.976  2564  2585 I chatty  : uid=1000(system) com.sprd.engineermode expire 3 lines
03-18 18:45:42.977   216   460 I chatty  : uid=1000(system) /system/bin/wcnd expire 10 lines
03-18 18:45:42.977  2564  2585 I chatty  : uid=1000(system) com.sprd.engineermode expire 1 line
03-18 18:45:42.980   260   332 I chatty  : uid=1000(system) /system/bin/phoneserver expire 6 lines
03-18 18:45:42.980  2564  2586 I chatty  : uid=1000(system) com.sprd.engineermode expire 3 lines
03-18 18:45:42.991   260   333 I chatty  : uid=1000(system) /system/bin/phoneserver expire 2 lines
03-18 18:45:42.992   260   332 I chatty  : uid=1000(system) /system/bin/phoneserver expire 10 lines
03-18 18:45:43.015  1172  1194 I chatty  : uid=1000(system) Binder_1 expire 2 lines
03-18 18:45:43.016  1172  1705 I chatty  : uid=1000(system) Binder_7 expire 2 lines
03-18 18:45:43.017  2514  2514 I Exchange: EasService.onCreate
03-18 18:45:43.022  2564  2564 I chatty  : uid=1000(system) com.sprd.engineermode expire 2 lines
03-18 18:45:43.026  2514  2587 I Exchange: RestartPingTask
03-18 18:45:43.030   260   332 I chatty  : uid=1000(system) /system/bin/phoneserver expire 9 lines
03-18 18:45:43.044  2564  2564 I chatty  : uid=1000(system) com.sprd.engineermode expire 1 line
