04-29 15:54:59.423   212   212 D gralloc.sc8830: fb_post fps = 1.013658
04-29 15:54:59.440  1449  2232 W MediaScanner: Error opening directory '/oem/media/', skipping: No such file or directory.
04-29 15:54:59.452  1449  2232 D MediaScannerService: done scanning volume internal
04-29 15:54:59.452  1449  2232 D MediaScannerService: start scanning volume external: [/storage/emulated/0]
04-29 15:54:59.452  1449  1449 D MediaScannerService: Runnable: mIndex=1, mRecentId=4
04-29 15:54:59.461  1449  2232 D MediaProvider: ensureDefaultFolders:externalStoragePaths=[/storage/emulated/0, /storage/2CEB-18E7]mPathType=4
04-29 15:54:59.468   268  1309 W audio_hw_primary: do_output_standby.mode:0 
04-29 15:54:59.636  1163  2771 D NetworkMonitor/NetworkAgentInfo [WIFI () - 100]: Probably not a portal: exception java.net.ConnectException: failed to connect to connectivitycheck.gstatic.com/2404:6800:4005:804::200e (port 80) after 2000ms: connect failed: ENETUNREACH (Network is unreachable)
04-29 15:54:59.638  1428  1997 D ConnectivityManager.CallbackHandler: CM callback handler got msg 524294
04-29 15:54:59.642  1428  1987 D NetworkController.MobileSignalController(2): getLabel[0]: Jio color = -1
04-29 15:54:59.643  1428  1987 D PhoneStatusBar: label = Jio
04-29 15:54:59.951   267   485 E         : drm_ntp: hostname 0.kr.pool.ntp.org -> ip 106.247.248.106
04-29 15:54:59.952   267   485 E         : drm_ntp: try to connect ntp server 0.kr.pool.ntp.org
04-29 15:54:59.952   267   485 E         : drm_ntp: ConnectNtpServer sucessful!
04-29 15:55:00.000  1163  1320 D AlarmManagerService: set alarm to kernel: 96.101000000, type=3 
04-29 15:55:00.003  1428  1428 D KeyguardUpdateMonitor: received broadcast android.intent.action.TIME_TICK
04-29 15:55:00.003  1428  1428 D KeyguardUpdateMonitor: handleTimeUpdate
04-29 15:55:00.357  2653  2831 E SLOG    : iodebug_print_info: open /sys/devices/sdio_emmc/mmc_host/mmc0/mmc0:0001/perferred_erase_size failed
04-29 15:55:00.357  2653  2831 E SLOG    :  [2]
04-29 15:55:00.364  2653  2831 E SLOG    : iodebug_socket_init: iodebug:create socket failed and return -1, Protocol not supported ,93
04-29 15:55:00.364  2653  2831 E SLOG    :  [93]
04-29 15:55:00.364  2653  2831 E SLOG    : iodebug_log_handler: iodebug_socket_init faild, ret = -1
04-29 15:55:00.364  2653  2831 E SLOG    :  [93]
04-29 15:55:00.389  1428  1428 D NetworkController.MobileSignalController(2): getLabel[0]: Jio color = -1
04-29 15:55:00.391  1428  1428 D PhoneStatusBar: label = Jio
04-29 15:55:00.441  1449  2232 D MediaProvider: object removed 8320
04-29 15:55:00.442  1449  2232 D MediaProvider: object removed 8321
04-29 15:55:00.443  1449  2232 D MediaProvider: object removed 8322
04-29 15:55:00.443  1449  2232 D MediaProvider: object removed 8323
04-29 15:55:00.443  1449  2232 D MediaProvider: object removed 8324
04-29 15:55:00.444  1449  2232 D MediaProvider: object removed 8325
04-29 15:55:00.444  1449  2232 D MediaProvider: object removed 8326
04-29 15:55:00.444  1449  2232 D MediaProvider: object removed 8327
04-29 15:55:00.444  1449  2232 D MediaProvider: object removed 8328
04-29 15:55:00.444  1449  2232 D MediaProvider: object removed 8329
04-29 15:55:00.444  1449  2232 D MediaProvider: object removed 8330
04-29 15:55:00.444  1449  2232 D MediaProvider: object removed 8331
04-29 15:55:00.445  1449  2232 D MediaProvider: object removed 8344
04-29 15:55:00.445  1449  2232 D MediaProvider: object removed 8345
04-29 15:55:00.445  1449  2232 D MediaProvider: object removed 8346
04-29 15:55:00.445  1449  2232 D MediaProvider: object removed 8347
04-29 15:55:00.445  1449  2232 D MediaProvider: object removed 8348
04-29 15:55:00.445  1449  2232 D MediaProvider: object removed 8349
04-29 15:55:00.446  1449  2232 D MediaProvider: object removed 8350
04-29 15:55:00.446  1449  2232 D MediaProvider: object removed 8351
04-29 15:55:00.446  1449  2232 D MediaProvider: object removed 8352
04-29 15:55:00.446  1449  2232 D MediaProvider: object removed 8353
04-29 15:55:00.446  1449  2232 D MediaProvider: object removed 8354
04-29 15:55:00.446  1449  2232 D MediaProvider: object removed 8355
04-29 15:55:00.446  1449  2232 D MediaProvider: object removed 8356
04-29 15:55:00.447  1449  2232 D MediaProvider: object removed 8357
04-29 15:55:00.447  1449  2232 D MediaProvider: object removed 8358
04-29 15:55:00.447  1449  2232 D MediaProvider: object removed 8359
04-29 15:55:00.447  1449  2232 D MediaProvider: object removed 8360
04-29 15:55:00.447  1449  2232 D MediaProvider: object removed 8361
04-29 15:55:00.447  1449  2232 D MediaProvider: object removed 8362
04-29 15:55:00.447  1449  2232 D MediaProvider: object removed 8363
04-29 15:55:00.448  1449  2232 D MediaProvider: object removed 8364
04-29 15:55:00.448  1449  2232 D MediaProvider: object removed 8365
04-29 15:55:00.448  1449  2232 D MediaProvider: object removed 8366
04-29 15:55:00.448  1449  2232 D MediaProvider: object removed 8367
04-29 15:55:00.767  1449  2232 D MediaScannerService: done scanning volume external
04-29 15:55:00.767  1449  1449 D MediaScannerService: Runnable: mIndex=0, mRecentId=4
04-29 15:55:00.767  1449  1449 D MediaScannerService: stopSelf
04-29 15:55:00.768  1449  1449 D MediaScannerService: onDestroy
04-29 15:55:00.865  1163  1184 D AddonManager: -> getAddon: featureClassName:plugin.sprd.signalstrengthforoperator.SignalStrengthUtilsForOperator
04-29 15:55:00.865  1163  1184 I AddonManager: -> getAddon,The classloader of defClazz is java.lang.BootClassLoader@61323c
04-29 15:55:00.865  1163  1184 D AddonManager: ->getAddon: Create feature <plugin.sprd.signalstrengthforoperator.SignalStrengthUtilsForOperator> object Failed, AddonManager will return <class com.android.telephony.SignalStrengthUtils> object.
04-29 15:55:01.129   216   461 D WCND    : is_cp2_alive_ok: open polling interface: /proc/mdbg/loopcheck, fd = 13
04-29 15:55:01.229   216   461 D WCND    : is_cp2_alive_ok: loop: /proc/mdbg/loopcheck is OK
04-29 15:55:01.390  1428  1428 D NetworkController.MobileSignalController(2): getLabel[0]: Jio color = -1
04-29 15:55:01.392  1428  1428 D PhoneStatusBar: label = Jio
04-29 15:55:01.429   212   212 D gralloc.sc8830: fb_post fps = 1.994067
04-29 15:55:03.395  1428  1428 D NetworkController.MobileSignalController(2): getLabel[0]: Jio color = -1
04-29 15:55:03.396  1428  1428 D PhoneStatusBar: label = Jio
04-29 15:55:03.419   212   212 D gralloc.sc8830: fb_post fps = 0.502530
04-29 15:55:05.399  1428  1428 D NetworkController.MobileSignalController(2): getLabel[0]: Jio color = -1
04-29 15:55:05.401  1428  1428 D PhoneStatusBar: label = Jio
04-29 15:55:05.426   212   212 D gralloc.sc8830: fb_post fps = 0.498403
04-29 15:55:06.230   216   461 D WCND    : is_cp2_alive_ok: open polling interface: /proc/mdbg/loopcheck, fd = 13
04-29 15:55:06.330   216   461 D WCND    : is_cp2_alive_ok: loop: /proc/mdbg/loopcheck is OK
04-29 15:55:06.813  1163  2772 D NetlinkSocketObserver: NeighborEvent{elapsedMs=45280, 192.168.8.1, [F80113C71FEB], RTM_NEWNEIGH, NUD_STALE}
04-29 15:55:08.389  1163  1337 D WifiNetworkMonitor: Probably not a portal: exception java.net.ConnectException: failed to connect to connectivitycheck.gstatic.com/2404:6800:4005:804::200e (port 80) after 10000ms: connect failed: ENETUNREACH (Network is unreachable)
04-29 15:55:08.390  1163  1337 D WifiNetworkMonitor: Validated!!!
04-29 15:55:08.391  2092  2117 D ImsConnectionManagerService: Un-trusted wifi is connected, wifi info:SSID: zhiye, BSSID: f8:01:13:c7:1f:eb, MAC: 40:45:da:13:52:c7, Supplicant state: COMPLETED, RSSI: -56, Link speed: 1Mbps, Frequency: 2412MHz, Net ID: 2, Metered hint: false, score: 57
04-29 15:55:08.392  2092  2117 D ImsConnectionManagerService: switchOrHandoverVowifi: call state is "IDLE", calling mode is "No Calling", switch Vowifi
04-29 15:55:08.392  1163  1337 D WifiNetworkMonitor: EVENT_WIFI_RSSI_CHANGED
04-29 15:55:08.392  2092  2302 D ImsConnectionManagerService: handleMessage: MSG_SWITCH_TO_VOWIFI, mIsPendingProcess = false
04-29 15:55:08.392  2092  2302 D ImsCMUtils: switch to Vowifi
04-29 15:55:08.393  1383  1383 I S2b     : start
04-29 15:55:08.394  1163  1337 D WifiNetworkMonitor: EVENT_WIFI_RSSI_CHANGED
04-29 15:55:08.394  2092  2302 D ImsConnectionManagerService: handleMessage: MSG_SWITCH_TO_VOWIFI, mRequestId = 0
04-29 15:55:08.395  1163  1337 D WifiNetworkMonitor: EVENT_WIFI_RSSI_CHANGED
04-29 15:55:08.405  1428  1428 D NetworkController.MobileSignalController(2): getLabel[0]: Jio color = -1
04-29 15:55:08.407  1428  1428 D PhoneStatusBar: label = Jio
04-29 15:55:08.420  1945  2129 D LEMON   : 15:55:08.420 MRP: INFO: init db ok.
04-29 15:55:08.420  1945  2129 D LEMON   : 15:55:08.420 MXP: INFO: init db ok.
04-29 15:55:08.420  1945  2129 D LEMON   : 15:55:08.420 MMP: INFO: init db ok.
04-29 15:55:08.420  1945  2129 D LEMON   : 15:55:08.420 MNP: INFO: init db ok.
04-29 15:55:08.420  1945  2129 D LEMON   : 15:55:08.420 MTP: INFO: init db ok.
04-29 15:55:08.420  1945  2129 D LEMON   : 15:55:08.420 MTC: INFO: ProfSelect choice <Security> ok
04-29 15:55:08.420  1945  2129 D LEMON   : 15:55:08.420 DNS: INFO: InitSrv primary 192.168.8.1:53
04-29 15:55:08.420  1945  2129 D LEMON   : 15:55:08.420 DNS: INFO: InitSrv secondary 0.0.0.0:0
04-29 15:55:08.421  1945  2129 D LEMON   : 15:55:08.421 MVC: INFO: GetSuptCdc support 7
04-29 15:55:08.421  1945  2129 D LEMON   : 15:55:08.421 MVD: INFO: GetSuptCdc support 3
04-29 15:55:08.422  1945  2129 D LEMON   : 15:55:08.422 ZOS: INFO: Open file</data/user/0/com.sprd.vowifi.security/files/Security/profiles/Security/provision-v1.xml2ss> flag[w+b] ok.
04-29 15:55:08.422  1945  2129 D LEMON   : 15:55:08.422 ZOS: INFO: Open file</data/user/0/com.sprd.vowifi.security/files/Security/profiles/Security/provision-v1.xml> flag[rb] ok.
04-29 15:55:08.433  1945  2129 D LEMON   : 15:55:08.433 MVC: INFO: GetSuptCdc support 7
04-29 15:55:08.433  1945  2129 D LEMON   : 15:55:08.433 MVD: INFO: GetSuptCdc support 3
04-29 15:55:08.439  1945  2129 D LEMON   : 15:55:08.439 ZOS: INFO: Open file</data/user/0/com.sprd.vowifi.security/files/Security/profiles/Security/provision-v1.xml2ss> flag[w+b] ok.
04-29 15:55:08.440  1945  2129 D LEMON   : 15:55:08.440 ZOS: INFO: Open file</data/user/0/com.sprd.vowifi.security/files/Security/profiles/Security/provision-v1.xml> flag[w+b] ok.
04-29 15:55:08.442  1945  2129 D LEMON   : 15:55:08.441 SIP: INFO: tpt set udp sever addr[0.0.0.0:0].
04-29 15:55:08.442  1945  2129 D LEMON   : 15:55:08.442 SIP: INFO: tpt set tcp sever addr[0.0.0.0:0].
04-29 15:55:08.442  1945  2129 D LEMON   : 15:55:08.442 SIP: INFO: tpt set tls sever addr[0.0.0.0:0].
04-29 15:55:08.442  1945  2129 D LEMON   : 15:55:08.442 MSP: DEBUG: get data bearer<6>.
04-29 15:55:08.442  1945  2129 I MME     : APICALL   ; (15:55: 8:442 |    0)        VOICE:    1    99;      2129; SetEcStatus(enable=1, mode=3)
04-29 15:55:08.442  1945  2129 D LEMON   : 15:55:08.442 MVC: INFO: DspSetAecEnable set enable
04-29 15:55:08.442  1945  2129 I MME     : APICALL   ; (15:55: 8:442 |    0)        VOICE:    1    99;      2129; SetEcStatus(enable=1, mode=3)
04-29 15:55:08.442  1945  2129 D LEMON   : 15:55:08.442 MVC: INFO: DspSetAecMode mode 4.
04-29 15:55:08.443  1945  2129 I MME     : APICALL   ; (15:55: 8:442 |    0)        VOICE:    1    99;      2129; SetAgcStatus(enable=1, mode=4)
04-29 15:55:08.443  1945  2129 D LEMON   : 15:55:08.443 MVC: INFO: DspSetAgcEnable set enable
04-29 15:55:08.443  1945  2129 I MME     : APICALL   ; (15:55: 8:443 |    1)        VOICE:    1    99;      2129; SetAgcStatus(enable=1, mode=4)
04-29 15:55:08.443  1945  2129 D LEMON   : 15:55:08.443 MVC: INFO: DspSetAgcMode mode 3
04-29 15:55:08.443  1945  2129 I MME     : APICALL   ; (15:55: 8:443 |    0)        VOICE:    1    99;      2129; GetAgcConfig(config=?)
04-29 15:55:08.443  1945  2129 I MME     : STATEINFO ; (15:55: 8:443 |    0)        VOICE:    1    99;      2129; GetAgcConfig() => targetLeveldBOv=3, digitalCompressionGaindB=9, limiterEnable=1
04-29 15:55:08.443  1945  2129 I MME     : APICALL   ; (15:55: 8:443 |    0)        VOICE:    1    99;      2129; SetAgcConfig()
04-29 15:55:08.443  1945  2129 D LEMON   : 15:55:08.443 MVC: INFO: DspSetAgcTgt set 3.
04-29 15:55:08.443  1945  2129 I MME     : APICALL   ; (15:55: 8:443 |    0)        VOICE:    1    99;      2129; SetNsStatus(enable=1, mode=5)
04-29 15:55:08.443  1945  2129 D LEMON   : 15:55:08.443 MVC: INFO: DspSetAnrEnable set enable
04-29 15:55:08.443  1945  2129 I MME     : APICALL   ; (15:55: 8:443 |    0)        VOICE:    1    99;      2129; SetNsStatus(enable=1, mode=5)
04-29 15:55:08.443  1945  2129 D LEMON   : 15:55:08.443 MVC: INFO: DspSetAnrMode mode 2.
04-29 15:55:08.443  1945  2129 D LEMON   : 15:55:08.443 MTC: DEBUG: ProvDbSetCurProfUser <Security>.
04-29 15:55:08.443  1945  2129 D LEMON   : 15:55:08.443 MTC: INFO: open client ok.
04-29 15:55:08.444   212   212 D gralloc.sc8830: fb_post fps = 0.331328
04-29 15:55:08.444  1945  2129 D LEMON   : 15:55:08.444 SIP: INFO: tpt set udp sever addr[0.0.0.0:0].
04-29 15:55:08.444  1945  2129 D LEMON   : 15:55:08.444 SIP: INFO: tpt set tcp sever addr[0.0.0.0:0].
04-29 15:55:08.445  1945  2129 D LEMON   : 15:55:08.444 SIP: INFO: tpt set tls sever addr[0.0.0.0:0].
04-29 15:55:08.445  1945  2129 D LEMON   : 15:55:08.445 MSP: DEBUG: get data bearer<6>.
04-29 15:55:08.445  1945  2129 I MME     : APICALL   ; (15:55: 8:445 |    2)        VOICE:    1    99;      2129; SetEcStatus(enable=1, mode=3)
04-29 15:55:08.445  1945  2129 D LEMON   : 15:55:08.445 MVC: INFO: DspSetAecEnable set enable
04-29 15:55:08.445  1945  2129 I MME     : APICALL   ; (15:55: 8:445 |    0)        VOICE:    1    99;      2129; SetEcStatus(enable=1, mode=3)
04-29 15:55:08.445  1945  2129 D LEMON   : 15:55:08.445 MVC: INFO: DspSetAecMode mode 4.
04-29 15:55:08.445  1945  2129 I MME     : APICALL   ; (15:55: 8:445 |    0)        VOICE:    1    99;      2129; SetAgcStatus(enable=1, mode=4)
04-29 15:55:08.445  1945  2129 D LEMON   : 15:55:08.445 MVC: INFO: DspSetAgcEnable set enable
04-29 15:55:08.445  1945  2129 I MME     : APICALL   ; (15:55: 8:445 |    0)        VOICE:    1    99;      2129; SetAgcStatus(enable=1, mode=4)
04-29 15:55:08.445  1945  2129 D LEMON   : 15:55:08.445 MVC: INFO: DspSetAgcMode mode 3
04-29 15:55:08.445  1945  2129 I MME     : APICALL   ; (15:55: 8:445 |    0)        VOICE:    1    99;      2129; GetAgcConfig(config=?)
04-29 15:55:08.445  1945  2129 I MME     : STATEINFO ; (15:55: 8:445 |    2)        VOICE:    1    99;      2129; GetAgcConfig() => targetLeveldBOv=3, digitalCompressionGaindB=9, limiterEnable=1
04-29 15:55:08.446  1945  2129 I MME     : APICALL   ; (15:55: 8:446 |    1)        VOICE:    1    99;      2129; SetAgcConfig()
04-29 15:55:08.446  1945  2129 D LEMON   : 15:55:08.446 MVC: INFO: DspSetAgcTgt set 3.
04-29 15:55:08.446  1945  2129 I MME     : APICALL   ; (15:55: 8:446 |    0)        VOICE:    1    99;      2129; SetNsStatus(enable=1, mode=5)
04-29 15:55:08.446  1945  2129 D LEMON   : 15:55:08.446 MVC: INFO: DspSetAnrEnable set enable
04-29 15:55:08.446  1945  2129 I MME     : APICALL   ; (15:55: 8:446 |    0)        VOICE:    1    99;      2129; SetNsStatus(enable=1, mode=5)
04-29 15:55:08.446  1945  2129 D LEMON   : 15:55:08.446 MVC: INFO: DspSetAnrMode mode 2.
04-29 15:55:08.446  1945  2129 D LEMON   : 15:55:08.446 ZOS: INFO: task<DNS:10> alloc ok.
04-29 15:55:08.446  1945  2129 D LEMON   : 15:55:08.446 ZOS: INFO: qtimer create task<0xA> timer<1> ok.
04-29 15:55:08.446  1945  2129 D LEMON   : 15:55:08.446 DNS: INFO: init ok.
04-29 15:55:08.447  1945  2129 D LEMON   : 15:55:08.446 ZOS: INFO: task<DNS:10> spawn ok.
04-29 15:55:08.447  1945  2129 D LEMON   : 15:55:08.447 ZOS: INFO: task<DNS:10> module start ok.
04-29 15:55:08.448  1945  2129 D LEMON   : 15:55:08.448 ZOS: INFO: task<SIP:11> alloc ok.
04-29 15:55:08.448  1945  2129 D LEMON   : 15:55:08.448 ZOS: DEBUG: BkCreate brick manager 0xabe76040.
04-29 15:55:08.448  1945  2129 D LEMON   : 15:55:08.448 ZOS: DEBUG: BkCreate brick manager 0xab8f981c.
04-29 15:55:08.449  1945  2129 D LEMON   : 15:55:08.448 ZOS: DEBUG: BkCreate brick manager 0xab8fa028.
04-29 15:55:08.449  1945  2129 D LEMON   : 15:55:08.449 ZOS: DEBUG: BkCreate brick manager 0xab8fb040.
04-29 15:55:08.449  1945  2129 D LEMON   : 15:55:08.449 ZOS: DEBUG: BkCreate brick manager 0xa206a428.
04-29 15:55:08.449  1945  2129 D LEMON   : 15:55:08.449 ZOS: DEBUG: BkCreate brick manager 0xaf705840.
04-29 15:55:08.449  1945  2129 D LEMON   : 15:55:08.449 ZOS: INFO: qtimer create task<0xB> timer<2> ok.
04-29 15:55:08.449  1945  2129 D LEMON   : 15:55:08.449 SIP: INFO: tpt init ok.
04-29 15:55:08.449  1945  2129 D LEMON   : 15:55:08.449 SIP: INFO: module init ok.
04-29 15:55:08.449  1945  2129 D LEMON   : 15:55:08.449 ZOS: INFO: task<SIP:11> spawn ok.
04-29 15:55:08.450  1945  2129 D LEMON   : 15:55:08.450 ZOS: INFO: task<SIP:11> module start ok.
04-29 15:55:08.450  1945  2129 D LEMON   : 15:55:08.450 ZOS: INFO: add debug command ok.
04-29 15:55:08.450  1945  2129 D LEMON   : 15:55:08.450 SIP: INFO: start ok.
04-29 15:55:08.450  1945  2129 D LEMON   : 15:55:08.450 ZOS: INFO: task<XCAPC:12> alloc ok.
04-29 15:55:08.450  1945  2129 D LEMON   : 15:55:08.450 ZOS: DEBUG: BkCreate brick manager 0xaf778134.
04-29 15:55:08.450  1945  2129 D LEMON   : 15:55:08.450 XCAPC: INFO: init ok.
04-29 15:55:08.450  1945  2129 D LEMON   : 15:55:08.450 ZOS: INFO: task<XCAPC:12> spawn ok.
04-29 15:55:08.450  1945  2129 D LEMON   : 15:55:08.450 ZOS: INFO: task<XCAPC:12> module start ok.
04-29 15:55:08.450  1945  2129 D LEMON   : 15:55:08.450 XCAPC: INFO: start ok.
04-29 15:55:08.451  1945  2129 D LEMON   : 15:55:08.450 ZOS: INFO: task<MSF:13> alloc ok.
04-29 15:55:08.451  1945  2129 D LEMON   : 15:55:08.451 MVC: INFO: EvntSetCallback set 0xa397c381 cookie 0.
04-29 15:55:08.451  1945  2129 D LEMON   : 15:55:08.451 MVD: INFO: EvntSetCallback .
04-29 15:55:08.451  1945  2129 D LEMON   : 15:55:08.451 MVD: INFO: EvntRegister mask 653344 disable.
04-29 15:55:08.451  1945  2129 D LEMON   : 15:55:08.451 ZOS: INFO: task<MSF:13> module start ok.
04-29 15:55:08.451  1945  2129 D LEMON   : 15:55:08.451 MSF: INFO: start ok.
04-29 15:55:08.451  1945  2129 D LEMON   : 15:55:08.451 MSF: INFO: comp<MRF:0xaf778368> start ok.
04-29 15:55:08.451  1945  2129 D LEMON   : 15:55:08.451 ZOS: INFO: qtimer create task<0xD> timer<3> ok.
04-29 15:55:08.451  1945  2129 D LEMON   : 15:55:08.451 MRP: DEBUG: get register tpt type<0>.
04-29 15:55:08.451  1945  2129 D LEMON   : 15:55:08.451 MSF: INFO: comp<MXF:0xaf778624> start ok.
04-29 15:55:08.451  1945  2129 D LEMON   : 15:55:08.451 ZOS: INFO: qtimer create task<0xC> timer<4> ok.
04-29 15:55:08.451  1945  2129 D LEMON   : 15:55:08.451 XCAPC: INFO: auas [65538] created.
04-29 15:55:08.451  1945  2129 D LEMON   : 15:55:08.451 XCAPC: INFO: Open auas[65538] ok.
04-29 15:55:08.452  1945  2129 D LEMON   : 15:55:08.451 MXF: INFO: start ok.
04-29 15:55:08.452  1945  2129 D LEMON   : 15:55:08.452 MSF: INFO: comp<MMF:0xaf77873c> start ok.
04-29 15:55:08.452  1945  2129 D LEMON   : 15:55:08.452 MMF: INFO: start ok.
04-29 15:55:08.452  1945  2129 D LEMON   : 15:55:08.452 MSF: INFO: comp<MNF:0xaf778854> start ok.
04-29 15:55:08.452  1945  2129 D LEMON   : 15:55:08.452 MNF: INFO: PortMapInit map 0x0xaf6f447c.
04-29 15:55:08.452  1945  2129 D LEMON   : 15:55:08.452 MNF: INFO: PortMapInit map 0x0xaf6f4498.
04-29 15:55:08.452  1945  2129 D LEMON   : 15:55:08.452 MNF: INFO: port init ok.
04-29 15:55:08.452  1945  2129 D LEMON   : 15:55:08.452 MNF: INFO: start ok.
04-29 15:55:08.452  1945  2129 D LEMON   : 15:55:08.452 MSF: INFO: comp<MTF:0xaf77bd38> start ok.
04-29 15:55:08.452  1945  2129 D LEMON   : 15:55:08.452 MTF: INFO: port init ok.
04-29 15:55:08.452  1945  2129 D LEMON   : 15:55:08.452 MTF: INFO: start ok.
04-29 15:55:08.452  1945  2129 D LEMON   : 15:55:08.452 RSD: DEBUG: start enabler<RRE:0xaf77bf68> ok.
04-29 15:55:08.452  1945  2129 D LEMON   : 15:55:08.452 RSD: DEBUG: start enabler<RIE:0xaf77bff4> ok.
04-29 15:55:08.453  1945  2129 D LEMON   : 15:55:08.453 RSD: DEBUG: enabler<0xaf77bff4> attach comp<0xaf77873c>.
04-29 15:55:08.453  1945  2129 D LEMON   : 15:55:08.453 RSD: DEBUG: start enabler<RSE:0xaf77c080> ok.
04-29 15:55:08.453  1945  2129 D LEMON   : 15:55:08.453 ZOS: INFO: qtimer create task<0x0> timer<5> ok.
04-29 15:55:08.453  1945  2129 D LEMON   : 15:55:08.453 RSD: DEBUG: start enabler<RME:0xaf77c198> ok.
04-29 15:55:08.453  1945  2129 D LEMON   : 15:55:08.453 RSD: DEBUG: enabler<0xaf77bf68> attach comp<0xaf778368>.
04-29 15:55:08.453  1945  2129 D LEMON   : 15:55:08.453 RSD: DEBUG: enabler<0xaf77bff4> attach comp<0xaf77873c>.
04-29 15:55:08.453  1945  2129 D LEMON   : 15:55:08.453 RSD: DEBUG: enabler<0xaf77c080> attach comp<0xaf77bd38>.
04-29 15:55:08.453  1945  2129 D LEMON   : 15:55:08.453 RSD: DEBUG: enabler<0xaf77c198> attach comp<0xaf77bd38>.
04-29 15:55:08.453  1945  2129 D LEMON   : 15:55:08.453 MTC: INFO: start client ok.
04-29 15:55:08.454  1945  2129 I AutoStarter: hplmn=405872 vplmn= static=vowifi.jio.com
04-29 15:55:08.454  1945  2129 D LEMON   : 15:55:08.454 AutoStarter: INFO: run
04-29 15:55:08.454  1945  2129 I System.out: run
04-29 15:55:08.454  1945  2129 D LEMON   : 15:55:08.454 AutoStarter: INFO: subRun
04-29 15:55:08.454  1945  2129 I System.out: subRun
04-29 15:55:08.454  1945  2129 D LEMON   : 15:55:08.454 AutoStarter: INFO: dns query epdg.epc.mnc872.mcc405.pub.3gppnetwork.org
04-29 15:55:08.455  1945  2129 I System.out: dns query epdg.epc.mnc872.mcc405.pub.3gppnetwork.org
04-29 15:55:08.457  1945  2129 D LEMON   : 15:55:08.457 ADNS: INFO: start adns session<0xaf779044> send ok.
04-29 15:55:08.457  1945  2046 D LEMON   : 15:55:08.457 ADNS: INFO: process user message.
04-29 15:55:08.457  1945  2046 D LEMON   : 15:55:08.457 ADNS: INFO: CoreProcEvnt run fsm.
04-29 15:55:08.457  1945  2046 D LEMON   : 15:55:08.457 ADNS: INFO: SessIdleOnUeFqdn VPLM:(null)
04-29 15:55:08.457  1945  2046 D LEMON   : 15:55:08.457 DNS: ERROR: Lookup invalid parameter(s)
04-29 15:55:08.457  1945  2046 D LEMON   : 15:55:08.457 ADNS: DEBUG: SessIdleOnUeFqdn VPLM FAILED
04-29 15:55:08.457  1945  2046 D LEMON   : 15:55:08.457 ZOS: INFO: fsm(ADNS) sess@[2943848516] state <IDLE> run [USER FQDN ] event ok.
04-29 15:55:08.457  1945  2046 D LEMON   : 15:55:08.457 ZOS: INFO: fsm(ADNS) sess@[2943848516] state <IDLE> to <FQDNIPV6>.
04-29 15:55:08.457  1945  2046 D LEMON   : 15:55:08.457 ADNS: INFO: process user message.
04-29 15:55:08.457  1945  2046 D LEMON   : 15:55:08.457 ADNS: INFO: CoreProcEvnt run fsm.
04-29 15:55:08.457  1945  2046 D LEMON   : 15:55:08.457 ZOS: INFO: qtimer create task<0xA> timer<6> ok.
04-29 15:55:08.457  1945  2046 D LEMON   : 15:55:08.457 DNS: INFO: query <0xa1f17450> create ok.
04-29 15:55:08.457  1945  2046 D LEMON   : 15:55:08.457 UTPT: INFO: get conn[0x1] ok.
04-29 15:55:08.458  1945  2046 D LEMON   : 15:55:08.458 ZOS: INFO: sock<32> set recvbuf<1048576>.
04-29 15:55:08.458  1945  2046 D LEMON   : 15:55:08.458 ZOS: INFO: sock<32> set sendbuf<1048576>.
04-29 15:55:08.458  1945  1945 D SecurityS2bCallback: mtcS2bCbStateChanged
04-29 15:55:08.458  1945  2046 D LEMON   : 15:55:08.458 ZOS: INFO: SocketOpenX open sock<32>.
04-29 15:55:08.459  1383  1895 I VoWifiSecurityS2bManager: callback{"security_json_action":"security_json_action_s2b_progressing","security_json_param_progress_state":0}
04-29 15:55:08.460  1945  1945 D SecurityS2bWrapper: {"security_json_action":"security_json_action_s2b_progressing","security_json_param_progress_state":0}
04-29 15:55:08.460  1383  1383 I ImsServiceImpl: turnOffIms.
04-29 15:55:08.464  1383  1383 I ImsService: ACTION_SWITCH_IMS_FEATURE->mFeatureSwitchRequest:ImsServiceRequest->mRequestId:0 mEventCode:100 mServiceId:1 mTargetType:2
04-29 15:55:08.464  1383  1383 I ImsService: EVENT_WIFI_ATTACH_STATE_UPDATE-> state:0
04-29 15:55:08.471  1945  2046 D LEMON   : 15:55:08.471 ZOS: INFO: task<0:32:5723135c:14> alloc ok.
04-29 15:55:08.472  1945  2046 D LEMON   : 15:55:08.471 ZOS: INFO: task<0:32:5723135c:14> spawn ok.
04-29 15:55:08.472  1945  2046 D LEMON   : 15:55:08.472 UTPT: INFO: open conn[0x1] user[0] udp<0xaf77c220> server [192.168.8.102:48757] ok.
04-29 15:55:08.472  1945  2046 D LEMON   : 15:55:08.472 DNS: INFO: tpt init ok.
04-29 15:55:08.472  1945  2046 D LEMON   : 15:55:08.472 UTPT: INFO: conn[0x1] send data[60] to [192.168.8.1:53] ok.
04-29 15:55:08.473  1945  2046 D LEMON   : 15:55:08.472 DNS: INFO: tpt send data(60 byte) ok.
04-29 15:55:08.473  1945  2046 D LEMON   : 15:55:08.473 DNS: INFO: user id<2943848516> query resource<epdg.epc.mnc872.mcc405.pub.3gppnetwork.org>.
04-29 15:55:08.473  1945  2046 D LEMON   : 15:55:08.473 ZOS: INFO: fsm(ADNS) sess@[2943848516] state <FQDNIPV6> run [USER FQDN ] event ok.
04-29 15:55:09.282  1163  1337 D WifiNetworkMonitor: EVENT_WIFI_RSSI_CHANGED
04-29 15:55:09.406  1428  1428 D NetworkController.MobileSignalController(2): getLabel[0]: Jio color = -1
04-29 15:55:09.408  1428  1428 D PhoneStatusBar: label = Jio
04-29 15:55:09.727  1945  2043 D LEMON   : 15:55:09.727 UTPT: INFO: recv udp data(len:60) from [192.168.8.1:53].
04-29 15:55:09.727  1945  2839 D LEMON   : 15:55:09.727 DNS: INFO: process transport message.
04-29 15:55:09.727  1945  2839 D LEMON   : 15:55:09.727 DNS: INFO: TptMsgProc get query result <2>.
04-29 15:55:09.728  1945  2839 D LEMON   : 15:55:09.728 UTPT: INFO: conn[0x1] send data[60] to [0.0.0.0:53] ok.
04-29 15:55:09.728  1945  2839 D LEMON   : 15:55:09.728 DNS: INFO: tpt send data(60 byte) ok.
04-29 15:55:09.728  1945  2839 D LEMON   : 15:55:09.728 DNS: INFO: TptMsgProc dns second query id <1>.
04-29 15:55:09.963   267   485 E         : drm_ntp: recvfrom timeout! Success
04-29 15:55:09.963   267   485 E         : drm_ntp: recv from ntp server failed
04-29 15:55:09.963   267   485 E         : drm_ntp:connecting to ntp server
04-29 15:55:09.963   267   485 E         : drm_ntp: CreateNtpClientSockfd sockfd=10
04-29 15:55:10.048  1945  1945 I ZMF     : Zmf camdrv set orient angle 270
04-29 15:55:10.048  1933  1933 I ZMF     : Zmf camdrv set orient angle 270
04-29 15:55:10.126   267   485 E         : drm_ntp: hostname 0.us.pool.ntp.org -> ip 66.228.38.73
04-29 15:55:10.126   267   485 E         : drm_ntp: try to connect ntp server 0.us.pool.ntp.org
04-29 15:55:10.127   267   485 E         : drm_ntp: ConnectNtpServer sucessful!
04-29 15:55:10.374  1933  1933 I ZMF     : Zmf camdrv set orient angle 180
04-29 15:55:10.374  1945  1945 I ZMF     : Zmf camdrv set orient angle 180
04-29 15:55:10.408  1428  1428 D NetworkController.MobileSignalController(2): getLabel[0]: Jio color = -1
04-29 15:55:10.410  1428  1428 D PhoneStatusBar: label = Jio
04-29 15:55:10.433   212   212 D gralloc.sc8830: fb_post fps = 1.005308
04-29 15:55:11.103  1163  1335 D WifiStateMachine: L2Connected CMD_START_SCAN source -2 5, 6 -> obsolete
04-29 15:55:11.331   216   461 D WCND    : is_cp2_alive_ok: open polling interface: /proc/mdbg/loopcheck, fd = 13
04-29 15:55:11.411  1428  1428 D NetworkController.MobileSignalController(2): getLabel[0]: Jio color = -1
04-29 15:55:11.412  1428  1428 D PhoneStatusBar: label = Jio
04-29 15:55:11.431   216   461 D WCND    : is_cp2_alive_ok: loop: /proc/mdbg/loopcheck is OK
04-29 15:55:11.445   212   212 D gralloc.sc8830: fb_post fps = 0.988745
04-29 15:55:12.286  1163  1337 D WifiNetworkMonitor: EVENT_WIFI_RSSI_CHANGED
04-29 15:55:13.416  1428  1428 D NetworkController.MobileSignalController(2): getLabel[0]: Jio color = -1
04-29 15:55:13.419  1428  1428 D PhoneStatusBar: label = Jio
04-29 15:55:13.452   212   212 D gralloc.sc8830: fb_post fps = 0.498183
04-29 15:55:13.921  1945  1945 I ZMF     : Zmf camdrv set orient angle 270
04-29 15:55:13.921  1933  1933 I ZMF     : Zmf camdrv set orient angle 270
04-29 15:55:13.962  1945  1945 I ZMF     : Zmf camdrv set orient angle 0
04-29 15:55:13.962  1933  1933 I ZMF     : Zmf camdrv set orient angle 0
04-29 15:55:14.247  1933  1933 I ZMF     : Zmf camdrv set orient angle 90
04-29 15:55:14.247  1945  1945 I ZMF     : Zmf camdrv set orient angle 90
04-29 15:55:14.728  1945  2839 D LEMON   : 15:55:14.728 DNS: INFO: process timer message.
04-29 15:55:14.729  1945  2839 D LEMON   : 15:55:14.729 ADNS: INFO: timeout error
04-29 15:55:14.729  1945  2839 D LEMON   : 15:55:14.729 ZOS: INFO: qtimer delete timer<6> ok.
04-29 15:55:14.729  1945  2839 D LEMON   : 15:55:14.729 DNS: INFO: query <0xa1f17450> delete ok.
04-29 15:55:14.729  1945  2046 D LEMON   : 15:55:14.729 ADNS: INFO: process dns event.
04-29 15:55:14.729  1945  2046 D LEMON   : 15:55:14.729 ADNS: INFO: CoreProcEvntX run fsm.
04-29 15:55:14.729  1945  2046 D LEMON   : 15:55:14.729 ADNS: ERROR: SessFqdnOnDns Result Error.
04-29 15:55:14.729  1945  2046 D LEMON   : 15:55:14.729 ADNS: INFO: SessFqdnOnDns Process HPLM
04-29 15:55:14.729  1945  2046 D LEMON   : 15:55:14.729 ZOS: INFO: fsm(ADNS) sess@[2943848516] state <FQDNIPV6> run [DNS] event ok.
04-29 15:55:14.729  1945  2046 D LEMON   : 15:55:14.729 ADNS: INFO: process user message.
04-29 15:55:14.730  1945  2046 D LEMON   : 15:55:14.730 ADNS: INFO: CoreProcEvnt run fsm.
04-29 15:55:14.730  1945  2046 D LEMON   : 15:55:14.730 DNS: ERROR: Lookup invalid parameter(s)
04-29 15:55:14.730  1945  2046 D LEMON   : 15:55:14.730 ADNS: DEBUG: SessFqdnOnUeFqdn SFQDN FAILED
04-29 15:55:14.730  1945  2046 D LEMON   : 15:55:14.730 ZOS: INFO: fsm(ADNS) sess@[2943848516] state <FQDNIPV6> run [USER FQDN ] event ok.
04-29 15:55:14.730  1945  2046 D LEMON   : 15:55:14.730 ZOS: INFO: fsm(ADNS) sess@[2943848516] state <FQDNIPV6> to <FQDN>.
04-29 15:55:14.730  1945  2046 D LEMON   : 15:55:14.730 ADNS: INFO: process user message.
04-29 15:55:14.730  1945  2046 D LEMON   : 15:55:14.730 ADNS: INFO: CoreProcEvnt run fsm.
04-29 15:55:14.730  1945  2046 D LEMON   : 15:55:14.730 DNS: ERROR: Lookup invalid parameter(s)
04-29 15:55:14.730  1945  2046 D LEMON   : 15:55:14.730 ZOS: INFO: fsm(ADNS) sess@[2943848516] state <FQDN> run [USER FQDN ] event ok.
04-29 15:55:14.730  1945  2046 D LEMON   : 15:55:14.730 ADNS: INFO: process user message.
04-29 15:55:14.730  1945  2046 D LEMON   : 15:55:14.730 ADNS: INFO: CoreProcEvnt run fsm.
04-29 15:55:14.731  1945  2046 D LEMON   : 15:55:14.731 ZOS: INFO: qtimer create task<0xA> timer<7> ok.
04-29 15:55:14.731  1945  2046 D LEMON   : 15:55:14.731 DNS: INFO: query <0xa1f17450> create ok.
04-29 15:55:14.731  1945  2046 D LEMON   : 15:55:14.731 UTPT: INFO: conn[0x1] start close
04-29 15:55:14.731  1945  2046 D LEMON   : 15:55:14.731 ZOS: INFO: close sock<32>.
04-29 15:55:14.731  1945  2046 D LEMON   : 15:55:14.731 ZOS: INFO: task<0:32:5723135c:14> cease ok.
04-29 15:55:14.731  1945  2046 D LEMON   : 15:55:14.731 UTPT: INFO: close conn[0x1] sts(r:0 s:120).
04-29 15:55:14.731  1945  2046 D LEMON   : 15:55:14.731 UTPT: INFO: close conn[0x1] sock<0xaf77c220> ok.
04-29 15:55:14.733  1945  2843 D LEMON   : 15:55:14.733 ZOS: INFO: close sock<32>.
04-29 15:55:14.733  1945  2843 D LEMON   : 15:55:14.733 ZOS: INFO: destroy sock<32>.
04-29 15:55:14.733  1945  2843 D LEMON   : 15:55:14.733 ZOS: INFO: task<0:32:5723135c> mission complete.
04-29 15:55:14.733  1945  2843 D LEMON   : 15:55:14.733 ZOS: INFO: task<0:32:5723135c:14> free ok.
04-29 15:55:14.746  1945  2046 D LEMON   : 15:55:14.746 UTPT: INFO: put conn[0x1] ok.
04-29 15:55:14.747  1945  2046 D LEMON   : 15:55:14.747 UTPT: INFO: get conn[0x2] ok.
04-29 15:55:14.747  1945  2046 D LEMON   : 15:55:14.747 ZOS: INFO: sock<32> set recvbuf<1048576>.
04-29 15:55:14.747  1945  2046 D LEMON   : 15:55:14.747 ZOS: INFO: sock<32> set sendbuf<1048576>.
04-29 15:55:14.747  1945  2046 D LEMON   : 15:55:14.747 ZOS: INFO: SocketOpenX open sock<32>.
04-29 15:55:14.752  1945  2046 D LEMON   : 15:55:14.752 ZOS: INFO: task<0:32:57231362:15> alloc ok.
04-29 15:55:14.752  1945  2046 D LEMON   : 15:55:14.752 ZOS: INFO: task<0:32:57231362:15> spawn ok.
04-29 15:55:14.753  1945  2046 D LEMON   : 15:55:14.752 UTPT: INFO: open conn[0x2] user[0] udp<0xaf77c2ac> server [192.168.8.102:60248] ok.
04-29 15:55:14.753  1945  2046 D LEMON   : 15:55:14.753 DNS: INFO: tpt init ok.
04-29 15:55:14.754  1945  2046 D LEMON   : 15:55:14.754 UTPT: INFO: conn[0x2] send data[60] to [192.168.8.1:53] ok.
04-29 15:55:14.754  1945  2046 D LEMON   : 15:55:14.754 DNS: INFO: tpt send data(60 byte) ok.
04-29 15:55:14.754  1945  2046 D LEMON   : 15:55:14.754 DNS: INFO: user id<2943848516> query resource<epdg.epc.mnc872.mcc405.pub.3gppnetwork.org>.
04-29 15:55:14.754  1945  2046 D LEMON   : 15:55:14.754 ZOS: INFO: fsm(ADNS) sess@[2943848516] state <FQDN> run [USER FQDN ] event ok.
04-29 15:55:14.807  1945  2043 D LEMON   : 15:55:14.807 UTPT: INFO: recv udp data(len:92) from [192.168.8.1:53].
04-29 15:55:14.807  1945  2839 D LEMON   : 15:55:14.807 DNS: INFO: process transport message.
04-29 15:55:14.807  1945  2839 D LEMON   : 15:55:14.807 DNS: INFO: TptMsgProc get query result <0>.
04-29 15:55:14.807  1945  2839 D LEMON   : 15:55:14.807 DNS: INFO: TptMsgProc update cache.
04-29 15:55:14.808  1945  2839 D LEMON   : 15:55:14.808 DNS: INFO: CacheUpdate insert RR<1> domain<epdg.epc.mnc872.mcc405.pub.3gppnetwork.org> ok
04-29 15:55:14.808  1945  2839 D LEMON   : 15:55:14.808 ADNS: INFO: DNS query record<A> ok. RR:[A: 49.44.57.161],[A: 49.44.57.164]
04-29 15:55:14.808  1945  2839 D LEMON   : 15:55:14.808 ZOS: INFO: qtimer delete timer<7> ok.
04-29 15:55:14.808  1945  2839 D LEMON   : 15:55:14.808 DNS: INFO: query <0xa1f17450> delete ok.
04-29 15:55:14.808  1945  2046 D LEMON   : 15:55:14.808 ADNS: INFO: process dns event.
04-29 15:55:14.808  1945  2046 D LEMON   : 15:55:14.808 ADNS: INFO: CoreProcEvntX run fsm.
04-29 15:55:14.808  1945  2046 D LEMON   : 15:55:14.808 ADNS: INFO: SessFqdnIpv6OnDns Process HPLM
04-29 15:55:14.809  1945  2046 D LEMON   : 15:55:14.809 ZOS: INFO: fsm(ADNS) sess@[2943848516] state <FQDN> run [DNS] event ok.
04-29 15:55:14.809  1945  2046 D LEMON   : 15:55:14.809 ADNS: INFO: process user message.
04-29 15:55:14.809  1945  2046 D LEMON   : 15:55:14.809 ADNS: INFO: CoreProcEvnt run fsm.
04-29 15:55:14.809  1945  2046 D LEMON   : 15:55:14.809 DNS: ERROR: Lookup invalid parameter(s)
04-29 15:55:14.809  1945  2046 D LEMON   : 15:55:14.809 ADNS: DEBUG: SessFqdnOnUeFqdn SFQDN FAILED
04-29 15:55:14.809  1945  2046 D ZOS     : Zpand_PostMessage.
04-29 15:55:14.810  1945  2046 D LEMON   : 15:55:14.810 MTC: INFO: SprocOnAdnsEvntOk Adns Ok.
04-29 15:55:14.810  1945  2046 D LEMON   : 15:55:14.810 ZOS: INFO: fsm(ADNS) sess@[2943848516] state <FQDN> run [USER FQDN ] event ok.
04-29 15:55:14.810  1945  2046 D LEMON   : 15:55:14.810 ZOS: INFO: fsm(ADNS) sess@[2943848516] state <FQDN> to <ESTABLISHED>.
04-29 15:55:14.810  1945  1945 D ZOS     : Zpand_MsgPipeCb.
04-29 15:55:14.812  1945  1945 D LEMON   : 15:55:14.812 AutoStarter: INFO: mtcAdnsCbOk 49.44.57.161
04-29 15:55:14.812  1945  1945 I System.out: mtcAdnsCbOk 49.44.57.161
04-29 15:55:14.812  1945  1945 D LEMON   : 15:55:14.812 AutoStarter: INFO: mtcAdnsCbOk 49.44.57.164
04-29 15:55:14.812  1945  1945 I System.out: mtcAdnsCbOk 49.44.57.164
04-29 15:55:14.813  1945  1945 D LEMON   : 15:55:14.813 ADNS: INFO: SessStop adns session<0xaf779044> stop ok.
04-29 15:55:14.813  1945  1945 D LEMON   : 15:55:14.813 AutoStarter: INFO: run
04-29 15:55:14.813  1945  1945 I System.out: run
04-29 15:55:14.813  1945  1945 D LEMON   : 15:55:14.813 AutoStarter: INFO: subRun
04-29 15:55:14.813  1945  1945 I System.out: subRun
04-29 15:55:14.813  1945  1945 I AutoStarter: use ip:49.44.57.161
04-29 15:55:14.815  1945  2046 D LEMON   : 15:55:14.815 ADNS: INFO: process user message.
04-29 15:55:14.815  1945  2046 D LEMON   : 15:55:14.815 ADNS: INFO: CoreProcEvnt run fsm.
04-29 15:55:14.815  1945  2046 D LEMON   : 15:55:14.815 ZOS: INFO: fsm(ADNS) sess@[2943848516] state <ESTABLISHED> run [USER STOP] event ok.
04-29 15:55:14.815  1945  2046 D LEMON   : 15:55:14.815 ZOS: INFO: fsm(ADNS) sess@[2943848516] state <ESTABLISHED> to <TERMINATED>.
04-29 15:55:14.815  1945  2046 D LEMON   : 15:55:14.815 ADNS: INFO: CoreProcEvnt Sess<2943848516> Term.
04-29 15:55:14.927  1945  1945 D CharonVpnService: run auto
04-29 15:55:14.931  1945  1945 D AutoStarter: sState=CONNECTING state=CONNECTING errprState=NO_ERROR
04-29 15:55:14.931  1945  1945 D SecurityS2bCallback: mtcS2bCbStateChanged
04-29 15:55:14.932  1383  2380 I VoWifiSecurityS2bManager: callback{"security_json_action":"security_json_action_s2b_progressing","security_json_param_progress_state":0}
04-29 15:55:14.932  1383  1383 I ImsService: EVENT_WIFI_ATTACH_STATE_UPDATE-> state:0
04-29 15:55:14.932  1945  1945 D SecurityS2bWrapper: {"security_json_action":"security_json_action_s2b_progressing","security_json_param_progress_state":0}
04-29 15:55:14.962  1945  2847 I charon  : 00[LIB] loaded plugins: androidbridge charon android-log openssl fips-prf random nonce pubkey pkcs1 pkcs8 pem xcbc hmac socket-default eap-identity eap-mschapv2 eap-md5 eap-gtc eap-tls eap-aka eap-aka-3gpp2
04-29 15:55:14.962  1945  2847 I charon  : 00[JOB] spawning 16 worker threads
04-29 15:55:14.965  1945  2847 I CharonVpnService: charon started
04-29 15:55:14.968  1945  2852 I charon  : 05[CFG] ireton-mobike-0
04-29 15:55:14.969  1945  2852 I charon  : 05[CFG] ireton-no requestIp
04-29 15:55:14.969  1945  2852 I charon  : 05[CFG] no trafficIp
04-29 15:55:14.972  1945  2852 I charon  : 05[IKE] initiating IKE_SA android[1] to 49.44.57.161
04-29 15:55:14.998  1945  2852 I charon  : 05[IKE] natd_chunk => 22 bytes @ 0xa2ebcd80
04-29 15:55:14.999  1945  2852 I charon  : 05[IKE]    0: 6C 44 23 D9 93 B2 88 E3 00 00 00 00 00 00 00 00  lD#.............
04-29 15:55:14.999  1945  2852 I charon  : 05[IKE]   16: 31 2C 39 A1 01 F4                                1,9...
04-29 15:55:14.999  1945  2852 I charon  : 05[IKE] natd_hash => 20 bytes @ 0xa2ebce58
04-29 15:55:14.999  1945  2852 I charon  : 05[IKE]    0: D3 89 AC 1D CC AB 2C 83 DB F5 90 3D 44 D4 EF DD  ......,....=D...
04-29 15:55:14.999  1945  2852 I charon  : 05[IKE]   16: 5F 26 F1 AE                                      _&..
04-29 15:55:14.999  1945  2852 I charon  : 05[IKE] natd_chunk => 22 bytes @ 0xa2ebce58
04-29 15:55:14.999  1945  2852 I charon  : 05[IKE]    0: 6C 44 23 D9 93 B2 88 E3 00 00 00 00 00 00 00 00  lD#.............
04-29 15:55:14.999  1945  2852 I charon  : 05[IKE]   16: 3F 10 83 3C 00 00                                ?..<..
04-29 15:55:14.999  1945  2852 I charon  : 05[IKE] natd_hash => 20 bytes @ 0xa2ebce40
04-29 15:55:14.999  1945  2852 I charon  : 05[IKE]    0: 95 6E 95 2A F0 76 8C 6D E6 6F C7 09 B3 1E AE 70  .n.*.v.m.o.....p
04-29 15:55:14.999  1945  2852 I charon  : 05[IKE]   16: C0 06 9E 5F                                      ..._
04-29 15:55:14.999  1945  2852 I charon  : 05[ENC] generating IKE_SA_INIT request 0 [ SA KE No N(NATD_S_IP) N(NATD_D_IP) N(FRAG_SUP) N(HASH_ALG) ]
04-29 15:55:15.000  1945  2852 I charon  : 05[NET] sending packet: from 192.168.8.102[34886] to 49.44.57.161[500] (328 bytes)
04-29 15:55:15.021  1945  1945 I ZMF     : Zmf camdrv set orient angle 0
04-29 15:55:15.021  1933  1933 I ZMF     : Zmf camdrv set orient angle 0
04-29 15:55:15.284  1383  1383 D TeleUtils:  changeOperator: old value= 4600
04-29 15:55:15.288  1383  1383 D TeleUtils:  changeOperator: itemList length is 1760
04-29 15:55:15.289  1383  1383 D TeleUtils: itemList found: parts[0]= 4600 parts[1]= China Mobile  newName= China Mobile
04-29 15:55:15.289  1383  1383 D TeleUtils:  changeOperator: old value= 4600
04-29 15:55:15.294  1383  1383 D TeleUtils:  changeOperator: itemList length is 1760
04-29 15:55:15.294  1383  1383 D TeleUtils: itemList found: parts[0]= 4600 parts[1]= China Mobile  newName= China Mobile
04-29 15:55:15.294  1945  2856 I charon  : 09[NET] received packet: from 49.44.57.161[500] to 192.168.8.102[34886] (288 bytes)
04-29 15:55:15.295  1945  2856 I charon  : 09[ENC] parsed IKE_SA_INIT response 0 [ SA KE No N(NATD_S_IP) N(NATD_D_IP) ]
04-29 15:55:15.296  1945  2856 I charon  : 09[CFG] received proposals: IKE:AES_CBC_128/HMAC_SHA1_96/PRF_HMAC_SHA1/MODP_1024
04-29 15:55:15.296  1945  2856 I charon  : 09[CFG] configured proposals: IKE:AES_CBC_128/HMAC_SHA1_96/PRF_HMAC_SHA1/MODP_1024
04-29 15:55:15.296  1945  2856 I charon  : 09[CFG] selected proposal: IKE:AES_CBC_128/HMAC_SHA1_96/PRF_HMAC_SHA1/MODP_1024
04-29 15:55:15.297  1163  1337 D WifiNetworkMonitor: EVENT_WIFI_RSSI_CHANGED
04-29 15:55:15.315  1945  2856 I charon  : 09[IKE] shared Diffie Hellman secret => 128 bytes @ 0xa1850600
04-29 15:55:15.315  1945  2856 I charon  : 09[IKE]    0: 6C 12 D4 13 BD 03 21 2F 4C CB FD 44 B2 27 DA DD  l.....!/L..D.'..
04-29 15:55:15.315  1945  2856 I charon  : 09[IKE]   16: 4C EB 8A C7 31 EB 31 E7 A4 6A ED 0E 60 39 28 7C  L...1.1..j..`9(|
04-29 15:55:15.315  1945  2856 I charon  : 09[IKE]   32: A3 EF 9E D6 EC 83 77 27 1B 34 8C 34 83 E5 3E D2  ......w'.4.4..>.
04-29 15:55:15.315  1945  2856 I charon  : 09[IKE]   48: EE 95 9B D0 21 25 D6 D4 46 93 99 39 24 CD A5 C7  ....!%..F..9$...
04-29 15:55:15.315  1945  2856 I charon  : 09[IKE]   64: F9 65 99 F7 82 41 50 8D D0 99 47 88 32 BD F8 6F  .e...AP...G.2..o
04-29 15:55:15.315  1945  2856 I charon  : 09[IKE]   80: 2E F1 5E FA DF 8B FA 97 0F 1B C3 AF 0E 94 2F A2  ..^.........../.
04-29 15:55:15.315  1945  2856 I charon  : 09[IKE]   96: 30 17 50 3E 4A 5A E1 24 BD 71 10 8A 84 18 9E AC  0.P>JZ.$.q......
04-29 15:55:15.315  1945  2856 I charon  : 09[IKE]  112: 86 00 F2 E0 87 1B BE 3C 31 7F 74 23 D1 44 2D 14  .......<1.t#.D-.
04-29 15:55:15.316  1945  2856 I charon  : 09[IKE] Sk_d secret => 20 bytes @ 0xa2ebcf30
04-29 15:55:15.316  1945  2856 I charon  : 09[IKE]    0: 41 A3 E9 6D C6 B9 54 E1 46 B4 32 84 89 6D 6B DA  A..m..T.F.2..mk.
04-29 15:55:15.316  1945  2856 I charon  : 09[IKE]   16: 82 A5 89 1E                                      ....
04-29 15:55:15.316  1945  2856 I charon  : 09[IKE] Sk_ai secret => 20 bytes @ 0xa2ebcf48
04-29 15:55:15.316  1945  2856 I charon  : 09[IKE]    0: F8 A8 62 22 9B 0F 29 01 2E 44 53 EE E6 33 87 13  ..b"..)..DS..3..
04-29 15:55:15.316  1945  2856 I charon  : 09[IKE]   16: A6 A9 59 EB                                      ..Y.
04-29 15:55:15.316  1945  2856 I charon  : 09[IKE] Sk_ar secret => 20 bytes @ 0xa2ebcf48
04-29 15:55:15.316  1945  2856 I charon  : 09[IKE]    0: 14 86 62 0E 33 78 7D 9A E3 2C F7 E4 24 EF 5E 10  ..b.3x}..,..$.^.
04-29 15:55:15.316  1945  2856 I charon  : 09[IKE]   16: E2 5E 55 24                                      .^U$
04-29 15:55:15.316  1945  2856 I charon  : 09[IKE] Sk_ei secret => 16 bytes @ 0xa2e71ff0
04-29 15:55:15.316  1945  2856 I charon  : 09[IKE]    0: F9 9E 95 98 FD 7D B6 21 46 FC 2C 0C 86 00 3C 5B  .....}.!F.,...<[
04-29 15:55:15.316  1945  2856 I charon  : 09[IKE] Sk_er secret => 16 bytes @ 0xa2e71ff0
04-29 15:55:15.317  1945  2856 I charon  : 09[IKE]    0: DB 55 6B 30 7C 5E 64 E6 A8 E6 A9 DE 67 0E 01 70  .Uk0|^d.....g..p
04-29 15:55:15.317  1945  2856 I charon  : 09[IKE] Sk_pi secret => 20 bytes @ 0xa2ebcf48
04-29 15:55:15.317  1945  2856 I charon  : 09[IKE]    0: 4B C0 A0 A9 4D 71 39 10 58 49 28 69 2F F3 FE 66  K...Mq9.XI(i/..f
04-29 15:55:15.317  1945  2856 I charon  : 09[IKE]   16: 75 34 61 E0                                      u4a.
04-29 15:55:15.317  1945  2856 I charon  : 09[IKE] Sk_pr secret => 20 bytes @ 0xa2ebcf90
04-29 15:55:15.317  1945  2856 I charon  : 09[IKE]    0: 91 D7 A3 75 E4 26 97 1F BE B8 75 6E C1 B7 DB A7  ...u.&....un....
04-29 15:55:15.317  1945  2856 I charon  : 09[IKE]   16: B0 D7 30 11                                      ..0.
04-29 15:55:15.317  1945  2856 I charon  : 09[IKE] natd_chunk => 22 bytes @ 0xa2ebcdf8
04-29 15:55:15.317  1945  2856 I charon  : 09[IKE]    0: 6C 44 23 D9 93 B2 88 E3 7A 8E 55 87 78 32 93 BE  lD#.....z.U.x2..
04-29 15:55:15.317  1945  2856 I charon  : 09[IKE]   16: C0 A8 08 66 88 46                                ...f.F
04-29 15:55:15.317  1945  2856 I charon  : 09[IKE] natd_hash => 20 bytes @ 0xa2ebce10
04-29 15:55:15.317  1945  2856 I charon  : 09[IKE]    0: C3 77 E4 03 31 78 44 D2 0F 31 12 4D EA 2F 49 A1  .w..1xD..1.M./I.
04-29 15:55:15.317  1945  2856 I charon  : 09[IKE]   16: 81 FF 7E 1E                                      ..~.
04-29 15:55:15.317  1945  2856 I charon  : 09[IKE] natd_chunk => 22 bytes @ 0xa2ebcdf8
04-29 15:55:15.317  1945  2856 I charon  : 09[IKE]    0: 6C 44 23 D9 93 B2 88 E3 7A 8E 55 87 78 32 93 BE  lD#.....z.U.x2..
04-29 15:55:15.317  1945  2856 I charon  : 09[IKE]   16: 31 2C 39 A1 01 F4                                1,9...
04-29 15:55:15.318  1945  2856 I charon  : 09[IKE] natd_hash => 20 bytes @ 0xa2ebcde0
04-29 15:55:15.318  1945  2856 I charon  : 09[IKE]    0: 3C E8 3D 18 CF 71 75 E5 5A 4D 53 CB 85 1D 51 44  <.=..qu.ZMS...QD
04-29 15:55:15.318  1945  2856 I charon  : 09[IKE]   16: 9D 1C 05 4F                                      ...O
04-29 15:55:15.318  1945  2856 I charon  : 09[IKE] local host is behind NAT, sending keep alives
04-29 15:55:15.318  1945  2856 I charon  : 09[IKE] vips == 0
04-29 15:55:15.318  1945  2856 I charon  : 09[IKE] vips add 0.0.0.0[0]
04-29 15:55:15.318  1945  2856 I charon  : 09[IKE] vips add ::[0]
04-29 15:55:15.318  1945  2856 I charon  : 09[IKE] vips > 0
04-29 15:55:15.319  1945  2856 I charon  : 09[IKE] establishing CHILD_SA android
04-29 15:55:15.319  1945  2856 I charon  : 09[ENC] generating IKE_AUTH request 1 [ IDi N(INIT_CONTACT) IDr CPRQ(ADDR ADDR6 DNS DNS6 (20) (21) (16389) (16390)) SA TSi TSr N(EAP_ONLY) ]
04-29 15:55:15.320  1945  2856 I charon  : 09[NET] sending packet: from 192.168.8.102[38620] to 49.44.57.161[4500] (364 bytes)
04-29 15:55:15.328  1163  2062 D AlarmManagerService: Kernel timezone updated to -480 minutes west of GMT
04-29 15:55:15.330  1163  1547 D AlarmManagerService: Kernel timezone updated to -480 minutes west of GMT
04-29 15:55:15.333  1945  1945 D SecurityApplication: ireton-roaming-0
04-29 15:55:15.333  1428  1428 D EmergencyButtons: onServiceStateChanged(), serviceState = 1 1 voice home data home China Mobile China Mobile 46000 China Mobile China Mobile 46000  GPRS GPRS CSS not supported -1 -1 RoamInd=-1 DefRoamInd=-1 EmergOnly=true IsDataRoamingFromRegistration=false, phoneId = 0
04-29 15:55:15.336  1428  1987 D NetworkController.MobileSignalController(2):  showDataIcon: false
04-29 15:55:15.336  1428  1987 D SystemUIPluginsHelper: needShowDataTypeIcon : true
04-29 15:55:15.336  1428  1987 D NetworkController.MobileSignalController(2): isRelianceBoard = false
04-29 15:55:15.337  1383  1383 D TeleUtils:  changeOperator: old value= Jio
04-29 15:55:15.338  1383  1383 D TeleUtils:  changeOperator: itemList length is 4
04-29 15:55:15.338  1383  1383 D TeleUtils: changeOperator not found: original value= Jio newName= Jio
04-29 15:55:15.339  2036  2036 D CellBroadcastReceiver: onReceive Intent { act=android.intent.action.SERVICE_STATE flg=0x10 cmp=com.android.cellbroadcastreceiver/.CellBroadcastReceiver (has extras) }
04-29 15:55:15.339  2036  2036 D CellBroadcastReceiver: Intent ACTION_SERVICE_STATE_CHANGED
04-29 15:55:15.339  2036  2036 D CellBroadcastReceiver: subscriptionId = 2
04-29 15:55:15.345  1428  1987 D NetworkController.MobileSignalController(2): getLabel[0]: Jio color = -1
04-29 15:55:15.350  1428  1987 D PhoneStatusBar: label = Jio
04-29 15:55:15.350  1428  1428 D KeyguardUpdateMonitor: received broadcast android.intent.action.SERVICE_STATE
04-29 15:55:15.351  1428  1428 D CarriersTextLayout: updateNetworkName showSpn=true spn=Jio showPlmn=false plmn=只能拨打紧急呼救电话 PhoneId=0
04-29 15:55:15.351  1428  1987 D SystemUIPluginsHelper: updateNetworkName showSpn = true spn = Jio showPlmn = false plmn = 只能拨打紧急呼救电话
04-29 15:55:15.352  1428  1428 D KeyguardUpdateMonitor: handleServiceStateChange(subId=2, serviceState=1 1 voice home data home China Mobile China Mobile 46000 China Mobile China Mobile 46000  GPRS GPRS CSS not supported -1 -1 RoamInd=-1 DefRoamInd=-1 EmergOnly=true IsDataRoamingFromRegistration=false
04-29 15:55:15.352  1428  1428 D CarrierText: updateCarrierText(): 1
04-29 15:55:15.352  1428  1428 D CarrierText: Handling (subId=2): READY Jio
04-29 15:55:15.352  1428  1428 D CarriersTextLayout: updateCarrierText(): 1
04-29 15:55:15.352  1428  1428 D CarriersTextLayout: isAllCardsAbsent = false
04-29 15:55:15.352  1428  1428 D CarriersTextLayout: isShowFlightMode = false
04-29 15:55:15.352  1428  1428 D CarriersTextLayout: Handling carrierName = Jio
04-29 15:55:15.361  1428  1428 D CarriersTextLayout: simTitlebarColorVariableBool  = false
04-29 15:55:15.361  1428  1428 D CarriersTextLayout: mCarrierName[0] :Jio
04-29 15:55:15.361  1428  1428 D EmergencyButtons: SubInfoUpdateReceiver-onReceive
04-29 15:55:15.369  1383  1383 D TeleUtils:  changeOperator: old value= Jio
04-29 15:55:15.369  1383  1383 D TeleUtils:  changeOperator: itemList length is 4
04-29 15:55:15.370  1383  1383 D TeleUtils: changeOperator not found: original value= Jio newName= Jio
04-29 15:55:15.380  1383  1383 D CallForwardHelper: (phoneId0) onServiceStateChanged(), state: 1
04-29 15:55:15.380  1383  1383 D NotificationMgr: updateCfiVisibility->visible = false,phoneId = 0
04-29 15:55:15.384  1383  1383 D CarrierConfigLoader: update network preferred config[0]: 46000 mLastNetNumeric = 
04-29 15:55:15.390  1428  1428 D CarrierText: updateCarrierText(): 1
04-29 15:55:15.390  1428  1428 D CarrierText: Handling (subId=2): READY Jio
04-29 15:55:15.390  1428  1428 D CarriersTextLayout: updateCarrierText(): 1
04-29 15:55:15.390  1428  1428 D CarriersTextLayout: isAllCardsAbsent = false
04-29 15:55:15.390  1428  1428 D CarriersTextLayout: isShowFlightMode = false
04-29 15:55:15.390  1428  1428 D CarriersTextLayout: Handling carrierName = Jio
04-29 15:55:15.399  1516  1516 W SyncSimAccountsReceiver: action = android.intent.action.ACTION_SUBINFO_RECORD_UPDATED
04-29 15:55:15.402  1516  1516 E SyncSimAccountsReceiver: action with android.intent.action.ACTION_SUBINFO_RECORD_UPDATED
04-29 15:55:15.405  1428  1428 D CarriersTextLayout: simTitlebarColorVariableBool  = false
