
============  16-03-18 14:22:55  ==============
03-18 14:22:35.411   469   556 D ENGPC   : parse_event: event { 'add', '/module/sprdwl', 'module', '' }
03-18 14:22:35.411   287   536 D ENGPC   : parse_event: event { 'add', '/module/sprdwl', 'module', '' }
03-18 14:22:35.413   287   536 D ENGPC   : parse_event: event { 'add', '/devices/platform/sc2331.0', 'platform', '' }
03-18 14:22:35.413   469   556 D ENGPC   : parse_event: event { 'add', '/devices/platform/sc2331.0', 'platform', '' }
03-18 14:22:35.425  1479  1479 I chatty  : uid=10024(com.android.providers.media) android.process.media expire 17 lines
03-18 14:22:35.451  1464  1464 W System  : ClassLoader referenced unknown path: /system/priv-app/ContactsProvider/lib/arm
03-18 14:22:35.458   469   556 D ENGPC   : parse_event: event { 'add', '/devices/platform/sc2331.0/ieee80211/phy0', 'ieee80211', '' }
03-18 14:22:35.458   287   536 D ENGPC   : parse_event: event { 'add', '/devices/platform/sc2331.0/ieee80211/phy0', 'ieee80211', '' }
03-18 14:22:35.460   287   536 D ENGPC   : parse_event: event { 'add', '/devices/platform/sc2331.0/ieee80211/phy0/rfkill0', 'rfkill', '' }
03-18 14:22:35.460   469   556 D ENGPC   : parse_event: event { 'add', '/devices/platform/sc2331.0/ieee80211/phy0/rfkill0', 'rfkill', '' }
03-18 14:22:35.464   469   556 D ENGPC   : parse_event: event { 'add', '/devices/platform/sc2331.0/net/wlan0', 'net', '' }
03-18 14:22:35.464   287   536 D ENGPC   : parse_event: event { 'add', '/devices/platform/sc2331.0/net/wlan0', 'net', '' }
03-18 14:22:35.465   469   556 D ENGPC   : parse_event: event { 'add', '/devices/platform/sc2331.0/net/wlan0/queues/rx-0', 'queues', '' }
03-18 14:22:35.465   287   536 D ENGPC   : parse_event: event { 'add', '/devices/platform/sc2331.0/net/wlan0/queues/rx-0', 'queues', '' }
03-18 14:22:35.467   287   536 D ENGPC   : parse_event: event { 'add', '/devices/platform/sc2331.0/net/wlan0/queues/tx-0', 'queues', '' }
03-18 14:22:35.467   469   556 D ENGPC   : parse_event: event { 'add', '/devices/platform/sc2331.0/net/wlan0/queues/tx-0', 'queues', '' }
03-18 14:22:35.468  1231  1307 I chatty  : uid=1000(system) android.io expire 4 lines
03-18 14:22:35.484   287   536 D ENGPC   : parse_event: event { 'add', '/devices/platform/sc2331.0/net/p2p0', 'net', '' }
03-18 14:22:35.484   469   556 D ENGPC   : parse_event: event { 'add', '/devices/platform/sc2331.0/net/p2p0', 'net', '' }
03-18 14:22:35.485   287   536 D ENGPC   : parse_event: event { 'add', '/devices/platform/sc2331.0/net/p2p0/queues/rx-0', 'queues', '' }
03-18 14:22:35.485   469   556 D ENGPC   : parse_event: event { 'add', '/devices/platform/sc2331.0/net/p2p0/queues/rx-0', 'queues', '' }
03-18 14:22:35.486   469   556 D ENGPC   : parse_event: event { 'add', '/devices/platform/sc2331.0/net/p2p0/queues/tx-0', 'queues', '' }
03-18 14:22:35.486   287   536 D ENGPC   : parse_event: event { 'add', '/devices/platform/sc2331.0/net/p2p0/queues/tx-0', 'queues', '' }
03-18 14:22:35.488   186   220 I fsck_msdos: ** Phase 2 - Check Cluster Chains
03-18 14:22:35.497   186   220 I fsck_msdos: ** Phase 3 - Checking Directories
03-18 14:22:35.515   287   536 D ENGPC   : parse_event: event { 'add', '/bus/platform/drivers/sc2331', 'drivers', '' }
03-18 14:22:35.515   469   556 D ENGPC   : parse_event: event { 'add', '/bus/platform/drivers/sc2331', 'drivers', '' }
03-18 14:22:35.516   283   337 I chatty  : uid=1000(system) /system/bin/phoneserver expire 5 lines
03-18 14:22:35.521   283   327 I chatty  : uid=1000(system) /system/bin/phoneserver expire 16 lines
03-18 14:22:35.523   283   340 I chatty  : uid=1000(system) /system/bin/phoneserver expire 1 line
03-18 14:22:35.657  1464  1464 D ContactsProvider: Initialize watchdog service
03-18 14:22:35.707  1441  1441 D AccessibilityManager: getInstance() new sInstance = android.view.accessibility.AccessibilityManager@1486b86, context = com.android.systemui.SystemUIApplication@de4a44, userId = -2
03-18 14:22:35.727  1464  1464 W System  : ClassLoader referenced unknown path: /system/app/UserDictionaryProvider/lib/arm
03-18 14:22:35.731  1441  1553 I AVIExtractor: SniffAVI
03-18 14:22:35.734   264   505 E DrmOmaPlugIn: DrmOmaPlugIn::onInitialize : 7159
03-18 14:22:35.734   264   505 E DrmOmaPlugIn: DrmOmaPlugIn::onSetOnInfoListener : 7159
03-18 14:22:35.735   264   264 E DrmOmaPlugIn: DrmOmaPlugIn::onOpenDecryptSession() : offset:0, length:8308, fd:10
03-18 14:22:35.735   264   264 E         : DcfParser::parse (null), fd: 12
03-18 14:22:35.735   264   264 E         : DcfParser::parse (null), version: 79
03-18 14:22:35.735   264   264 E DrmOmaPlugIn: DrmOmaPlugIn::onOpenDecryptSession() : dcf parse error
03-18 14:22:35.742   264   264 E DrmOmaPlugIn: DrmOmaPlugIn::onTerminate : 7159
03-18 14:22:35.761  1464  1464 I ContactsUpgradeReceiver: ACTION_APN_LOAD_COMPLETED isCalllogUpgraded = true
03-18 14:22:35.785   265  1375 I SprdOMXPlugin: makeComponentInstance 'OMX.sprd.mp3.decoder'
03-18 14:22:35.791   265  1375 I SPRDMP3 : openDecoder, lib: libomx_mp3dec_sprd.so
03-18 14:22:35.794  1464  1464 E SyncSimAccountsWatchdog: SyncSimAccountsWatchdog: bootstrap myId:0
03-18 14:22:35.795   265  1375 W linker  : /system/lib/libomx_mp3dec_sprd.so has text relocations. This is wasting memory and prevents security hardening. Please fix.
03-18 14:22:35.796   265  1375 I SPRDMP3 : MP3_ARM_DEC_Construct=0
03-18 14:22:35.798   265  1375 I SprdOMXPlugin: makeComponentInstance 'OMX.sprd.mp3l1.decoder'
03-18 14:22:35.801   265  1375 I SPRDMP3 : openDecoder, lib: libomx_mp3dec_sprd.so
03-18 14:22:35.802   265  1375 W linker  : /system/lib/libomx_mp3dec_sprd.so has text relocations. This is wasting memory and prevents security hardening. Please fix.
03-18 14:22:35.803   265  1375 I SPRDMP3 : MP3_ARM_DEC_Construct=0
03-18 14:22:35.807   265  1375 I SprdOMXPlugin: makeComponentInstance 'OMX.sprd.mp3l2.decoder'
03-18 14:22:35.809   265  1375 I SPRDMP3 : openDecoder, lib: libomx_mp3dec_sprd.so
03-18 14:22:35.811   265  1375 W linker  : /system/lib/libomx_mp3dec_sprd.so has text relocations. This is wasting memory and prevents security hardening. Please fix.
03-18 14:22:35.811   265  1375 I SPRDMP3 : MP3_ARM_DEC_Construct=0
03-18 14:22:36.013   186   220 I fsck_msdos: ** Phase 4 - Checking for Lost Files
03-18 14:22:36.013   186   220 I fsck_msdos: Next free cluster in FSInfo block (1805) not free
03-18 14:22:36.013   186   220 I fsck_msdos: FIXED
03-18 14:22:36.013   186   220 I fsck_msdos: 419 files, 3276288 free (233456 clusters)
03-18 14:22:36.019  1575  1575 W System  : ClassLoader referenced unknown path: /system/priv-app/ExternalStorageProvider/lib/arm
03-18 14:22:36.060   265  1375 I SprdOMXPlugin: makeComponentInstance 'OMX.sprd.mpeg4.decoder'
03-18 14:22:36.065   265  1375 I SPRDMPEG4Decoder: Construct SPRDMPEG4Decoder, this: 0x0xb1253000
03-18 14:22:36.065   265  1375 I SPRDMPEG4Decoder: openDecoder, lib: libomx_m4vh263dec_hw_sprd.so
03-18 14:22:36.070   265  1375 I SPRDMPEG4Decoder: SPRDMPEG4Decoder, is IOMMU enabled: 1, ID: 1
03-18 14:22:36.083   265  1375 I SPRDMPEG4Decoder: pmem 0x20000000 - 0x0xb0dca000 - 1536000
03-18 14:22:36.083   265  1375 I VSP     : libomx_m4vh263dec_hw_sprd.so is built on Mar  1 2016 06:58:39, Copyright (C) Spreadtrum, Inc.
03-18 14:22:36.094   265  1375 I SPRDMPEG4Decoder: internalGetParameter, OMX_IndexParamVideoPortFormat, eColorFormat: 0x15
03-18 14:22:36.094   265  1375 I SPRDMPEG4Decoder: getExtensionIndex, name: OMX.google.android.index.describeColorFormat
03-18 14:22:36.094   265  1375 I SPRDMPEG4Decoder: getExtensionIndex, name: OMX.google.android.index.storeANWBufferInMetadata
03-18 14:22:36.094   265  1375 I SPRDMPEG4Decoder: getExtensionIndex, name: OMX.google.android.index.storeMetaDataInBuffers
03-18 14:22:36.094   265  1375 E OMXNodeInstance: getExtensionIndex(12:sprd.mpeg4.decoder, OMX.google.android.index.storeMetaDataInBuffers) ERROR: NotImplemented(0x80001006)
03-18 14:22:36.094   265  1375 I SPRDMPEG4Decoder: getExtensionIndex, name: OMX.google.android.index.prepareForAdaptivePlayback
03-18 14:22:36.094   265  1375 E OMXNodeInstance: getExtensionIndex(12:sprd.mpeg4.decoder, OMX.google.android.index.prepareForAdaptivePlayback) ERROR: NotImplemented(0x80001006)
03-18 14:22:36.095   265  1375 I SPRDMPEG4Decoder: Destruct SPRDMPEG4Decoder, this: 0x0xb1253000
03-18 14:22:36.102   265  1375 I SprdOMXPlugin: makeComponentInstance 'OMX.sprd.h263.decoder'
03-18 14:22:36.105  1575  1575 D ExternalStorage: After updating volumes, found 1 active roots
03-18 14:22:36.106   265  1375 I SPRDMPEG4Decoder: Construct SPRDMPEG4Decoder, this: 0x0xb1253000
03-18 14:22:36.107   265  1375 I SPRDMPEG4Decoder: openDecoder, lib: libomx_m4vh263dec_hw_sprd.so
03-18 14:22:36.108   265  1375 I SPRDMPEG4Decoder: SPRDMPEG4Decoder, is IOMMU enabled: 1, ID: 1
03-18 14:22:36.114   265  1375 I SPRDMPEG4Decoder: pmem 0x20000000 - 0x0xb0dca000 - 1536000
03-18 14:22:36.115   265  1375 I VSP     : libomx_m4vh263dec_hw_sprd.so is built on Mar  1 2016 06:58:39, Copyright (C) Spreadtrum, Inc.
03-18 14:22:36.122   265  1375 I SPRDMPEG4Decoder: internalGetParameter, OMX_IndexParamVideoPortFormat, eColorFormat: 0x15
03-18 14:22:36.122   265  1375 I SPRDMPEG4Decoder: getExtensionIndex, name: OMX.google.android.index.describeColorFormat
03-18 14:22:36.122   265  1375 I SPRDMPEG4Decoder: getExtensionIndex, name: OMX.google.android.index.storeANWBufferInMetadata
03-18 14:22:36.122   265  1375 I SPRDMPEG4Decoder: getExtensionIndex, name: OMX.google.android.index.storeMetaDataInBuffers
03-18 14:22:36.122   265  1375 E OMXNodeInstance: getExtensionIndex(13:sprd.h263.decoder, OMX.google.android.index.storeMetaDataInBuffers) ERROR: NotImplemented(0x80001006)
03-18 14:22:36.122   265  1375 I SPRDMPEG4Decoder: getExtensionIndex, name: OMX.google.android.index.prepareForAdaptivePlayback
03-18 14:22:36.122   265  1375 E OMXNodeInstance: getExtensionIndex(13:sprd.h263.decoder, OMX.google.android.index.prepareForAdaptivePlayback) ERROR: NotImplemented(0x80001006)
03-18 14:22:36.124   265  1375 I SPRDMPEG4Decoder: Destruct SPRDMPEG4Decoder, this: 0x0xb1253000
03-18 14:22:36.128   265  1375 I SprdOMXPlugin: makeComponentInstance 'OMX.sprd.h264.decoder'
03-18 14:22:36.132   469   556 D ENGPC   : parse_event: event { 'add', '/devices/virtual/bdi/0:25', 'bdi', '' }
03-18 14:22:36.132   287   536 D ENGPC   : parse_event: event { 'add', '/devices/virtual/bdi/0:25', 'bdi', '' }
03-18 14:22:36.136   469   556 D ENGPC   : parse_event: event { 'add', '/devices/virtual/bdi/0:26', 'bdi', '' }
03-18 14:22:36.136   287   536 D ENGPC   : parse_event: event { 'add', '/devices/virtual/bdi/0:26', 'bdi', '' }
03-18 14:22:36.141   469   556 D ENGPC   : parse_event: event { 'add', '/devices/virtual/bdi/0:27', 'bdi', '' }
03-18 14:22:36.142   287   536 D ENGPC   : parse_event: event { 'add', '/devices/virtual/bdi/0:27', 'bdi', '' }
03-18 14:22:36.142   265  1375 I SPRDAVCDecoder: Construct SPRDAVCDecoder, this: 0xb1207000
03-18 14:22:36.143   265  1375 I SPRDAVCDecoder: SPRDAVCDecoder, video_cfg: 0
03-18 14:22:36.143   265  1375 I SPRDAVCDecoder: openDecoder, lib: libomx_avcdec_hw_sprd.so
03-18 14:22:36.155   265  1375 I SPRDAVCDecoder: SPRDAVCDecoder, mDumpYUVEnabled: 0, mDumpStrmEnabled: 0
03-18 14:22:36.155   265  1375 I SPRDAVCDecoder: SPRDAVCDecoder, is IOMMU enabled: 1, ID: 1
03-18 14:22:36.160  1398  1398 I chatty  : uid=1001(radio) com.android.phone expire 70 lines
03-18 14:22:36.162   265  1375 I SPRDAVCDecoder: pmem 0x20000000 - 0xb09c0000 - 2097152
03-18 14:22:36.162   265  1375 I VSP     : libomx_avcdec_hw_sprd.so is built on Mar  1 2016 06:58:38, Copyright (C) Spreadtrum, Inc.
03-18 14:22:36.169   256  1305 D SoftapController: Softap fwReload - Ok
03-18 14:22:36.178   265  1375 I SPRDAVCDecoder: initDecoder, Capability: profile 100, level 41, max wh=1920 1088
03-18 14:22:36.178   265  1375 I SPRDAVCDecoder: internalGetParameter, OMX_IndexParamVideoPortFormat, eColorFormat: 0x15
03-18 14:22:36.178   265  1375 I SPRDAVCDecoder: getExtensionIndex, name: OMX.google.android.index.describeColorFormat
03-18 14:22:36.178   265  1375 I SPRDAVCDecoder: getExtensionIndex, name: OMX.google.android.index.storeANWBufferInMetadata
03-18 14:22:36.178   265  1375 I SPRDAVCDecoder: getExtensionIndex, name: OMX.google.android.index.storeMetaDataInBuffers
03-18 14:22:36.178   265  1375 E OMXNodeInstance: getExtensionIndex(14:sprd.h264.decoder, OMX.google.android.index.storeMetaDataInBuffers) ERROR: NotImplemented(0x80001006)
03-18 14:22:36.178   265  1375 I SPRDAVCDecoder: getExtensionIndex, name: OMX.google.android.index.prepareForAdaptivePlayback
03-18 14:22:36.178   265  1375 E OMXNodeInstance: getExtensionIndex(14:sprd.h264.decoder, OMX.google.android.index.prepareForAdaptivePlayback) ERROR: NotImplemented(0x80001006)
03-18 14:22:36.178   265  1375 I SPRDAVCDecoder: Destruct SPRDAVCDecoder, this: 0xb1207000
03-18 14:22:36.179   265  1375 I VSP     : H264Dec_ReleaseRefBuffers, 32
03-18 14:22:36.181  1575  1575 D ExternalStorage: After updating volumes, found 1 active roots
03-18 14:22:36.236   265  1375 I SprdOMXPlugin: makeComponentInstance 'OMX.sprd.vpx.decoder'
03-18 14:22:36.238  1464  1551 I ContactLocale: AddressBook Labels [zh-CN]: [, A, B, C, D, E, F, G, H, I, J, K, L, M, N, O, P, Q, R, S, T, U, V, W, X, Y, Z, Α, Β, Γ, Δ, Ε, Ζ, Η, Θ, Ι, Κ, Λ, Μ, Ν, Ξ, Ο, Π, Ρ, Σ, Τ, Υ, Φ, Χ, Ψ, Ω, , А, Б, В, Г, Д, Ђ, Е, Є, Ж, З, И, І, Й, Ј, К, Л, Љ, М, Н, Њ, О, П, Р, С, Т, Ћ, У, Ф, Х, Ц, Ч, Џ, Ш, Щ, Ю, Я, , א, ב, ג, ד, ה, ו, ז, ח, ט, י, כ, ל, מ, נ, ס, ע, פ, צ, ק, ר, ש, ת, , ا, ب, ت, ث, ج, ح, خ, د, ذ, ر, ز, س, ش, ص, ض, ط, ظ, ع, غ, ف, ق, ك, ل, م, ن, ه, و, ي, , ก, ข, ฃ, ค, ฅ, ฆ, ง, จ, ฉ, ช, ซ, ฌ, ญ, ฎ, ฏ, ฐ, ฑ, ฒ, ณ, ด, ต, ถ, ท, ธ, น, บ, ป, ผ, ฝ, พ, ฟ, ภ, ม, ย, ร, ฤ, ล, ฦ, ว, ศ, ษ, ส, ห, ฬ, อ, ฮ, , ㄱ, ㄴ, ㄷ, ㄹ, ㅁ, ㅂ, ㅅ, ㅇ, ㅈ, ㅊ, ㅋ, ㅌ, ㅍ, ㅎ, , あ, か, さ, た, な, は, ま, や, ら, わ, #, ]
03-18 14:22:36.245   265  1375 I SPRDVPXDecoder: Construct SPRDVPXDecoder, this: 0xb194f900
03-18 14:22:36.245   265  1375 I SPRDVPXDecoder: initPorts, 193, def.nBufferCountMin: 4,def.nBufferCountActual : 4 
03-18 14:22:36.245   265  1375 I SPRDVPXDecoder: openDecoder, lib: libomx_vpxdec_hw_sprd.so
03-18 14:22:36.249   256  1305 I iptables: iptables: No chain/target/match by that name.
03-18 14:22:36.252   265  1375 I SPRDVPXDecoder: SPRDVPXDecoder, is IOMMU enabled: 1, ID: 1
03-18 14:22:36.259   265  1375 I VSP     : libomx_vpxdec_hw_sprd.so is built on Mar  1 2016 06:58:40, Copyright (C) Spreadtrum, Inc.
03-18 14:22:36.260  1646  1646 I chatty  : uid=1000(system) com.android.settings expire 40 lines
03-18 14:22:36.267  1575  1575 D ExternalStorage: After updating volumes, found 2 active roots
03-18 14:22:36.270   256  1305 I iptables: iptables terminated by exit(1)
03-18 14:22:36.271   256  1305 E Netd    : exec() res=0, status=256 for /system/bin/iptables -w -F st_penalty_log 
03-18 14:22:36.274   265  1375 E OMXNodeInstance: getParameter(15:sprd.vpx.decoder, ParamVideoProfileLevelQuerySupported(0x600000f)) ERROR: UnsupportedIndex(0x8000101a)
03-18 14:22:36.274   265  1375 I SPRDVPXDecoder: internalGetParameter, OMX_IndexParamVideoPortFormat, eColorFormat: 0x13
03-18 14:22:36.274   265  1375 I SPRDVPXDecoder: getExtensionIndex, name: OMX.google.android.index.describeColorFormat
03-18 14:22:36.274   265  1375 I SPRDVPXDecoder: getExtensionIndex, name: OMX.google.android.index.storeANWBufferInMetadata
03-18 14:22:36.274   265  1375 I SPRDVPXDecoder: getExtensionIndex, name: OMX.google.android.index.storeMetaDataInBuffers
03-18 14:22:36.274   265  1375 E OMXNodeInstance: getExtensionIndex(15:sprd.vpx.decoder, OMX.google.android.index.storeMetaDataInBuffers) ERROR: NotImplemented(0x80001006)
03-18 14:22:36.274   265  1375 I SPRDVPXDecoder: getExtensionIndex, name: OMX.google.android.index.prepareForAdaptivePlayback
03-18 14:22:36.274   265  1375 E OMXNodeInstance: getExtensionIndex(15:sprd.vpx.decoder, OMX.google.android.index.prepareForAdaptivePlayback) ERROR: NotImplemented(0x80001006)
03-18 14:22:36.275   265  1375 I SPRDVPXDecoder: Destruct SPRDVPXDecoder, this: 0xb194f900
03-18 14:22:36.286   265  1375 I SoftMJPG: openDecoder, lib: libjpeg.so
03-18 14:22:36.286   265  1375 E OMXNodeInstance: getParameter(16:google.mjpg.decoder, ParamVideoProfileLevelQuerySupported(0x600000f)) ERROR: UnsupportedIndex(0x8000101a)
03-18 14:22:36.286   265  1375 W OMXNodeInstance: [16:google.mjpg.decoder] component does not support metadata mode; using fallback
03-18 14:22:36.286   265  1375 E OMXNodeInstance: getExtensionIndex(16:google.mjpg.decoder, OMX.google.android.index.prepareForAdaptivePlayback) ERROR: UnsupportedIndex(0x8000101a)
03-18 14:22:36.288   265  1375 I SprdOMXPlugin: makeComponentInstance 'OMX.sprd.mpeg4.encoder'
03-18 14:22:36.295  1575  1575 D ExternalStorage: After updating volumes, found 2 active roots
03-18 14:22:36.295   265  1375 I SPRDMPEG4Encoder: Construct SPRDMPEG4Encoder, this: 0x0xb1253000
03-18 14:22:36.296   265  1375 I SPRDMPEG4Encoder: openEncoder, lib: libomx_m4vh263enc_hw_sprd.so
03-18 14:22:36.301   265  1375 I SPRDMPEG4Encoder: Construct SPRDMPEG4Encoder
03-18 14:22:36.301   265  1375 I SPRDMPEG4Encoder: SPRDMPEG4Encoder, is IOMMU enabled: 1, ID: 1
03-18 14:22:36.301   256  1305 I ip6tables: ip6tables: No chain/target/match by that name.
03-18 14:22:36.301   265  1375 I VSP     : libomx_m4vh263enc_hw_sprd.so is built on Mar  1 2016 06:58:40, Copyright (C) Spreadtrum, Inc.
03-18 14:22:36.311   265  1375 I SPRDMPEG4Encoder: internalGetParameter, DescribeColorFormat: 0x7fd00001, w h = 128 128
03-18 14:22:36.311   265  1375 I SPRDMPEG4Encoder: internalGetParameter, DescribeColorFormat: 0x15, w h = 128 128
03-18 14:22:36.311   265  1375 I SPRDMPEG4Encoder: internalGetParameter, DescribeColorFormat: 0x13, w h = 128 128
03-18 14:22:36.311   265  1375 I SPRDMPEG4Encoder: internalGetParameter, DescribeColorFormat: 0x7f000789, w h = 128 128
03-18 14:22:36.311   265  1375 W SPRDMPEG4Encoder: do not know color format 0x7f000789 = 2130708361
03-18 14:22:36.311   265  1375 E OMXNodeInstance: getParameter(17:sprd.mpeg4.encoder, ??(0x7f000015)) ERROR: UnsupportedSetting(0x80001019)
03-18 14:22:36.311   265  1375 W ACodec  : do not know color format 0x7f000789 = 2130708361
03-18 14:22:36.312   265  1375 I SPRDMPEG4Encoder: Destruct SPRDMPEG4Encoder, this: 0x0xb1253000
03-18 14:22:36.314  1575  1575 D ExternalStorage: After updating volumes, found 2 active roots
03-18 14:22:36.316   265  1375 I SprdOMXPlugin: makeComponentInstance 'OMX.sprd.h263.encoder'
03-18 14:22:36.318   256  1305 I ip6tables: ip6tables terminated by exit(1)
03-18 14:22:36.319   256  1305 E Netd    : exec() res=0, status=256 for /system/bin/ip6tables -w -F st_penalty_log 
03-18 14:22:36.319   265  1375 I SPRDMPEG4Encoder: Construct SPRDMPEG4Encoder, this: 0x0xb1253000
03-18 14:22:36.319   265  1375 I SPRDMPEG4Encoder: openEncoder, lib: libomx_m4vh263enc_hw_sprd.so
03-18 14:22:36.321   265  1375 I SPRDMPEG4Encoder: Construct SPRDMPEG4Encoder
03-18 14:22:36.321   265  1375 I SPRDMPEG4Encoder: SPRDMPEG4Encoder, is IOMMU enabled: 1, ID: 1
03-18 14:22:36.321   265  1375 I VSP     : libomx_m4vh263enc_hw_sprd.so is built on Mar  1 2016 06:58:40, Copyright (C) Spreadtrum, Inc.
03-18 14:22:36.330   265  1375 I SPRDMPEG4Encoder: internalGetParameter, DescribeColorFormat: 0x7fd00001, w h = 128 128
03-18 14:22:36.330   265  1375 I SPRDMPEG4Encoder: internalGetParameter, DescribeColorFormat: 0x15, w h = 128 128
03-18 14:22:36.330   265  1375 I SPRDMPEG4Encoder: internalGetParameter, DescribeColorFormat: 0x13, w h = 128 128
03-18 14:22:36.330   265  1375 I SPRDMPEG4Encoder: internalGetParameter, DescribeColorFormat: 0x7f000789, w h = 128 128
03-18 14:22:36.330   265  1375 W SPRDMPEG4Encoder: do not know color format 0x7f000789 = 2130708361
03-18 14:22:36.330   265  1375 E OMXNodeInstance: getParameter(18:sprd.h263.encoder, ??(0x7f000015)) ERROR: UnsupportedSetting(0x80001019)
03-18 14:22:36.331   265  1375 W ACodec  : do not know color format 0x7f000789 = 2130708361
03-18 14:22:36.331   265  1375 I SPRDMPEG4Encoder: Destruct SPRDMPEG4Encoder, this: 0x0xb1253000
03-18 14:22:36.336   265  1375 I SprdOMXPlugin: makeComponentInstance 'OMX.sprd.h264.encoder'
03-18 14:22:36.342   265  1375 I SPRDAVCEncoder: Construct SPRDAVCEncoder, this: 0x0xb1178000
03-18 14:22:36.342   265  1375 I SPRDAVCEncoder: openEncoder, lib: libomx_avcenc_hw_sprd.so
03-18 14:22:36.347   265  1375 I SPRDAVCEncoder: SPRDAVCEncoder, line:626, name: OMX.sprd.h264.encoder
03-18 14:22:36.347   265  1375 I SPRDAVCEncoder: SPRDAVCEncoder, is IOMMU enabled: 1, ID: 1
03-18 14:22:36.347   265  1375 I VSP     : libomx_avcenc_hw_sprd.so is built on Mar  1 2016 06:58:39, Copyright (C) Spreadtrum, Inc.
03-18 14:22:36.353  1464  1464 W SyncSimAccountsReceiver: action = sync_sim_fake_boot_completed
03-18 14:22:36.357   265  1375 I SPRDAVCEncoder: Construct SPRDAVCEncoder, Capability: profile 100, level 41, max wh=1920 1088
03-18 14:22:36.357   265  1375 I SPRDAVCEncoder: internalGetParameter, DescribeColorFormat: 0x7fd00001, w h = 128 128
03-18 14:22:36.357   265  1375 I SPRDAVCEncoder: internalGetParameter, DescribeColorFormat: 0x15, w h = 128 128
03-18 14:22:36.357   265  1375 I SPRDAVCEncoder: internalGetParameter, DescribeColorFormat: 0x13, w h = 128 128
03-18 14:22:36.357   265  1375 I SPRDAVCEncoder: internalGetParameter, DescribeColorFormat: 0x7f000789, w h = 128 128
03-18 14:22:36.357   265  1375 W SPRDAVCEncoder: do not know color format 0x7f000789 = 2130708361
03-18 14:22:36.357   265  1375 E OMXNodeInstance: getParameter(19:sprd.h264.encoder, ??(0x7f000015)) ERROR: UnsupportedSetting(0x80001019)
03-18 14:22:36.357   265  1375 W ACodec  : do not know color format 0x7f000789 = 2130708361
03-18 14:22:36.358   265  1375 I SPRDAVCEncoder: Destruct SPRDAVCEncoder, this: 0x0xb1178000
03-18 14:22:36.373   256  1305 I iptables: iptables: No chain/target/match by that name.
03-18 14:22:36.377   256  1305 I iptables: iptables terminated by exit(1)
03-18 14:22:36.378   256  1305 E Netd    : exec() res=0, status=256 for /system/bin/iptables -w -F st_penalty_reject 
03-18 14:22:36.379   265  1375 W OMXNodeInstance: [1a:google.mpeg2.decoder] component does not support metadata mode; using fallback
03-18 14:22:36.403   264   504 E         : drm_ntp:connecting to ntp server
03-18 14:22:36.403   264   504 E         : drm_ntp: CreateNtpClientSockfd sockfd=10
03-18 14:22:36.413   264   504 E         : drm_ntp: get hostname 1.asia.pool.ntp.org address info failed! No address associated with hostname
03-18 14:22:36.413   264   504 E         : drm_ntp: sleep 2s and reconnect...
03-18 14:22:36.415   256  1305 I ip6tables: ip6tables: No chain/target/match by that name.
03-18 14:22:36.425   265  1375 D SoftHEVC: Number of CPU cores: 4
03-18 14:22:36.429   265  1375 D SoftHEVC: Initializing decoder
03-18 14:22:36.431   265  1375 D SoftHEVC: Set number of cores to 4
03-18 14:22:36.431   265  1375 D SoftHEVC: Ittiam decoder version number: @(#)Id:HEVCDEC_production Ver:04.04 Released by ITTIAM Build: Mar  1 2016 @ 06:58:48
03-18 14:22:36.431   265  1375 W OMXNodeInstance: [1b:google.hevc.decoder] component does not support metadata mode; using fallback
03-18 14:22:36.431   265  1375 D SoftHEVC: Freeing codec memory
03-18 14:22:36.433   265  1375 D SoftHEVC: Number of CPU cores: 4
03-18 14:22:36.433   265  1375 D SoftHEVC: Initializing decoder
03-18 14:22:36.435   256  1305 I ip6tables: ip6tables terminated by exit(1)
03-18 14:22:36.435   256  1305 E Netd    : exec() res=0, status=256 for /system/bin/ip6tables -w -F st_penalty_reject 
03-18 14:22:36.437   265  1375 D SoftHEVC: Set number of cores to 4
03-18 14:22:36.437   265  1375 D SoftHEVC: Ittiam decoder version number: @(#)Id:HEVCDEC_production Ver:04.04 Released by ITTIAM Build: Mar  1 2016 @ 06:58:48
03-18 14:22:36.438   265  1375 D SoftHEVC: In SoftHEVC::~SoftHEVC
03-18 14:22:36.439   265  1375 D SoftHEVC: Freeing codec memory
03-18 14:22:36.451   265  1375 W OMXNodeInstance: [1c:google.vp8.decoder] component does not support metadata mode; using fallback
03-18 14:22:36.459   265  1375 W OMXNodeInstance: [1d:google.vp9.decoder] component does not support metadata mode; using fallback
03-18 14:22:36.460  1464  1464 E SyncSimAccountsReceiver: sync_sim_fake_boot_completed: profileOwner is null
03-18 14:22:36.460  1464  1464 E SyncSimAccountsReceiver: sync_sim_fake_boot_completed: switch to Id:-1 myId:0
03-18 14:22:36.478   256  1305 I iptables: iptables: No chain/target/match by that name.
03-18 14:22:36.478   256  1305 I iptables: iptables terminated by exit(1)
03-18 14:22:36.479   256  1305 E Netd    : exec() res=0, status=256 for /system/bin/iptables -w -F st_clear_caught 
03-18 14:22:36.479  1704  1704 W System  : ClassLoader referenced unknown path: /system/app/WAPPushManager/lib/arm
03-18 14:22:36.482   265  1375 I SoftMPEG4Encoder: Construct SoftMPEG4Encoder
03-18 14:22:36.482   265  1375 W ACodec  : do not know color format 0x7f000789 = 2130708361
03-18 14:22:36.510   265  1375 W ACodec  : do not know color format 0x7f000789 = 2130708361
03-18 14:22:36.517   265  1375 I SoftMPEG4Encoder: Construct SoftMPEG4Encoder
03-18 14:22:36.517   265  1375 W ACodec  : do not know color format 0x7f000789 = 2130708361
03-18 14:22:36.521   256  1305 I ip6tables: ip6tables: No chain/target/match by that name.
03-18 14:22:36.524   256  1305 I ip6tables: ip6tables terminated by exit(1)
03-18 14:22:36.525   256  1305 E Netd    : exec() res=0, status=256 for /system/bin/ip6tables -w -F st_clear_caught 
03-18 14:22:36.535   265  1375 W ACodec  : do not know color format 0x7f000789 = 2130708361
03-18 14:22:36.550   256  1305 I iptables: iptables: No chain/target/match by that name.
03-18 14:22:36.551   256  1305 I iptables: iptables terminated by exit(1)
03-18 14:22:36.551   256  1305 E Netd    : exec() res=0, status=256 for /system/bin/iptables -w -F st_clear_detect 
03-18 14:22:36.571   256  1305 I ip6tables: ip6tables: No chain/target/match by that name.
03-18 14:22:36.573   256  1305 I ip6tables: ip6tables terminated by exit(1)
03-18 14:22:36.573   256  1305 E Netd    : exec() res=0, status=256 for /system/bin/ip6tables -w -F st_clear_detect 
03-18 14:22:36.599   256  1305 I iptables: iptables: No chain/target/match by that name.
03-18 14:22:36.600   256  1305 I iptables: iptables terminated by exit(1)
03-18 14:22:36.600   256  1305 E Netd    : exec() res=0, status=256 for /system/bin/iptables -w -X st_penalty_log 
03-18 14:22:36.611   265  1375 W MediaCodecList: unable to open media codecs configuration xml file: /data/misc/media/media_codecs_profiling_results.xml
03-18 14:22:36.633  1441  1570 I OMXClient: Using client-side OMX mux.
03-18 14:22:36.637   256  1305 I ip6tables: ip6tables: No chain/target/match by that name.
03-18 14:22:36.640   256  1305 I ip6tables: ip6tables terminated by exit(1)
03-18 14:22:36.640   256  1305 E Netd    : exec() res=0, status=256 for /system/bin/ip6tables -w -X st_penalty_log 
03-18 14:22:36.664   256  1305 I iptables: iptables: No chain/target/match by that name.
03-18 14:22:36.665   256  1305 I iptables: iptables terminated by exit(1)
03-18 14:22:36.665   256  1305 E Netd    : exec() res=0, status=256 for /system/bin/iptables -w -X st_penalty_reject 
03-18 14:22:36.688  1732  1732 I chatty  : uid=1000(system) com.juphoon.sprd.service expire 23 lines
03-18 14:22:36.697   256  1305 I ip6tables: ip6tables: No chain/target/match by that name.
03-18 14:22:36.698   256  1305 I ip6tables: ip6tables terminated by exit(1)
03-18 14:22:36.699   256  1305 E Netd    : exec() res=0, status=256 for /system/bin/ip6tables -w -X st_penalty_reject 
03-18 14:22:36.721  1231  1772 I chatty  : uid=1000(system) Binder_9 expire 4 lines
03-18 14:22:36.731   256  1305 I iptables: iptables: No chain/target/match by that name.
03-18 14:22:36.732   256  1305 I iptables: iptables terminated by exit(1)
03-18 14:22:36.732   256  1305 E Netd    : exec() res=0, status=256 for /system/bin/iptables -w -X st_clear_caught 
03-18 14:22:36.758   256  1305 I ip6tables: ip6tables: No chain/target/match by that name.
03-18 14:22:36.759   256  1305 I ip6tables: ip6tables terminated by exit(1)
03-18 14:22:36.760   256  1305 E Netd    : exec() res=0, status=256 for /system/bin/ip6tables -w -X st_clear_caught 
03-18 14:22:36.780  1441  1553 I AVIExtractor: SniffAVI
03-18 14:22:36.781   264   505 E DrmOmaPlugIn: DrmOmaPlugIn::onInitialize : 4932
03-18 14:22:36.781   264   505 E DrmOmaPlugIn: DrmOmaPlugIn::onSetOnInfoListener : 4932
03-18 14:22:36.781   264   264 E DrmOmaPlugIn: DrmOmaPlugIn::onOpenDecryptSession() : offset:0, length:7853, fd:10
03-18 14:22:36.781   264   264 E         : DcfParser::parse (null), fd: 12
03-18 14:22:36.781   264   264 E         : DcfParser::parse (null), version: 79
03-18 14:22:36.781   264   264 E DrmOmaPlugIn: DrmOmaPlugIn::onOpenDecryptSession() : dcf parse error
03-18 14:22:36.782   264   264 E DrmOmaPlugIn: DrmOmaPlugIn::onTerminate : 4932
03-18 14:22:36.784   256  1305 I iptables: iptables: No chain/target/match by that name.
03-18 14:22:36.785   256  1305 I iptables: iptables terminated by exit(1)
03-18 14:22:36.785   256  1305 E Netd    : exec() res=0, status=256 for /system/bin/iptables -w -X st_clear_detect 
03-18 14:22:36.813  1441  1806 I OMXClient: Using client-side OMX mux.
03-18 14:22:36.816   256  1305 I ip6tables: ip6tables: No chain/target/match by that name.
03-18 14:22:36.817   256  1305 I ip6tables: ip6tables terminated by exit(1)
03-18 14:22:36.817   256  1305 E Netd    : exec() res=0, status=256 for /system/bin/ip6tables -w -X st_clear_detect 
03-18 14:22:36.915  1398  1824 I chatty  : uid=1001(radio) DcSwitchStateMa expire 1 line
03-18 14:22:36.949  1441  1553 I AVIExtractor: SniffAVI
03-18 14:22:36.950   264   505 E DrmOmaPlugIn: DrmOmaPlugIn::onInitialize : 5534
03-18 14:22:36.950   264   505 E DrmOmaPlugIn: DrmOmaPlugIn::onSetOnInfoListener : 5534
03-18 14:22:36.951   264   264 E DrmOmaPlugIn: DrmOmaPlugIn::onOpenDecryptSession() : offset:0, length:5713, fd:10
03-18 14:22:36.951   264   264 E         : DcfParser::parse (null), fd: 12
03-18 14:22:36.951   264   264 E         : DcfParser::parse (null), version: 79
03-18 14:22:36.951   264   264 E DrmOmaPlugIn: DrmOmaPlugIn::onOpenDecryptSession() : dcf parse error
03-18 14:22:36.955  1398  1828 I chatty  : uid=1001(radio) DcSwitchStateMa expire 1 line
03-18 14:22:36.957  1646  1829 I chatty  : uid=1000(system) RenderThread expire 2 lines
03-18 14:22:36.961   264   264 E DrmOmaPlugIn: DrmOmaPlugIn::onTerminate : 5534
03-18 14:22:37.022  1441  1833 I OMXClient: Using client-side OMX mux.
03-18 14:22:37.070  1231  1617 I chatty  : uid=1000(system) Binder_7 expire 2 lines
03-18 14:22:37.072  1441  1441 I vol.Events: writeEvent collection_started
03-18 14:22:37.079  1398  1412 I chatty  : uid=1001(radio) Binder_1 expire 1 line
03-18 14:22:37.080  1464  1464 D FSA0    : onEvent:0:1:false
03-18 14:22:37.080  1464  1464 D FSA0    : onAction: mPhoneId = 0, action = 9
03-18 14:22:37.091  1464  1753 D FSA0    : onAction: mPhoneId = 0, action = 8
03-18 14:22:37.091  1464  1753 D FSA0    : onAction: mPhoneId = 0, action = 12
03-18 14:22:37.092  1464  1753 D FSA0    : PURGE_CONTACT mAccount = null
03-18 14:22:37.092  1464  1753 D FSA0    : >>>purgeContact:0:null
03-18 14:22:37.092  1464  1753 D FSA0    : mAccount is null
03-18 14:22:37.092  1464  1753 D FSA0    : onAction: mPhoneId = 0, action = 10
03-18 14:22:37.094  1464  1753 D FSA0    : >>>addPhoneAccount
03-18 14:22:37.098  1441  1843 I vol.Events: writeEvent external_ringer_mode_changed vibrate
03-18 14:22:37.101  1441  1843 I vol.Events: writeEvent internal_ringer_mode_changed vibrate
03-18 14:22:37.103  1464  1464 D FSA1    : onEvent:1:1:false
03-18 14:22:37.103  1464  1464 D FSA1    : onAction: mPhoneId = 1, action = 9
03-18 14:22:37.104  1464  1844 D FSA1    : onAction: mPhoneId = 1, action = 8
03-18 14:22:37.104  1464  1844 D FSA1    : onAction: mPhoneId = 1, action = 12
03-18 14:22:37.109  1231  1513 I chatty  : uid=1000(system) Binder_5 expire 7 lines
03-18 14:22:37.109  1464  1464 W SyncSimAccountsReceiver: action = android.intent.action.SIM_STATE_CHANGED
03-18 14:22:37.111  1464  1464 E SyncSimAccountsReceiver: SIM_STATE_CHANGED: state: NOT_READY phoneId: 0 subId: -2
03-18 14:22:37.111  1464  1464 D FSA0    : onEvent:0:1:false
03-18 14:22:37.111  1464  1464 D FSA0    : onAction: mPhoneId = 0, action = 9
03-18 14:22:37.114  1464  1753 D FSA0    : phone account already exists
03-18 14:22:37.114  1464  1753 D FSA0    : >>>remove sim account:0
03-18 14:22:37.114  1464  1753 D FSA0    : mAccount is null
03-18 14:22:37.114  1464  1753 D FSA0    : onAction: mPhoneId = 0, action = 11
03-18 14:22:37.114  1464  1753 D FSA0    : <<<remove sim account:0
03-18 14:22:37.114  1464  1753 D FSA0    : onAction: mPhoneId = 0, action = 8
03-18 14:22:37.115  1464  1753 D FSA0    : onAction: mPhoneId = 0, action = 12
03-18 14:22:37.115  1464  1753 D FSA0    : PURGE_CONTACT mAccount = null
03-18 14:22:37.115  1464  1753 D FSA0    : >>>purgeContact:0:null
03-18 14:22:37.115  1464  1753 D FSA0    : mAccount is null
03-18 14:22:37.115  1464  1753 D FSA0    : onAction: mPhoneId = 0, action = 10
03-18 14:22:37.115  1464  1753 D FSA0    : >>>addPhoneAccount
03-18 14:22:37.116  1231  1474 I chatty  : uid=1000(system) Binder_3 expire 10 lines
03-18 14:22:37.116  1464  1753 D FSA0    : phone account already exists
03-18 14:22:37.116  1464  1753 D FSA0    : >>>remove sim account:0
03-18 14:22:37.116  1464  1753 D FSA0    : mAccount is null
03-18 14:22:37.116  1464  1753 D FSA0    : onAction: mPhoneId = 0, action = 11
03-18 14:22:37.116  1464  1753 D FSA0    : <<<remove sim account:0
03-18 14:22:37.126  1464  1844 D FSA1    : PURGE_CONTACT mAccount = null
03-18 14:22:37.126  1464  1844 D FSA1    : >>>purgeContact:1:null
03-18 14:22:37.126  1464  1844 D FSA1    : mAccount is null
03-18 14:22:37.128  1464  1844 D FSA1    : onAction: mPhoneId = 1, action = 10
03-18 14:22:37.129  1464  1844 D FSA1    : >>>addPhoneAccount
03-18 14:22:37.130  1231  1610 I chatty  : uid=1000(system) Binder_6 expire 8 lines
03-18 14:22:37.130  1464  1844 D FSA1    : phone account already exists
03-18 14:22:37.130  1464  1844 D FSA1    : >>>remove sim account:1
03-18 14:22:37.131  1464  1844 D FSA1    : mAccount is null
03-18 14:22:37.131  1464  1844 D FSA1    : onAction: mPhoneId = 1, action = 11
03-18 14:22:37.131  1464  1844 D FSA1    : <<<remove sim account:1
03-18 14:22:37.316  1441  1843 I vol.Events: writeEvent level_changed STREAM_ALARM 6
03-18 14:22:37.329  1441  1843 I vol.Events: writeEvent level_changed STREAM_BLUETOOTH_SCO 7
03-18 14:22:37.341  1441  1843 I vol.Events: writeEvent level_changed STREAM_MUSIC 6
03-18 14:22:37.352  1441  1441 D StorageNotification: Notifying about private volume: VolumeInfo{private}:
03-18 14:22:37.352  1441  1441 D StorageNotification:     type=PRIVATE diskId=null partGuid=null mountFlags=0 mountUserId=-1 
03-18 14:22:37.352  1441  1441 D StorageNotification:     state=MOUNTED 
03-18 14:22:37.352  1441  1441 D StorageNotification:     fsType=null fsUuid=null fsLabel=null 
03-18 14:22:37.352  1441  1441 D StorageNotification:     path=/data internalPath=null linkName=unknown 
03-18 14:22:37.356  1441  1843 I vol.Events: writeEvent level_changed STREAM_RING 5
03-18 14:22:37.357  1441  1441 D StorageNotification: Notifying about public volume: VolumeInfo{public:179,129}:
03-18 14:22:37.357  1441  1441 D StorageNotification:     type=PUBLIC diskId=disk:179,128 partGuid=null mountFlags=VISIBLE 
03-18 14:22:37.357  1441  1441 D StorageNotification:     mountUserId=0 state=MOUNTED 
03-18 14:22:37.357  1441  1441 D StorageNotification:     fsType=vfat fsUuid=72AD-2013 fsLabel= 
03-18 14:22:37.357  1441  1441 D StorageNotification:     path=/storage/72AD-2013 internalPath=/mnt/media_rw/72AD-2013 
03-18 14:22:37.357  1441  1441 D StorageNotification:     linkName=sdcard0 
03-18 14:22:37.357  1441  1843 I vol.Events: writeEvent mute_changed STREAM_RING true
03-18 14:22:37.360  1441  1843 I vol.Events: writeEvent level_changed STREAM_SYSTEM 5
03-18 14:22:37.361  1441  1843 I vol.Events: writeEvent mute_changed STREAM_SYSTEM true
03-18 14:22:37.378  1849  1849 W System  : ClassLoader referenced unknown path: /system/priv-app/Dialer/lib/arm
03-18 14:22:37.421  1441  1843 I vol.Events: writeEvent level_changed STREAM_VOICE_CALL 4
03-18 14:22:37.434  1441  1843 I vol.Events: writeEvent level_changed UNKNOWN_STREAM_10 6
03-18 14:22:37.494  1441  1441 D KeyguardUpdateMonitor: received broadcast android.media.RINGER_MODE_CHANGED
03-18 14:22:37.495  1441  1441 D KeyguardUpdateMonitor: received broadcast android.intent.action.SIM_STATE_CHANGED
03-18 14:22:37.497  1849  1849 D ExtensionsFactory: No custom extensions.
03-18 14:22:37.500  1441  1441 D KeyguardUpdateMonitor: received broadcast android.intent.action.SIM_STATE_CHANGED
03-18 14:22:37.515  1849  1849 D VoiceMailUpdateReceiver: onReceive Action: android.intent.action.SIM_STATE_CHANGED
03-18 14:22:37.603  1917  1917 I art     : Late-enabling -Xcheck:jni
03-18 14:22:37.776  1231  1308 I chatty  : uid=1000(system) android.display expire 4 lines
03-18 14:22:37.822  1231  1285 I chatty  : uid=1000(system) ActivityManager expire 3 lines
03-18 14:22:37.843  1917  1917 W System  : ClassLoader referenced unknown path: /system/priv-app/ImsCM/lib/arm
03-18 14:22:37.955   256  1305 D CommandListener: Setting iface cfg
03-18 14:22:37.955   256  1305 D CommandListener: Trying to bring down wlan0
03-18 14:22:37.957   256  1305 D CommandListener: Clearing all IP addresses on wlan0
03-18 14:22:37.975  1441  1441 D AddonManager: -> getAddon: featureClassName:plugin.sprd.supportoperator.SystemUIFeaturesForOperator
03-18 14:22:37.975  1441  1441 I AddonManager: -> getAddon,The classloader of defClazz is dalvik.system.PathClassLoader[DexPathList[[zip file "/system/priv-app/SystemUI/SystemUI.apk"],nativeLibraryDirectories=[/system/priv-app/SystemUI/lib/arm, /vendor/lib, /system/lib]]]
03-18 14:22:37.975  1441  1441 D AddonManager: ->getAddon: Create feature <plugin.sprd.supportoperator.SystemUIFeaturesForOperator> object Failed, AddonManager will return <class com.android.systemui.statusbar.policy.SystemUIPluginsHelper> object.
03-18 14:22:38.213  1979  1979 I chatty  : uid=1010(wifi) /system/bin/wpa_supplicant expire 397 lines
03-18 14:22:38.259  1441  1441 D AddonManager: -> getAddon: featureClassName:plugin.sprd.keyguardoperator.KeyguardFeaturesForOperator
03-18 14:22:38.259  1441  1441 I AddonManager: -> getAddon,The classloader of defClazz is dalvik.system.PathClassLoader[DexPathList[[zip file "/system/priv-app/SystemUI/SystemUI.apk"],nativeLibraryDirectories=[/system/priv-app/SystemUI/lib/arm, /vendor/lib, /system/lib]]]
03-18 14:22:38.259  1441  1441 D AddonManager: ->getAddon: Create feature <plugin.sprd.keyguardoperator.KeyguardFeaturesForOperator> object Failed, AddonManager will return <class com.sprd.keyguard.KeyguardPluginsHelper> object.
03-18 14:22:38.259  1441  1441 D KeyguardPluginsHelper: ShowFlightMode = false
03-18 14:22:38.288  1441  1441 W TelecomManager: Telecom Service not found.
03-18 14:22:38.367   265  1375 I AudioFlinger: systemReady
03-18 14:22:38.369  1231  1348 I chatty  : uid=1000(system) AlarmManager expire 1 line
03-18 14:22:38.414   264   504 E         : drm_ntp:connecting to ntp server
03-18 14:22:38.414   264   504 E         : drm_ntp: CreateNtpClientSockfd sockfd=10
03-18 14:22:38.418  1231  2000 I chatty  : uid=1000(system) SoundPoolThread expire 6 lines
03-18 14:22:38.425   264   505 E DrmOmaPlugIn: DrmOmaPlugIn::onInitialize : 7840
03-18 14:22:38.425   264   505 E DrmOmaPlugIn: DrmOmaPlugIn::onSetOnInfoListener : 7840
03-18 14:22:38.425   264   264 E DrmOmaPlugIn: DrmOmaPlugIn::onOpenDecryptSession() : offset:0, length:5136, fd:13
03-18 14:22:38.425   264   264 E         : DcfParser::parse (null), fd: 14
03-18 14:22:38.425   264   264 E         : DcfParser::parse (null), version: 79
03-18 14:22:38.425   264   264 E DrmOmaPlugIn: DrmOmaPlugIn::onOpenDecryptSession() : dcf parse error
03-18 14:22:38.428   264   264 E DrmOmaPlugIn: DrmOmaPlugIn::onTerminate : 7840
03-18 14:22:38.431   264   504 E         : drm_ntp: get hostname 2.asia.pool.ntp.org address info failed! No address associated with hostname
03-18 14:22:38.431   264   504 E         : drm_ntp: sleep 2s and reconnect...
03-18 14:22:38.460  1398  1408 I chatty  : uid=1001(radio) HeapTaskDaemon expire 1 line
03-18 14:22:38.476  1398  2015 I chatty  : uid=1001(radio) AsyncTask #2 expire 8 lines
03-18 14:22:38.485  1231  2017 I chatty  : uid=1000 system_server expire 1 line
03-18 14:22:38.705  2002  2002 I LatinIME: Hardware accelerated drawing: true
03-18 14:22:38.799  1732  1755 I chatty  : uid=1000(system) Binder_2 expire 2 lines
03-18 14:22:38.801  1732  1754 I chatty  : uid=1000(system) Binder_1 expire 2 lines
03-18 14:22:38.813  1231  1283 I chatty  : uid=1000(system) android.bg expire 78 lines
03-18 14:22:38.849  1398  1398 D CarrierConfigLoader: update network preferred config[1]:  mLastNetNumeric = null
03-18 14:22:38.855   264   505 E DrmOmaPlugIn: DrmOmaPlugIn::onInitialize : 7908
03-18 14:22:38.855   264   505 E DrmOmaPlugIn: DrmOmaPlugIn::onSetOnInfoListener : 7908
03-18 14:22:38.861  1979  1979 D wpa_supplicant: CTRL_IFACE SET 'bgscan'=''
03-18 14:22:38.861  1979  1979 D wpa_supplicant: bgscan=''
03-18 14:22:38.862  1979  1979 D wpa_supplicant: wlan0: Control interface command 'SAVE_CONFIG'
03-18 14:22:38.862  1979  1979 D wpa_supplicant: Writing configuration file '/data/misc/wifi/wpa_supplicant.conf.tmp'
03-18 14:22:38.873   264   264 E DrmOmaPlugIn: DrmOmaPlugIn::onOpenDecryptSession() : offset:0, length:5837, fd:10
03-18 14:22:38.873   264   264 E         : DcfParser::parse (null), fd: 12
03-18 14:22:38.873   264   264 E         : DcfParser::parse (null), version: 79
03-18 14:22:38.873   264   264 E DrmOmaPlugIn: DrmOmaPlugIn::onOpenDecryptSession() : dcf parse error
03-18 14:22:38.874  1979  1979 D wpa_supplicant: Configuration file '/data/misc/wifi/wpa_supplicant.conf' written successfully
03-18 14:22:38.874  1979  1979 D wpa_supplicant: CTRL_IFACE: SAVE_CONFIG - Configuration updated
03-18 14:22:38.876  1979  1979 D wpa_supplicant: wlan0: Control interface command 'SCAN_INTERVAL 15'
03-18 14:22:38.876  1398  1398 I Telephony: PstnIncomingCallNotifier: Unregistering: Handler (com.android.internal.telephony.gsm.GSMPhone) {18c24a9}
03-18 14:22:38.876  1979  1979 D wpa_supplicant: wlan0: Setting scan interval: 15 sec
03-18 14:22:38.877  1979  1979 D wpa_supplicant: wlan0: Control interface command 'SET external_sim 1'
03-18 14:22:38.878  1979  1979 D wpa_supplicant: CTRL_IFACE SET 'external_sim'='1'
03-18 14:22:38.878  1979  1979 D wpa_supplicant: external_sim=1
03-18 14:22:38.881  1398  1398 D Telephony: PstnPhoneCapabilitiesNotifier: Unregistering: Handler (com.android.internal.telephony.gsm.GSMPhone) {18c24a9}
03-18 14:22:38.889   264   264 E DrmOmaPlugIn: DrmOmaPlugIn::onTerminate : 7908
03-18 14:22:38.892  1398  1398 D Telephony: TelecomAccountRegistry: Found 2 phones.  Attempting to register.
03-18 14:22:38.893  1398  1398 D Telephony: TelecomAccountRegistry: Phone with subscription id -2
03-18 14:22:38.893  1398  1398 D Telephony: TelecomAccountRegistry: Phone with subscription id -3
03-18 14:22:38.902  1979  1979 D wpa_supplicant: wlan0: Control interface command 'STA_AUTOCONNECT 0'
03-18 14:22:38.903  1979  1979 D wpa_supplicant: wlan0: Control interface command 'DRIVER BTCOEXSCAN-STOP'
03-18 14:22:38.903  1979  1979 D wpa_supplicant: wpa_driver_nl80211_driver_cmd: Driver cmd: BTCOEXSCAN-STOP
03-18 14:22:38.906  1979  1979 D wpa_supplicant: wlan0: Control interface command 'DRIVER RXFILTER-STOP'
03-18 14:22:38.906  1979  1979 D wpa_supplicant: wpa_driver_nl80211_driver_cmd: Driver cmd: RXFILTER-STOP
03-18 14:22:38.906  1979  1979 D wpa_supplicant: wlan0: Control interface command 'DRIVER RXFILTER-ADD 3'
03-18 14:22:38.907  1979  1979 D wpa_supplicant: wpa_driver_nl80211_driver_cmd: Driver cmd: RXFILTER-ADD 3
03-18 14:22:38.907  1979  1979 D wpa_supplicant: wlan0: Control interface command 'DRIVER RXFILTER-START'
03-18 14:22:38.907  1979  1979 D wpa_supplicant: wpa_driver_nl80211_driver_cmd: Driver cmd: RXFILTER-START
03-18 14:22:38.908  1979  1979 D wpa_supplicant: wlan0: Control interface command 'DRIVER RXFILTER-STOP'
03-18 14:22:38.908  1979  1979 D wpa_supplicant: wpa_driver_nl80211_driver_cmd: Driver cmd: RXFILTER-STOP
03-18 14:22:38.908  1979  1979 D wpa_supplicant: wlan0: Control interface command 'DRIVER RXFILTER-REMOVE 2'
03-18 14:22:38.908  1979  1979 D wpa_supplicant: wpa_driver_nl80211_driver_cmd: Driver cmd: RXFILTER-REMOVE 2
03-18 14:22:38.909  1979  1979 D wpa_supplicant: wlan0: Control interface command 'DRIVER RXFILTER-START'
03-18 14:22:38.909  1979  1979 D wpa_supplicant: wpa_driver_nl80211_driver_cmd: Driver cmd: RXFILTER-START
03-18 14:22:38.911  1979  1979 D wpa_supplicant: wlan0: Control interface command 'STATUS'
03-18 14:22:38.911  1979  1979 D wpa_supplicant: EAPOL: EAP Session-Id not available
03-18 14:22:38.911  1979  1979 D wpa_supplicant: CTRL_IFACE monitor sent successfully to /data/misc/wifi/sockets/wpa_ctrl_1231-2\x00
03-18 14:22:38.915  1398  1398 E PhoneInterfaceManager: [PhoneIntfMgr] getIccId: No UICC
03-18 14:22:38.919  1979  1979 D wpa_supplicant: wlan0: Control interface command 'SET pno 0'
03-18 14:22:38.919  1979  1979 D wpa_supplicant: CTRL_IFACE SET 'pno'='0'
03-18 14:22:38.920  1979  1979 D wpa_supplicant: wlan0: Control interface command 'SET ps 1'
03-18 14:22:38.920  1979  1979 D wpa_supplicant: CTRL_IFACE SET 'ps'='1'
03-18 14:22:38.920  1979  1979 D wpa_supplicant: nl80211: set_p2p_powersave (legacy_ps=1 opp_ps=-1 ctwindow=-1)
03-18 14:22:38.926   256  1305 D CommandListener: Setting iface cfg
03-18 14:22:38.926   256  1305 D CommandListener: Trying to bring up p2p0
03-18 14:22:38.928  1231  1362 I chatty  : uid=1000(system) WifiP2pService expire 4 lines
03-18 14:22:38.932  1398  1398 D TelephonyManager: getRadioCapbility: ssdaMode=csfb
03-18 14:22:38.935  1398  1398 W TelecomManager: Telecom Service not found.
03-18 14:22:38.936  1398  1398 I Telephony: AccountEntry: Registered phoneAccount: [[ ] PhoneAccount: ComponentInfo{com.android.phone/com.android.services.telephony.TelephonyConnectionService}, [e0184adedf913b076626646d3f52c3b49c39ad6d], UserHandle{0} Capabilities: 54 Schemes: tel voicemail ] with handle: ComponentInfo{com.android.phone/com.android.services.telephony.TelephonyConnectionService}, [e0184adedf913b076626646d3f52c3b49c39ad6d], UserHandle{0}
03-18 14:22:38.936  1398  1398 I Telephony: PstnIncomingCallNotifier: Registering: Handler (com.android.internal.telephony.gsm.GSMPhone) {18c24a9}
03-18 14:22:38.940  2002  2002 D AccessibilityManager: getInstance() new sInstance = android.view.accessibility.AccessibilityManager@ebd7462, context = android.app.ContextImpl@5ec99f3, userId = 0
03-18 14:22:38.943  1231  2031 I chatty  : uid=1000 system_server expire 1 line
03-18 14:22:38.997   264   505 E DrmOmaPlugIn: DrmOmaPlugIn::onInitialize : 5276
03-18 14:22:38.997   264   505 E DrmOmaPlugIn: DrmOmaPlugIn::onSetOnInfoListener : 5276
03-18 14:22:38.998   264   264 E DrmOmaPlugIn: DrmOmaPlugIn::onOpenDecryptSession() : offset:0, length:5952, fd:10
03-18 14:22:38.998   264   264 E         : DcfParser::parse (null), fd: 12
03-18 14:22:38.998   264   264 E         : DcfParser::parse (null), version: 79
03-18 14:22:38.998   264   264 E DrmOmaPlugIn: DrmOmaPlugIn::onOpenDecryptSession() : dcf parse error
03-18 14:22:38.998   264   264 E DrmOmaPlugIn: DrmOmaPlugIn::onTerminate : 5276
03-18 14:22:39.020  1231  2060 I chatty  : uid=1000 system_server expire 1 line
03-18 14:22:39.051   264   505 E DrmOmaPlugIn: DrmOmaPlugIn::onInitialize : 5465
03-18 14:22:39.051   264   505 E DrmOmaPlugIn: DrmOmaPlugIn::onSetOnInfoListener : 5465
03-18 14:22:39.051   264   264 E DrmOmaPlugIn: DrmOmaPlugIn::onOpenDecryptSession() : offset:0, length:5832, fd:10
03-18 14:22:39.051   264   264 E         : DcfParser::parse (null), fd: 12
03-18 14:22:39.051   264   264 E         : DcfParser::parse (null), version: 79
03-18 14:22:39.051   264   264 E DrmOmaPlugIn: DrmOmaPlugIn::onOpenDecryptSession() : dcf parse error
03-18 14:22:39.052   264   264 E DrmOmaPlugIn: DrmOmaPlugIn::onTerminate : 5465
03-18 14:22:39.072  1231  2063 I chatty  : uid=1000 system_server expire 1 line
03-18 14:22:39.101   264   505 E DrmOmaPlugIn: DrmOmaPlugIn::onInitialize : 7910
03-18 14:22:39.101   264   505 E DrmOmaPlugIn: DrmOmaPlugIn::onSetOnInfoListener : 7910
03-18 14:22:39.101   264   264 E DrmOmaPlugIn: DrmOmaPlugIn::onOpenDecryptSession() : offset:0, length:6246, fd:10
03-18 14:22:39.101   264   264 E         : DcfParser::parse (null), fd: 12
03-18 14:22:39.101   264   264 E         : DcfParser::parse (null), version: 79
03-18 14:22:39.101   264   264 E DrmOmaPlugIn: DrmOmaPlugIn::onOpenDecryptSession() : dcf parse error
03-18 14:22:39.102   264   264 E DrmOmaPlugIn: DrmOmaPlugIn::onTerminate : 7910
03-18 14:22:39.120  1231  2066 I chatty  : uid=1000 system_server expire 1 line
03-18 14:22:39.153   264   505 E DrmOmaPlugIn: DrmOmaPlugIn::onInitialize : 7467
03-18 14:22:39.153   264   505 E DrmOmaPlugIn: DrmOmaPlugIn::onSetOnInfoListener : 7467
03-18 14:22:39.154   264   264 E DrmOmaPlugIn: DrmOmaPlugIn::onOpenDecryptSession() : offset:0, length:9847, fd:10
03-18 14:22:39.154   264   264 E         : DcfParser::parse (null), fd: 12
03-18 14:22:39.154   264   264 E         : DcfParser::parse (null), version: 79
03-18 14:22:39.154   264   264 E DrmOmaPlugIn: DrmOmaPlugIn::onOpenDecryptSession() : dcf parse error
03-18 14:22:39.154   264   264 E DrmOmaPlugIn: DrmOmaPlugIn::onTerminate : 7467
03-18 14:22:39.177  1231  2069 I chatty  : uid=1000 system_server expire 1 line
03-18 14:22:39.288  1979  1979 D wpa_supplicant: RX global ctrl_iface - hexdump(len=26): 53 45 54 20 70 65 72 73 69 73 74 65 6e 74 5f 72 65 63 6f 6e 6e 65 63 74 20 31
