03-18 14:22:55.466  1979  1979 D wpa_supplicant: wlan0: Control interface command 'SAVE_CONFIG'
03-18 14:22:55.466  1979  1979 D wpa_supplicant: Writing configuration file '/data/misc/wifi/wpa_supplicant.conf.tmp'
03-18 14:22:55.477  1979  1979 D wpa_supplicant: Configuration file '/data/misc/wifi/wpa_supplicant.conf' written successfully
03-18 14:22:55.477  1979  1979 D wpa_supplicant: CTRL_IFACE: SAVE_CONFIG - Configuration updated
03-18 14:22:55.481  1231  1363 E WifiConfigStore: saveWifiConfigBSSID Setting BSSID for "VoWiFi"WPA_PSK to any
03-18 14:22:55.482  1979  1979 D wpa_supplicant: wlan0: Control interface command 'SET_NETWORK [REMOVED]'
03-18 14:22:55.482  1979  1979 D wpa_supplicant: CTRL_IFACE: SET_NETWORK id=0 name='bssid'
03-18 14:22:55.482  1979  1979 D wpa_supplicant: CTRL_IFACE: value - hexdump(len=3): [REMOVED]
03-18 14:22:55.482  1979  1979 D wpa_supplicant: BSSID any
03-18 14:22:55.483  1979  1979 D wpa_supplicant: wlan0: Control interface command 'SAVE_CONFIG'
03-18 14:22:55.483  1979  1979 D wpa_supplicant: Writing configuration file '/data/misc/wifi/wpa_supplicant.conf.tmp'
03-18 14:22:55.493  1979  1979 D wpa_supplicant: Configuration file '/data/misc/wifi/wpa_supplicant.conf' written successfully
03-18 14:22:55.493  1979  1979 D wpa_supplicant: CTRL_IFACE: SAVE_CONFIG - Configuration updated
03-18 14:22:55.497   256  1305 D CommandListener: Setting iface cfg
03-18 14:22:55.510  1231  1363 D WifiStateMachine: Start Dhcp Watchdog 1
03-18 14:22:55.514  1231  2756 D AlarmManagerService: set alarm to RTC: 72.980000000
03-18 14:22:55.516  1979  1979 D wpa_supplicant: wlan0: Control interface command 'SIGNAL_POLL'
03-18 14:22:55.525  1231  1365 D WifiNetworkMonitor: EVENT_WIFI_RSSI_CHANGED
03-18 14:22:55.529  1231  1363 D IpReachabilityMonitor: watch: iface{wlan0/10}, v{1}, ntable=[]
03-18 14:22:55.530  1231  1365 D WifiNetworkMonitor: EVENT_WIFI_NETWORK_LINKPROPERTY_CHANGED
03-18 14:22:55.533  1441  2030 D NetworkController.MobileSignalController(1): getLabel[0]: Jio 4G color = -1
03-18 14:22:55.536  1441  2030 D PhoneStatusBar: label = Jio 4G
03-18 14:22:55.544  2640  2750 E SLOG    : iodebug_print_info: open /sys/devices/sdio_emmc/mmc_host/mmc0/mmc0:0001/perferred_erase_size failed
03-18 14:22:55.544  2640  2750 E SLOG    :  [2]
03-18 14:22:55.549  1231  1308 I ActivityManager: Displayed com.android.settings/.Settings: +381ms
03-18 14:22:55.551  1231  1310 D LIGHTS  : file:vendor/sprd/open-source/libs/liblights/lights.c, func:set_light_buttons, on=0
03-18 14:22:55.552  1231  1310 E LIGHTS  : file:vendor/sprd/open-source/libs/liblights/lights.c, func:write_int, path=/sys/class/leds/keyboard-backlight/brightness, value=0
03-18 14:22:55.552  1231  1310 E LIGHTS  : file:vendor/sprd/open-source/libs/liblights/lights.c, func:write_int, failed to open /sys/class/leds/keyboard-backlight/brightness,fd = -1
03-18 14:22:55.566  1979  1979 D wpa_supplicant: wlan0: Control interface command 'DRIVER BTCOEXMODE 1'
03-18 14:22:55.566  1979  1979 D wpa_supplicant: wpa_driver_nl80211_driver_cmd: Driver cmd: BTCOEXMODE 1
03-18 14:22:55.567  1231  1363 E native  : do suspend false
03-18 14:22:55.567  1979  1979 D wpa_supplicant: wlan0: Control interface command 'DRIVER SETSUSPENDMODE 0'
03-18 14:22:55.567  1979  1979 D wpa_supplicant: wpa_driver_nl80211_driver_cmd: Driver cmd: SETSUSPENDMODE 0
03-18 14:22:55.570  2640  2750 E SLOG    : iodebug_socket_init: iodebug:create socket failed and return -1, Protocol not supported ,93
03-18 14:22:55.570  2640  2750 E SLOG    :  [93]
03-18 14:22:55.570  2640  2750 E SLOG    : iodebug_log_handler: iodebug_socket_init faild, ret = -1
03-18 14:22:55.570  2640  2750 E SLOG    :  [93]
03-18 14:22:55.571  1231  2757 D DhcpClient: Receive thread started
03-18 14:22:55.574  1979  1979 D wpa_supplicant: wlan0: Control interface command 'SET ps 0'
03-18 14:22:55.574  1979  1979 D wpa_supplicant: CTRL_IFACE SET 'ps'='0'
03-18 14:22:55.574  1979  1979 D wpa_supplicant: nl80211: set_p2p_powersave (legacy_ps=0 opp_ps=-1 ctwindow=-1)
03-18 14:22:55.577  1231  2756 D DhcpClient: Broadcasting DHCPDISCOVER
03-18 14:22:55.578  1231  2756 D AlarmManagerService: set alarm to RTC: 42.044000000
03-18 14:22:55.612  2073  2073 D Launcher: ====  5-screenid = -1   ,container = -1
03-18 14:22:55.833   283   323 D phoneserver: Rev TID [323]: mux=/dev/stty_lte1:+CRSM: 144,0,622182054221000D0283026F4CA506C00100DE01008A01058B036F06078002001A8800
03-18 14:22:55.833   283   323 D phoneserver: Rev TID [323]: mux=/dev/stty_lte1:OK
03-18 14:22:55.834   283   323 D phoneserver: Rev TID [323]: mux=/dev/stty_lte1:+EUICC: 0,2,1
03-18 14:22:55.834   283   323 D phoneserver: Rev TID [323]: mux=/dev/stty_lte1:OK
03-18 14:22:55.844   283   323 D phoneserver: Rev TID [323]: mux=/dev/stty_lte1:+CRSM: 144,0,00FFFFFFFFFFFFFFFFFFFFFFFF
03-18 14:22:55.844   283   323 D phoneserver: Rev TID [323]: mux=/dev/stty_lte1:OK
03-18 14:22:55.845   283   323 D phoneserver: Rev TID [323]: mux=/dev/stty_lte1:+EUICC: 0,2,1
03-18 14:22:55.845   283   323 D phoneserver: Rev TID [323]: mux=/dev/stty_lte1:OK
03-18 14:22:55.855   283   323 D phoneserver: Rev TID [323]: mux=/dev/stty_lte1:+CRSM: 144,0,00FFFFFFFFFFFFFFFFFFFFFFFF
03-18 14:22:55.855   283   323 D phoneserver: Rev TID [323]: mux=/dev/stty_lte1:OK
03-18 14:22:55.856   283   323 D phoneserver: Rev TID [323]: mux=/dev/stty_lte1:+EUICC: 0,2,1
03-18 14:22:55.856   283   323 D phoneserver: Rev TID [323]: mux=/dev/stty_lte1:OK
03-18 14:22:55.868   283   323 D phoneserver: Rev TID [323]: mux=/dev/stty_lte1:+CRSM: 144,0,622182054221001A0A83026F49A506C00100DE01008A01058B036F0607800201048800
03-18 14:22:55.869   283   323 D phoneserver: Rev TID [323]: mux=/dev/stty_lte1:OK
03-18 14:22:55.869   283   323 D phoneserver: Rev TID [323]: mux=/dev/stty_lte1:+EUICC: 0,2,1
03-18 14:22:55.869   283   323 D phoneserver: Rev TID [323]: mux=/dev/stty_lte1:OK
03-18 14:22:55.879   283   323 D phoneserver: Rev TID [323]: mux=/dev/stty_lte1:+CRSM: 144,0,FFFFFFFFFFFFFFFFFFFFFFFFFFFFFFFFFFFFFFFFFFFFFFFFFFFF
03-18 14:22:55.879   283   323 D phoneserver: Rev TID [323]: mux=/dev/stty_lte1:OK
03-18 14:22:55.880   283   323 D phoneserver: Rev TID [323]: mux=/dev/stty_lte1:+EUICC: 0,2,1
03-18 14:22:55.880   283   323 D phoneserver: Rev TID [323]: mux=/dev/stty_lte1:OK
03-18 14:22:55.891   283   323 D phoneserver: Rev TID [323]: mux=/dev/stty_lte1:+CRSM: 144,0,FFFFFFFFFFFFFFFFFFFFFFFFFFFFFFFFFFFFFFFFFFFFFFFFFFFF
03-18 14:22:55.891   283   323 D phoneserver: Rev TID [323]: mux=/dev/stty_lte1:OK
03-18 14:22:55.892   283   323 D phoneserver: Rev TID [323]: mux=/dev/stty_lte1:+EUICC: 0,2,1
03-18 14:22:55.892   283   323 D phoneserver: Rev TID [323]: mux=/dev/stty_lte1:OK
03-18 14:22:55.902   283   323 D phoneserver: Rev TID [323]: mux=/dev/stty_lte1:+CRSM: 144,0,FFFFFFFFFFFFFFFFFFFFFFFFFFFFFFFFFFFFFFFFFFFFFFFFFFFF
03-18 14:22:55.902   283   323 D phoneserver: Rev TID [323]: mux=/dev/stty_lte1:OK
03-18 14:22:55.903   283   323 D phoneserver: Rev TID [323]: mux=/dev/stty_lte1:+EUICC: 0,2,1
03-18 14:22:55.903   283   323 D phoneserver: Rev TID [323]: mux=/dev/stty_lte1:OK
03-18 14:22:55.913   283   323 D phoneserver: Rev TID [323]: mux=/dev/stty_lte1:+CRSM: 144,0,FFFFFFFFFFFFFFFFFFFFFFFFFFFFFFFFFFFFFFFFFFFFFFFFFFFF
03-18 14:22:55.914   283   323 D phoneserver: Rev TID [323]: mux=/dev/stty_lte1:OK
03-18 14:22:55.915   283   323 D phoneserver: Rev TID [323]: mux=/dev/stty_lte1:+EUICC: 0,2,1
03-18 14:22:55.915   283   323 D phoneserver: Rev TID [323]: mux=/dev/stty_lte1:OK
03-18 14:22:55.924   283   323 D phoneserver: Rev TID [323]: mux=/dev/stty_lte1:+CRSM: 144,0,FFFFFFFFFFFFFFFFFFFFFFFFFFFFFFFFFFFFFFFFFFFFFFFFFFFF
03-18 14:22:55.924   283   323 D phoneserver: Rev TID [323]: mux=/dev/stty_lte1:OK
03-18 14:22:55.925   283   323 D phoneserver: Rev TID [323]: mux=/dev/stty_lte1:+EUICC: 0,2,1
03-18 14:22:55.925   283   323 D phoneserver: Rev TID [323]: mux=/dev/stty_lte1:OK
03-18 14:22:55.935   283   323 D phoneserver: Rev TID [323]: mux=/dev/stty_lte1:+CRSM: 144,0,FFFFFFFFFFFFFFFFFFFFFFFFFFFFFFFFFFFFFFFFFFFFFFFFFFFF
03-18 14:22:55.935   283   323 D phoneserver: Rev TID [323]: mux=/dev/stty_lte1:OK
03-18 14:22:55.936   283   323 D phoneserver: Rev TID [323]: mux=/dev/stty_lte1:+EUICC: 0,2,1
03-18 14:22:55.936   283   323 D phoneserver: Rev TID [323]: mux=/dev/stty_lte1:OK
03-18 14:22:55.946   283   323 D phoneserver: Rev TID [323]: mux=/dev/stty_lte1:+CRSM: 144,0,FFFFFFFFFFFFFFFFFFFFFFFFFFFFFFFFFFFFFFFFFFFFFFFFFFFF
03-18 14:22:55.946   283   323 D phoneserver: Rev TID [323]: mux=/dev/stty_lte1:OK
03-18 14:22:55.947   283   323 D phoneserver: Rev TID [323]: mux=/dev/stty_lte1:+EUICC: 0,2,1
03-18 14:22:55.947   283   323 D phoneserver: Rev TID [323]: mux=/dev/stty_lte1:OK
03-18 14:22:55.957   283   323 D phoneserver: Rev TID [323]: mux=/dev/stty_lte1:+CRSM: 144,0,FFFFFFFFFFFFFFFFFFFFFFFFFFFFFFFFFFFFFFFFFFFFFFFFFFFF
03-18 14:22:55.957   283   323 D phoneserver: Rev TID [323]: mux=/dev/stty_lte1:OK
03-18 14:22:55.958   283   323 D phoneserver: Rev TID [323]: mux=/dev/stty_lte1:+EUICC: 0,2,1
03-18 14:22:55.958   283   323 D phoneserver: Rev TID [323]: mux=/dev/stty_lte1:OK
03-18 14:22:55.969   283   323 D phoneserver: Rev TID [323]: mux=/dev/stty_lte1:+CRSM: 144,0,FFFFFFFFFFFFFFFFFFFFFFFFFFFFFFFFFFFFFFFFFFFFFFFFFFFF
03-18 14:22:55.969   283   323 D phoneserver: Rev TID [323]: mux=/dev/stty_lte1:OK
03-18 14:22:55.970   283   323 D phoneserver: Rev TID [323]: mux=/dev/stty_lte1:+EUICC: 0,2,1
03-18 14:22:55.970   283   323 D phoneserver: Rev TID [323]: mux=/dev/stty_lte1:OK
03-18 14:22:55.981   283   323 D phoneserver: Rev TID [323]: mux=/dev/stty_lte1:+CRSM: 144,0,FFFFFFFFFFFFFFFFFFFFFFFFFFFFFFFFFFFFFFFFFFFFFFFFFFFF
03-18 14:22:55.981   283   323 D phoneserver: Rev TID [323]: mux=/dev/stty_lte1:OK
03-18 14:22:55.982   283   323 D phoneserver: Rev TID [323]: mux=/dev/stty_lte1:+EUICC: 0,2,1
03-18 14:22:55.982   283   323 D phoneserver: Rev TID [323]: mux=/dev/stty_lte1:OK
03-18 14:22:55.988  1398  1398 D FastDial: mContactsBroadcastReceiver Receive
03-18 14:22:55.989  1464  1753 D SimContactProxy: sendBroadcast to AppWidgetManager.ACTION_APPWIDGET_UPDATE
03-18 14:22:55.989  1464  1753 E SimContactProxy: SimContactProxy: done for content://icc/adn/subId/1
03-18 14:22:55.991  1464  1753 D FSA     : sImportingCounter=0
03-18 14:22:55.999  1398  1398 D FastDial: fastDialManager onChange: false
03-18 14:22:56.014  1464  1753 D FSA0    : setIsSyncable: Account {name=SIM1, type=sprd.com.android.account.usim} 1
03-18 14:22:56.132  2763  2763 W System  : ClassLoader referenced unknown path: /system/app/Music/lib/arm
03-18 14:22:56.140   283   351 D phoneserver: sim0 signal no update num=27
03-18 14:22:56.140   283   351 D phoneserver: sim1 signal no update num=27
03-18 14:22:56.227  1231  1353 I InputDispatcher: dispatchMotion down - deviceId=1, policyFlags=0x62000000, action=0x0, buttonState=0x0, xPrecision=1.002083, yPrecision=0.937939
03-18 14:22:56.287  1231  1354 D InputReader: processEventsLocked: type=0 Count=2 code=2 value=0 deviceId=1
03-18 14:22:56.287  1231  1353 I InputDispatcher: dispatchCycle MOTION UP, channel '546f6e4 com.android.settings/com.android.settings.Settings (server)'
03-18 14:22:56.287  1231  1353 I InputDispatcher: dispatchCycle MOTION UP, channel 'WindowManager (server)'
03-18 14:22:56.289  1231  1353 I InputDispatcher: MOTION UP Finished Window 'Window{546f6e4 u0 com.android.settings/com.android.settings.Settings}' the last input event: MotionEvent(deviceId=1, source=0x00001002, action=1, actionButton=0x00000000, flags=0x00000000, metaState=0x00000000, buttonState=0x00000000, edgeFlags=0x00000000, xPrecision=1.0, yPrecision=0.9, displayId=0, pointers=[0: (319.3, 253.7)]), policyFlags=0x62000000
03-18 14:22:56.392  1231  1772 D IntentHooks: hookIntentIfNeeded() intent: Intent { act=android.intent.action.MAIN cmp=com.android.settings/.SubSettings (has extras) }
03-18 14:22:56.397   265  1326 W audio_hw_primary: [out_set_parameters], kvpairs=routing=2 devices:0x2 mode:0 
03-18 14:22:56.397   265  1326 W audio_hw_primary: the same devices(0x2) with val(0x2) val is zero...
03-18 14:22:56.397   265   265 I APM::AudioPolicyManager: checkAndSetVolume() stream FM return 10
03-18 14:22:56.397   265   265 D AudioPolicyManagerSPRD new: startOutput() isVoipSet 0,stream 1,
03-18 14:22:56.397  1231  2757 D DhcpClient: Received packet: 40:45:da:6c:fa:f2 OFFER, ip /192.168.0.100, mask /255.255.255.0, DNS servers: /8.8.8.8 , gateway /192.168.0.1 lease time 86077, domain null
03-18 14:22:56.398  1231  2756 D DhcpClient: Got pending lease: IP address 192.168.0.100/24 Gateway 192.168.0.1  DNS servers: [ 8.8.8.8 ] Domains DHCP server /192.168.0.1 Vendor info null lease 86077 seconds
03-18 14:22:56.398  1231  2756 D AlarmManagerService: set alarm to RTC: 72.980000000
03-18 14:22:56.407  1231  2756 D AlarmManagerService: set alarm to RTC: 55.866000000
03-18 14:22:56.408  1231  2756 D DhcpClient: Broadcasting DHCPREQUEST ciaddr=0.0.0.0 request=192.168.0.100 to=192.168.0.1
03-18 14:22:56.409  1231  2756 D AlarmManagerService: set alarm to RTC: 42.876000000
03-18 14:22:56.489   264   504 E         : drm_ntp:connecting to ntp server
03-18 14:22:56.489   264   504 E         : drm_ntp: CreateNtpClientSockfd sockfd=10
03-18 14:22:56.498   264   504 E         : drm_ntp: get hostname 0.kr.pool.ntp.org address info failed! No address associated with hostname
03-18 14:22:56.498   264   504 E         : drm_ntp: sleep 2s and reconnect...
03-18 14:22:56.539  1646  1646 D SubSettings: Launching fragment com.android.settings.wifi.WifiSettings
03-18 14:22:56.630   265  1316 D AudioPolicyManagerSPRD new: stopOutput() isVoipSet 0,stream 1,output size 1
03-18 14:22:56.630   265  1316 I APM::AudioPolicyManager: checkAndSetVolume() stream FM return 10
03-18 14:22:56.640  2776  2776 D AddonManager: -> manageFeatureList: The Plugin of <com.android.gallery3d> is <PackageInfo{197c6b0 com.sprd.drmgalleryplugin}> .
03-18 14:22:56.640  2776  2776 D AddonManager: -> manageFeatureList: The Plugin of <com.android.gallery3d> is <PackageInfo{8496929 com.sprd.drmvideoplugin}> .
03-18 14:22:56.641  2776  2776 D AddonManager: -> getAddon: featureClassName:com.sprd.drmgalleryplugin.app.AddonGalleryAppImpl
03-18 14:22:56.642  2776  2776 I AddonManager: -> getAddon,The classloader of defClazz is dalvik.system.PathClassLoader[DexPathList[[zip file "/system/app/Gallery2/Gallery2.apk"],nativeLibraryDirectories=[/system/app/Gallery2/lib/arm, /system/app/Gallery2/Gallery2.apk!/lib/armeabi-v7a, /vendor/lib, /system/lib]]]
03-18 14:22:56.649  2776  2776 D AddonManager: ->getAddon, createAddon pkg: PackageInfo{197c6b0 com.sprd.drmgalleryplugin}, clazz: class com.sprd.drmgalleryplugin.app.AddonGalleryAppImpl, classloader:dalvik.system.PathClassLoader[DexPathList[[zip file "/system/app/GalleryDrm/GalleryDrm.apk"],nativeLibraryDirectories=[/vendor/lib, /system/lib]]]
03-18 14:22:56.656  2776  2776 D AddonManager: ->createAddon, wantedClass <class com.sprd.drmgalleryplugin.app.AddonGalleryAppImpl>, pluginContext: android.app.ContextImpl@40274ae
03-18 14:22:56.662  1646  1646 D AddonManager: -> manageFeatureList: The Plugin of <com.android.settings> is <PackageInfo{da16f81 plugin.sprd.supportapnsettings}> .
03-18 14:22:56.663  1646  1646 D AddonManager: -> getAddon: featureClassName:plugin.sprd.supportcmcc.SprdWifiSettingsAddon
03-18 14:22:56.663  1646  1646 I AddonManager: -> getAddon,The classloader of defClazz is dalvik.system.PathClassLoader[DexPathList[[zip file "/system/priv-app/Settings/Settings.apk"],nativeLibraryDirectories=[/system/priv-app/Settings/lib/arm, /system/priv-app/Settings/Settings.apk!/lib/armeabi-v7a, /vendor/lib, /system/lib]]]
03-18 14:22:56.663  1646  1646 D AddonManager: ->getAddon: Create feature <plugin.sprd.supportcmcc.SprdWifiSettingsAddon> object Failed, AddonManager will return <class com.android.settings.wifi.SprdWifiSettingsAddonStub> object.
03-18 14:22:56.707  1231  2757 D DhcpClient: Received packet: 40:45:da:6c:fa:f2 ACK: your new IP /192.168.0.100, netmask /255.255.255.0, gateway /192.168.0.1 DNS servers: /8.8.8.8 , lease time 86400
03-18 14:22:56.708  1231  2756 D DhcpClient: Confirmed lease: IP address 192.168.0.100/24 Gateway 192.168.0.1  DNS servers: [ 8.8.8.8 ] Domains DHCP server /192.168.0.1 Vendor info null lease 86400 seconds
03-18 14:22:56.708  1231  2756 D AlarmManagerService: set alarm to RTC: 55.866000000
03-18 14:22:56.709  1231  2756 D AlarmManagerService: set alarm to RTC: 72.980000000
03-18 14:22:56.709   256  1305 D CommandListener: Setting iface cfg
03-18 14:22:56.712  1231  1363 D IpReachabilityMonitor: watch: iface{wlan0/10}, v{2}, ntable=[]
03-18 14:22:56.713  1231  1365 D WifiNetworkMonitor: EVENT_WIFI_NETWORK_LINKPROPERTY_CHANGED
03-18 14:22:56.718  1231  2756 D DhcpClient: Configured IP address 192.168.0.100/24
03-18 14:22:56.721  1979  1979 D wpa_supplicant: wlan0: Control interface command 'SET ps 1'
03-18 14:22:56.721  1979  1979 D wpa_supplicant: CTRL_IFACE SET 'ps'='1'
03-18 14:22:56.722  1979  1979 D wpa_supplicant: nl80211: set_p2p_powersave (legacy_ps=1 opp_ps=-1 ctwindow=-1)
03-18 14:22:56.723  1979  1979 D wpa_supplicant: wlan0: Control interface command 'DRIVER BTCOEXMODE 2'
03-18 14:22:56.723  1979  1979 D wpa_supplicant: wpa_driver_nl80211_driver_cmd: Driver cmd: BTCOEXMODE 2
03-18 14:22:56.724  1231  1363 D IpReachabilityMonitor: watch: iface{wlan0/10}, v{3}, ntable=[192.168.0.1/NUD_NONE]
03-18 14:22:56.724  1231  1365 D WifiNetworkMonitor: EVENT_WIFI_NETWORK_LINKPROPERTY_CHANGED
03-18 14:22:56.725  1231  1363 D WifiConfigStore: No blacklist allowed without epno enabled
03-18 14:22:56.741  1231  2756 D AlarmManagerService: set alarm to RTC: 43238.181000000
03-18 14:22:56.741  1231  2756 D DhcpClient: Scheduling renewal in 43199s
03-18 14:22:56.754  1231  1365 D WifiNetworkMonitor: EVENT_WIFI_NETWORK_CONNECTED
03-18 14:22:56.755  1231  1365 E WifiNetworkMonitor: null Network for TYPE_WIFI!!!
03-18 14:22:56.755  1231  1365 E WifiNetworkMonitor: null Network for TYPE_WIFI!!!
03-18 14:22:56.756  1231  1363 E WifiStateMachine: Did not find remoteAddress {192.168.0.1} in /proc/net/arp
03-18 14:22:56.764  2792  2792 D DHCP6S  : # : extracted an existing DUID from /data/misc/dhcp6c/dhcp6c_duid: 00:01:00:01:16:92:5f:86:40:45:da:6c:fa:f3
03-18 14:22:56.755  2792  2792 W dhcp6c  : type=1400 audit(0.0:1324): avc: denied { net_bind_service } for capability=10 scontext=u:r:init:s0 tcontext=u:r:init:s0 tclass=capability permissive=0
03-18 14:22:56.764  2792  2792 D DHCP6S  : extracted an existing DUID from /data/misc/dhcp6c/dhcp6c_duid: 00:01:00:01:16:92:5f:86:40:45:da:6c:fa:f3
03-18 14:22:56.764  2792  2792 E DHCP6S  : dhcp6_ctl_authinit: m
03-18 14:22:56.764  2792  2792 E DHCP6S  : # : failed to open /dhcp6cctlkey: No such file or directory
03-18 14:22:56.764  2792  2792 E DHCP6S  : failed to open /dhcp6cctlkey: No such file or directory
03-18 14:22:56.764  2792  2792 W DHCP6S  : # : failed initialize control message authentication
03-18 14:22:56.764  2792  2792 W DHCP6S  : failed initialize control message authentication
03-18 14:22:56.765  2792  2792 E DHCP6S  : # : bind: Permission denied
03-18 14:22:56.765  2792  2792 E DHCP6S  : bind: Permission denied
03-18 14:22:56.772  1441  2030 D NetworkController.MobileSignalController(1): getLabel[0]: Jio 4G color = -1
03-18 14:22:56.782  1441  2030 D PhoneStatusBar: label = 
03-18 14:22:56.822  1979  1979 D wpa_supplicant: wlan0: Control interface command 'ENABLE_NETWORK 1'
03-18 14:22:56.822  1979  1979 D wpa_supplicant: CTRL_IFACE: ENABLE_NETWORK id=1
03-18 14:22:56.823  1979  1979 D wpa_supplicant: wlan0: Control interface command 'SAVE_CONFIG'
03-18 14:22:56.823  1979  1979 D wpa_supplicant: Writing configuration file '/data/misc/wifi/wpa_supplicant.conf.tmp'
03-18 14:22:56.835  1979  1979 D wpa_supplicant: Configuration file '/data/misc/wifi/wpa_supplicant.conf' written successfully
03-18 14:22:56.835  1979  1979 D wpa_supplicant: CTRL_IFACE: SAVE_CONFIG - Configuration updated
03-18 14:22:56.866  1231  2755 D NetlinkSocketObserver: NeighborEvent{elapsedMs=38330, 192.168.0.1, [C83A3514CB98], RTM_NEWNEIGH, NUD_REACHABLE}
03-18 14:22:56.914  1979  1979 D wpa_supplicant: wlan0: Control interface command 'SCAN TYPE=ONLY'
03-18 14:22:56.914  1979  1979 D wpa_supplicant: wlan0: Setting scan request: 0.000000 sec
03-18 14:22:56.914  1979  1979 D wpa_supplicant: wlan0: Starting AP scan for wildcard SSID
03-18 14:22:56.914  1979  1979 D wpa_supplicant: wlan0: Add radio work 'scan'@0xb69d90f0
03-18 14:22:56.914  1979  1979 D wpa_supplicant: wlan0: First radio work item in the queue - schedule start immediately
03-18 14:22:56.914  1979  1979 D wpa_supplicant: wlan0: Starting radio work 'scan'@0xb69d90f0 after 0.000092 second wait
03-18 14:22:56.914  1979  1979 D wpa_supplicant: wlan0: nl80211: scan request
03-18 14:22:56.914  1979  1979 D wpa_supplicant: nl80211: Scan SSID - hexdump(len=0): [NULL]
03-18 14:22:56.914  1979  1979 D wpa_supplicant: nl80211: Scan extra IEs - hexdump(len=6): 7f 04 00 00 0a 02
03-18 14:22:56.933  1646  2808 D Index   : Deleting data for locale 'zh_CN' took 23 millis
03-18 14:22:56.971  1231  1308 I ActivityManager: Displayed com.android.settings/.SubSettings: +554ms
03-18 14:22:57.003   210   210 D gralloc.sc8830: fb_post fps = 17.972301
03-18 14:22:57.005  1398  2815 D FastDial: mContactId: null      null      null     2
03-18 14:22:57.005  1398  2815 D FastDial: mContactId: null      null      null     3
03-18 14:22:57.005  1398  2815 D FastDial: mContactId: null      null      null     4
03-18 14:22:57.006  1398  2815 D FastDial: mContactId: null      null      null     5
03-18 14:22:57.013  1398  2815 D FastDial: mContactId: null      null      null     6
03-18 14:22:57.013  1398  2815 D FastDial: mContactId: null      null      null     7
03-18 14:22:57.013  1398  2815 D FastDial: mContactId: null      null      null     8
03-18 14:22:57.013  1398  2815 D FastDial: mContactId: null      null      null     9
03-18 14:22:57.050  1646  2808 D Index   : Indexing locale 'zh_CN' took 117 millis
03-18 14:22:57.052  1646  1829 D OpenGLRenderer: endAllActiveAnimators on 0xa29b1580 (RippleDrawable) with handle 0xb4d29810
03-18 14:22:57.083  1646  2816 D Index   : Deleting data for locale 'zh_CN' took 2 millis
03-18 14:22:57.097  1646  2816 D Index   : Indexing locale 'zh_CN' took 14 millis
03-18 14:22:57.140   283   351 D phoneserver: sim0 signal no update num=27
03-18 14:22:57.141   283   351 D phoneserver: sim1 signal no update num=27
03-18 14:22:57.508  1979  1979 D wpa_supplicant: Scan requested (ret=0) - scan timeout 30 seconds
03-18 14:22:57.508  1979  1979 D wpa_supplicant: EAPOL: startWhen --> 0
03-18 14:22:57.508  1979  1979 D wpa_supplicant: EAPOL: disable timer tick
03-18 14:22:57.508  1979  1979 D wpa_supplicant: nl80211: Event message available
03-18 14:22:57.508  1979  1979 D wpa_supplicant: nl80211: Ignored event (cmd=33) for foreign interface (ifindex 10 wdev 0x0)
03-18 14:22:57.509  1979  1979 D wpa_supplicant: nl80211: Drv Event 33 (NL80211_CMD_TRIGGER_SCAN) received for wlan0
03-18 14:22:57.509  1979  1979 D wpa_supplicant: wlan0: nl80211: Scan trigger
03-18 14:22:57.509  1979  1979 D wpa_supplicant: wlan0: Event SCAN_STARTED (47) received
03-18 14:22:57.509  1979  1979 D wpa_supplicant: wlan0: Own scan request started a scan in 0.000275 seconds
03-18 14:22:57.509  1979  1979 D wpa_supplicant: CTRL_IFACE monitor sent successfully to /data/misc/wifi/sockets/wpa_ctrl_1231-2\x00
03-18 14:22:57.518  1441  2117 D ConnectivityManager.CallbackHandler: CM callback handler got msg 524290
03-18 14:22:57.522  1231  1307 D Tethering: MasterInitialState.processMessage what=3
03-18 14:22:57.524  2263  2263 D LEMON   : 14:22:57.524 MtcCliHelper: INFO: ConnectivityChangeReceiver onReceive
03-18 14:22:57.524  2263  2263 D MtcCliHelper: ConnectivityChangeReceiver onReceive
03-18 14:22:57.526  1441  2117 D ConnectivityManager.CallbackHandler: CM callback handler got msg 524289
03-18 14:22:57.537  2263  2263 D LEMON   : 14:22:57.537 MtcCliHelper: INFO: getActiveNet, NetworkInfo: [type: WIFI[], state: CONNECTED/CONNECTED, reason: (unspecified), extra: "VoWiFi", roaming: false, failover: false, isAvailable: true]
03-18 14:22:57.538  2263  2263 D MtcCliHelper: getActiveNet, NetworkInfo: [type: WIFI[], state: CONNECTED/CONNECTED, reason: (unspecified), extra: "VoWiFi", roaming: false, failover: false, isAvailable: true]
03-18 14:22:57.538  2263  2263 D LEMON   : 14:22:57.538 MtcCliHelper: INFO: getActiveNet, net: 256
03-18 14:22:57.538  2263  2263 D MtcCliHelper: getActiveNet, net: 256
03-18 14:22:57.538  2263  2263 D LEMON   : 14:22:57.538 MtcCliHelper: INFO: ConnectivityChangeReceiver net change from 0 to 256
03-18 14:22:57.538  2263  2263 D MtcCliHelper: ConnectivityChangeReceiver net change from 0 to 256
03-18 14:22:57.538  2263  2263 D LEMON   : 14:22:57.538 MtcCliHelper: INFO: netChanged
03-18 14:22:57.538  2263  2263 D MtcCliHelper: netChanged
03-18 14:22:57.540  2263  2263 D LEMON   : 14:22:57.540 MtcCliHelper: INFO: getActiveNet, NetworkInfo: [type: WIFI[], state: CONNECTED/CONNECTED, reason: (unspecified), extra: "VoWiFi", roaming: false, failover: false, isAvailable: true]
03-18 14:22:57.540  2263  2263 D MtcCliHelper: getActiveNet, NetworkInfo: [type: WIFI[], state: CONNECTED/CONNECTED, reason: (unspecified), extra: "VoWiFi", roaming: false, failover: false, isAvailable: true]
03-18 14:22:57.540  2263  2263 D LEMON   : 14:22:57.540 MtcCliHelper: INFO: getActiveNet, net: 256
03-18 14:22:57.540  2263  2263 D MtcCliHelper: getActiveNet, net: 256
03-18 14:22:57.540  2263  2263 D LEMON   : 14:22:57.540 MtcCliHelper: INFO: update net old sNet= 0 new sNet= 256
03-18 14:22:57.540  2263  2263 D MtcCliHelper: update net old sNet= 0 new sNet= 256
03-18 14:22:57.567  1441  2030 D NetworkController.MobileSignalController(1): getLabel[0]: Jio 4G color = -1
03-18 14:22:57.574  1441  2030 D PhoneStatusBar: label = 
03-18 14:22:57.580  2263  2263 D AccessibilityManager: getInstance() new sInstance = android.view.accessibility.AccessibilityManager@129db55, context = com.juphoon.vowifi.ui.RcsApp@dde872d, userId = 0
03-18 14:22:57.588  2263  2263 D LEMON   : 14:22:57.587 RcsRegister: INFO: logout
03-18 14:22:57.588  2263  2263 D RcsRegister: logout
03-18 14:22:57.592  2263  2263 D LEMON   : 14:22:57.592 RcsNetwork: INFO: notifyNetChanged previousNet=0sNet=256
03-18 14:22:57.592  2263  2263 D RcsNetwork: notifyNetChanged previousNet=0sNet=256
03-18 14:22:57.594  1398  1933 D PhoneInterfaceManager: [PhoneIntfMgr] getDataEnabled: subId=1 phoneId=0
03-18 14:22:57.595  1398  1933 D PhoneInterfaceManager: [PhoneIntfMgr] getDataEnabled: subId=1 retVal=true
03-18 14:22:57.595  1231  1283 D TelephonyManager: getDataEnabled: retVal=true
03-18 14:22:57.608  1979  1979 D wpa_supplicant: nl80211: Event message available
03-18 14:22:57.608  1979  1979 D wpa_supplicant: nl80211: Ignored event (cmd=34) for foreign interface (ifindex 10 wdev 0x0)
03-18 14:22:57.608  1979  1979 D wpa_supplicant: nl80211: Drv Event 34 (NL80211_CMD_NEW_SCAN_RESULTS) received for wlan0
03-18 14:22:57.608  1979  1979 D wpa_supplicant: wlan0: nl80211: New scan results available
03-18 14:22:57.608  1979  1979 D wpa_supplicant: nl80211: Scan probed for SSID ''
03-18 14:22:57.608  1979  1979 D wpa_supplicant: nl80211: Scan included frequencies: 2412 2417 2422 2427 2432 2437 2442 2447 2452 2457 2462 2467 2472 2484
03-18 14:22:57.608  1979  1979 D wpa_supplicant: wlan0: Event SCAN_RESULTS (3) received
03-18 14:22:57.608  1979  1979 D wpa_supplicant: wlan0: Scan completed in 0.099396 seconds
03-18 14:22:57.608  1979  1979 D wpa_supplicant: nl80211: Associated on 2437 MHz
03-18 14:22:57.608  1979  1979 D wpa_supplicant: nl80211: Associated with c8:3a:35:14:cb:98
03-18 14:22:57.608  1979  1979 D wpa_supplicant: nl80211: Received scan results (13 BSSes)
03-18 14:22:57.609  1979  1979 D wpa_supplicant: nl80211: Scan results indicate BSS status with c8:3a:35:14:cb:98 as associated
03-18 14:22:57.609  1979  1979 D wpa_supplicant: wlan0: BSS: Start scan result update 2
03-18 14:22:57.609  1979  1979 D wpa_supplicant: wlan0: BSS: Add new id 3 BSSID ec:26:ca:49:80:21 SSID 'DAPS_vowifi'
03-18 14:22:57.609  1979  1979 D wpa_supplicant: CTRL_IFACE monitor sent successfully to /data/misc/wifi/sockets/wpa_ctrl_1231-2\x00
03-18 14:22:57.609  1979  1979 D wpa_supplicant: wlan0: BSS: Add new id 4 BSSID 54:78:1a:a0:17:e3 SSID 'SPRD_wireless'
03-18 14:22:57.609  1979  1979 D wpa_supplicant: CTRL_IFACE monitor sent successfully to /data/misc/wifi/sockets/wpa_ctrl_1231-2\x00
03-18 14:22:57.609  1979  1979 D wpa_supplicant: wlan0: BSS: Add new id 5 BSSID 54:78:1a:a0:17:e5 SSID 'FT_PS'
03-18 14:22:57.609  1979  1979 D wpa_supplicant: CTRL_IFACE monitor sent successfully to /data/misc/wifi/sockets/wpa_ctrl_1231-2\x00
03-18 14:22:57.609  1979  1979 D wpa_supplicant: wlan0: BSS: Add new id 6 BSSID a8:57:4e:32:64:16 SSID 'bc2014'
03-18 14:22:57.609  1979  1979 D wpa_supplicant: CTRL_IFACE monitor sent successfully to /data/misc/wifi/sockets/wpa_ctrl_1231-2\x00
03-18 14:22:57.609  1979  1979 D wpa_supplicant: wlan0: BSS: Add new id 7 BSSID 70:10:5c:f8:30:73 SSID 'SPRD_wireless'
03-18 14:22:57.609  1979  1979 D wpa_supplicant: CTRL_IFACE monitor sent successfully to /data/misc/wifi/sockets/wpa_ctrl_1231-2\x00
03-18 14:22:57.610  1979  1979 D wpa_supplicant: wlan0: BSS: Add new id 8 BSSID 84:78:ac:a0:e3:a3 SSID 'SPRD_wireless'
03-18 14:22:57.610  1979  1979 D wpa_supplicant: CTRL_IFACE monitor sent successfully to /data/misc/wifi/sockets/wpa_ctrl_1231-2\x00
03-18 14:22:57.610  1979  1979 D wpa_supplicant: wlan0: BSS: Add new id 9 BSSID 70:10:5c:f8:32:93 SSID 'SPRD_wireless'
03-18 14:22:57.610  1979  1979 D wpa_supplicant: CTRL_IFACE monitor sent successfully to /data/misc/wifi/sockets/wpa_ctrl_1231-2\x00
03-18 14:22:57.610  1979  1979 D wpa_supplicant: wlan0: BSS: Add new id 10 BSSID 54:78:1a:a0:17:e2 SSID 'SPRD_visitor'
03-18 14:22:57.610  1979  1979 D wpa_supplicant: CTRL_IFACE monitor sent successfully to /data/misc/wifi/sockets/wpa_ctrl_1231-2\x00
03-18 14:22:57.610  1979  1979 D wpa_supplicant: wlan0: BSS: Add new id 11 BSSID 70:10:5c:f8:30:72 SSID 'SPRD_visitor'
03-18 14:22:57.610  1979  1979 D wpa_supplicant: CTRL_IFACE monitor sent successfully to /data/misc/wifi/sockets/wpa_ctrl_1231-2\x00
03-18 14:22:57.610  1979  1979 D wpa_supplicant: wlan0: BSS: Add new id 12 BSSID 84:78:ac:a0:e3:a2 SSID 'SPRD_visitor'
03-18 14:22:57.610  1979  1979 D wpa_supplicant: CTRL_IFACE monitor sent successfully to /data/misc/wifi/sockets/wpa_ctrl_1231-2\x00
03-18 14:22:57.610  1979  1979 D wpa_supplicant: BSS: last_scan_res_used=13/32
03-18 14:22:57.610  1979  1979 D wpa_supplicant: wlan0: Scan-only results received
03-18 14:22:57.610  1979  1979 D wpa_supplicant: CTRL_IFACE monitor sent successfully to /data/misc/wifi/sockets/wpa_ctrl_1231-2\x00
03-18 14:22:57.610  1979  1979 D wpa_supplicant: wlan0: Radio work 'scan'@0xb69d90f0 done in 0.696075 seconds
03-18 14:22:57.614  1979  1979 D wpa_supplicant: wlan0: Control interface command 'BSS RANGE=0- MASK=0x29d87'
03-18 14:22:57.616  1979  1979 D wpa_supplicant: wlan0: Control interface command 'BSS RANGE=7- MASK=0x29d87'
03-18 14:22:57.619  1231  1363 D HS20    : Caught java.lang.IllegalArgumentException: Element length 138 exceeds payload length 2 @ 156
03-18 14:22:57.620  1231  1363 D HS20    : Caught java.lang.IllegalArgumentException: Element length 205 exceeds payload length 2 @ 54
03-18 14:22:57.620  1231  1363 D HS20    : Caught java.lang.IllegalArgumentException: Element length 91 exceeds payload length 2 @ 264
03-18 14:22:57.621  1231  1363 D HS20    : Caught java.lang.IllegalArgumentException: Element length 102 exceeds payload length 2 @ 214
03-18 14:22:57.621  1231  1363 D HS20    : Caught java.lang.IllegalArgumentException: Element length 154 exceeds payload length 2 @ 235
03-18 14:22:57.621  1231  1363 D HS20    : Caught java.lang.IllegalArgumentException: Element length 172 exceeds payload length 2 @ 254
03-18 14:22:57.622  1231  1363 D HS20    : Caught java.lang.IllegalArgumentException: Element length 106 exceeds payload length 2 @ 307
03-18 14:22:57.622  1231  1363 D HS20    : Caught java.lang.IllegalArgumentException: Element length 7 exceeds payload length 2 @ 248
03-18 14:22:57.623  1231  1363 D HS20    : Caught java.lang.IllegalArgumentException: Element length 229 exceeds payload length 2 @ 235
03-18 14:22:57.623  1231  1363 D HS20    : Caught java.lang.IllegalArgumentException: Element length 173 exceeds payload length 2 @ 235
03-18 14:22:57.624  1231  1363 D HS20    : Caught java.lang.IllegalArgumentException: Element length 151 exceeds payload length 2 @ 208
03-18 14:22:57.624  1231  1363 D HS20    : Caught java.lang.IllegalArgumentException: Element length 193 exceeds payload length 2 @ 208
03-18 14:22:57.624  1231  1363 D HS20    : Caught java.lang.IllegalArgumentException: Element length 36 exceeds payload length 2 @ 208
03-18 14:22:57.627  1979  1979 D wpa_supplicant: wlan0: Control interface command 'STATUS-NO_EVENTS'
03-18 14:22:57.627  1979  1979 D wpa_supplicant: EAPOL: EAP Session-Id not available
03-18 14:22:57.652  1231  1283 E GpsLocationProvider: No APN found to select.
03-18 14:22:57.652  2263  2833 D OpenGLRenderer: Use EGL_SWAP_BEHAVIOR_PRESERVED: false
03-18 14:22:57.661  1231  1283 D LIBGPS  : agps update network state,connected=1,type=1,roaming=0, exter:"VoWiFi"
03-18 14:22:57.665  1231  1283 D LCS_UP  : enter RXN_psStatus
03-18 14:22:57.665  1231  1283 D LCS_UP  : enter supl_RXN_psStatus, psIsConnected=1
03-18 14:22:57.665  1231  1283 D LCS_UP  : supl_RXN_psStatus: No buffer, it cann't set PS status.
03-18 14:22:57.665  1231  1283 D LIBGPS  : agps switch is close,so network status will be close too
03-18 14:22:57.665  1231  1283 E LIBGPS  : assist_ril_update,avaiable=1,apn=dummy-apn
03-18 14:22:57.669  2820  2820 W System  : ClassLoader referenced unknown path: /system/priv-app/DownloadProvider/lib/arm
03-18 14:22:57.698  2820  2820 W System  : ClassLoader referenced unknown path: /system/priv-app/MediaProvider/lib/arm
03-18 14:22:57.726  2820  2820 D Environment: internalIsEmulated : true
03-18 14:22:57.734  2263  2833 I OpenGLRenderer: Initialized EGL, version 1.4
03-18 14:22:57.757  1231  1365 D WifiNetworkMonitor: EVENT_WIFI_NETWORK_REEVALUATE
03-18 14:22:57.765  1441  1441 D NetworkController.MobileSignalController(1): getLabel[0]: Jio 4G color = -1
03-18 14:22:57.767  1441  1441 D PhoneStatusBar: label = 
03-18 14:22:57.808  2820  2820 D MediaProvider: ensureDefaultFolders:externalStoragePaths=[/storage/emulated/0, /storage/72AD-2013]mPathType=4
03-18 14:22:57.947  1231  2028 D AlarmManagerService: Setting time of day to sec=1458282177
03-18 14:22:57.911  1231  2834 D GpsLocationProvider: NTP server returned: 1458282177915 (Fri Mar 18 14:22:57 GMT+08:00 2016) reference: 39422 certainty: 39 system time offset: 5
03-18 14:22:57.911  1231  2834 D LIBGPS  : gps_inject_time ,time:1458282177915,timeref= 39422, uncert =39 
03-18 14:22:57.917  2847  2847 W System  : ClassLoader referenced unknown path: /system/app/SystemUpdate/lib/arm
03-18 14:22:57.924  2847  2847 I SystemUpdate--PushReceiver: onReceive:android.net.conn.CONNECTIVITY_CHANGE
03-18 14:22:57.927  1231  1365 D WifiNetworkMonitor: Checking http://connectivitycheck.gstatic.com/generate_204 on 100, connectivitycheck.gstatic.com=173.194.72.101
03-18 14:22:57.930  2847  2847 I SystemUpdate--PushReceiver: info:[type: WIFI[], state: CONNECTED/CONNECTED, reason: (unspecified), extra: "VoWiFi", roaming: false, failover: false, isAvailable: true]
03-18 14:22:57.930  2847  2847 I SystemUpdate--PushReceiver: push up
03-18 14:22:57.961   210   210 D gralloc.sc8830: fb_post fps = 20.957787
03-18 14:22:58.039  1231  1348 D AlarmManagerService: set alarm to RTC: 1819.458000000
03-18 14:22:58.040  1231  1348 D AlarmManagerService: set alarm to RTC: 44.551000000
03-18 14:22:58.047  1441  1441 D KeyguardUpdateMonitor: received broadcast android.intent.action.TIME_SET
03-18 14:22:58.047  1441  1441 D KeyguardUpdateMonitor: handleTimeUpdate
03-18 14:22:58.056  1231  1252 D AlarmManagerService: set alarm to RTC: 44.564000000
03-18 14:22:58.062   215   470 D WCND    : is_cp2_alive_ok: open polling interface: /proc/mdbg/loopcheck, fd = 13
03-18 14:22:58.096   283   351 D phoneserver: sim0 signal no update num=27
03-18 14:22:58.096   283   351 D phoneserver: sim1 signal no update num=27
03-18 14:22:58.163   215   470 D WCND    : is_cp2_alive_ok: loop: /proc/mdbg/loopcheck is OK
03-18 14:22:58.176  1231  1365 D WifiNetworkMonitor: isValidated: ret=204 headers={null=[HTTP/1.1 204 No Content], Content-Length=[0], Date=[Fri, 18 Mar 2016 06:22:58 GMT], X-Android-Received-Millis=[1458282178175], X-Android-Response-Source=[NETWORK 204], X-Android-Selected-Protocol=[http/1.1], X-Android-Sent-Millis=[1458282178027]}
03-18 14:22:58.176  1231  1365 D WifiNetworkMonitor: Validated!!!
03-18 14:22:58.176  1231  1365 E WifiNetworkMonitor: Not any Obervers!!!
03-18 14:22:58.187  1231  1354 D InputReader: VirtualKeys: Generating key down: keyCode=4, scanCode=158
03-18 14:22:58.188  1231  1353 I InputDispatcher: dispatchKey down - deviceId=1, policyFlags=0x62000002, action=0x0, keyCode=0x4, scanCode=0x9e, repeatCount=0
03-18 14:22:58.188  1231  1353 D LIGHTS  : file:vendor/sprd/open-source/libs/liblights/lights.c, func:set_light_buttons, on=16777215
03-18 14:22:58.188  1231  1353 E LIGHTS  : file:vendor/sprd/open-source/libs/liblights/lights.c, func:write_int, path=/sys/class/leds/keyboard-backlight/brightness, value=255
03-18 14:22:58.189  1231  1353 E LIGHTS  : file:vendor/sprd/open-source/libs/liblights/lights.c, func:write_int, failed to open /sys/class/leds/keyboard-backlight/brightness,fd = -1
03-18 14:22:58.189  1231  1353 I InputDispatcher: dispatchCycle KEY DOWN, channel '12de61a com.android.settings/com.android.settings.SubSettings (server)'
03-18 14:22:58.189  1231  1353 I InputDispatcher: dispatchCycle KEY DOWN, channel 'WindowManager (server)'
03-18 14:22:58.190  1231  1353 I InputDispatcher: KEY DOWN Finished Window 'Window{12de61a u0 com.android.settings/com.android.settings.SubSettings}' the last input event: KeyEvent(deviceId=1, source=0x00000101, action=0, flags=0x00000048, keyCode=4, scanCode=158, metaState=0x00000000, repeatCount=0), policyFlags=0x62000002
03-18 14:22:58.243  1231  1354 D InputReader: processEventsLocked: type=0 Count=2 code=2 value=0 deviceId=1
03-18 14:22:58.243  1231  1354 D InputReader: VirtualKeys: Generating key up: keyCode=4, scanCode=158
03-18 14:22:58.290  1646  1646 D Settings: sensorhub fileIsExists
03-18 14:22:58.292  1646  1646 D Settings: sensorhub fileIsExists false
03-18 14:22:58.354  1646  1646 D DashboardSummary: rebuildUI took: 71 ms
03-18 14:22:58.454   264   504 E         : drm_ntp:connecting to ntp server
03-18 14:22:58.454   264   504 E         : drm_ntp: CreateNtpClientSockfd sockfd=10
03-18 14:22:58.484  1979  1979 D wpa_supplicant: wlan0: Control interface command 'SIGNAL_POLL'
03-18 14:22:58.485  1231  1365 D WifiNetworkMonitor: EVENT_WIFI_RSSI_CHANGED
03-18 14:22:58.485  1231  1365 E WifiNetworkMonitor: Not any Obervers!!!
03-18 14:22:58.693  1646  1646 D ListView: mHeaderViewInfos.size() = 0 mFooterViewInfos.size()0
03-18 14:22:59.097   283   351 D phoneserver: sim0 signal no update num=27
03-18 14:22:59.097   283   351 D phoneserver: sim1 signal no update num=27
03-18 14:22:59.330   210   210 D gralloc.sc8830: fb_post fps = 33.593224
03-18 14:22:59.460   265  1326 W audio_hw_primary: do_output_standby.mode:0 
03-18 14:22:59.640  1231  1353 W InputDispatcher: channel '5c8afbe Toast (server)' ~ Consumer closed input channel or an error occurred.  events=0x9
03-18 14:22:59.640  1231  1353 E InputDispatcher: channel '5c8afbe Toast (server)' ~ Channel is unrecoverably broken and will be disposed!
03-18 14:22:59.641  1231  2131 D GraphicsStats: Buffer count: 4
03-18 14:22:59.641  1231  1617 W InputDispatcher: Attempted to unregister already unregistered input channel '5c8afbe Toast (server)'
03-18 14:22:59.744  1231  1310 D LIGHTS  : file:vendor/sprd/open-source/libs/liblights/lights.c, func:set_light_buttons, on=0
03-18 14:22:59.744  1231  1310 E LIGHTS  : file:vendor/sprd/open-source/libs/liblights/lights.c, func:write_int, path=/sys/class/leds/keyboard-backlight/brightness, value=0
03-18 14:22:59.744  1231  1310 E LIGHTS  : file:vendor/sprd/open-source/libs/liblights/lights.c, func:write_int, failed to open /sys/class/leds/keyboard-backlight/brightness,fd = -1
03-18 14:23:00.097   283   351 D phoneserver: sim0 signal no update num=27
03-18 14:23:00.097   283   351 D phoneserver: sim1 signal no update num=27
03-18 14:23:00.117   278   352 I ThermalCvtGovernor: cpu sensor curTemp: 50879 tripTemp: 60000 setPollingDelay: 4000
03-18 14:23:00.315  2556  2564 W CursorWrapperInner: Cursor finalized without prior close()
03-18 14:23:01.098   283   351 D phoneserver: sim0 signal no update num=27
03-18 14:23:01.098   283   351 D phoneserver: sim1 signal no update num=27
03-18 14:23:01.490  1979  1979 D wpa_supplicant: wlan0: Control interface command 'SIGNAL_POLL'
03-18 14:23:01.490  1231  1365 D WifiNetworkMonitor: EVENT_WIFI_RSSI_CHANGED
03-18 14:23:01.491  1231  1365 E WifiNetworkMonitor: Not any Obervers!!!
03-18 14:23:01.834   264   504 E         : drm_ntp: hostname 0.us.pool.ntp.org -> ip 131.107.13.100
03-18 14:23:01.835   264   504 E         : drm_ntp: try to connect ntp server 0.us.pool.ntp.org
03-18 14:23:01.835   264   504 E         : drm_ntp: ConnectNtpServer sucessful!
03-18 14:23:02.029  1231  2754 D NetworkMonitor/NetworkAgentInfo [WIFI () - 100]: Checking http://connectivitycheck.gstatic.com/generate_204 on "VoWiFi", connectivitycheck.gstatic.com=173.194.72.101,2404:6800:4008:c01::66
03-18 14:23:02.074   264   504 E         : drm_ntp: recvfrom receivebytes=48
03-18 14:23:02.089   264   504 E         : drm_ntp: pollingNTPTime: set delta to -1
03-18 14:23:02.089   264   504 E         : drm_ntp: quit polling NTP time!
03-18 14:23:02.098   283   351 D phoneserver: sim0 signal no update num=27
03-18 14:23:02.098   283   351 D phoneserver: sim1 signal no update num=27
03-18 14:23:02.127  1231  2754 D NetworkMonitor/NetworkAgentInfo [WIFI () - 100]: isCaptivePortal: ret=204 headers={null=[HTTP/1.1 204 No Content], Content-Length=[0], Date=[Fri, 18 Mar 2016 06:23:02 GMT], X-Android-Received-Millis=[1458282182126], X-Android-Response-Source=[NETWORK 204], X-Android-Selected-Protocol=[http/1.1], X-Android-Sent-Millis=[1458282182030]}
03-18 14:23:02.129  1441  2117 D ConnectivityManager.CallbackHandler: CM callback handler got msg 524294
03-18 14:23:02.133  1441  2030 D NetworkController.MobileSignalController(1): getLabel[0]: Jio 4G color = -1
03-18 14:23:02.134  1441  2030 D PhoneStatusBar: label = 
03-18 14:23:03.041  1441  1441 D KeyguardUpdateMonitor: received broadcast android.intent.action.TIME_TICK
03-18 14:23:03.042  1441  1441 D KeyguardUpdateMonitor: handleTimeUpdate
03-18 14:23:03.052  1231  1348 D AlarmManagerService: set alarm to RTC: 43238.181000000
03-18 14:23:03.052  1231  1348 D AlarmManagerService: set alarm to RTC: 101.512000000
03-18 14:23:03.098   283   351 D phoneserver: sim0 signal no update num=27
03-18 14:23:03.098   283   351 D phoneserver: sim1 signal no update num=27
03-18 14:23:03.163   215   470 D WCND    : is_cp2_alive_ok: open polling interface: /proc/mdbg/loopcheck, fd = 13
03-18 14:23:03.264   215   470 D WCND    : is_cp2_alive_ok: loop: /proc/mdbg/loopcheck is OK
03-18 14:23:03.726  1441  1441 D NetworkController.MobileSignalController(1): getLabel[0]: Jio 4G color = -1
03-18 14:23:03.728  1441  1441 D PhoneStatusBar: label = 
03-18 14:23:04.098   283   351 D phoneserver: sim0 signal no update num=27
03-18 14:23:04.098   283   351 D phoneserver: sim1 signal no update num=27
03-18 14:23:04.117   278   352 I ThermalCvtGovernor: cpu sensor curTemp: 47734 tripTemp: 60000 setPollingDelay: 6000
03-18 14:23:04.495  1979  1979 D wpa_supplicant: wlan0: Control interface command 'SIGNAL_POLL'
03-18 14:23:04.497  1231  1365 D WifiNetworkMonitor: EVENT_WIFI_RSSI_CHANGED
03-18 14:23:04.497  1231  1365 E WifiNetworkMonitor: Not any Obervers!!!
03-18 14:23:05.099   283   351 D phoneserver: sim0 signal no update num=27
03-18 14:23:05.099   283   351 D phoneserver: sim1 signal no update num=27
03-18 14:23:05.730  1441  1441 D NetworkController.MobileSignalController(1): getLabel[0]: Jio 4G color = -1
03-18 14:23:05.732  1441  1441 D PhoneStatusBar: label = 
03-18 14:23:06.099   283   351 D phoneserver: sim0 signal no update num=27
03-18 14:23:06.099   283   351 D phoneserver: sim1 signal no update num=27
03-18 14:23:06.732  1441  1441 D NetworkController.MobileSignalController(1): getLabel[0]: Jio 4G color = -1
03-18 14:23:06.734  1441  1441 D PhoneStatusBar: label = 
03-18 14:23:07.099   283   351 D phoneserver: sim0 signal no update num=27
03-18 14:23:07.099   283   351 D phoneserver: sim1 signal no update num=27
03-18 14:23:07.502  1979  1979 D wpa_supplicant: wlan0: Control interface command 'SIGNAL_POLL'
03-18 14:23:07.503  1231  1365 D WifiNetworkMonitor: EVENT_WIFI_RSSI_CHANGED
03-18 14:23:07.503  1231  1365 E WifiNetworkMonitor: Not any Obervers!!!
03-18 14:23:07.735  1441  1441 D NetworkController.MobileSignalController(1): getLabel[0]: Jio 4G color = -1
03-18 14:23:07.736  1441  1441 D PhoneStatusBar: label = 
03-18 14:23:08.100   283   351 D phoneserver: sim0 signal no update num=27
03-18 14:23:08.100   283   351 D phoneserver: sim1 signal no update num=27
03-18 14:23:08.264   215   470 D WCND    : is_cp2_alive_ok: open polling interface: /proc/mdbg/loopcheck, fd = 13
03-18 14:23:08.368   215   470 D WCND    : is_cp2_alive_ok: loop: /proc/mdbg/loopcheck is OK
03-18 14:23:09.100   283   351 D phoneserver: sim0 signal no update num=27
03-18 14:23:09.100   283   351 D phoneserver: sim1 signal no update num=27
03-18 14:23:09.291  1231  1363 D WifiStateMachine: L2Connected CMD_START_SCAN source -2 4, 5 -> obsolete
03-18 14:23:10.100   283   351 D phoneserver: sim0 signal no update num=27
03-18 14:23:10.100   283   351 D phoneserver: sim1 signal no update num=27
03-18 14:23:10.507  1979  1979 D wpa_supplicant: wlan0: Control interface command 'SIGNAL_POLL'
03-18 14:23:10.509  1231  1365 D WifiNetworkMonitor: EVENT_WIFI_RSSI_CHANGED
03-18 14:23:10.509  1231  1365 E WifiNetworkMonitor: Not any Obervers!!!
03-18 14:23:11.101   283   351 D phoneserver: sim0 signal no update num=27
03-18 14:23:11.101   283   351 D phoneserver: sim1 signal no update num=27
03-18 14:23:11.408  1231  2755 D NetlinkSocketObserver: NeighborEvent{elapsedMs=52920, 192.168.0.1, [C83A3514CB98], RTM_NEWNEIGH, NUD_STALE}
03-18 14:23:12.101   283   351 D phoneserver: sim0 signal no update num=27
03-18 14:23:12.101   283   351 D phoneserver: sim1 signal no update num=27
03-18 14:23:13.102   283   351 D phoneserver: sim0 signal no update num=27
03-18 14:23:13.102   283   351 D phoneserver: sim1 signal no update num=27
03-18 14:23:13.368   215   470 D WCND    : is_cp2_alive_ok: open polling interface: /proc/mdbg/loopcheck, fd = 13
03-18 14:23:13.469   215   470 D WCND    : is_cp2_alive_ok: loop: /proc/mdbg/loopcheck is OK
03-18 14:23:13.514  1979  1979 D wpa_supplicant: wlan0: Control interface command 'SIGNAL_POLL'
03-18 14:23:13.518  1231  1365 D WifiNetworkMonitor: EVENT_WIFI_RSSI_CHANGED
03-18 14:23:13.518  1231  1365 E WifiNetworkMonitor: Not any Obervers!!!
03-18 14:23:14.102   283   351 D phoneserver: sim0 signal no update num=27
03-18 14:23:14.102   283   351 D phoneserver: sim1 signal no update num=27
03-18 14:23:15.102   283   351 D phoneserver: sim0 signal no update num=27
03-18 14:23:15.102   283   351 D phoneserver: sim1 signal no update num=27
03-18 14:23:15.330   469   560 D ENGPC   : eng_vdiag_r no log data write:-1 ,I/O error
03-18 14:23:15.330   469   560 D ENGPC   : restart_gser: eng_vlog close usb serial:5
03-18 14:23:15.330   469   559 D ENGPC   : eng_vdiag read log data error  from serial: Success
03-18 14:23:15.330   469   560 D ENGPC   : restart_gser: eng_vlog cannot open general serial
03-18 14:23:15.330   469   560 D ENGPC   : eng_vdiag_r open gser port failed
03-18 14:23:15.331   469   559 D ENGPC   : eng_vdiag reopen serial port success.
03-18 14:23:15.331   287   540 D ENGPC   : eng_readpcat_thread: read pc_fd buffer error Success
03-18 14:23:15.331   287   538 D ENGPC   : eng_vdiag read log data error  from serial: Success
03-18 14:23:15.331   287   538 D ENGPC   : eng_vdiag cannot open vendor serial: /dev/ttyGS6, error: I/O error
03-18 14:23:15.331   287   537 D ENGPC   : eng_vlog no log data write:-1 ,I/O error
03-18 14:23:15.331   287   537 D ENGPC   : restart_gser: eng_vlog close usb serial:14
03-18 14:23:15.331   287   537 D ENGPC   : restart_gser: eng_vlog cannot open general serial
03-18 14:23:15.332   287   537 D ENGPC   : eng_vlog open gser port failed
03-18 14:23:15.332   469   556 D ENGPC   : parse_event: event { 'change', '/devices/virtual/switch/charger_cable', 'switch', '' }
03-18 14:23:15.332   287   536 D ENGPC   : parse_event: event { 'change', '/devices/virtual/switch/charger_cable', 'switch', '' }
03-18 14:23:15.333   216   216 E batterysrv: file: /sys/class/power_supply/battery/hw_switch_point open error
03-18 14:23:15.333   216   216 D batterysrv: write_nv
03-18 14:23:15.335   469   556 D ENGPC   : parse_event: event { 'change', '/devices/virtual/android_usb/android0', 'android_usb', 'DISCONNECTED' }
03-18 14:23:15.335   469   556 D ENGPC   : handle_device_event: disable arm log
03-18 14:23:15.336   287   536 D ENGPC   : parse_event: event { 'change', '/devices/virtual/android_usb/android0', 'android_usb', 'DISCONNECTED' }
03-18 14:23:15.336   287   536 D ENGPC   : handle_device_event: disable arm log
03-18 14:23:15.336   469   556 D ENGPC   : parse_event: event { 'change', '/devices/sprd_battery.16/power_supply/battery', 'power_supply', '' }
