04-29 15:55:18.397  1163  1335 D HS20    : Caught java.lang.IllegalArgumentException: Element length 212 exceeds payload length 2 @ 233
04-29 15:55:18.398  1163  1335 D HS20    : Caught java.lang.IllegalArgumentException: Element length 117 exceeds payload length 2 @ 60
04-29 15:55:18.401  1659  1659 D wpa_supplicant: wlan0: Control interface command 'STATUS-NO_EVENTS'
04-29 15:55:18.402  1659  1659 D wpa_supplicant: EAPOL: EAP Session-Id not available
04-29 15:55:18.572  1163  1337 D WifiNetworkMonitor: EVENT_WIFI_RSSI_CHANGED
04-29 15:55:18.700  1428  1428 D NetworkController.MobileSignalController(2): getLabel[0]: Jio color = -1
04-29 15:55:18.703  1428  1428 D PhoneStatusBar: label = Jio
04-29 15:55:18.738   212   212 D gralloc.sc8830: fb_post fps = 16.110786
04-29 15:55:19.364   282   363 D phoneserver: rsrp[0]=-255,rscp[0]=255,rxlev[0]=11 ind_str= 
04-29 15:55:19.364   282   363 D phoneserver: +CESQ: 11,99,255,255,255,-255
04-29 15:55:19.703  1428  1428 D NetworkController.MobileSignalController(2): getLabel[0]: Jio color = -1
04-29 15:55:19.705  1428  1428 D PhoneStatusBar: label = Jio
04-29 15:55:20.006  1945  2848 I charon  : 01[ESP] discarding inbound IP packet fe80::4 == ff02::1 due to policy
04-29 15:55:20.365   282   363 D phoneserver: rsrp[0]=-255,rscp[0]=255,rxlev[0]=11 ind_str= 
04-29 15:55:20.365   282   363 D phoneserver: +CESQ: 11,99,255,255,255,-255
04-29 15:55:20.383  1933  2891 D LEMON   : 15:55:20.383 SIP: INFO: module process timer event.
04-29 15:55:20.383  1933  2891 D LEMON   : 15:55:20.383 SIP: INFO: core timer process trans event tmr<0x12> [TIMER E].
04-29 15:55:20.383  1933  2891 D LEMON   : 15:55:20.383 SIP: INFO: core timer process trans@10007 event.
04-29 15:55:20.384  1933  2891 D LEMON   : 15:55:20.384 SIP: INFO: 
04-29 15:55:20.384  1933  2891 D LEMON   : data length: 2878
04-29 15:55:20.384  1933  2891 D LEMON   : data content[text]:
04-29 15:55:20.384  1933  2891 D LEMON   : ~~~~~~~~~~~~~~~~~~~~~~~~~~~~~~~~~~~~~~~~~~~~~~
04-29 15:55:20.384  1933  2891 D LEMON   : REGISTER sip:ims.mnc872.mcc405.3gppnetwork.org SIP/2.0
04-29 15:55:20.384  1933  2891 D LEMON   : To: <sip:405872000010354@ims.mnc872.mcc405.3gppnetwork.org>
04-29 15:55:20.384  1933  2891 D LEMON   : From: <sip:405872000010354@ims.mnc872.mcc405.3gppnetwork.org>;tag=J0deoMhinod59eRC0Ly321*t4-
04-29 15:55:20.384  1933  2891 D LEMON   : Contact: <sip:405872000010354@[2405:204:1803:1f53::251a:e0ad]:5255;transport=udp>;+sip.instance="<urn:gsma:imei:86740002-050381-3>";expires=86400;+g.3gpp.icsi-ref="urn%%3Aurn-7%%3A3gpp-service.ims.icsi.mmtel";video;+g.3gpp.smsip
04-29 15:55:20.384  1933  2891 D LEMON   : Supported: path,gruu,outbound,sec-agree
04-29 15:55:20.384  1933  2891 D LEMON   : Allow: INVITE,ACK,OPTIONS,BYE,CANCEL,REGISTER,INFO,PRACK,SUBSCRIBE,NOTIFY,MESSAGE,REFER
04-29 15:55:20.384  1933  2891 D LEMON   : P-Access-Network-Info: IEEE-802.11;i-wlan-node-id=4045da1352c7
04-29 15:55:20.384  1933  2891 D LEMON   : Security-Client: ipsec-3gpp;prot=esp;alg=hmac-md5-96;ealg=null;mod=trans;spi-c=2850665821;spi-s=2850665822;port-c=36862;port-s=5255,ipsec-3gpp;prot=esp;alg=hmac-md5-96;ealg=des-ede3-cbc;mod=trans;spi-c=2850665821;spi-s=2850665822;port-c=36862;port-s=5255,ipsec-3gpp;prot=esp;alg=hmac-md5-96;ealg=aes-cbc;mod=trans;spi-c=2850665821;spi-s=2850665822;port-c=36862;port-s=5255,ipsec-3gpp;prot=esp;alg=hmac-sha-1-96;ealg=null;mod=trans;spi-c=2850665821;spi-s=2850665822;port-c=36862;port-s=5255,ipsec-3gpp;prot=esp;alg=hmac-sha-1-96;ealg=des-ede3-cbc;mod=trans;spi-c=2850665821;spi-s=2850665822;port-c=36862;port-s=5255,ipsec-3gpp;prot=esp;alg=hmac-sha-1-96;ealg=aes-cbc;mod=trans;spi-c=2850665821;spi-s=2850665822;port-c=36862;port-s=5255
04-29 15:55:20.384  1933  2891 D LEMON   : Security-Verify: ipsec-3gpp;prot=esp;alg=hmac-md5-96;ealg=aes-cbc;mod=trans;spi-c=1460503848;spi-s=1460503849;port-c=32920;port-s=5067;q=0.6
04-29 15:55:20.384  1933  2891 D LEMON   : Security-Verify: ipsec-3gpp;prot=esp;alg=hmac-md5-96;ealg=des-ede3-cbc;mod=trans;spi-c=1460503848;spi-s=1460503849;port-c=32920;port-s=5067;q=0.4
04-29 15:55:20.384  1933  2891 D LEMON   : Security-Verify: ipsec-3gpp;prot=esp;alg=hmac-md5-96;ealg=null;mod=trans;spi-c=1460503848;spi-s=1460503849;port-c=32920;port-s=5067;q=0.3
04-29 15:55:20.384  1933  2891 D LEMON   : Security-Verify: ipsec-3gpp;prot=esp;alg=hmac-sha-1-96;ealg=des-ede3-cbc;mod=trans;spi-c=1460503848;spi-s=1460503849;port-c=32920;port-s=5067;q=0.1
04-29 15:55:20.384  1933  2891 D LEMON   : Security-Verify: ipsec-3gpp;prot=esp;alg=hmac-sha-1-96;ealg=aes-cbc;mod=trans;spi-c=1460503848;spi-s=1460503849;port-c=32920;port-s=5067;q=0.2
04-29 15:55:20.384  1933  2891 D LEMON   : Security-Verify: ipsec-3gpp;prot=esp;alg=hmac-sha-1-96;ealg=null;mod=trans;spi-c=1460503848;spi-s=1460503849;port-c=32920;port-s=5067;q=0.5
04-29 15:55:20.384  1933  2891 D LEMON   : Proxy-Require: sec-agree
04-29 15:55:20.384  1933  2891 D LEMON   : Require: sec-agree
04-29 15:55:20.384  1933  2891 D LEMON   : CSeq: 2 REGISTER
04-29 15:55:20.384  1933  2891 D LEMON   : Call-ID: adeoMhinod59eRC0Lx321ibgx3@[2405:204:1803:1f53::251a:e0ad]
04-29 15:55:20.384  1933  2891 D LEMON   : Authorization: Digest realm="ims.mnc872.mcc405.3gppnetwork.org",algorithm=AKAv1-MD5,qop=auth,nonce="GHeNIgAAAABYsbrUAAAAAJMDTJ/D3AAApy7DHuUz5VcxODQ0OTcwNQ==",username="405872000010354@ims.mnc872.mcc405.3gppnetwork.org",uri="sip:ims.mnc872.mcc405.3gppnetwork.org",response="3d4c20d1d9f1cf16134336e220a56006",cnonce="6c0cf8806c0cf880",nc=00000001
04-29 15:55:20.384  1933  2891 D LEMON   : Max-Forwards: 70
04-29 15:55:20.384  1933  2891 D LEMON   : User-Agent: VoWIFI/WFC UA
04-29 15:55:20.384  1933  2891 D LEMON   : Via: SIP/2.0/UDP [2405:204:1803:1f53::251a:e0ad]:5255;branch=z9hG4bK.-J0deoMhinod59eRC0LA321+t;rport
04-29 15:55:20.384  1933  2891 D LEMON   : Content-Length: 0
04-29 15:55:20.384  1933  2891 D LEMON   : 
04-29 15:55:20.384  1933  2891 D LEMON   : 
04-29 15:55:20.384  1933  2891 D LEMON   : ~~~~~~~~~~~~~~~~~~~~~~~~~~~~~~~~~~~~~~~~~~~~~~
04-29 15:55:20.385  1933  2891 D LEMON   : 15:55:20.385 UTPT: INFO: conn[0x4] send data[2878] to [2405:200:330:1581::1b:5067] ok.
04-29 15:55:20.385  1933  2891 D LEMON   : 15:55:20.385 SIP: INFO: tpt conn<0x10008> send message ok.
04-29 15:55:20.386  1933  2891 D LEMON   : 15:55:20.386 SIP: INFO: module start tmr<0x12> [TIMER E] <4000ms> ok.
04-29 15:55:20.386  1933  2891 D LEMON   : 15:55:20.386 ZOS: INFO: fsm(SIP_NICT) trans@[65543] state <TRYING> run [TM_TE] event ok.
04-29 15:55:20.386  1933  2891 D LEMON   : 15:55:20.386 SIP: INFO: module TmrMsgProc core process event queue.
04-29 15:55:20.409   267   485 E         : drm_ntp: recvfrom timeout! Success
04-29 15:55:20.409   267   485 E         : drm_ntp: recv from ntp server failed
04-29 15:55:20.410   267   485 E         : drm_ntp:connecting to ntp server
04-29 15:55:20.410   267   485 E         : drm_ntp: CreateNtpClientSockfd sockfd=10
04-29 15:55:20.544   267   485 E         : drm_ntp: hostname 1.us.pool.ntp.org -> ip 192.155.81.203
04-29 15:55:20.544   267   485 E         : drm_ntp: try to connect ntp server 1.us.pool.ntp.org
04-29 15:55:20.545   267   485 E         : drm_ntp: ConnectNtpServer sucessful!
04-29 15:55:20.704  1428  1428 D NetworkController.MobileSignalController(2): getLabel[0]: Jio color = -1
04-29 15:55:20.706  1428  1428 D PhoneStatusBar: label = Jio
04-29 15:55:20.744   212   212 D gralloc.sc8830: fb_post fps = 0.996579
04-29 15:55:20.757   268  1309 W audio_hw_primary: do_output_standby.mode:0 
04-29 15:55:20.824  2056  2056 W Thread-63: type=1400 audit(0.0:52): avc: denied { connectto } for path=00696D736272 scontext=u:r:system_app:s0 tcontext=u:r:ims_bridged:s0 tclass=unix_stream_socket permissive=0
04-29 15:55:20.820  1933  2058 D LEMON   : 15:55:20.820 UTPT: INFO: recv udp data(len:817) from [2405:200:330:1581::1b:32920].
04-29 15:55:20.820  1933  2058 D LEMON   : 15:55:20.820 SIP: INFO: tpt utpt[1] of conn<0x20007> report data message<0xa2c0b0b0> ok.
04-29 15:55:20.820  1933  2891 D LEMON   : 15:55:20.820 SIP: INFO: module process tpt event.
04-29 15:55:20.820  1933  2891 D LEMON   : 15:55:20.820 SIP: INFO: tpt conn<0x20007> process data message<0xa2c0b0b0>.
04-29 15:55:20.821  1933  2891 D LEMON   : 15:55:20.820 SIP: INFO: 
04-29 15:55:20.821  1933  2891 D LEMON   : data length: 817
04-29 15:55:20.821  1933  2891 D LEMON   : data content[text]:
04-29 15:55:20.821  1933  2891 D LEMON   : ~~~~~~~~~~~~~~~~~~~~~~~~~~~~~~~~~~~~~~~~~~~~~~
04-29 15:55:20.821  1933  2891 D LEMON   : SIP/2.0 200 OK
04-29 15:55:20.821  1933  2891 D LEMON   : t:<sip:405872000010354@ims.mnc872.mcc405.3gppnetwork.org>;tag=1173578506
04-29 15:55:20.821  1933  2891 D LEMON   : f:<sip:405872000010354@ims.mnc872.mcc405.3gppnetwork.org>;tag=J0deoMhinod59eRC0Ly321*t4-
04-29 15:55:20.821  1933  2891 D LEMON   : CSeq:2 REGISTER
04-29 15:55:20.821  1933  2891 D LEMON   : i:adeoMhinod59eRC0Lx321ibgx3@[2405:204:1803:1f53::251a:e0ad]
04-29 15:55:20.821  1933  2891 D LEMON   : v:SIP/2.0/UDP [2405:204:1803:1f53::251a:e0ad]:5255;branch=z9hG4bK.-J0deoMhinod59eRC0LA321+t;rport=36862;received=2405:204:1803:1f53::251a:e0ad
04-29 15:55:20.821  1933  2891 D LEMON   : m:<sip:405872000010354@[2405:204:1803:1f53::251a:e0ad]:5255;transport=udp>;+sip.instance="<urn:gsma:imei:86740002-050381-3>";+g.3gpp.icsi-ref="urn%%3Aurn-7%%3A3gpp-service.ims.icsi.mmtel";video;+g.3gpp.smsip;expires=86400
04-29 15:55:20.821  1933  2891 D LEMON   : P-Associated-URI:<sip:+917011021569@ims.mnc872.mcc405.3gppnetwork.org>
04-29 15:55:20.821  1933  2891 D LEMON   : P-Associated-URI:<tel:+917011021569>
04-29 15:55:20.821  1933  2891 D LEMON   : l:0
04-29 15:55:20.821  1933  2891 D LEMON   : Path:<sip:dl1pcfx0402gm.ims.mnc872.mcc405.3gppnetwork.org:5060;lskpmc=P9J>
04-29 15:55:20.821  1933  2891 D LEMON   : 
04-29 15:55:20.821  1933  2891 D LEMON   : 
04-29 15:55:20.821  1933  2891 D LEMON   : ~~~~~~~~~~~~~~~~~~~~~~~~~~~~~~~~~~~~~~~~~~~~~~
04-29 15:55:20.822  1933  2891 D LEMON   : 15:55:20.822 SIP: INFO: module TptMsgProc process incoming event.
04-29 15:55:20.822  1933  2891 D LEMON   : 15:55:20.822 SIP: INFO: trans TransPreProcEvnt preprocess old trans event.
04-29 15:55:20.822  1933  2891 D LEMON   : 15:55:20.822 SIP: INFO: trans @10007 process response <REGISTER:200>.
04-29 15:55:20.822  1933  2891 D LEMON   : 15:55:20.822 SIP: INFO: module stop tmr<0x12> [TIMER E] ok.
04-29 15:55:20.822  1933  2891 D LEMON   : 15:55:20.822 SIP: INFO: module stop tmr<0x13> [TIMER F] ok.
04-29 15:55:20.822  1933  2891 D LEMON   : 15:55:20.822 SIP: INFO: trans @10007 report event [RECV 2XX].
04-29 15:55:20.822  1933  2891 D LEMON   : 15:55:20.822 SIP: INFO: module start tmr<0x14> [TIMER K] <17000ms> ok.
04-29 15:55:20.822  1933  2891 D LEMON   : 15:55:20.822 ZOS: INFO: fsm(SIP_NICT) trans@[65543] state <TRYING> run [RECV_2XX] event ok.
04-29 15:55:20.822  1933  2891 D LEMON   : 15:55:20.822 ZOS: INFO: fsm(SIP_NICT) trans@[65543] state <TRYING> to <COMPLETED>.
04-29 15:55:20.822  1933  2891 D LEMON   : 15:55:20.822 SIP: INFO: module TptMsgProc process event queue.
04-29 15:55:20.823  1933  2891 D LEMON   : 15:55:20.822 SIP: INFO: core event queue process the next event.
04-29 15:55:20.823  1933  2891 D LEMON   : 15:55:20.823 SIP: INFO: core sess@10004 UacProcCimCnf process.
04-29 15:55:20.823  1933  2891 D LEMON   : 15:55:20.823 SIP: INFO: dlg @10005 process event [RECV RSP].
04-29 15:55:20.823  1933  2891 D LEMON   : 15:55:20.823 SIP: INFO: dlg @10005 process response <REGISTER:200>.
04-29 15:55:20.823  1933  2891 D LEMON   : 15:55:20.823 SIP: INFO: dlg @10005 report event.
04-29 15:55:20.823  1933  2891 D LEMON   : 15:55:20.823 SIP: INFO: core report event [CIM CNF].
04-29 15:55:20.823  1933  2891 D LEMON   : 15:55:20.823 SIP: INFO: core -->comp@2878355864 evnt@13 method@5.
04-29 15:55:20.823  1933  2891 D LEMON   : 15:55:20.823 SIP: INFO: core -->upper sess@10004 <----> sess user id@11.
04-29 15:55:20.823  1933  2891 D LEMON   : 15:55:20.823 SIP: INFO: core -->upper dlg@10005 <----> dlg user id@ffffffff.
04-29 15:55:20.823  1933  2891 D LEMON   : 15:55:20.823 SIP: INFO: core -->upper trans@10007 <----> trans user id@0.
04-29 15:55:20.824  1933  2056 D LEMON   : 15:55:20.823 MRF: INFO: CompProcRsp recv register rsp<200>
04-29 15:55:20.824  1933  2056 D LEMON   : 15:55:20.824 MRF: INFO: register [17] process [CIM CNF].
04-29 15:55:20.824  1933  2056 D LEMON   : 15:55:20.824 MRF: INFO: EndpUpdateAddr changed.
04-29 15:55:20.824  1933  2056 D LEMON   : 15:55:20.824 MRP: DEBUG: get register tpt type<0>.
04-29 15:55:20.824  1933  2056 D LEMON   : 15:55:20.824 MRF: INFO: SipGetAssoUri using sip uri.
04-29 15:55:20.824  1933  2056 D LEMON   : 15:55:20.824 MRF: INFO: SipGetAssoUri public user id  sip:+917011021569@ims.mnc872.mcc405.3gppnetwork.org.
04-29 15:55:20.824  1933  2056 D LEMON   : 15:55:20.824 MRP: DEBUG: get register tpt type<0>.
04-29 15:55:20.824  1933  2056 D LEMON   : 15:55:20.824 MSF: INFO: TmrStart start <0x0009> timer [ENDP REG] 85800s ok.
04-29 15:55:20.824  1933  2056 D LEMON   : 15:55:20.824 MSF: INFO: TmrStart start <0x000A> timer [ENDP EXPIRE] 86400s ok.
04-29 15:55:20.830  1933  2056 D LEMON   : 15:55:20.830 MRF: INFO: endp subs register state.
04-29 15:55:20.830  1933  2056 D LEMON   : 15:55:20.830 MRF: INFO: FsmEndpStartKeepAlive no need start.
04-29 15:55:20.831  1933  2056 D imsbr   : add vowifi tuple 2405:204:1803:1f53::251a:e0ad:0->2405:200:330:1581::1b:0 p=50 sip
04-29 15:55:20.831  1933  2056 E imsbr   : socket_local_client fail: Permission denied
04-29 15:55:20.831  1933  2056 D LEMON   : 15:55:20.831 ZOS: INFO: Imsbrd add tuple error <Unknown error -13>.
04-29 15:55:20.831  1933  2056 D LEMON   : 15:55:20.831 ZOS: INFO: fsm(MRF_REG) reg@[17] state <REGING> run [CIM CNF] event ok.
04-29 15:55:20.831  1933  2056 D LEMON   : 15:55:20.831 ZOS: INFO: fsm(MRF_REG) reg@[17] state <REGING> to <REGED>.
04-29 15:55:20.832  1933  2056 D LEMON   : 15:55:20.832 MSF: DEBUG: comp<MRF> proc evnt.
04-29 15:55:20.832  1933  2056 D LEMON   : 15:55:20.832 SIP: INFO: module MsgDelete msg 0xa2c31050.
04-29 15:55:20.835  1933  1933 D LEMON   : 15:55:20.835 RSD: DEBUG: dispatch msf event to enabler<0xa2c05a20>.
04-29 15:55:20.836  1933  1933 D LEMON   : 15:55:20.835 RRE: DEBUG: reg report reg ok.
04-29 15:55:20.836  1933  1933 D LEMON   : 15:55:20.836 RegisterServiceCallback: INFO: mtcCliCbRegStatChanged, iRegStat: 2, dwStatCode: 57600
04-29 15:55:20.836  1933  1933 I System.out: mtcCliCbRegStatChanged, iRegStat: 2, dwStatCode: 57600
04-29 15:55:20.836  1933  1933 D LEMON   : 15:55:20.836 MTC: DEBUG: client old reg state 1 to new reg state 2.
04-29 15:55:20.836  1933  1933 D LEMON   : 15:55:20.836 MTC: DEBUG: reging call login ok.
04-29 15:55:20.838  1933  1933 D LEMON   : 15:55:20.838 RegisterServiceCallback: INFO: mtcCliCbRegOk
04-29 15:55:20.838  1933  1933 I System.out: mtcCliCbRegOk
04-29 15:55:20.838  1933  1933 D LEMON   : 15:55:20.838 com.juphoon.sprd.lemon.ui.MtcDelegate: INFO: loginOk
04-29 15:55:20.838  1933  1933 I System.out: loginOk
04-29 15:55:20.839  1933  1933 D LEMON   : 15:55:20.839 RegisterServiceCallback: INFO: mtcCliCbServLoginOk
04-29 15:55:20.840  1933  1933 I System.out: mtcCliCbServLoginOk
04-29 15:55:20.840  1933  1933 D LEMON   : 15:55:20.840 RegisterServiceBinder: INFO: notifyCallbacks1
04-29 15:55:20.840  1933  1933 I System.out: notifyCallbacks1
04-29 15:55:20.841  1933  2891 D LEMON   : 15:55:20.840 SIP: INFO: core sess@10004 UaReportCimCnf report.
04-29 15:55:20.841  1933  2891 D LEMON   : 15:55:20.841 ZOS: INFO: fsm(SIP_VRTD) vrtd@[65541] state <REQ OUT> run [RECV_RSP] event ok.
04-29 15:55:20.841  1933  2891 D LEMON   : 15:55:20.841 ZOS: INFO: fsm(SIP_VRTD) vrtd@[65541] state <REQ OUT> to <TERMINATED>.
04-29 15:55:20.841  1933  2891 D LEMON   : 15:55:20.841 SIP: INFO: core event queue process the last event.
04-29 15:55:20.841  1933  2891 D LEMON   : 15:55:20.841 SIP: INFO: module MsgDelete msg 0xa2c31050.
04-29 15:55:20.841  1933  2891 D LEMON   : 15:55:20.841 SIP: INFO: module MsgDelete msg 0xa2c31050.
04-29 15:55:20.841  1933  2891 D LEMON   : 15:55:20.841 SIP: INFO: module TptMsgProc check tpt alive.
04-29 15:55:20.841  1933  2891 D LEMON   : 15:55:20.841 SIP: INFO: tpt conn<0x20007> expires is 0.
04-29 15:55:20.842  1383  1404 I VoWifiRegisterManager: callback{"callback_key":"callback_value_login_ok"}
04-29 15:55:20.842  1383  1383 I ImsService: EVENT_WIFI_REGISTER_RESAULT -> result:true, mFeatureSwitchRequest:ImsServiceRequest->mRequestId:0 mEventCode:100 mServiceId:1 mTargetType:2
04-29 15:55:20.843  1383  1383 I ImsServiceImpl: notifyImsRegister->isRegistered:true isImsEnabled():true mImsService.isVoLTEEnabled():false mImsService.isVoWifiEnabled():true
04-29 15:55:20.844  1383  1383 I ImsServiceImpl: EVENT_IMS_STATE_CHANGED->mServiceState:true
04-29 15:55:20.846  2092  2092 D ImsConnectionManagerService: onVoLteServiceStateChanged: Volte is registed, mIsVolteRegisted = true
04-29 15:55:20.847  1383  1383 I ImsService: updateImsFeature->mWifiRegistered:true volteRegistered:false mCurrentImsFeature:2
04-29 15:55:20.847  2092  2111 D ImsConnectionManagerService: operationSuccessed, id = 0
04-29 15:55:20.848  1383  1383 I Telephony: PstnIncomingCallNotifier: Unregistering: Handler (com.android.internal.telephony.gsm.GSMPhone) {607fb25}
04-29 15:55:20.849  1383  1383 D Telephony: PstnPhoneCapabilitiesNotifier: Unregistering: Handler (com.android.internal.telephony.gsm.GSMPhone) {607fb25}
04-29 15:55:20.850  1383  1383 D Telephony: TelecomAccountRegistry: Found 2 phones.  Attempting to register.
04-29 15:55:20.850  1383  1383 D Telephony: TelecomAccountRegistry: Phone with subscription id 2
04-29 15:55:20.858  1933  2056 D LEMON   : 15:55:20.858 MRF: DEBUG: AuthBorn auth@0xa2c56cc0.
04-29 15:55:20.858  1933  2056 D LEMON   : 15:55:20.858 ZOS: INFO: qtimer create task<0xD> timer<24> ok.
04-29 15:55:20.858  1933  2056 D LEMON   : 15:55:20.858 MRF: INFO: subs <18> created.
04-29 15:55:20.858  1933  2056 D LEMON   : 15:55:20.858 MRF: INFO: subs process [USER SUBSCRIBE].
04-29 15:55:20.858  1933  2056 D LEMON   : 15:55:20.858 SIP: INFO: module MsgCreate dbuf 0xa2c0b0b0 msg 0xa246485c.
04-29 15:55:20.859  1933  2056 D LEMON   : 15:55:20.859 MRF: DEBUG: AuthGetShareCred auth@0xa2c56cc0.
04-29 15:55:20.863  1933  2056 D LEMON   : 15:55:20.859 SIP: INFO: module MsgCreate dbuf 0xa2c0b0e0 msg 0xa246a85c.
04-29 15:55:20.870  1428  1987 D NetworkController.MobileSignalController(2): onVoLteServiceStateChanged: VoLteServiceState: 5
04-29 15:55:20.870  1428  1987 D NetworkController.MobileSignalController(2): imsRegistered: true
04-29 15:55:20.870  1933  2891 D LEMON   : 15:55:20.870 SIP: INFO: module process user event.
04-29 15:55:20.870  1933  2891 D LEMON   : 15:55:20.870 SIP: INFO: core process event [DAM REQ].
04-29 15:55:20.870  1933  2891 D LEMON   : 15:55:20.870 SIP: INFO: core -->me comp@2878355864 evnt@29 method@7.
04-29 15:55:20.870  1933  2891 D LEMON   : 15:55:20.870 SIP: INFO: core -->me sess@FFFFFFFF <----> sess user id@12.
04-29 15:55:20.871  1933  2891 D LEMON   : 15:55:20.871 SIP: INFO: core -->me dlg@FFFFFFFF <----> dlg user id@ffffffff.
04-29 15:55:20.871  1933  2891 D LEMON   : 15:55:20.871 SIP: INFO: core -->me trans@0 <----> trans user id@0.
04-29 15:55:20.871  1933  2891 D LEMON   : 15:55:20.871 ZOS: WARN: BkFromId invalid id[0xFFFFFFFB].
04-29 15:55:20.871  1933  2891 D LEMON   : 15:55:20.871 ZOS: DEBUG: Page 65534/128, Slot 65530/4
04-29 15:55:20.871  1933  2891 D LEMON   : 15:55:20.871 SIP: INFO: core UaSEvntToMEvnt tpt type<1> [2405:204:1803:1f53::251a:e0ad]:36862 -> [2405:200:330:1581::1b]:5067.
04-29 15:55:20.871  1428  1987 D NetworkController.MobileSignalController(2): imsRegistered type: 2
04-29 15:55:20.871  1933  2891 D LEMON   : 15:55:20.871 SIP: DEBUG: core call<0xaf778298> set user id<2878355864>.
04-29 15:55:20.871  1933  2891 D LEMON   : 15:55:20.871 SIP: INFO: core call@10003 UacProcDamReq call create.
04-29 15:55:20.871  1933  2891 D LEMON   : 15:55:20.871 SIP: INFO: core sess@20003 UacProcDamReq session create.
04-29 15:55:20.871  1428  1428 D SystemUIPluginsHelper: level = 3
04-29 15:55:20.871  1933  2891 D LEMON   : 15:55:20.871 ZOS: INFO: qtimer create task<0xB> timer<25> ok.
04-29 15:55:20.871  1933  2891 D LEMON   : 15:55:20.871 SIP: INFO: module create tmr<0x19> [TIMER WAIT_SAM] ok.
04-29 15:55:20.871  1933  2891 D LEMON   : 15:55:20.871 ZOS: INFO: qtimer create task<0xB> timer<26> ok.
04-29 15:55:20.871  1933  2891 D LEMON   : 15:55:20.871 SIP: INFO: module create tmr<0x1A> [TIMER SEND_2XX] ok.
04-29 15:55:20.871  1933  2891 D LEMON   : 15:55:20.871 ZOS: INFO: qtimer create task<0xB> timer<27> ok.
04-29 15:55:20.872  1933  2891 D LEMON   : 15:55:20.872 SIP: INFO: module create tmr<0x1B> [TIMER STOP_2XX] ok.
04-29 15:55:20.872  1933  2891 D LEMON   : 15:55:20.872 SIP: INFO: core sess@20003 UacProcDamReq dialog create.
04-29 15:55:20.872  1933  2891 D LEMON   : 15:55:20.872 SIP: INFO: core sess@20003 UacProcDamReq process.
04-29 15:55:20.872  1933  2891 D LEMON   : 15:55:20.872 ZOS: INFO: qtimer create task<0xB> timer<28> ok.
04-29 15:55:20.872  1933  2891 D LEMON   : 15:55:20.872 SIP: INFO: module create tmr<0x1C> [TIMER SUBS] ok.
04-29 15:55:20.872  1933  2891 D LEMON   : 15:55:20.872 SIP: INFO: core sess@20004 UacProcDamReq subs create.
04-29 15:55:20.872  1933  2891 D LEMON   : 15:55:20.872 SIP: INFO: dlg DlgProcEvnt preprocess subscription event.
04-29 15:55:20.872  1933  2891 D LEMON   : 15:55:20.872 SIP: INFO: dlg sub@80010005 process event [DAM REQ].
04-29 15:55:20.872  1933  2891 D LEMON   : 15:55:20.872 SIP: INFO: dlg sub@80010005 process request <SUBSCRIBE>.
04-29 15:55:20.873  1933  2891 D LEMON   : 15:55:20.872 ZOS: INFO: qtimer create task<0xB> timer<29> ok.
04-29 15:55:20.873  1933  2891 D LEMON   : 15:55:20.873 SIP: INFO: module create tmr<0x1D> [TIMER E] ok.
04-29 15:55:20.873  1933  2891 D LEMON   : 15:55:20.873 ZOS: INFO: qtimer create task<0xB> timer<30> ok.
04-29 15:55:20.873  1933  2891 D LEMON   : 15:55:20.873 SIP: INFO: module create tmr<0x1E> [TIMER F] ok.
04-29 15:55:20.873  1933  2891 D LEMON   : 15:55:20.873 ZOS: INFO: qtimer create task<0xB> timer<31> ok.
04-29 15:55:20.873  1933  2891 D LEMON   : 15:55:20.873 SIP: INFO: module create tmr<0x1F> [TIMER K] ok.
04-29 15:55:20.873  1933  2891 D LEMON   : 15:55:20.873 ZOS: INFO: qtimer create task<0xB> timer<32> ok.
04-29 15:55:20.873  1933  2891 D LEMON   : 15:55:20.873 SIP: INFO: module create tmr<0x20> [TIMER WAIT_CONN] ok.
04-29 15:55:20.873  1933  2891 D LEMON   : 15:55:20.873 ZOS: INFO: qtimer create task<0xB> timer<33> ok.
04-29 15:55:20.873  1933  2891 D LEMON   : 15:55:20.873 SIP: INFO: module create tmr<0x21> [TIMER C] ok.
04-29 15:55:20.873  1933  2891 D LEMON   : 15:55:20.873 SIP: INFO: trans @10008 created.
04-29 15:55:20.873  1933  2891 D LEMON   : 15:55:20.873 SIP: INFO: dlg SubsdIdleOnSubsReq trans create.
04-29 15:55:20.873  1933  2891 D LEMON   : 15:55:20.873 SIP: INFO: dlg sub@80010005 SubsdIdleOnSubsReq notify event to trans.
04-29 15:55:20.873  1933  2891 D LEMON   : 15:55:20.873 SIP: INFO: dlg @20004 notify event [SEND NONINVITE].
04-29 15:55:20.873  1933  2891 D LEMON   : 15:55:20.873 ZOS: INFO: fsm(SIP_SUBS) subs@[2147549189] state <IDLE> run [DAM_REQ] event ok.
04-29 15:55:20.873  1933  2891 D LEMON   : 15:55:20.873 ZOS: INFO: fsm(SIP_SUBS) subs@[2147549189] state <IDLE> to <SUBS_OUT>.
04-29 15:55:20.873  1933  2891 D LEMON   : 15:55:20.873 SIP: INFO: module MsgDelete msg 0xa246485c.
04-29 15:55:20.874  1933  2891 D LEMON   : 15:55:20.874 SIP: INFO: module CoreSessMsgProc process event queue.
04-29 15:55:20.874  1933  2891 D LEMON   : 15:55:20.874 SIP: INFO: core event queue process the next event.
04-29 15:55:20.874  1933  2891 D LEMON   : 15:55:20.874 SIP: INFO: trans @10008 process request <SUBSCRIBE>.
04-29 15:55:20.874  1933  2891 D LEMON   : 15:55:20.874 SIP: INFO: 
04-29 15:55:20.874  1933  2891 D LEMON   : data length: 1671
04-29 15:55:20.874  1933  2891 D LEMON   : data content[text]:
04-29 15:55:20.874  1933  2891 D LEMON   : ~~~~~~~~~~~~~~~~~~~~~~~~~~~~~~~~~~~~~~~~~~~~~~
04-29 15:55:20.874  1933  2891 D LEMON   : SUBSCRIBE sip:+917011021569@ims.mnc872.mcc405.3gppnetwork.org SIP/2.0
04-29 15:55:20.874  1933  2891 D LEMON   : From: <sip:+917011021569@ims.mnc872.mcc405.3gppnetwork.org>;tag=-t.-J0deoMhinod59eRC0LC321
04-29 15:55:20.874  1933  2891 D LEMON   : To: <sip:+917011021569@ims.mnc872.mcc405.3gppnetwork.org>
04-29 15:55:20.874  1933  2891 D LEMON   : Contact: <sip:405872000010354@[2405:204:1803:1f53::251a:e0ad]:5255>;+sip.instance="<urn:gsma:imei:86740002-050381-3>"
04-29 15:55:20.874  1933  2891 D LEMON   : Supported: path,gruu,outbound,sec-agree
04-29 15:55:20.874  1933  2891 D LEMON   : Event: reg
04-29 15:55:20.874  1933  2891 D LEMON   : Accept: application/reginfo+xml
04-29 15:55:20.874  1933  2891 D LEMON   : Expires: 86460
04-29 15:55:20.874  1933  2891 D LEMON   : P-Access-Network-Info: IEEE-802.11;i-wlan-node-id=4045da1352c7
04-29 15:55:20.874  1933  2891 D LEMON   : Security-Verify: ipsec-3gpp;prot=esp;alg=hmac-md5-96;ealg=aes-cbc;mod=trans;spi-c=1460503848;spi-s=1460503849;port-c=32920;port-s=5067;q=0.6
04-29 15:55:20.874  1933  2891 D LEMON   : Security-Verify: ipsec-3gpp;prot=esp;alg=hmac-md5-96;ealg=des-ede3-cbc;mod=trans;spi-c=1460503848;spi-s=1460503849;port-c=32920;port-s=5067;q=0.4
04-29 15:55:20.874  1933  2891 D LEMON   : Security-Verify: ipsec-3gpp;prot=esp;alg=hmac-md5-96;ealg=null;mod=trans;spi-c=1460503848;spi-s=1460503849;port-c=32920;port-s=5067;q=0.3
04-29 15:55:20.874  1933  2891 D LEMON   : Security-Verify: ipsec-3gpp;prot=esp;alg=hmac-sha-1-96;ealg=des-ede3-cbc;mod=trans;spi-c=1460503848;spi-s=1460503849;port-c=32920;port-s=5067;q=0.1
04-29 15:55:20.874  1933  2891 D LEMON   : Security-Verify: ipsec-3gpp;prot=esp;alg=hmac-sha-1-96;ealg=aes-cbc;mod=trans;spi-c=1460503848;spi-s=1460503849;port-c=32920;port-s=5067;q=0.2
04-29 15:55:20.874  1933  2891 D LEMON   : Security-Verify: ipsec-3gpp;prot=esp;alg=hmac-sha-1-96;ealg=null;mod=trans;spi-c=1460503848;spi-s=1460503849;port-c=32920;port-s=5067;q=0.5
04-29 15:55:20.874  1933  2891 D LEMON   : Proxy-Require: sec-agree
04-29 15:55:20.874  1933  2891 D LEMON   : Require: sec-agree
04-29 15:55:20.874  1933  2891 D LEMON   : Call-ID: bgx3adeoMhinod59eRC0LB321i@[2405:204:1803:1f53::251a:e0ad]
04-29 15:55:20.874  1933  2891 D LEMON   : CSeq: 1 SUBSCRIBE
04-29 15:55:20.874  1933  2891 D LEMON   : Max-Forwards: 70
04-29 15:55:20.874  1933  2891 D LEMON   : User-Agent: VoWIFI/WFC UA
04-29 15:55:20.874  1933  2891 D LEMON   : Via: SIP/2.0/UDP [2405:204:1803:1f53::251a:e0ad]:5255;branch=z9hG4bK1jbgx3adeoMhinod59eRC0LD32;rport
04-29 15:55:20.874  1933  2891 D LEMON   : Content-Length: 0
04-29 15:55:20.874  1933  2891 D LEMON   : 
04-29 15:55:20.874  1933  2891 D LEMON   : 
04-29 15:55:20.874  1933  2891 D LEMON   : ~~~~~~~~~~~~~~~~~~~~~~~~~~~~~~~~~~~~~~~~~~~~~~
04-29 15:55:20.876  1428  1428 D SystemUIPluginsHelper: level = 3
04-29 15:55:20.878  1428  1428 D SystemUIPluginsHelper: level = 3
04-29 15:55:20.879  1933  2891 D LEMON   : 15:55:20.879 UTPT: INFO: conn[0x4] send data[1671] to [2405:200:330:1581::1b:5067] ok.
04-29 15:55:20.879  1933  2891 D LEMON   : 15:55:20.879 SIP: INFO: tpt conn<0x10008> send message ok.
04-29 15:55:20.879  1933  2891 D LEMON   : 15:55:20.879 SIP: INFO: module start tmr<0x1D> [TIMER E] <2000ms> ok.
04-29 15:55:20.879  1933  2891 D LEMON   : 15:55:20.879 SIP: INFO: module start tmr<0x1E> [TIMER F] <128000ms> ok.
04-29 15:55:20.879  1933  2891 D LEMON   : 15:55:20.879 ZOS: INFO: fsm(SIP_NICT) trans@[65544] state <IDLE> run [SEND_NONINVITE] event ok.
04-29 15:55:20.879  1933  2891 D LEMON   : 15:55:20.879 ZOS: INFO: fsm(SIP_NICT) trans@[65544] state <IDLE> to <TRYING>.
04-29 15:55:20.879  1933  2891 D LEMON   : 15:55:20.879 SIP: INFO: core event queue process the last event.
04-29 15:55:20.879  1933  2891 D LEMON   : 15:55:20.879 SIP: INFO: module MsgDelete msg 0xa246485c.
04-29 15:55:20.879  1933  2056 D LEMON   : 15:55:20.879 MSF: INFO: TmrStart start <0x0018> timer [WAIT NOTIFY] 5s ok.
04-29 15:55:20.880  1933  2056 D LEMON   : 15:55:20.880 ZOS: INFO: fsm(MRF_SUBS) subs@[18] state <IDLE> run [USER SUBSCRIBE] event ok.
04-29 15:55:20.880  1933  2056 D LEMON   : 15:55:20.880 ZOS: INFO: fsm(MRF_SUBS) subs@[18] state <IDLE> to <SUBS_OUT>.
04-29 15:55:20.880  1933  2056 D LEMON   : 15:55:20.880 MSF: DEBUG: comp<MRF> proc comp evnt.
04-29 15:55:20.883  1383  1383 I Telephony: AccountEntry: updateVideoPauseSupport -- mcc/mnc for sub: {id=2, iccId=89918720400000103547 simSlotIndex=0 displayName=Jio carrierName=Jio nameSource=0 iconTint=-16746133 dataRoaming=0 iconBitmap=android.graphics.Bitmap@ea95a68 mcc 405 mnc 872}
04-29 15:55:20.902   267   485 E         : drm_ntp: recvfrom receivebytes=48
04-29 15:55:20.927   267   485 E         : drm_ntp: pollingNTPTime: set delta to 0
04-29 15:55:20.927   267   485 E         : drm_ntp: quit polling NTP time!
04-29 15:55:20.936  1383  1383 I Telephony: AccountEntry: Registered phoneAccount: [[ ] PhoneAccount: ComponentInfo{com.android.phone/com.android.services.telephony.TelephonyConnectionService}, [5a8e5a546a7f7357b6b5ea2b9f44c04ff559e337], UserHandle{0} Capabilities: 62 Schemes: tel voicemail ] with handle: ComponentInfo{com.android.phone/com.android.services.telephony.TelephonyConnectionService}, [5a8e5a546a7f7357b6b5ea2b9f44c04ff559e337], UserHandle{0}
04-29 15:55:20.936  1383  1383 I Telephony: PstnIncomingCallNotifier: Registering: Handler (com.android.internal.telephony.gsm.GSMPhone) {607fb25}
04-29 15:55:20.942  1383  1383 D Telephony: PstnPhoneCapabilitiesNotifier: Registering: Handler (com.android.internal.telephony.gsm.GSMPhone) {607fb25}
04-29 15:55:20.943  1383  1383 D Telephony: TelecomAccountRegistry: Phone with subscription id -3
04-29 15:55:20.967  1383  1383 D Telephony: PstnPhoneCapabilitiesNotifier: handleVideoCapabilitesChanged. Video capability - false
04-29 15:55:21.111  1933  2058 D LEMON   : 15:55:21.111 UTPT: INFO: recv udp data(len:630) from [2405:200:330:1581::1b:32920].
04-29 15:55:21.111  1933  2058 D LEMON   : 15:55:21.111 SIP: INFO: tpt utpt[1] of conn<0x20007> report data message<0xa2c0ceb0> ok.
04-29 15:55:21.111  1933  2891 D LEMON   : 15:55:21.111 SIP: INFO: module process tpt event.
04-29 15:55:21.111  1933  2891 D LEMON   : 15:55:21.111 SIP: INFO: tpt conn<0x20007> process data message<0xa2c0ceb0>.
04-29 15:55:21.111  1933  2891 D LEMON   : 15:55:21.111 SIP: INFO: 
04-29 15:55:21.111  1933  2891 D LEMON   : data length: 630
04-29 15:55:21.111  1933  2891 D LEMON   : data content[text]:
04-29 15:55:21.111  1933  2891 D LEMON   : ~~~~~~~~~~~~~~~~~~~~~~~~~~~~~~~~~~~~~~~~~~~~~~
04-29 15:55:21.111  1933  2891 D LEMON   : SIP/2.0 200 OK
04-29 15:55:21.111  1933  2891 D LEMON   : f:<sip:+917011021569@ims.mnc872.mcc405.3gppnetwork.org>;tag=-t.-J0deoMhinod59eRC0LC321
04-29 15:55:21.111  1933  2891 D LEMON   : t:<sip:+917011021569@ims.mnc872.mcc405.3gppnetwork.org>;tag=1544821200
04-29 15:55:21.111  1933  2891 D LEMON   : i:bgx3adeoMhinod59eRC0LB321i@[2405:204:1803:1f53::251a:e0ad]
04-29 15:55:21.111  1933  2891 D LEMON   : CSeq:1 SUBSCRIBE
04-29 15:55:21.111  1933  2891 D LEMON   : v:SIP/2.0/UDP [2405:204:1803:1f53::251a:e0ad]:5255;branch=z9hG4bK1jbgx3adeoMhinod59eRC0LD32;rport=36862;received=2405:204:1803:1f53::251a:e0ad
04-29 15:55:21.111  1933  2891 D LEMON   : Expires:86400
04-29 15:55:21.111  1933  2891 D LEMON   : m:<sip:dl1scfx1501mw.ims.mnc872.mcc405.3gppnetwork.org:5090;lskpmc=S5K>
04-29 15:55:21.111  1933  2891 D LEMON   : Record-Route:<sip:[2405:200:330:1581::1b]:5067;routing_id=pcscf_a_side;lskpmc=P9J;lr;serv_user=[2405:204:1803:1f53::251a:e0ad]:36862>
04-29 15:55:21.111  1933  2891 D LEMON   : l:0
04-29 15:55:21.111  1933  2891 D LEMON   : 
04-29 15:55:21.111  1933  2891 D LEMON   : 
04-29 15:55:21.111  1933  2891 D LEMON   : ~~~~~~~~~~~~~~~~~~~~~~~~~~~~~~~~~~~~~~~~~~~~~~
04-29 15:55:21.112  1933  2058 D LEMON   : 15:55:21.112 UTPT: INFO: recv udp data(len:2058) from [2405:200:330:1581::1b:32920].
04-29 15:55:21.112  1933  2058 D LEMON   : 15:55:21.112 SIP: INFO: tpt utpt[1] of conn<0x20007> report data message<0xa2c0ad5c> ok.
04-29 15:55:21.112  1933  2891 D LEMON   : 15:55:21.112 SIP: INFO: module TptMsgProc process incoming event.
04-29 15:55:21.112  1933  2891 D LEMON   : 15:55:21.112 SIP: INFO: trans TransPreProcEvnt preprocess old trans event.
04-29 15:55:21.112  1933  2891 D LEMON   : 15:55:21.112 ZOS: WARN: BkFromId invalid id[0x80010002].
04-29 15:55:21.112  1933  2891 D LEMON   : 15:55:21.112 ZOS: DEBUG: Page 32768/256, Slot 1/2
04-29 15:55:21.112  1933  2891 D LEMON   : 15:55:21.112 SIP: INFO: trans @10008 process response <SUBSCRIBE:200>.
04-29 15:55:21.112  1933  2891 D LEMON   : 15:55:21.112 SIP: INFO: module stop tmr<0x1D> [TIMER E] ok.
04-29 15:55:21.112  1933  2891 D LEMON   : 15:55:21.112 SIP: INFO: module stop tmr<0x1E> [TIMER F] ok.
04-29 15:55:21.112  1933  2891 D LEMON   : 15:55:21.112 SIP: INFO: trans @10008 report event [RECV 2XX].
04-29 15:55:21.112  1933  2891 D LEMON   : 15:55:21.112 SIP: INFO: module start tmr<0x1F> [TIMER K] <17000ms> ok.
04-29 15:55:21.112  1933  2891 D LEMON   : 15:55:21.112 ZOS: INFO: fsm(SIP_NICT) trans@[65544] state <TRYING> run [RECV_2XX] event ok.
04-29 15:55:21.112  1933  2891 D LEMON   : 15:55:21.112 ZOS: INFO: fsm(SIP_NICT) trans@[65544] state <TRYING> to <COMPLETED>.
04-29 15:55:21.112  1933  2891 D LEMON   : 15:55:21.112 SIP: INFO: module TptMsgProc process event queue.
04-29 15:55:21.112  1933  2891 D LEMON   : 15:55:21.112 SIP: INFO: core event queue process the next event.
04-29 15:55:21.113  1933  2891 D LEMON   : 15:55:21.113 SIP: INFO: core sess@20003 UacProcDamCnf process.
04-29 15:55:21.113  1933  2891 D LEMON   : 15:55:21.113 SIP: INFO: dlg DlgProcEvnt preprocess subscription event.
04-29 15:55:21.113  1933  2891 D LEMON   : 15:55:21.113 SIP: INFO: dlg sub@80010005 process event [RECV SUBS RSP].
04-29 15:55:21.113  1933  2891 D LEMON   : 15:55:21.113 SIP: INFO: dlg sub@80010005 process response <SUBSCRIBE:200>.
04-29 15:55:21.113  1933  2891 D LEMON   : 15:55:21.113 SIP: INFO: module start tmr<0x1C> [TIMER SUBS] <86400000ms> ok.
04-29 15:55:21.113  1933  2891 D LEMON   : 15:55:21.113 SIP: INFO: dlg sub@80010005 report event.
04-29 15:55:21.113  1933  2891 D LEMON   : 15:55:21.113 SIP: INFO: core report event [DAM CNF].
04-29 15:55:21.113  1933  2891 D LEMON   : 15:55:21.113 SIP: INFO: core -->comp@2878355864 evnt@11 method@7.
04-29 15:55:21.113  1933  2891 D LEMON   : 15:55:21.113 SIP: INFO: core -->upper sess@20003 <----> sess user id@12.
04-29 15:55:21.113  1933  2891 D LEMON   : 15:55:21.113 SIP: INFO: core -->upper dlg@80010005 <----> dlg user id@ffffffff.
04-29 15:55:21.113  1933  2891 D LEMON   : 15:55:21.113 SIP: INFO: core -->upper trans@10008 <----> trans user id@0.
04-29 15:55:21.114  1933  2056 D LEMON   : 15:55:21.113 MRF: INFO: CompProcRsp recv subs rsp<200>
04-29 15:55:21.114  1933  2056 D LEMON   : 15:55:21.114 MRF: INFO: subs process [DAM CNF].
04-29 15:55:21.114  1933  2056 D LEMON   : 15:55:21.114 ZOS: INFO: fsm(MRF_SUBS) subs@[18] state <SUBS_OUT> run [DAM CNF] event ok.
04-29 15:55:21.114  1933  2056 D LEMON   : 15:55:21.114 ZOS: INFO: fsm(MRF_SUBS) subs@[18] state <SUBS_OUT> to <CONFIRMED>.
04-29 15:55:21.114  1933  2056 D LEMON   : 15:55:21.114 MSF: DEBUG: comp<MRF> proc evnt.
04-29 15:55:21.114  1933  2056 D LEMON   : 15:55:21.114 SIP: INFO: module MsgDelete msg 0xa22c585c.
04-29 15:55:21.115  1933  2891 D LEMON   : 15:55:21.115 SIP: INFO: core sess@20003 UaReportDamCnf report.
04-29 15:55:21.116  1933  2891 D LEMON   : 15:55:21.116 ZOS: INFO: fsm(SIP_SUBS) subs@[2147549189] state <SUBS_OUT> run [RECV_SUBS_RSP] event ok.
04-29 15:55:21.116  1933  2891 D LEMON   : 15:55:21.116 ZOS: INFO: fsm(SIP_SUBS) subs@[2147549189] state <SUBS_OUT> to <CONFIRMED>.
04-29 15:55:21.116  1933  2891 D LEMON   : 15:55:21.116 SIP: INFO: core event queue process the last event.
04-29 15:55:21.116  1933  2891 D LEMON   : 15:55:21.116 SIP: INFO: module MsgDelete msg 0xa22c585c.
04-29 15:55:21.116  1933  2891 D LEMON   : 15:55:21.116 SIP: INFO: module MsgDelete msg 0xa22c585c.
04-29 15:55:21.116  1933  2891 D LEMON   : 15:55:21.116 SIP: INFO: module TptMsgProc check tpt alive.
04-29 15:55:21.116  1933  2891 D LEMON   : 15:55:21.116 SIP: INFO: tpt conn<0x20007> expires is 0.
04-29 15:55:21.116  1933  2891 D LEMON   : 15:55:21.116 SIP: INFO: module process tpt event.
04-29 15:55:21.116  1933  2891 D LEMON   : 15:55:21.116 SIP: INFO: tpt conn<0x20007> process data message<0xa2c0ad5c>.
04-29 15:55:21.116  1933  2891 D LEMON   : 15:55:21.116 SIP: INFO: 
04-29 15:55:21.116  1933  2891 D LEMON   : data length: 2058
04-29 15:55:21.116  1933  2891 D LEMON   : data content[text]:
04-29 15:55:21.116  1933  2891 D LEMON   : ~~~~~~~~~~~~~~~~~~~~~~~~~~~~~~~~~~~~~~~~~~~~~~
04-29 15:55:21.116  1933  2891 D LEMON   : NOTIFY sip:405872000010354@[2405:204:1803:1f53::251a:e0ad]:5255 SIP/2.0
04-29 15:55:21.116  1933  2891 D LEMON   : v:SIP/2.0/UDP [2405:200:330:1581::1b]:5067;branch=z9hG4bK_IMSCL1550631.000_60512d2cc156a2d007cae5869b8c5c0b;lskpmc=P9J
04-29 15:55:21.116  1933  2891 D LEMON   : Record-Route:<sip:[2405:200:330:1581::1b]:5067;routing_id=pcscf_a_side;lskpmc=P9J;lr>
04-29 15:55:21.116  1933  2891 D LEMON   : f:<sip:+917011021569@ims.mnc872.mcc405.3gppnetwork.org>;tag=1544821200
04-29 15:55:21.116  1933  2891 D LEMON   : t:<sip:+917011021569@ims.mnc872.mcc405.3gppnetwork.org>;tag=-t.-J0deoMhinod59eRC0LC321
04-29 15:55:21.116  1933  2891 D LEMON   : o:reg
04-29 15:55:21.116  1933  2891 D LEMON   : i:bgx3adeoMhinod59eRC0LB321i@[2405:204:1803:1f53::251a:e0ad]
04-29 15:55:21.116  1933  2891 D LEMON   : Subscription-State:active
04-29 15:55:21.116  1933  2891 D LEMON   : CSeq:1 NOTIFY
04-29 15:55:21.116  1933  2891 D LEMON   : c:application/reginfo+xml
04-29 15:55:21.116  1933  2891 D LEMON   : m:<sip:dl1scfx1501mw.ims.mnc872.mcc405.3gppnetwork.org:5090;lskpmc=S5K>
04-29 15:55:21.116  1933  2891 D LEMON   : Max-Forwards:68
04-29 15:55:21.116  1933  2891 D LEMON   : l:1380
04-29 15:55:21.116  1933  2891 D LEMON   : 
04-29 15:55:21.116  1933  2891 D LEMON   : <?xml version="1.0"?><reginfo xmlns="urn:ietf:params:xml:ns:reginfo" xmlns:gr="urn:ietf:params:xml:ns:gruuinfo" xmlns:xsi="http://www.w3.org/2001/XMLSchema-instance" xmlns:ere="urn:3gpp:ns:extRegExp:1.0" xmlns:cp="urn:ietf:params:xml:ns:common-policy" xmlns:eri="urn:3gpp:ns:extRegInfo:1.0" version="0" state="full"><registration aor="sip:+917011021569@ims.mnc872.mcc405.3gppnetwork.org" id="5eb69dca5K1461851269175839" state="active"><contact id="5K1461851269175839" state="active" event="created"><uri>sip:405872000010354@[2405:204:1803:1f53::251a:e0ad]:5255;transport=udp</uri><unknown-param name="+sip.instance">"&lt;urn:gsma:imei:86740002-050381-3&gt;"</unknown-param><unknown-param name="+g.3gpp.icsi-ref">urn%%3Aurn-7%%3A3gpp-service.ims.icsi.mmtel</unknown-param><unknown-param name="video"/><unknown-param name="+g.3gpp.smsip"/></contact></registration><registration aor="tel:+917011021569" id="0b595c965K1461851269175839" state="active"><contact id="5K1461851269175839" state="active" event="created"><uri>sip:405872000010354@[2405:204:1803:1f53::251a:e0ad]:5255;transport=udp</uri><unknown-param name="+sip.instance">"&lt;urn:gsma:imei:86740002-050381-3&gt;"</unknown-param><unknown-param name="+g.3gpp.icsi-ref">urn%%3Aurn-7%%3A3gpp-service.ims.icsi.mmtel</unknown-param><unknown-param name="video"/><unknown-param name="+g.3gpp.smsip"/></contact></registration></reginfo>
04-29 15:55:21.116  1933  2891 D LEMON   : ~~~~~~~~~~~~~~~~~~~~~~~~~~~~~~~~~~~~~~~~~~~~~~
04-29 15:55:21.117  1933  2891 D LEMON   : 15:55:21.117 SIP: INFO: module TptMsgProc process incoming event.
04-29 15:55:21.117  1933  2891 D LEMON   : 15:55:21.117 SIP: INFO: trans TransPreProcEvnt preprocess new trans event.
04-29 15:55:21.117  1933  2891 D LEMON   : 15:55:21.117 ZOS: INFO: qtimer create task<0xB> timer<34> ok.
04-29 15:55:21.117  1933  2891 D LEMON   : 15:55:21.117 SIP: INFO: module create tmr<0x22> [TIMER J] ok.
04-29 15:55:21.117  1933  2891 D LEMON   : 15:55:21.117 ZOS: INFO: qtimer create task<0xB> timer<35> ok.
04-29 15:55:21.117  1933  2891 D LEMON   : 15:55:21.117 SIP: INFO: module create tmr<0x23> [TIMER C] ok.
04-29 15:55:21.117  1933  2891 D LEMON   : 15:55:21.117 SIP: INFO: trans @10009 created.
04-29 15:55:21.117  1933  2891 D LEMON   : 15:55:21.117 SIP: INFO: trans TransNewPreProcEvnt trans create.
04-29 15:55:21.117  1933  2891 D LEMON   : 15:55:21.117 SIP: INFO: trans @10009 process request <NOTIFY>.
04-29 15:55:21.117  1933  2891 D LEMON   : 15:55:21.117 SIP: INFO: module start tmr<0x23> [TIMER C] <200000ms> ok.
04-29 15:55:21.118  1933  2891 D LEMON   : 15:55:21.118 SIP: INFO: trans @10009 report event [RECV NONINVITE].
04-29 15:55:21.118  1933  2891 D LEMON   : 15:55:21.118 ZOS: INFO: fsm(SIP_NIST) trans@[65545] state <IDLE> run [RECV_NONINVITE] event ok.
04-29 15:55:21.118  1933  2891 D LEMON   : 15:55:21.118 ZOS: INFO: fsm(SIP_NIST) trans@[65545] state <IDLE> to <TRYING>.
04-29 15:55:21.118  1933  2891 D LEMON   : 15:55:21.118 SIP: INFO: module TptMsgProc process event queue.
04-29 15:55:21.118  1933  2891 D LEMON   : 15:55:21.118 SIP: INFO: core event queue process the next event.
04-29 15:55:21.118  1933  2891 D LEMON   : 15:55:21.118 SIP: INFO: dlg DlgProcEvnt preprocess subscription event.
04-29 15:55:21.118  1933  2891 D LEMON   : 15:55:21.118 SIP: INFO: dlg sub@80010005 process event [RECV NTFY].
04-29 15:55:21.118  1933  2891 D LEMON   : 15:55:21.118 SIP: INFO: dlg sub@80010005 process request <NOTIFY>.
04-29 15:55:21.118  1933  2891 D LEMON   : 15:55:21.118 SIP: INFO: module stop tmr<0x1C> [TIMER SUBS] ok.
04-29 15:55:21.118  1933  2891 D LEMON   : 15:55:21.118 SIP: INFO: dlg sub@80010005 report event.
04-29 15:55:21.118  1933  2891 D LEMON   : 15:55:21.118 SIP: INFO: core report event [DAM IND].
04-29 15:55:21.118  1933  2891 D LEMON   : 15:55:21.118 SIP: INFO: core -->comp@2878355864 evnt@12 method@8.
04-29 15:55:21.118  1933  2891 D LEMON   : 15:55:21.118 SIP: INFO: core -->upper sess@20003 <----> sess user id@12.
04-29 15:55:21.118  1933  2891 D LEMON   : 15:55:21.118 SIP: INFO: core -->upper dlg@80010005 <----> dlg user id@ffffffff.
04-29 15:55:21.118  1933  2891 D LEMON   : 15:55:21.118 SIP: INFO: core -->upper trans@10009 <----> trans user id@ffffffff.
04-29 15:55:21.118  1933  2056 D LEMON   : 15:55:21.118 MRF: INFO: subs process [DAM IND].
04-29 15:55:21.118  1933  2056 D LEMON   : 15:55:21.118 SIP: INFO: module MsgCreate dbuf 0xa2c0cf10 msg 0xa22c645c.
04-29 15:55:21.119  1933  2056 D LEMON   : 15:55:21.118 MSF: INFO: TmrStop stop <18> [WAIT NOTIFY] ok.
04-29 15:55:21.119  1933  2056 D LEMON   : 15:55:21.119 MRF: INFO: endp notify [FSM SUBSCRIBE NOTIFY].
04-29 15:55:21.119  1933  2056 D LEMON   : 15:55:21.119 MSF: INFO: TmrStart start <0x0018> timer [SUBS REFRESH] 85800s ok.
04-29 15:55:21.119  1933  2056 D LEMON   : 15:55:21.119 ZOS: INFO: fsm(MRF_SUBS) subs@[18] state <CONFIRMED> run [DAM IND] event ok.
04-29 15:55:21.119  1933  2056 D LEMON   : 15:55:21.119 MSF: DEBUG: comp<MRF> proc evnt.
04-29 15:55:21.119  1933  2056 D LEMON   : 15:55:21.119 MSF: INFO: event queue run event.
04-29 15:55:21.119  1933  2056 D LEMON   : 15:55:21.119 MRF: INFO: register [17] process [FSM SUBSCRIBE NOTIFY].
04-29 15:55:21.119  1933  2056 D LEMON   : 15:55:21.119 ZOS: INFO: fsm(MRF_REG) reg@[17] state <REGED> run [FSM SUBSCRIBE NOTIFY] event ok.
04-29 15:55:21.119  1933  2056 D LEMON   : 15:55:21.119 SIP: INFO: module MsgDelete msg 0xa22c5050.
04-29 15:55:21.120  1933  2891 D LEMON   : 15:55:21.120 SIP: INFO: core sess@20003 UaReportDamInd report.
04-29 15:55:21.120  1933  2891 D LEMON   : 15:55:21.120 ZOS: INFO: fsm(SIP_SUBS) subs@[2147549189] state <CONFIRMED> run [RECV_NTFY] event ok.
04-29 15:55:21.120  1933  2891 D LEMON   : 15:55:21.120 SIP: INFO: core event queue process the last event.
04-29 15:55:21.120  1933  2891 D LEMON   : 15:55:21.120 SIP: INFO: module MsgDelete msg 0xa22c5050.
04-29 15:55:21.120  1933  2891 D LEMON   : 15:55:21.120 SIP: INFO: module MsgDelete msg 0xa22c5050.
04-29 15:55:21.120  1933  2891 D LEMON   : 15:55:21.120 SIP: INFO: module TptMsgProc check tpt alive.
04-29 15:55:21.121  1933  2891 D LEMON   : 15:55:21.121 SIP: INFO: tpt conn<0x20007> expires is 0.
04-29 15:55:21.121  1933  2891 D LEMON   : 15:55:21.121 SIP: INFO: module process user event.
04-29 15:55:21.121  1933  2891 D LEMON   : 15:55:21.121 SIP: INFO: core process event [DAM RSP].
04-29 15:55:21.121  1933  2891 D LEMON   : 15:55:21.121 SIP: INFO: core -->me comp@2878355864 evnt@30 method@8.
04-29 15:55:21.121  1933  2891 D LEMON   : 15:55:21.121 SIP: INFO: core -->me sess@20003 <----> sess user id@12.
04-29 15:55:21.121  1933  2891 D LEMON   : 15:55:21.121 SIP: INFO: core -->me dlg@80010005 <----> dlg user id@12.
04-29 15:55:21.121  1933  2891 D LEMON   : 15:55:21.121 SIP: INFO: core -->me trans@10009 <----> trans user id@ffffffff.
04-29 15:55:21.121  1933  2891 D LEMON   : 15:55:21.121 SIP: INFO: core UaSEvntToMEvnt exist sess.
04-29 15:55:21.121  1933  2891 D LEMON   : 15:55:21.121 SIP: INFO: core UaSEvntToMEvnt tpt type<1> [2405:204:1803:1f53::251a:e0ad]:36862 -> [2405:200:330:1581::1b]:5067.
04-29 15:55:21.121  1933  2891 D LEMON   : 15:55:21.121 SIP: INFO: core sess@20003 UasProcDamRsp process.
04-29 15:55:21.121  1933  2891 D LEMON   : 15:55:21.121 SIP: INFO: dlg DlgProcEvnt preprocess subscription event.
04-29 15:55:21.121  1933  2891 D LEMON   : 15:55:21.121 SIP: INFO: dlg sub@80010005 process event [NTFY RSP].
04-29 15:55:21.121  1933  2891 D LEMON   : 15:55:21.121 SIP: INFO: dlg sub@80010005 process response <NOTIFY:200>.
04-29 15:55:21.121  1933  2891 D LEMON   : 15:55:21.121 SIP: INFO: dlg sub@80010005 SubsdCnfOnNtfyRsp notify event to trans.
04-29 15:55:21.121  1933  2891 D LEMON   : 15:55:21.121 SIP: INFO: dlg @20004 notify event [SEND 2XX].
04-29 15:55:21.121  1933  2891 D LEMON   : 15:55:21.121 ZOS: INFO: fsm(SIP_SUBS) subs@[2147549189] state <CONFIRMED> run [NTFY_RSP] event ok.
04-29 15:55:21.121  1933  2891 D LEMON   : 15:55:21.121 SIP: INFO: module MsgDelete msg 0xa22c645c.
04-29 15:55:21.121  1933  2891 D LEMON   : 15:55:21.121 SIP: INFO: module CoreSessMsgProc process event queue.
04-29 15:55:21.121  1933  2891 D LEMON   : 15:55:21.121 SIP: INFO: core event queue process the next event.
04-29 15:55:21.121  1933  2891 D LEMON   : 15:55:21.121 SIP: INFO: trans @10009 process response <NOTIFY:200>.
04-29 15:55:21.122  1933  2891 D LEMON   : 15:55:21.122 SIP: INFO: 
04-29 15:55:21.122  1933  2891 D LEMON   : data length: 514
04-29 15:55:21.122  1933  2891 D LEMON   : data content[text]:
04-29 15:55:21.122  1933  2891 D LEMON   : ~~~~~~~~~~~~~~~~~~~~~~~~~~~~~~~~~~~~~~~~~~~~~~
04-29 15:55:21.122  1933  2891 D LEMON   : SIP/2.0 200 OK
04-29 15:55:21.122  1933  2891 D LEMON   : From: <sip:+917011021569@ims.mnc872.mcc405.3gppnetwork.org>;tag=1544821200
04-29 15:55:21.122  1933  2891 D LEMON   : To: <sip:+917011021569@ims.mnc872.mcc405.3gppnetwork.org>;tag=-t.-J0deoMhinod59eRC0LC321
04-29 15:55:21.122  1933  2891 D LEMON   : Supported: path,gruu,outbound
04-29 15:55:21.122  1933  2891 D LEMON   : Call-ID: bgx3adeoMhinod59eRC0LB321i@[2405:204:1803:1f53::251a:e0ad]
04-29 15:55:21.122  1933  2891 D LEMON   : CSeq: 1 NOTIFY
04-29 15:55:21.122  1933  2891 D LEMON   : Max-Forwards: 70
04-29 15:55:21.122  1933  2891 D LEMON   : Server: VoWIFI/WFC UA
04-29 15:55:21.122  1933  2891 D LEMON   : Via: SIP/2.0/UDP [2405:200:330:1581::1b]:5067;branch=z9hG4bK_IMSCL1550631.000_60512d2cc156a2d007cae5869b8c5c0b;lskpmc=P9J;received=2405:200:330:1581::1b
04-29 15:55:21.122  1933  2891 D LEMON   : Content-Length: 0
04-29 15:55:21.122  1933  2891 D LEMON   : 
04-29 15:55:21.122  1933  2891 D LEMON   : 
04-29 15:55:21.122  1933  2891 D LEMON   : ~~~~~~~~~~~~~~~~~~~~~~~~~~~~~~~~~~~~~~~~~~~~~~
04-29 15:55:21.123  1933  2891 D LEMON   : 15:55:21.123 UTPT: INFO: conn[0x4] send data[514] to [2405:200:330:1581::1b:5067] ok.
04-29 15:55:21.123  1933  2891 D LEMON   : 15:55:21.123 SIP: INFO: tpt conn<0x10008> send message ok.
04-29 15:55:21.123  1933  2891 D LEMON   : 15:55:21.123 SIP: INFO: module stop tmr<0x23> [TIMER C] ok.
04-29 15:55:21.123  1933  2891 D LEMON   : 15:55:21.123 SIP: INFO: module start tmr<0x22> [TIMER J] <128000ms> ok.
04-29 15:55:21.123  1933  2891 D LEMON   : 15:55:21.123 ZOS: INFO: fsm(SIP_NIST) trans@[65545] state <TRYING> run [SEND_2XX] event ok.
04-29 15:55:21.123  1933  2891 D LEMON   : 15:55:21.123 ZOS: INFO: fsm(SIP_NIST) trans@[65545] state <TRYING> to <COMPLETED>.
04-29 15:55:21.123  1933  2891 D LEMON   : 15:55:21.123 SIP: INFO: core event queue process the last event.
04-29 15:55:21.123  1933  2891 D LEMON   : 15:55:21.123 SIP: INFO: module MsgDelete msg 0xa22c645c.
04-29 15:55:21.365   282   363 D phoneserver: rsrp[0]=-255,rscp[0]=255,rxlev[0]=11 ind_str= 
04-29 15:55:21.365   282   363 D phoneserver: +CESQ: 11,99,255,255,255,-255
04-29 15:55:21.579  1163  1337 D WifiNetworkMonitor: EVENT_WIFI_RSSI_CHANGED
04-29 15:55:21.806   216   461 D WCND    : is_cp2_alive_ok: open polling interface: /proc/mdbg/loopcheck, fd = 13
04-29 15:55:21.907   216   461 D WCND    : is_cp2_alive_ok: loop: /proc/mdbg/loopcheck is OK
04-29 15:55:22.365   282   363 D phoneserver: rsrp[0]=-255,rscp[0]=255,rxlev[0]=11 ind_str= 
04-29 15:55:22.365   282   363 D phoneserver: +CESQ: 11,99,255,255,255,-255
04-29 15:55:22.609  1163  1320 D AlarmManagerService: set alarm to kernel: 43235.825000000, type=2 
04-29 15:55:22.705  1428  1428 D NetworkController.MobileSignalController(2): getLabel[0]: Jio color = -1
04-29 15:55:22.706  1428  1428 D PhoneStatusBar: label = Jio
04-29 15:55:22.707  1428  1428 D SystemUIPluginsHelper: level = 3
04-29 15:55:22.707  1428  1428 D SystemUIPluginsHelper: level = 3
04-29 15:55:22.707  1428  1428 D SystemUIPluginsHelper: level = 3
