04-29 15:54:54.839  1383  1383 D FastDial: fastDialManager onChange: false
04-29 15:54:54.862  1516  1803 D FSA0    : setIsSyncable: Account {name=SIM1, type=sprd.com.android.account.usim} 1
04-29 15:54:54.991  2626  2626 W System  : ClassLoader referenced unknown path: /system/app/Music/lib/arm
04-29 15:54:55.108   267   485 E         : drm_ntp:connecting to ntp server
04-29 15:54:55.109   267   485 E         : drm_ntp: CreateNtpClientSockfd sockfd=10
04-29 15:54:55.115   267   485 E         : drm_ntp: get hostname 2.jp.pool.ntp.org address info failed! No address associated with hostname
04-29 15:54:55.115   267   485 E         : drm_ntp: sleep 2s and reconnect...
04-29 15:54:55.419  2640  2640 D AddonManager: -> manageFeatureList: The Plugin of <com.android.gallery3d> is <PackageInfo{8b1a19c com.sprd.drmgalleryplugin}> .
04-29 15:54:55.419  2640  2640 D AddonManager: -> manageFeatureList: The Plugin of <com.android.gallery3d> is <PackageInfo{d8787a5 com.sprd.drmvideoplugin}> .
04-29 15:54:55.420  2640  2640 D AddonManager: -> getAddon: featureClassName:com.sprd.drmgalleryplugin.app.AddonGalleryAppImpl
04-29 15:54:55.421  2640  2640 I AddonManager: -> getAddon,The classloader of defClazz is dalvik.system.PathClassLoader[DexPathList[[zip file "/system/app/Gallery2/Gallery2.apk"],nativeLibraryDirectories=[/system/app/Gallery2/lib/arm, /system/app/Gallery2/Gallery2.apk!/lib/armeabi-v7a, /vendor/lib, /system/lib]]]
04-29 15:54:55.425  2640  2640 D AddonManager: ->getAddon, createAddon pkg: PackageInfo{8b1a19c com.sprd.drmgalleryplugin}, clazz: class com.sprd.drmgalleryplugin.app.AddonGalleryAppImpl, classloader:dalvik.system.PathClassLoader[DexPathList[[zip file "/system/app/GalleryDrm/GalleryDrm.apk"],nativeLibraryDirectories=[/vendor/lib, /system/lib]]]
04-29 15:54:55.429  2640  2640 D AddonManager: ->createAddon, wantedClass <class com.sprd.drmgalleryplugin.app.AddonGalleryAppImpl>, pluginContext: android.app.ContextImpl@ca7377a
04-29 15:54:55.453  1163  1335 D WifiStateMachine: Disconnected CMD_START_SCAN source -2 3, 4 -> obsolete
04-29 15:54:55.629   411   435 E SLOG    : reload: slog reload. [0]
04-29 15:54:55.635   411   411 E SLOG    : sig_handler1: get a signal 15, exit(0). [2]
04-29 15:54:55.661  2653  2653 E SLOG    : main: slog begin to work. [2]
04-29 15:54:55.662  2653  2653 E SLOG    : handle_slog_property: slog.step = 1, slog.reload = 1 [2]
04-29 15:54:55.662  2653  2653 E SLOG    : handle_kmemleak: handle_kmemleak: off
04-29 15:54:55.662  2653  2653 E SLOG    :  [2]
04-29 15:54:55.663  2653  2653 E SLOG    : init_external_storage: the external storage : /storage/2CEB-18E7/slog [2]
04-29 15:54:55.663  2653  2653 E SLOG    : handle_top_logdir: slog use external storage [2]
04-29 15:54:55.843  1383  2675 D FastDial: mContactId: null      null      null     2
04-29 15:54:55.843  1383  2675 D FastDial: mContactId: null      null      null     3
04-29 15:54:55.843  1383  2675 D FastDial: mContactId: null      null      null     4
04-29 15:54:55.843  1383  2675 D FastDial: mContactId: null      null      null     5
04-29 15:54:55.843  1383  2675 D FastDial: mContactId: null      null      null     6
04-29 15:54:55.843  1383  2675 D FastDial: mContactId: null      null      null     7
04-29 15:54:55.843  1383  2675 D FastDial: mContactId: null      null      null     8
04-29 15:54:55.843  1383  2675 D FastDial: mContactId: null      null      null     9
04-29 15:54:56.015  1163  1372 D LIGHTS  : file:vendor/sprd/open-source/libs/liblights/lights.c, func:set_light_backlight, brightness=8
04-29 15:54:56.015  1163  1372 E LIGHTS  : file:vendor/sprd/open-source/libs/liblights/lights.c, func:write_int, path=/sys/class/backlight/sprd_backlight/brightness, value=8
04-29 15:54:56.016   462   546 D ENGPC   : parse_event: event { 'change', '/devices/40260000.sprd_pwm_bl/backlight/sprd_backlight', 'backlight', '' }
04-29 15:54:56.016   292   508 D ENGPC   : parse_event: event { 'change', '/devices/40260000.sprd_pwm_bl/backlight/sprd_backlight', 'backlight', '' }
04-29 15:54:56.024   216   461 D WCND    : is_cp2_alive_ok: open polling interface: /proc/mdbg/loopcheck, fd = 13
04-29 15:54:56.033  1163  1372 D LIGHTS  : file:vendor/sprd/open-source/libs/liblights/lights.c, func:set_light_backlight, brightness=12
04-29 15:54:56.033  1163  1372 E LIGHTS  : file:vendor/sprd/open-source/libs/liblights/lights.c, func:write_int, path=/sys/class/backlight/sprd_backlight/brightness, value=12
04-29 15:54:56.034   462   546 D ENGPC   : parse_event: event { 'change', '/devices/40260000.sprd_pwm_bl/backlight/sprd_backlight', 'backlight', '' }
04-29 15:54:56.034   292   508 D ENGPC   : parse_event: event { 'change', '/devices/40260000.sprd_pwm_bl/backlight/sprd_backlight', 'backlight', '' }
04-29 15:54:56.037   212   212 D gralloc.sc8830: fb_post fps = 0.310282
04-29 15:54:56.047  1163  1372 D LIGHTS  : file:vendor/sprd/open-source/libs/liblights/lights.c, func:set_light_backlight, brightness=15
04-29 15:54:56.047  1163  1372 E LIGHTS  : file:vendor/sprd/open-source/libs/liblights/lights.c, func:write_int, path=/sys/class/backlight/sprd_backlight/brightness, value=15
04-29 15:54:56.048   462   546 D ENGPC   : parse_event: event { 'change', '/devices/40260000.sprd_pwm_bl/backlight/sprd_backlight', 'backlight', '' }
04-29 15:54:56.048   292   508 D ENGPC   : parse_event: event { 'change', '/devices/40260000.sprd_pwm_bl/backlight/sprd_backlight', 'backlight', '' }
04-29 15:54:56.064  1163  1372 D LIGHTS  : file:vendor/sprd/open-source/libs/liblights/lights.c, func:set_light_backlight, brightness=18
04-29 15:54:56.064  1163  1372 E LIGHTS  : file:vendor/sprd/open-source/libs/liblights/lights.c, func:write_int, path=/sys/class/backlight/sprd_backlight/brightness, value=18
04-29 15:54:56.065   292   508 D ENGPC   : parse_event: event { 'change', '/devices/40260000.sprd_pwm_bl/backlight/sprd_backlight', 'backlight', '' }
04-29 15:54:56.065   462   546 D ENGPC   : parse_event: event { 'change', '/devices/40260000.sprd_pwm_bl/backlight/sprd_backlight', 'backlight', '' }
04-29 15:54:56.076  1163  1372 D LIGHTS  : file:vendor/sprd/open-source/libs/liblights/lights.c, func:set_light_backlight, brightness=20
04-29 15:54:56.076  1163  1372 E LIGHTS  : file:vendor/sprd/open-source/libs/liblights/lights.c, func:write_int, path=/sys/class/backlight/sprd_backlight/brightness, value=20
04-29 15:54:56.076   292   508 D ENGPC   : parse_event: event { 'change', '/devices/40260000.sprd_pwm_bl/backlight/sprd_backlight', 'backlight', '' }
04-29 15:54:56.076   462   546 D ENGPC   : parse_event: event { 'change', '/devices/40260000.sprd_pwm_bl/backlight/sprd_backlight', 'backlight', '' }
04-29 15:54:56.092  1163  1372 D LIGHTS  : file:vendor/sprd/open-source/libs/liblights/lights.c, func:set_light_backlight, brightness=24
04-29 15:54:56.093  1163  1372 E LIGHTS  : file:vendor/sprd/open-source/libs/liblights/lights.c, func:write_int, path=/sys/class/backlight/sprd_backlight/brightness, value=24
04-29 15:54:56.093   292   508 D ENGPC   : parse_event: event { 'change', '/devices/40260000.sprd_pwm_bl/backlight/sprd_backlight', 'backlight', '' }
04-29 15:54:56.093   462   546 D ENGPC   : parse_event: event { 'change', '/devices/40260000.sprd_pwm_bl/backlight/sprd_backlight', 'backlight', '' }
04-29 15:54:56.101  1659  1659 D wpa_supplicant: wlan0: Control interface command 'SET pno 0'
04-29 15:54:56.101  1659  1659 D wpa_supplicant: CTRL_IFACE SET 'pno'='0'
04-29 15:54:56.102  1659  1659 D wpa_supplicant: wlan0: Control interface command 'SCAN TYPE=ONLY'
04-29 15:54:56.102  1659  1659 D wpa_supplicant: wlan0: Setting scan request: 0.000000 sec
04-29 15:54:56.102  1659  1659 D wpa_supplicant: wlan0: Starting AP scan for wildcard SSID
04-29 15:54:56.102  1659  1659 D wpa_supplicant: wlan0: Add radio work 'scan'@0xb6a590f0
04-29 15:54:56.102  1659  1659 D wpa_supplicant: wlan0: First radio work item in the queue - schedule start immediately
04-29 15:54:56.102  1659  1659 D wpa_supplicant: wlan0: Starting radio work 'scan'@0xb6a590f0 after 0.000092 second wait
04-29 15:54:56.102  1659  1659 D wpa_supplicant: wlan0: nl80211: scan request
04-29 15:54:56.102  1659  1659 D wpa_supplicant: nl80211: Scan SSID - hexdump(len=0): [NULL]
04-29 15:54:56.102  1659  1659 D wpa_supplicant: nl80211: Scan extra IEs - hexdump(len=6): 7f 04 00 00 0a 02
04-29 15:54:56.112  1163  1372 D LIGHTS  : file:vendor/sprd/open-source/libs/liblights/lights.c, func:set_light_backlight, brightness=25
04-29 15:54:56.112  1163  1372 E LIGHTS  : file:vendor/sprd/open-source/libs/liblights/lights.c, func:write_int, path=/sys/class/backlight/sprd_backlight/brightness, value=25
04-29 15:54:56.112   462   546 D ENGPC   : parse_event: event { 'change', '/devices/40260000.sprd_pwm_bl/backlight/sprd_backlight', 'backlight', '' }
04-29 15:54:56.112   292   508 D ENGPC   : parse_event: event { 'change', '/devices/40260000.sprd_pwm_bl/backlight/sprd_backlight', 'backlight', '' }
04-29 15:54:56.128   216   461 D WCND    : is_cp2_alive_ok: loop: /proc/mdbg/loopcheck is OK
04-29 15:54:56.168  1163  1326 D InputReader: processEventsLocked: type=0 Count=2 code=2 value=0 deviceId=1
04-29 15:54:56.218  1428  1428 D KeyguardSecurityView: showNextSecurityScreenOrFinish(false)
04-29 15:54:56.220  1428  1428 D KeyguardViewMediator: keyguardDone(true)
04-29 15:54:56.221  1428  1428 D PhoneStatusBar: disable: < expand ICONS alerts SYSTEM_INFO back HOME RECENT clock SEARCH quick_settings >
04-29 15:54:56.221  1428  1428 D KeyguardViewMediator: handleKeyguardDone
04-29 15:54:56.222  1428  1428 D KeyguardViewMediator: handleHide
04-29 15:54:56.325   268  1309 W audio_hw_primary: [out_set_parameters], kvpairs=routing=2 devices:0x2 mode:0 
04-29 15:54:56.325   268  1309 W audio_hw_primary: the same devices(0x2) with val(0x2) val is zero...
04-29 15:54:56.325   268  1824 I APM::AudioPolicyManager: checkAndSetVolume() stream FM return 10
04-29 15:54:56.325   268  1824 D AudioPolicyManagerSPRD new: startOutput() isVoipSet 0,stream 1,
04-29 15:54:56.327  1428  1428 D PhoneStatusBar: disable: < expand icons* alerts system_info* back HOME RECENT clock SEARCH quick_settings >
04-29 15:54:56.341   268  1309 D audio_hw_primary: start output stream mode:0 devices:2 call_start:0, call_connected:0, is_voip:0, voip_state:0, is_bt_sco:0
04-29 15:54:56.341   268  1309 W audio_hw_primary: i2s_pin_mux_sel in type is 3
04-29 15:54:56.341   268  1309 W audio_hw_primary: i2s_pin_mux_sel in type i-----------2 adev->cp =b601fe10 num = 1  vbc_ctrl_pipe_info = b601a1f8   cp_type = 2
04-29 15:54:56.341   268  1309 W audio_hw_primary: -----in  cpu_index  is 3 
04-29 15:54:56.341   268  1309 W audio_hw_primary: i2s_pin_mux_sel in type i----------i2s_ctl_info->is_switch = 1 
04-29 15:54:56.341   268  1309 E audio_hw_primary: select_devices_signal starting... adev->out_devices 0x2 adev->in_devices 0x0
04-29 15:54:56.341   268  1309 I audio_hw_primary: select_devices_signal finished.
04-29 15:54:56.341   268  1309 W audio_hw_primary: open s_tinycard in
04-29 15:54:56.346   268  1309 W audio_hw_primary: open s_tinycard successfully
04-29 15:54:56.346   268  1306 I audio_hw_primary: Not to change mute: 0
04-29 15:54:56.346   268  1306 I audio_hw_primary: Changing out_devices: from (0xfffffffd) to (0x00000002), Changing in_devices: from (0x00000000) to (0x00000000)
04-29 15:54:56.346   268  1306 W audio_hw_primary: vb_control_parameters.c hp_pa_delay_config 0x0 pa_config:0x210(0x210, 0), 0x2100000(fm)(0x0, 210),  hpPaConfig:0x0(0x0, 0), 0x0(fm)(0x0, 0)
04-29 15:54:56.346   268  1306 W audio_hw_primary: SetAudio_PaConfig_by_devices out, out_devices:0x2, in_devices:0x0
04-29 15:54:56.348   268  1306 I vb_effect: s_cur_out_devices(0x00000002), s_cur_in_devices(0x00000000)
04-29 15:54:56.351   268  1306 I vb_effect: profile is Handsfree, ret=0
04-29 15:54:56.351   268  1306 W audio_hw_primary: GetAudio_gain_by_devices, outmode:3 inmode:3,indev:0x0, outdev:0x2
04-29 15:54:56.351   268  1306 W audio_hw_primary: vb_control_parameters.c pa_config:0x210(0x210, 0), 0x2100000(fm)(0x0, 210),  hpPaConfig:0x0(0x0, 0), 0x0(fm)(0x0, 0)
04-29 15:54:56.351   268  1306 W audio_hw_primary: vb_control_parameters.c GetAudio_outpga_nv, dac_pga_gain_l:0x801807ca fm_pga_gain_l:0x24a fm_pga_gain_r:0x24a vol_level:0x1 
04-29 15:54:56.352   268  1306 W audio_hw_primary: GetAudio_inpga_nv, adc_pga_gain_l:0x903c device:0x0 vol_level:0x1
04-29 15:54:56.352   268  1306 D audio_pga: 'speaker-l' apply
04-29 15:54:56.352   268  1306 D audio_pga: 'speaker-r' apply
04-29 15:54:56.352   268  1306 W audio_hw_primary: SetAudio_gain_by_devices out, out_devices:0x2, in_devices:0x0
04-29 15:54:56.352   268  1306 I audio_hw_primary: stream_routing_thread looping done.
04-29 15:54:56.352   268  1306 I audio_hw_primary: stream_routing_thread looping now...
04-29 15:54:56.373   268  1309 D AudioFlinger: mixer(0xb1880000) throttle end: throttle time(9)
04-29 15:54:56.383  1449  2232 D MediaScannerService: done scanning volume external
04-29 15:54:56.384  1449  2232 D MediaScannerService: start scanning volume external: [/storage/emulated/0]
04-29 15:54:56.384  1449  1449 D MediaScannerService: Runnable: mIndex=3, mRecentId=4
04-29 15:54:56.397  1428  1428 D KeyguardUpdateMonitor: sendKeyguardVisibilityChanged(false)
04-29 15:54:56.397  1428  1428 D KeyguardMusicManager: on stop ...
04-29 15:54:56.398  1428  1428 D KeyguardViewMediator: adjustStatusBarLocked: mShowing=false mOccluded=false isSecure=false --> flags=0x0
04-29 15:54:56.399  1383  1895 D PhoneInterfaceManager: [PhoneIntfMgr] getDataEnabled: subId=2 phoneId=0
04-29 15:54:56.400  1383  1895 D PhoneInterfaceManager: [PhoneIntfMgr] getDataEnabled: subId=2 retVal=true
04-29 15:54:56.400  1428  2031 D TelephonyManager: getDataEnabled: retVal=true
04-29 15:54:56.400  1428  2031 D QSTile.DataConnectionTile: dataConnected = true
04-29 15:54:56.402   268  1309 D AudioFlinger: mixer(0xb1880000) throttle end: throttle time(14)
04-29 15:54:56.411  1449  2232 D MediaProvider: ensureDefaultFolders:externalStoragePaths=[/storage/emulated/0, /storage/2CEB-18E7]mPathType=4
04-29 15:54:56.412  1428  2031 D QSTile.DataConnectionTile: defaultDataSubId = 2 isDefaultDataSimReady = true isDefaultDataStandby = true
04-29 15:54:56.414  1428  2031 D QSTile.LteServiceTile: updateLteEnabledState: primaryCard = 0
04-29 15:54:56.414  1428  2031 D TelephonyManager: getRadioCapbility: ssdaMode=csfb
04-29 15:54:56.414  1428  2031 D TelephonyManager: getRadioCapbility: ssdaMode=csfb
04-29 15:54:56.414  1428  2031 D TelephonyManager: getRadioCapbility: ssdaMode=csfb
04-29 15:54:56.414  1428  2031 D TelephonyManager: getRadioCapbility: ssdaMode=csfb
04-29 15:54:56.414  1428  2031 D TelephonyManager:  getLteEnabled : getITelephony().getLteEnabled()
04-29 15:54:56.415  1383  2283 D RadioTaskManager: getLteEnabled: true
04-29 15:54:56.416  1428  2031 D QSTile.LteServiceTile: updateLteEnabledState: lteEnabled = true, mLteEnabled = true
04-29 15:54:56.439  1428  2031 D QSTile.LteServiceTile: handleUpdateState: mLteEnabled = true isPrimaryCardUsim = true isPrimaryCardReady = true
04-29 15:54:56.447  1428  1428 D KeyguardUpdateMonitor: handleKeyguardVisibilityChanged(0)
04-29 15:54:56.447  1428  1428 D PhoneStatusBar: disable: < expand icons alerts system_info back home* recent* clock search* quick_settings >
04-29 15:54:56.466  1428  2031 D QSVoWifiTile: updateVoWifiEnabledState: vowifiEnabled = true, mVoWifiEnabled = true
04-29 15:54:56.477  1428  2031 D QSVoWifiTile: handleUpdateState: mVoWifiEnabled = true mVoWifiAvailable = true
04-29 15:54:56.595   268  1294 D AudioPolicyManagerSPRD new: stopOutput() isVoipSet 0,stream 1,output size 1
04-29 15:54:56.595   268  1294 I APM::AudioPolicyManager: checkAndSetVolume() stream FM return 10
04-29 15:54:56.699  1659  1659 D wpa_supplicant: Scan requested (ret=0) - scan timeout 30 seconds
04-29 15:54:56.700  1659  1659 D wpa_supplicant: nl80211: Event message available
04-29 15:54:56.700  1659  1659 D wpa_supplicant: nl80211: Ignored event (cmd=33) for foreign interface (ifindex 11 wdev 0x0)
04-29 15:54:56.700  1659  1659 D wpa_supplicant: nl80211: Drv Event 33 (NL80211_CMD_TRIGGER_SCAN) received for wlan0
04-29 15:54:56.700  1659  1659 D wpa_supplicant: wlan0: nl80211: Scan trigger
04-29 15:54:56.700  1659  1659 D wpa_supplicant: wlan0: Event SCAN_STARTED (47) received
04-29 15:54:56.700  1659  1659 D wpa_supplicant: wlan0: Own scan request started a scan in 0.000305 seconds
04-29 15:54:56.710  1659  1659 D wpa_supplicant: nl80211: Event message available
04-29 15:54:56.711  1659  1659 D wpa_supplicant: nl80211: Ignored event (cmd=34) for foreign interface (ifindex 11 wdev 0x0)
04-29 15:54:56.711  1659  1659 D wpa_supplicant: nl80211: Drv Event 34 (NL80211_CMD_NEW_SCAN_RESULTS) received for wlan0
04-29 15:54:56.711  1659  1659 D wpa_supplicant: wlan0: nl80211: New scan results available
04-29 15:54:56.711  1659  1659 D wpa_supplicant: nl80211: Scan probed for SSID ''
04-29 15:54:56.711  1659  1659 D wpa_supplicant: nl80211: Scan included frequencies: 2412 2417 2422 2427 2432 2437 2442 2447 2452 2457 2462 2467 2472 2484
04-29 15:54:56.711  1659  1659 D wpa_supplicant: wlan0: Event SCAN_RESULTS (3) received
04-29 15:54:56.711  1659  1659 D wpa_supplicant: wlan0: Scan completed in 0.010987 seconds
04-29 15:54:56.711  1659  1659 D wpa_supplicant: nl80211: Received scan results (15 BSSes)
04-29 15:54:56.711  1659  1659 D wpa_supplicant: wlan0: BSS: Start scan result update 2
04-29 15:54:56.712  1659  1659 D wpa_supplicant: wlan0: BSS: Add new id 12 BSSID 10:bd:18:08:b5:fd SSID 'vowifi'
04-29 15:54:56.712  1659  1659 D wpa_supplicant: wlan0: BSS: Add new id 13 BSSID 00:0e:8e:56:9d:f2 SSID 'SpirentAP-new'
04-29 15:54:56.712  1659  1659 D wpa_supplicant: wlan0: BSS: Add new id 14 BSSID 06:11:b5:19:50:43 SSID 'CMCC'
04-29 15:54:56.712  1659  1659 D wpa_supplicant: wlan0: BSS: Add new id 15 BSSID 00:66:4b:f9:5d:e0 SSID 'HUAWEI-1017'
04-29 15:54:56.712  1659  1659 D wpa_supplicant: wlan0: BSS: Add new id 16 BSSID 70:10:5c:f8:32:92 SSID 'SPRD_visitor'
04-29 15:54:56.712  1659  1659 D wpa_supplicant: wlan0: BSS: Add new id 17 BSSID 0a:11:b5:19:50:43 SSID 'CMCC-FREE'
04-29 15:54:56.712  1659  1659 D wpa_supplicant: BSS: last_scan_res_used=15/32
04-29 15:54:56.712  1659  1659 D wpa_supplicant: wlan0: Scan-only results received
04-29 15:54:56.713  1659  1659 D wpa_supplicant: wlan0: Radio work 'scan'@0xb6a590f0 done in 0.610260 seconds
04-29 15:54:56.715  1659  1659 D wpa_supplicant: wlan0: Control interface command 'BSS RANGE=0- MASK=0x29d87'
04-29 15:54:56.718  1659  1659 D wpa_supplicant: wlan0: Control interface command 'BSS RANGE=7- MASK=0x29d87'
04-29 15:54:56.721  1659  1659 D wpa_supplicant: wlan0: Control interface command 'BSS RANGE=15- MASK=0x29d87'
04-29 15:54:56.724  1163  1335 D HS20    : Caught java.lang.IllegalArgumentException: Element length 244 exceeds payload length 2 @ 215
04-29 15:54:56.725  1163  1335 D HS20    : Caught java.lang.IllegalArgumentException: Element length 47 exceeds payload length 2 @ 235
04-29 15:54:56.725  1163  1335 D HS20    : Caught java.lang.IllegalArgumentException: Element length 31 exceeds payload length 2 @ 180
04-29 15:54:56.726  1163  1335 D HS20    : Caught java.lang.IllegalArgumentException: Element length 137 exceeds payload length 2 @ 231
04-29 15:54:56.726  1163  1335 D HS20    : Caught java.lang.IllegalArgumentException: Element length 195 exceeds payload length 2 @ 178
04-29 15:54:56.726  1163  1335 D HS20    : Caught java.lang.IllegalArgumentException: Element length 23 exceeds payload length 2 @ 179
04-29 15:54:56.727  1163  1335 D HS20    : Caught java.lang.IllegalArgumentException: Element length 112 exceeds payload length 2 @ 254
04-29 15:54:56.727  1163  1335 D HS20    : Caught java.lang.IllegalArgumentException: Element length 186 exceeds payload length 2 @ 235
04-29 15:54:56.729  1163  1335 D HS20    : Caught java.lang.IllegalArgumentException: Element length 168 exceeds payload length 2 @ 208
04-29 15:54:56.730  1163  1335 D HS20    : Caught java.lang.IllegalArgumentException: Element length 103 exceeds payload length 2 @ 190
04-29 15:54:56.730  1163  1335 D HS20    : Caught java.lang.IllegalArgumentException: Element length 27 exceeds payload length 2 @ 53
04-29 15:54:56.731  1163  1335 D HS20    : Caught java.lang.IllegalArgumentException: Element length 175 exceeds payload length 2 @ 59
04-29 15:54:56.731  1163  1335 D HS20    : Caught java.lang.IllegalArgumentException: Element length 177 exceeds payload length 2 @ 302
04-29 15:54:56.731  1163  1335 D HS20    : Caught java.lang.IllegalArgumentException: Element length 107 exceeds payload length 2 @ 64
04-29 15:54:56.732  1163  1335 D HS20    : Caught java.lang.IllegalArgumentException: Element length 101 exceeds payload length 2 @ 109
04-29 15:54:56.732  1163  1335 D HS20    : Caught java.lang.IllegalArgumentException: Element length 253 exceeds payload length 2 @ 276
04-29 15:54:56.732  1163  1335 D HS20    : Caught java.lang.IllegalArgumentException: Element length 212 exceeds payload length 2 @ 233
04-29 15:54:56.733  1163  1335 D HS20    : Caught java.lang.IllegalArgumentException: Element length 108 exceeds payload length 2 @ 54
04-29 15:54:56.741  1659  1659 D wpa_supplicant: wlan0: Control interface command 'STATUS-NO_EVENTS'
04-29 15:54:56.741  1659  1659 D wpa_supplicant: EAPOL: EAP Session-Id not available
04-29 15:54:56.743  1163  1335 D WifiStateMachine: shouldSwitchNetwork  txSuccessRate=0.00 rxSuccessRate=0.00 delta 1000 -> 1000
04-29 15:54:56.745  1163  1335 D WifiStateMachine: CMD_AUTO_CONNECT sup state ScanState my state DisconnectedState nid=2 roam=3
04-29 15:54:56.745  1163  1335 E WifiConfigStore: saveWifiConfigBSSID Setting BSSID for "zhiye"WPA_PSK to any
04-29 15:54:56.745  1659  1659 D wpa_supplicant: wlan0: Control interface command 'SET_NETWORK [REMOVED]'
04-29 15:54:56.745  1659  1659 D wpa_supplicant: CTRL_IFACE: SET_NETWORK id=2 name='bssid'
04-29 15:54:56.745  1659  1659 D wpa_supplicant: CTRL_IFACE: value - hexdump(len=3): [REMOVED]
04-29 15:54:56.745  1659  1659 D wpa_supplicant: BSSID any
04-29 15:54:56.746  1659  1659 D wpa_supplicant: wlan0: Control interface command 'SAVE_CONFIG'
04-29 15:54:56.746  1659  1659 D wpa_supplicant: Writing configuration file '/data/misc/wifi/wpa_supplicant.conf.tmp'
04-29 15:54:56.753  1659  1659 D wpa_supplicant: Configuration file '/data/misc/wifi/wpa_supplicant.conf' written successfully
04-29 15:54:56.753  1659  1659 D wpa_supplicant: CTRL_IFACE: SAVE_CONFIG - Configuration updated
04-29 15:54:56.754  1163  1335 D WifiStateMachine: CMD_AUTO_CONNECT will save config -> "zhiye" nid=2
04-29 15:54:56.755  1659  1659 D wpa_supplicant: wlan0: Control interface command 'SET_NETWORK [REMOVED]'
04-29 15:54:56.755  1659  1659 D wpa_supplicant: CTRL_IFACE: SET_NETWORK id=2 name='ssid'
04-29 15:54:56.755  1659  1659 D wpa_supplicant: CTRL_IFACE: value - hexdump(len=10): [REMOVED]
04-29 15:54:56.755  1659  1659 D wpa_supplicant: ssid - hexdump(len=5): 7a 68 69 79 65
04-29 15:54:56.812  1659  1659 D wpa_supplicant: PSK (from passphrase) - hexdump(len=32): [REMOVED]
04-29 15:54:56.814  1659  1659 D wpa_supplicant: wlan0: Control interface command 'SET_NETWORK [REMOVED]'
04-29 15:54:56.814  1659  1659 D wpa_supplicant: CTRL_IFACE: SET_NETWORK id=2 name='key_mgmt'
04-29 15:54:56.814  1659  1659 D wpa_supplicant: CTRL_IFACE: value - hexdump(len=7): [REMOVED]
04-29 15:54:56.814  1659  1659 D wpa_supplicant: key_mgmt: 0x2
04-29 15:54:56.815  1659  1659 D wpa_supplicant: wlan0: Control interface command 'SET_NETWORK [REMOVED]'
04-29 15:54:56.815  1659  1659 D wpa_supplicant: CTRL_IFACE: SET_NETWORK id=2 name='proto'
04-29 15:54:56.815  1659  1659 D wpa_supplicant: CTRL_IFACE: value - hexdump(len=7): [REMOVED]
04-29 15:54:56.815  1659  1659 D wpa_supplicant: proto: 0x3
04-29 15:54:56.816  1659  1659 D wpa_supplicant: wlan0: Control interface command 'SET_NETWORK [REMOVED]'
04-29 15:54:56.816  1659  1659 D wpa_supplicant: CTRL_IFACE: SET_NETWORK id=2 name='pairwise'
04-29 15:54:56.816  1659  1659 D wpa_supplicant: CTRL_IFACE: value - hexdump(len=9): [REMOVED]
04-29 15:54:56.816  1659  1659 D wpa_supplicant: pairwise: 0x18
04-29 15:54:56.816  1659  1659 D wpa_supplicant: wlan0: Control interface command 'SET_NETWORK [REMOVED]'
04-29 15:54:56.817  1659  1659 D wpa_supplicant: CTRL_IFACE: SET_NETWORK id=2 name='group'
04-29 15:54:56.817  1659  1659 D wpa_supplicant: CTRL_IFACE: value - hexdump(len=9): [REMOVED]
04-29 15:54:56.817  1659  1659 D wpa_supplicant: group: 0x18
04-29 15:54:56.817  1659  1659 D wpa_supplicant: wlan0: Control interface command 'SET_NETWORK [REMOVED]'
04-29 15:54:56.818  1659  1659 D wpa_supplicant: CTRL_IFACE: SET_NETWORK id=2 name='priority'
04-29 15:54:56.818  1659  1659 D wpa_supplicant: CTRL_IFACE: value - hexdump(len=1): [REMOVED]
04-29 15:54:56.818  1659  1659 D wpa_supplicant: priority=4 (0x4)
04-29 15:54:56.818  1659  1659 D wpa_supplicant: wlan0: Control interface command 'SET_NETWORK [REMOVED]'
04-29 15:54:56.819  1659  1659 D wpa_supplicant: CTRL_IFACE: SET_NETWORK id=2 name='sim_num'
04-29 15:54:56.819  1659  1659 D wpa_supplicant: CTRL_IFACE: value - hexdump(len=1): [REMOVED]
04-29 15:54:56.819  1659  1659 D wpa_supplicant: sim_num=1 (0x1)
04-29 15:54:56.820  1659  1659 D wpa_supplicant: wlan0: Control interface command 'GET_NETWORK 2 ssid'
04-29 15:54:56.820  1659  1659 D wpa_supplicant: CTRL_IFACE: GET_NETWORK id=2 name='ssid'
04-29 15:54:56.821  1659  1659 D wpa_supplicant: wlan0: Control interface command 'GET_NETWORK 2 bssid'
04-29 15:54:56.821  1659  1659 D wpa_supplicant: CTRL_IFACE: GET_NETWORK id=2 name='bssid'
04-29 15:54:56.821  1659  1659 D wpa_supplicant: CTRL_IFACE: Failed to get network variable 'bssid'
04-29 15:54:56.821  1659  1659 D wpa_supplicant: wlan0: Control interface command 'GET_NETWORK 2 priority'
04-29 15:54:56.821  1659  1659 D wpa_supplicant: CTRL_IFACE: GET_NETWORK id=2 name='priority'
04-29 15:54:56.822  1659  1659 D wpa_supplicant: wlan0: Control interface command 'GET_NETWORK 2 sim_num'
04-29 15:54:56.822  1659  1659 D wpa_supplicant: CTRL_IFACE: GET_NETWORK id=2 name='sim_num'
04-29 15:54:56.822  1659  1659 D wpa_supplicant: wlan0: Control interface command 'GET_NETWORK 2 scan_ssid'
04-29 15:54:56.822  1659  1659 D wpa_supplicant: CTRL_IFACE: GET_NETWORK id=2 name='scan_ssid'
04-29 15:54:56.822  1659  1659 D wpa_supplicant: wlan0: Control interface command 'GET_NETWORK 2 wep_tx_keyidx'
04-29 15:54:56.822  1659  1659 D wpa_supplicant: CTRL_IFACE: GET_NETWORK id=2 name='wep_tx_keyidx'
04-29 15:54:56.823  1659  1659 D wpa_supplicant: wlan0: Control interface command 'GET_NETWORK 2 wep_key0'
04-29 15:54:56.823  1659  1659 D wpa_supplicant: CTRL_IFACE: GET_NETWORK id=2 name='wep_key0'
04-29 15:54:56.823  1659  1659 D wpa_supplicant: CTRL_IFACE: Failed to get network variable 'wep_key0'
04-29 15:54:56.823  1659  1659 D wpa_supplicant: wlan0: Control interface command 'GET_NETWORK 2 wep_key1'
04-29 15:54:56.823  1659  1659 D wpa_supplicant: CTRL_IFACE: GET_NETWORK id=2 name='wep_key1'
04-29 15:54:56.823  1659  1659 D wpa_supplicant: CTRL_IFACE: Failed to get network variable 'wep_key1'
04-29 15:54:56.823  1659  1659 D wpa_supplicant: wlan0: Control interface command 'GET_NETWORK 2 wep_key2'
04-29 15:54:56.823  1659  1659 D wpa_supplicant: CTRL_IFACE: GET_NETWORK id=2 name='wep_key2'
04-29 15:54:56.823  1659  1659 D wpa_supplicant: CTRL_IFACE: Failed to get network variable 'wep_key2'
04-29 15:54:56.824  1659  1659 D wpa_supplicant: wlan0: Control interface command 'GET_NETWORK 2 wep_key3'
04-29 15:54:56.824  1659  1659 D wpa_supplicant: CTRL_IFACE: GET_NETWORK id=2 name='wep_key3'
04-29 15:54:56.824  1659  1659 D wpa_supplicant: CTRL_IFACE: Failed to get network variable 'wep_key3'
04-29 15:54:56.824  1659  1659 D wpa_supplicant: wlan0: Control interface command 'GET_NETWORK 2 psk'
04-29 15:54:56.824  1659  1659 D wpa_supplicant: CTRL_IFACE: GET_NETWORK id=2 name='psk'
04-29 15:54:56.824  1659  1659 D wpa_supplicant: Do not allow key_data field to be exposed
04-29 15:54:56.828  1659  1659 D wpa_supplicant: wlan0: Control interface command 'GET_NETWORK 2 proto'
04-29 15:54:56.828  1659  1659 D wpa_supplicant: CTRL_IFACE: GET_NETWORK id=2 name='proto'
04-29 15:54:56.828  1659  1659 D wpa_supplicant: wlan0: Control interface command 'GET_NETWORK 2 key_mgmt'
04-29 15:54:56.829  1659  1659 D wpa_supplicant: CTRL_IFACE: GET_NETWORK id=2 name='key_mgmt'
04-29 15:54:56.829  1659  1659 D wpa_supplicant: wlan0: Control interface command 'GET_NETWORK 2 auth_alg'
04-29 15:54:56.829  1659  1659 D wpa_supplicant: CTRL_IFACE: GET_NETWORK id=2 name='auth_alg'
04-29 15:54:56.829  1659  1659 D wpa_supplicant: CTRL_IFACE: Failed to get network variable 'auth_alg'
04-29 15:54:56.830  1659  1659 D wpa_supplicant: wlan0: Control interface command 'GET_NETWORK 2 pairwise'
04-29 15:54:56.830  1659  1659 D wpa_supplicant: CTRL_IFACE: GET_NETWORK id=2 name='pairwise'
04-29 15:54:56.830  1659  1659 D wpa_supplicant: wlan0: Control interface command 'GET_NETWORK 2 group'
04-29 15:54:56.830  1659  1659 D wpa_supplicant: CTRL_IFACE: GET_NETWORK id=2 name='group'
04-29 15:54:56.831  1659  1659 D wpa_supplicant: wlan0: Control interface command 'GET_NETWORK 2 eap'
04-29 15:54:56.831  1659  1659 D wpa_supplicant: CTRL_IFACE: GET_NETWORK id=2 name='eap'
04-29 15:54:56.831  1659  1659 D wpa_supplicant: CTRL_IFACE: Failed to get network variable 'eap'
04-29 15:54:56.831  1659  1659 D wpa_supplicant: wlan0: Control interface command 'GET_NETWORK 2 phase2'
04-29 15:54:56.831  1659  1659 D wpa_supplicant: CTRL_IFACE: GET_NETWORK id=2 name='phase2'
04-29 15:54:56.831  1659  1659 D wpa_supplicant: CTRL_IFACE: Failed to get network variable 'phase2'
04-29 15:54:56.832  1659  1659 D wpa_supplicant: wlan0: Control interface command 'GET_NETWORK 2 identity'
04-29 15:54:56.832  1659  1659 D wpa_supplicant: CTRL_IFACE: GET_NETWORK id=2 name='identity'
04-29 15:54:56.832  1659  1659 D wpa_supplicant: CTRL_IFACE: Failed to get network variable 'identity'
04-29 15:54:56.832  1659  1659 D wpa_supplicant: wlan0: Control interface command 'GET_NETWORK 2 anonymous_identity'
04-29 15:54:56.832  1659  1659 D wpa_supplicant: CTRL_IFACE: GET_NETWORK id=2 name='anonymous_identity'
04-29 15:54:56.832  1659  1659 D wpa_supplicant: CTRL_IFACE: Failed to get network variable 'anonymous_identity'
04-29 15:54:56.832  1659  1659 D wpa_supplicant: wlan0: Control interface command 'GET_NETWORK 2 password'
04-29 15:54:56.832  1659  1659 D wpa_supplicant: CTRL_IFACE: GET_NETWORK id=2 name='password'
04-29 15:54:56.832  1659  1659 D wpa_supplicant: CTRL_IFACE: Failed to get network variable 'password'
04-29 15:54:56.833  1659  1659 D wpa_supplicant: wlan0: Control interface command 'GET_NETWORK 2 client_cert'
04-29 15:54:56.833  1659  1659 D wpa_supplicant: CTRL_IFACE: GET_NETWORK id=2 name='client_cert'
04-29 15:54:56.833  1659  1659 D wpa_supplicant: CTRL_IFACE: Failed to get network variable 'client_cert'
04-29 15:54:56.833  1659  1659 D wpa_supplicant: wlan0: Control interface command 'GET_NETWORK 2 ca_cert'
04-29 15:54:56.833  1659  1659 D wpa_supplicant: CTRL_IFACE: GET_NETWORK id=2 name='ca_cert'
04-29 15:54:56.833  1659  1659 D wpa_supplicant: CTRL_IFACE: Failed to get network variable 'ca_cert'
04-29 15:54:56.834  1659  1659 D wpa_supplicant: wlan0: Control interface command 'GET_NETWORK 2 subject_match'
04-29 15:54:56.834  1659  1659 D wpa_supplicant: CTRL_IFACE: GET_NETWORK id=2 name='subject_match'
04-29 15:54:56.834  1659  1659 D wpa_supplicant: CTRL_IFACE: Failed to get network variable 'subject_match'
04-29 15:54:56.834  1659  1659 D wpa_supplicant: wlan0: Control interface command 'GET_NETWORK 2 engine'
04-29 15:54:56.834  1659  1659 D wpa_supplicant: CTRL_IFACE: GET_NETWORK id=2 name='engine'
04-29 15:54:56.835  1659  1659 D wpa_supplicant: wlan0: Control interface command 'GET_NETWORK 2 engine_id'
04-29 15:54:56.835  1659  1659 D wpa_supplicant: CTRL_IFACE: GET_NETWORK id=2 name='engine_id'
04-29 15:54:56.835  1659  1659 D wpa_supplicant: CTRL_IFACE: Failed to get network variable 'engine_id'
04-29 15:54:56.835  1659  1659 D wpa_supplicant: wlan0: Control interface command 'GET_NETWORK 2 key_id'
04-29 15:54:56.835  1659  1659 D wpa_supplicant: CTRL_IFACE: GET_NETWORK id=2 name='key_id'
04-29 15:54:56.835  1659  1659 D wpa_supplicant: CTRL_IFACE: Failed to get network variable 'key_id'
04-29 15:54:56.835  1659  1659 D wpa_supplicant: wlan0: Control interface command 'GET_NETWORK 2 altsubject_match'
04-29 15:54:56.835  1659  1659 D wpa_supplicant: CTRL_IFACE: GET_NETWORK id=2 name='altsubject_match'
04-29 15:54:56.835  1659  1659 D wpa_supplicant: CTRL_IFACE: Failed to get network variable 'altsubject_match'
04-29 15:54:56.836  1659  1659 D wpa_supplicant: wlan0: Control interface command 'GET_NETWORK 2 domain_suffix_match'
04-29 15:54:56.836  1659  1659 D wpa_supplicant: CTRL_IFACE: GET_NETWORK id=2 name='domain_suffix_match'
04-29 15:54:56.836  1659  1659 D wpa_supplicant: CTRL_IFACE: Failed to get network variable 'domain_suffix_match'
04-29 15:54:56.836  1659  1659 D wpa_supplicant: wlan0: Control interface command 'GET_NETWORK 2 private_key'
04-29 15:54:56.836  1659  1659 D wpa_supplicant: CTRL_IFACE: GET_NETWORK id=2 name='private_key'
04-29 15:54:56.836  1659  1659 D wpa_supplicant: CTRL_IFACE: Failed to get network variable 'private_key'
04-29 15:54:56.837  1659  1659 D wpa_supplicant: wlan0: Control interface command 'SAVE_CONFIG'
04-29 15:54:56.838  1659  1659 D wpa_supplicant: Writing configuration file '/data/misc/wifi/wpa_supplicant.conf.tmp'
04-29 15:54:56.840  1933  1933 I ZMF     : Zmf camdrv set orient angle 270
04-29 15:54:56.841  1945  1945 I ZMF     : Zmf camdrv set orient angle 270
04-29 15:54:56.847  1659  1659 D wpa_supplicant: Configuration file '/data/misc/wifi/wpa_supplicant.conf' written successfully
04-29 15:54:56.847  1659  1659 D wpa_supplicant: CTRL_IFACE: SAVE_CONFIG - Configuration updated
04-29 15:54:56.848  1163  1335 D WifiStateMachine: CMD_AUTO_CONNECT did save config ->  nid=2
04-29 15:54:56.848  1659  1659 D wpa_supplicant: wlan0: Control interface command 'ENABLE_NETWORK 2'
04-29 15:54:56.848  1659  1659 D wpa_supplicant: CTRL_IFACE: ENABLE_NETWORK id=2
04-29 15:54:56.849  1659  1659 D wpa_supplicant: wlan0: Control interface command 'SELECT_NETWORK 2'
04-29 15:54:56.849  1659  1659 D wpa_supplicant: CTRL_IFACE: SELECT_NETWORK id=2
04-29 15:54:56.849  1659  1659 D wpa_supplicant: wlan0: Selecting BSS from priority group 4
04-29 15:54:56.849  1659  1659 D wpa_supplicant: wlan0: 0: ec:26:ca:49:80:21 ssid='DAPS_vowifi' wpa_ie_len=22 rsn_ie_len=20 caps=0x31 level=-57 wps
04-29 15:54:56.849  1659  1659 D wpa_supplicant: wlan0:    skip - SSID mismatch
04-29 15:54:56.849  1659  1659 D wpa_supplicant: wlan0: 1: b0:d5:9d:46:db:14 ssid='sprdtest321' wpa_ie_len=24 rsn_ie_len=20 caps=0x431 level=-67
04-29 15:54:56.849  1659  1659 D wpa_supplicant: wlan0:    skip - SSID mismatch
04-29 15:54:56.849  1659  1659 D wpa_supplicant: wlan0: 2: 3c:33:00:09:2e:2d ssid='51TC' wpa_ie_len=24 rsn_ie_len=20 caps=0x431 level=-68
04-29 15:54:56.849  1659  1659 D wpa_supplicant: wlan0:    skip - SSID mismatch
04-29 15:54:56.849  1659  1659 D wpa_supplicant: wlan0: 3: 28:2c:b2:af:42:22 ssid='FPDtest' wpa_ie_len=0 rsn_ie_len=24 caps=0x431 level=-73 wps
04-29 15:54:56.849  1659  1659 D wpa_supplicant: wlan0:    skip - SSID mismatch
04-29 15:54:56.849  1659  1659 D wpa_supplicant: wlan0: 4: f8:01:13:c7:1f:eb ssid='zhiye' wpa_ie_len=28 rsn_ie_len=24 caps=0x411 level=-46
04-29 15:54:56.849  1659  1659 D wpa_supplicant: wlan0:    selected based on RSN IE
04-29 15:54:56.849  1659  1659 D wpa_supplicant: wlan0:    selected BSS f8:01:13:c7:1f:eb ssid='zhiye'
04-29 15:54:56.849  1659  1659 D wpa_supplicant: wlan0: Considering connect request: reassociate: 1  selected: f8:01:13:c7:1f:eb  bssid: 00:00:00:00:00:00  pending: 00:00:00:00:00:00  wpa_state: SCANNING  ssid=0xb6a07600  current_ssid=0xb6a07600
04-29 15:54:56.849  1659  1659 D wpa_supplicant: wlan0: Request association with f8:01:13:c7:1f:eb
04-29 15:54:56.850  1659  1659 D wpa_supplicant: WPA: Unrecognized EAPOL-Key Key Data IE - hexdump(len=7): 00 05 7a 68 69 79 65
04-29 15:54:56.850  1659  1659 D wpa_supplicant: WPA: Unrecognized EAPOL-Key Key Data IE - hexdump(len=3): 03 01 01
04-29 15:54:56.850  1659  1659 D wpa_supplicant: WPA: Unrecognized EAPOL-Key Key Data IE - hexdump(len=3): 2a 01 02
04-29 15:54:56.850  1659  1659 D wpa_supplicant: WPA: Unrecognized EAPOL-Key Key Data IE - hexdump(len=3): 2f 01 02
04-29 15:54:56.850  1659  1659 D wpa_supplicant: WPA: RSN IE in EAPOL-Key - hexdump(len=26): 30 18 01 00 00 0f ac 02 02 00 00 0f ac 04 00 0f ac 02 01 00 00 0f ac 02 0c 00
04-29 15:54:56.850  1659  1659 D wpa_supplicant: WPA: Unrecognized EAPOL-Key Key Data IE - hexdump(len=24): 3d 16 01 00 17 00 00 00 00 00 00 00 00 00 00 00 00 00 00 00 00 00 00 00
04-29 15:54:56.850  1659  1659 D wpa_supplicant: WPA: WPA IE in EAPOL-Key - hexdump(len=30): dd 1c 00 50 f2 01 01 00 00 50 f2 02 02 00 00 50 f2 04 00 50 f2 02 01 00 00 50 f2 02 0c 00
04-29 15:54:56.850  1659  1659 D wpa_supplicant: WPA: WMM Parameter Element - hexdump(len=24): 00 50 f2 02 01 01 00 00 03 a4 00 00 27 a4 00 00 42 43 5e 00 62 32 2f 00
04-29 15:54:56.850  1659  1659 D wpa_supplicant: WPA: EAPOL-Key Key Data underflow (ie=188 len=23 pos=177)
04-29 15:54:56.850  1659  1659 D wpa_supplicant: WPA: Key Data - hexdump(len=181): [REMOVED]
04-29 15:54:56.850  1659  1659 D wpa_supplicant: wlan0: Add radio work 'connect'@0xb6a590f0
04-29 15:54:56.850  1659  1659 D wpa_supplicant: wlan0: First radio work item in the queue - schedule start immediately
04-29 15:54:56.850  1659  1659 D wpa_supplicant: wlan0: Starting radio work 'connect'@0xb6a590f0 after 0.000153 second wait
04-29 15:54:56.850  1659  1659 I wpa_supplicant: wlan0: Trying to associate with f8:01:13:c7:1f:eb (SSID='zhiye' freq=2412 MHz)
04-29 15:54:56.850  1659  1659 D wpa_supplicant: FT: Stored MDIE and FTIE from (Re)Association Response - hexdump(len=0):
04-29 15:54:56.850  1659  1659 D wpa_supplicant: wlan0: Cancelling scan request
04-29 15:54:56.850  1659  1659 D wpa_supplicant: wlan0: WPA: clearing own WPA/RSN IE
04-29 15:54:56.851  1659  1659 D wpa_supplicant: wlan0: Automatic auth_alg selection: 0x1
04-29 15:54:56.851  1659  1659 D wpa_supplicant: RSN: PMKSA cache search - network_ctx=0xb6a07600 try_opportunistic=0
04-29 15:54:56.851  1659  1659 D wpa_supplicant: RSN: Search for BSSID f8:01:13:c7:1f:eb
04-29 15:54:56.851  1659  1659 D wpa_supplicant: RSN: No PMKSA cache entry found
04-29 15:54:56.851  1659  1659 D wpa_supplicant: wlan0: RSN: using IEEE 802.11i/D9.0
04-29 15:54:56.851  1659  1659 D wpa_supplicant: wlan0: WPA: Selected cipher suites: group 8 pairwise 24 key_mgmt 2 proto 2
04-29 15:54:56.851  1659  1659 D wpa_supplicant: wlan0: WPA: Selected mgmt group cipher 32
04-29 15:54:56.851  1659  1659 D wpa_supplicant: WPA: set AP WPA IE - hexdump(len=30): dd 1c 00 50 f2 01 01 00 00 50 f2 02 02 00 00 50 f2 04 00 50 f2 02 01 00 00 50 f2 02 0c 00
04-29 15:54:56.851  1659  1659 D wpa_supplicant: WPA: set AP RSN IE - hexdump(len=26): 30 18 01 00 00 0f ac 02 02 00 00 0f ac 04 00 0f ac 02 01 00 00 0f ac 02 0c 00
04-29 15:54:56.851  1659  1659 D wpa_supplicant: wlan0: WPA: using GTK TKIP
04-29 15:54:56.851  1659  1659 D wpa_supplicant: wlan0: WPA: using PTK CCMP
04-29 15:54:56.851  1659  1659 D wpa_supplicant: wlan0: WPA: using KEY_MGMT WPA-PSK
04-29 15:54:56.851  1659  1659 D wpa_supplicant: wlan0: WPA: not using MGMT group cipher
04-29 15:54:56.851  1659  1659 D wpa_supplicant: WPA: Set own WPA IE default - hexdump(len=22): 30 14 01 00 00 0f ac 02 01 00 00 0f ac 04 01 00 00 0f ac 02 00 00
04-29 15:54:56.851  1659  1659 D wpa_supplicant: wlan0: State: SCANNING -> ASSOCIATING
04-29 15:54:56.851  1659  1659 D wpa_supplicant: nl80211: Set wlan0 operstate 0->0 (DORMANT)
04-29 15:54:56.851  1659  1659 D wpa_supplicant: netlink: Operstate: ifindex=11 linkmode=-1 (no change), operstate=5 (IF_OPER_DORMANT)
04-29 15:54:56.851  1659  1659 D wpa_supplicant: Limit connection to BSSID f8:01:13:c7:1f:eb freq=2412 MHz based on scan results (bssid_set=0)
04-29 15:54:56.851  1659  1659 D wpa_supplicant: wlan0: Determining shared radio frequencies (max len 1)
04-29 15:54:56.851  1659  1659 D wpa_supplicant: wlan0: Shared frequencies (len=0): completed iteration
04-29 15:54:56.852  1659  1659 D wpa_supplicant: nl80211: Set mode ifindex 11 iftype 2 (STATION)
04-29 15:54:56.852  1659  1659 D wpa_supplicant: nl80211: Unsubscribe mgmt frames handle 0x3e2c38e9 (mode change)
04-29 15:54:56.852  1659  1659 D wpa_supplicant: nl80211: Subscribe to mgmt frames with non-AP handle 0xb6a4b060
04-29 15:54:56.852  1659  1659 D wpa_supplicant: nl80211: Register frame type=0xd0 (WLAN_FC_STYPE_ACTION) nl_handle=0xb6a4b060 match=0104
04-29 15:54:56.852  1659  1659 D wpa_supplicant: nl80211: Register frame type=0xd0 (WLAN_FC_STYPE_ACTION) nl_handle=0xb6a4b060 match=040a
04-29 15:54:56.852  1659  1659 D wpa_supplicant: nl80211: Register frame type=0xd0 (WLAN_FC_STYPE_ACTION) nl_handle=0xb6a4b060 match=040b
04-29 15:54:56.853  1659  1659 D wpa_supplicant: nl80211: Register frame type=0xd0 (WLAN_FC_STYPE_ACTION) nl_handle=0xb6a4b060 match=040c
04-29 15:54:56.853  1659  1659 D wpa_supplicant: nl80211: Register frame type=0xd0 (WLAN_FC_STYPE_ACTION) nl_handle=0xb6a4b060 match=040d
04-29 15:54:56.853  1659  1659 D wpa_supplicant: nl80211: Register frame type=0xd0 (WLAN_FC_STYPE_ACTION) nl_handle=0xb6a4b060 match=090a
04-29 15:54:56.853  1659  1659 D wpa_supplicant: nl80211: Register frame type=0xd0 (WLAN_FC_STYPE_ACTION) nl_handle=0xb6a4b060 match=090b
04-29 15:54:56.853  1659  1659 D wpa_supplicant: nl80211: Register frame type=0xd0 (WLAN_FC_STYPE_ACTION) nl_handle=0xb6a4b060 match=090c
04-29 15:54:56.853  1659  1659 D wpa_supplicant: nl80211: Register frame type=0xd0 (WLAN_FC_STYPE_ACTION) nl_handle=0xb6a4b060 match=090d
04-29 15:54:56.853  1659  1659 D wpa_supplicant: nl80211: Register frame type=0xd0 (WLAN_FC_STYPE_ACTION) nl_handle=0xb6a4b060 match=0409506f9a09
04-29 15:54:56.853  1659  1659 D wpa_supplicant: nl80211: Register frame type=0xd0 (WLAN_FC_STYPE_ACTION) nl_handle=0xb6a4b060 match=7f506f9a09
04-29 15:54:56.853  1659  1659 D wpa_supplicant: nl80211: Register frame type=0xd0 (WLAN_FC_STYPE_ACTION) nl_handle=0xb6a4b060 match=0801
04-29 15:54:56.854  1659  1659 D wpa_supplicant: nl80211: Register frame type=0xd0 (WLAN_FC_STYPE_ACTION) nl_handle=0xb6a4b060 match=06
04-29 15:54:56.854  1659  1659 D wpa_supplicant: nl80211: Register frame type=0xd0 (WLAN_FC_STYPE_ACTION) nl_handle=0xb6a4b060 match=0a07
04-29 15:54:56.854  1659  1659 D wpa_supplicant: nl80211: Register frame type=0xd0 (WLAN_FC_STYPE_ACTION) nl_handle=0xb6a4b060 match=0a11
04-29 15:54:56.854  1659  1659 D wpa_supplicant: nl80211: Register frame type=0xd0 (WLAN_FC_STYPE_ACTION) nl_handle=0xb6a4b060 match=0a1a
04-29 15:54:56.854  1659  1659 D wpa_supplicant: nl80211: Register frame type=0xd0 (WLAN_FC_STYPE_ACTION) nl_handle=0xb6a4b060 match=1101
04-29 15:54:56.854  1659  1659 D wpa_supplicant: nl80211: Register frame type=0xd0 (WLAN_FC_STYPE_ACTION) nl_handle=0xb6a4b060 match=1102
04-29 15:54:56.854  1659  1659 D wpa_supplicant: nl80211: Register frame type=0xd0 (WLAN_FC_STYPE_ACTION) nl_handle=0xb6a4b060 match=0505
04-29 15:54:56.854  1659  1659 D wpa_supplicant: nl80211: Key management set PSK
04-29 15:54:56.854  1659  1659 D wpa_supplicant: nl80211: Connect (ifindex=11)
04-29 15:54:56.854  1659  1659 D wpa_supplicant:   * bssid=f8:01:13:c7:1f:eb
04-29 15:54:56.854  1659  1659 D wpa_supplicant:   * bssid_hint=f8:01:13:c7:1f:eb
04-29 15:54:56.854  1659  1659 D wpa_supplicant:   * freq=2412
04-29 15:54:56.854  1659  1659 D wpa_supplicant:   * freq_hint=2412
04-29 15:54:56.854  1659  1659 D wpa_supplicant:   * SSID - hexdump(len=5): 7a 68 69 79 65
04-29 15:54:56.854  1659  1659 D wpa_supplicant:   * IEs - hexdump(len=22): 30 14 01 00 00 0f ac 02 01 00 00 0f ac 04 01 00 00 0f ac 02 00 00
04-29 15:54:56.854  1659  1659 D wpa_supplicant:   * WPA Versions 0x2
04-29 15:54:56.854  1659  1659 D wpa_supplicant:   * pairwise=0xfac04
04-29 15:54:56.854  1659  1659 D wpa_supplicant:   * group=0xfac02
04-29 15:54:56.854  1659  1659 D wpa_supplicant:   * akm=0xfac02
04-29 15:54:56.855  1659  1659 D wpa_supplicant:   * Auth Type 0
04-29 15:54:56.887  1659  1659 D wpa_supplicant: nl80211: Connect request send successfully
04-29 15:54:56.887  1659  1659 D wpa_supplicant: wlan0: Setting authentication timeout: 10 sec 0 usec
04-29 15:54:56.887  1659  1659 D wpa_supplicant: EAPOL: External notification - EAP success=0
04-29 15:54:56.887  1659  1659 D wpa_supplicant: EAPOL: External notification - EAP fail=0
04-29 15:54:56.887  1659  1659 D wpa_supplicant: EAPOL: External notification - portControl=Auto
04-29 15:54:56.887  1659  1659 D wpa_supplicant: wlan0: Control interface command 'SELECT_NETWORK 2'
04-29 15:54:56.887  1659  1659 D wpa_supplicant: CTRL_IFACE: SELECT_NETWORK id=2
04-29 15:54:56.887  1659  1659 D wpa_supplicant: Already associated with the selected network - do nothing
04-29 15:54:56.888  1659  1659 D wpa_supplicant: wlan0: Control interface command 'RECONNECT'
04-29 15:54:56.963  1945  1945 I ZMF     : Zmf camdrv set orient angle 0
04-29 15:54:56.963  1933  1933 I ZMF     : Zmf camdrv set orient angle 0
04-29 15:54:57.044  1933  1933 I ZMF     : Zmf camdrv set orient angle 90
04-29 15:54:57.044  1945  1945 I ZMF     : Zmf camdrv set orient angle 90
04-29 15:54:57.060  1449  2232 D MediaProvider: object removed 8308
04-29 15:54:57.061  1449  2232 D MediaProvider: object removed 8309
04-29 15:54:57.062  1449  2232 D MediaProvider: object removed 8310
04-29 15:54:57.062  1449  2232 D MediaProvider: object removed 8311
04-29 15:54:57.063  1449  2232 D MediaProvider: object removed 8312
04-29 15:54:57.063  1449  2232 D MediaProvider: object removed 8313
04-29 15:54:57.063  1449  2232 D MediaProvider: object removed 8314
04-29 15:54:57.063  1449  2232 D MediaProvider: object removed 8315
04-29 15:54:57.064  1449  2232 D MediaProvider: object removed 8316
04-29 15:54:57.064  1449  2232 D MediaProvider: object removed 8317
04-29 15:54:57.064  1449  2232 D MediaProvider: object removed 8318
04-29 15:54:57.064  1449  2232 D MediaProvider: object removed 8319
04-29 15:54:57.064  1449  2232 D MediaProvider: object removed 8332
04-29 15:54:57.065  1449  2232 D MediaProvider: object removed 8333
04-29 15:54:57.065  1449  2232 D MediaProvider: object removed 8334
04-29 15:54:57.065  1449  2232 D MediaProvider: object removed 8335
04-29 15:54:57.065  1449  2232 D MediaProvider: object removed 8336
04-29 15:54:57.065  1449  2232 D MediaProvider: object removed 8337
04-29 15:54:57.066  1449  2232 D MediaProvider: object removed 8338
04-29 15:54:57.066  1449  2232 D MediaProvider: object removed 8339
04-29 15:54:57.066  1449  2232 D MediaProvider: object removed 8340
04-29 15:54:57.067  1449  2232 D MediaProvider: object removed 8341
04-29 15:54:57.067  1449  2232 D MediaProvider: object removed 8342
04-29 15:54:57.067  1449  2232 D MediaProvider: object removed 8343
04-29 15:54:57.067  1449  2232 D MediaProvider: object removed 8368
04-29 15:54:57.067  1449  2232 D MediaProvider: object removed 8369
04-29 15:54:57.068  1449  2232 D MediaProvider: object removed 8370
04-29 15:54:57.068  1449  2232 D MediaProvider: object removed 8371
04-29 15:54:57.068  1449  2232 D MediaProvider: object removed 8372
04-29 15:54:57.068  1449  2232 D MediaProvider: object removed 8373
04-29 15:54:57.069  1449  2232 D MediaProvider: object removed 8374
04-29 15:54:57.069  1449  2232 D MediaProvider: object removed 8375
04-29 15:54:57.069  1449  2232 D MediaProvider: object removed 8376
04-29 15:54:57.069  1449  2232 D MediaProvider: object removed 8377
04-29 15:54:57.070  1449  2232 D MediaProvider: object removed 8378
04-29 15:54:57.070  1449  2232 D MediaProvider: object removed 8379
04-29 15:54:57.070  1449  2232 D MediaProvider: object removed 8380
04-29 15:54:57.070  1449  2232 D MediaProvider: object removed 8381
04-29 15:54:57.070  1449  2232 D MediaProvider: object removed 8382
04-29 15:54:57.070  1449  2232 D MediaProvider: object removed 8383
04-29 15:54:57.071  1449  2232 D MediaProvider: object removed 8384
04-29 15:54:57.071  1449  2232 D MediaProvider: object removed 8385
04-29 15:54:57.071  1449  2232 D MediaProvider: object removed 8386
04-29 15:54:57.071  1449  2232 D MediaProvider: object removed 8387
04-29 15:54:57.071  1449  2232 D MediaProvider: object removed 8388
04-29 15:54:57.071  1449  2232 D MediaProvider: object removed 8389
04-29 15:54:57.071  1449  2232 D MediaProvider: object removed 8390
04-29 15:54:57.072  1449  2232 D MediaProvider: object removed 8391
04-29 15:54:57.072  1449  2232 D MediaProvider: object removed 8392
04-29 15:54:57.072  1449  2232 D MediaProvider: object removed 8393
04-29 15:54:57.072  1449  2232 D MediaProvider: object removed 8394
04-29 15:54:57.073  1449  2232 D MediaProvider: object removed 8395
04-29 15:54:57.073  1449  2232 D MediaProvider: object removed 8396
04-29 15:54:57.073  1449  2232 D MediaProvider: object removed 8397
04-29 15:54:57.073  1449  2232 D MediaProvider: object removed 8398
04-29 15:54:57.074  1449  2232 D MediaProvider: object removed 8399
04-29 15:54:57.074  1449  2232 D MediaProvider: object removed 8400
04-29 15:54:57.074  1449  2232 D MediaProvider: object removed 8401
04-29 15:54:57.074  1449  2232 D MediaProvider: object removed 8402
04-29 15:54:57.074  1449  2232 D MediaProvider: object removed 8403
04-29 15:54:57.075  1449  2232 D MediaProvider: object removed 8404
04-29 15:54:57.075  1449  2232 D MediaProvider: object removed 8405
04-29 15:54:57.075  1449  2232 D MediaProvider: object removed 8406
04-29 15:54:57.075  1449  2232 D MediaProvider: object removed 8407
04-29 15:54:57.076  1449  2232 D MediaProvider: object removed 8408
