03-18 14:23:29.385  1231  1242 I art     : Background partial concurrent mark sweep GC freed 3984(274KB) AllocSpace objects, 2(40KB) LOS objects, 33% free, 6MB/9MB, paused 1.861ms total 103.363ms
03-18 14:23:29.426   210   210 D gralloc.sc8830: fb_post fps = 25.165947
03-18 14:23:29.631  2149  2149 I art     : Starting a blocking GC Explicit
03-18 14:23:29.682  2149  2149 I art     : Explicit concurrent mark sweep GC freed 4649(340KB) AllocSpace objects, 0(0B) LOS objects, 52% free, 926KB/1950KB, paused 976us total 49.072ms
03-18 14:23:29.688  2149  2149 I art     : Starting a blocking GC Explicit
03-18 14:23:29.702  2149  2149 I art     : Explicit concurrent mark sweep GC freed 1622(105KB) AllocSpace objects, 1(24KB) LOS objects, 56% free, 794KB/1818KB, paused 488us total 13.336ms
03-18 14:23:29.702  2149  2149 I art     : Starting a blocking GC Explicit
03-18 14:23:29.715  2149  2149 I art     : Explicit concurrent mark sweep GC freed 3(96B) AllocSpace objects, 0(0B) LOS objects, 56% free, 794KB/1818KB, paused 457us total 12.664ms
03-18 14:23:29.905  1231  1353 I InputDispatcher: dispatchMotion down - deviceId=1, policyFlags=0x62000000, action=0x0, buttonState=0x0, xPrecision=1.002083, yPrecision=0.937939
03-18 14:23:29.906  2073  2073 D HolographicOutlineHelper: createMediumDropShadow() rect.width() = 85;rect.height = 85
03-18 14:23:29.906  2073  2073 D HolographicOutlineHelper: createMediumDropShadow() bitmapWidth = 85;bitmapHeight = 85
03-18 14:23:30.108   283   351 D phoneserver: sim0 signal no update num=27
03-18 14:23:30.108   283   351 D phoneserver: sim1 signal no update num=27
03-18 14:23:30.122  1231  1354 D InputReader: processEventsLocked: type=0 Count=2 code=2 value=0 deviceId=1
03-18 14:23:30.123  1231  1353 I InputDispatcher: dispatchCycle MOTION UP, channel 'f469023 com.android.launcher3/com.android.launcher3.Launcher (server)'
03-18 14:23:30.123  1231  1353 I InputDispatcher: dispatchCycle MOTION UP, channel 'f860006 com.android.systemui.ImageWallpaper (server)'
03-18 14:23:30.123  1231  1353 I InputDispatcher: dispatchCycle MOTION UP, channel 'WindowManager (server)'
03-18 14:23:30.124  1231  1353 I InputDispatcher: MOTION UP Finished Window 'Window{f860006 u0 com.android.systemui.ImageWallpaper}' the last input event: MotionEvent(deviceId=1, source=0x00001002, action=1, actionButton=0x00000000, flags=0x00000000, metaState=0x00000000, buttonState=0x00000000, edgeFlags=0x00000000, xPrecision=1.0, yPrecision=0.9, displayId=0, pointers=[0: (148.7, 652.5)]), policyFlags=0x62000000
03-18 14:23:30.126  1231  1353 I InputDispatcher: MOTION UP Finished Window 'Window{f469023 u0 com.android.launcher3/com.android.launcher3.Launcher}' the last input event: MotionEvent(deviceId=1, source=0x00001002, action=1, actionButton=0x00000000, flags=0x00000000, metaState=0x00000000, buttonState=0x00000000, edgeFlags=0x00000000, xPrecision=1.0, yPrecision=0.9, displayId=0, pointers=[0: (148.7, 652.5)]), policyFlags=0x62000000
03-18 14:23:30.410  1231  1353 I InputDispatcher: dispatchMotion down - deviceId=1, policyFlags=0x62000000, action=0x0, buttonState=0x0, xPrecision=1.002083, yPrecision=0.937939
03-18 14:23:30.411  2073  2073 D HolographicOutlineHelper: createMediumDropShadow() rect.width() = 85;rect.height = 85
03-18 14:23:30.411  2073  2073 D HolographicOutlineHelper: createMediumDropShadow() bitmapWidth = 85;bitmapHeight = 85
03-18 14:23:30.478   210   210 D gralloc.sc8830: fb_post fps = 37.098003
03-18 14:23:30.504  1231  1354 D InputReader: processEventsLocked: type=0 Count=2 code=2 value=0 deviceId=1
03-18 14:23:30.505  1231  1353 I InputDispatcher: dispatchCycle MOTION UP, channel 'f469023 com.android.launcher3/com.android.launcher3.Launcher (server)'
03-18 14:23:30.505  1231  1353 I InputDispatcher: dispatchCycle MOTION UP, channel 'f860006 com.android.systemui.ImageWallpaper (server)'
03-18 14:23:30.505  1231  1353 I InputDispatcher: dispatchCycle MOTION UP, channel 'WindowManager (server)'
03-18 14:23:30.505  1231  1353 I InputDispatcher: MOTION UP Finished Window 'Window{f860006 u0 com.android.systemui.ImageWallpaper}' the last input event: MotionEvent(deviceId=1, source=0x00001002, action=1, actionButton=0x00000000, flags=0x00000000, metaState=0x00000000, buttonState=0x00000000, edgeFlags=0x00000000, xPrecision=1.0, yPrecision=0.9, displayId=0, pointers=[0: (68.9, 258.0)]), policyFlags=0x62000000
03-18 14:23:30.506  1231  1353 I InputDispatcher: MOTION UP Finished Window 'Window{f469023 u0 com.android.launcher3/com.android.launcher3.Launcher}' the last input event: MotionEvent(deviceId=1, source=0x00001002, action=1, actionButton=0x00000000, flags=0x00000000, metaState=0x00000000, buttonState=0x00000000, edgeFlags=0x00000000, xPrecision=1.0, yPrecision=0.9, displayId=0, pointers=[0: (68.9, 258.0)]), policyFlags=0x62000000
03-18 14:23:30.509  1231  1617 D IntentHooks: hookIntentIfNeeded() intent: Intent { act=android.intent.action.MAIN cat=[android.intent.category.LAUNCHER] flg=0x10200000 cmp=com.juphoon.justex.sprd/com.juphoon.vowifi.ui.MainActivity (has extras) }
03-18 14:23:30.521   265  1326 W audio_hw_primary: [out_set_parameters], kvpairs=routing=2 devices:0x2 mode:0 
03-18 14:23:30.521   265  1326 W audio_hw_primary: the same devices(0x2) with val(0x2) val is zero...
03-18 14:23:30.522   265  2142 I APM::AudioPolicyManager: checkAndSetVolume() stream FM return 10
03-18 14:23:30.522   265  2142 D AudioPolicyManagerSPRD new: startOutput() isVoipSet 0,stream 1,
03-18 14:23:30.615  2914  2914 W System  : ClassLoader referenced unknown path: /system/priv-app/justex/lib/arm
03-18 14:23:30.693  2914  2914 I ZMF     : JniOnload
03-18 14:23:30.694  2914  2914 I ZMF     : ZMF CamDrv
03-18 14:23:30.695  2914  2914 I ZMF     : ZMF AudioNative
03-18 14:23:30.695  2914  2914 I ZMF     : ZMF RenderNative
03-18 14:23:30.747  1231  1310 D LIGHTS  : file:vendor/sprd/open-source/libs/liblights/lights.c, func:set_light_buttons, on=0
03-18 14:23:30.747  1231  1310 E LIGHTS  : file:vendor/sprd/open-source/libs/liblights/lights.c, func:write_int, path=/sys/class/leds/keyboard-backlight/brightness, value=0
03-18 14:23:30.747  1231  1310 E LIGHTS  : file:vendor/sprd/open-source/libs/liblights/lights.c, func:write_int, failed to open /sys/class/leds/keyboard-backlight/brightness,fd = -1
03-18 14:23:30.755   265  1316 D AudioPolicyManagerSPRD new: stopOutput() isVoipSet 0,stream 1,output size 1
03-18 14:23:30.755   265  1316 I APM::AudioPolicyManager: checkAndSetVolume() stream FM return 10
03-18 14:23:30.758  2914  2914 D ZMF     : zmfInitialize:packageName=com.juphoon.justex.sprd,libPath=/system/priv-app/justex/lib/arm,apiLevel=23
03-18 14:23:30.758  2914  2914 I ZMF     : try load cdcdrv:/system/priv-app/justex/lib/arm/libcdcdrv23.so
03-18 14:23:30.759  2914  2914 I ZMF     : initialize Audio
03-18 14:23:30.760  2914  2914 I ZMF     : trying to use native audio.
03-18 14:23:30.760  2914  2914 I ZMF     : Use native Audio
03-18 14:23:30.761  2914  2914 I ZMF     : initialize Video
03-18 14:23:30.761  2914  2914 D ZMF     : camdrvInit:libPath=/system/priv-app/justex/lib/arm,apiLevel=23
03-18 14:23:30.761  2914  2914 I ZMF     : try load camdrv:/system/priv-app/justex/lib/arm/libCamdrv23.so
03-18 14:23:30.762  2914  2914 I ZMF     : try load camdrv:/system/lib/libCamdrv23.so
03-18 14:23:30.766  2914  2914 I ZMF     : use camdrv:/system/lib/libCamdrv23.so
03-18 14:23:30.766  2914  2914 I ZMF     : use native camera.
03-18 14:23:31.108   283   351 D phoneserver: sim0 signal no update num=27
03-18 14:23:31.109   283   351 D phoneserver: sim1 signal no update num=27
03-18 14:23:31.183  2914  2914 D ZMF     : Zmf_AudioOutputGetName
03-18 14:23:31.183  2914  2914 D ZMF     : ZmfAudio.outputGetName:0,[Ljava.lang.String;@12ce24f
03-18 14:23:31.183  2914  2914 D ZMF     : Zmf_AudioInputGetName
03-18 14:23:31.183  2914  2914 D ZMF     : ZmfAudio.inputGetName:0,[Ljava.lang.String;@52a9ddc
03-18 14:23:31.206  2914  2914 D LEMON   : 14:23:31.206 RcsRegister: INFO: initialize
03-18 14:23:31.206  2914  2914 D RcsRegister: initialize
03-18 14:23:31.207  2914  2914 D VoWiFiSecurityS2bWrapper: init
03-18 14:23:31.258  2914  2914 D AccessibilityManager: getInstance() new sInstance = android.view.accessibility.AccessibilityManager@941461, context = com.juphoon.vowifi.ui.MainActivity@1486b86, userId = 0
03-18 14:23:31.271  2914  2914 D LEMON   : 14:23:31.271 MainActivity: INFO: onCreate
03-18 14:23:31.271  2914  2914 D MainActivity: onCreate
03-18 14:23:31.414  2914  2914 D LEMON   : 14:23:31.414 MainActivity: INFO: loading
03-18 14:23:31.414  2914  2914 D MainActivity: loading
03-18 14:23:31.426  2914  2914 D LEMON   : 14:23:31.426 MainActivity: INFO: loaded
03-18 14:23:31.427  2914  2914 D MainActivity: loaded
03-18 14:23:31.541  2914  2939 D OpenGLRenderer: Use EGL_SWAP_BEHAVIOR_PRESERVED: false
03-18 14:23:31.553  1979  1979 D wpa_supplicant: wlan0: Control interface command 'SIGNAL_POLL'
03-18 14:23:31.556  1231  1365 D WifiNetworkMonitor: EVENT_WIFI_RSSI_CHANGED
03-18 14:23:31.556  1231  1365 E WifiNetworkMonitor: Not any Obervers!!!
03-18 14:23:31.557  2914  2914 D LEMON   : 14:23:31.556 RcsRegister: INFO: login
03-18 14:23:31.557  2914  2914 D RcsRegister: login
03-18 14:23:31.563  2914  2914 D LEMON   : 14:23:31.563 MTC: ERROR: client not init or open.
03-18 14:23:31.567  2914  2914 D LEMON   : 14:23:31.567 VoWiFiSecurityS2bWrapper: INFO: S2b Server connected123
03-18 14:23:31.567  2914  2914 D VoWiFiSecurityS2bWrapper: S2b Server connected123
03-18 14:23:31.639  2914  2939 I OpenGLRenderer: Initialized EGL, version 1.4
03-18 14:23:31.672  1464  2395 I ContactsDatabaseHelper: [getContactView] excludeRestrictedData = true
03-18 14:23:31.678  1464  2395 I ContactsDatabaseHelper: [getContactView] excludeRestrictedData = true
03-18 14:23:31.739  2914  2914 D LEMON   : 14:23:31.739 MtcCliHelper: INFO: ConnectivityChangeReceiver onReceive
03-18 14:23:31.739  2914  2914 D MtcCliHelper: ConnectivityChangeReceiver onReceive
03-18 14:23:31.740  2914  2914 D LEMON   : 14:23:31.740 MtcCliHelper: INFO: getActiveNet, NetworkInfo: [type: WIFI[], state: CONNECTED/CONNECTED, reason: (unspecified), extra: "VoWiFi", roaming: false, failover: false, isAvailable: true]
03-18 14:23:31.740  2914  2914 D MtcCliHelper: getActiveNet, NetworkInfo: [type: WIFI[], state: CONNECTED/CONNECTED, reason: (unspecified), extra: "VoWiFi", roaming: false, failover: false, isAvailable: true]
03-18 14:23:31.741  2914  2914 D LEMON   : 14:23:31.741 MtcCliHelper: INFO: getActiveNet, net: 256
03-18 14:23:31.741  2914  2914 D MtcCliHelper: getActiveNet, net: 256
03-18 14:23:31.741  2914  2914 D LEMON   : 14:23:31.741 MtcCliHelper: INFO: ConnectivityChangeReceiver net change from 0 to 256
03-18 14:23:31.741  2914  2914 D MtcCliHelper: ConnectivityChangeReceiver net change from 0 to 256
03-18 14:23:31.741  2914  2914 D LEMON   : 14:23:31.741 MtcCliHelper: INFO: netChanged
03-18 14:23:31.741  2914  2914 D MtcCliHelper: netChanged
03-18 14:23:31.742  2914  2914 D LEMON   : 14:23:31.742 MtcCliHelper: INFO: getActiveNet, NetworkInfo: [type: WIFI[], state: CONNECTED/CONNECTED, reason: (unspecified), extra: "VoWiFi", roaming: false, failover: false, isAvailable: true]
03-18 14:23:31.742  2914  2914 D MtcCliHelper: getActiveNet, NetworkInfo: [type: WIFI[], state: CONNECTED/CONNECTED, reason: (unspecified), extra: "VoWiFi", roaming: false, failover: false, isAvailable: true]
03-18 14:23:31.742  2914  2914 D LEMON   : 14:23:31.742 MtcCliHelper: INFO: getActiveNet, net: 256
03-18 14:23:31.742  2914  2914 D MtcCliHelper: getActiveNet, net: 256
03-18 14:23:31.742  2914  2914 D LEMON   : 14:23:31.742 MtcCliHelper: INFO: update net old sNet= 0 new sNet= 256
03-18 14:23:31.742  2914  2914 D MtcCliHelper: update net old sNet= 0 new sNet= 256
03-18 14:23:31.749  2914  2914 D LEMON   : 14:23:31.749 RcsRegister: INFO: logout
03-18 14:23:31.749  2914  2914 D RcsRegister: logout
03-18 14:23:31.751  2914  2914 D LEMON   : 14:23:31.751 RcsNetwork: INFO: notifyNetChanged previousNet=0sNet=256
03-18 14:23:31.751  2914  2914 D RcsNetwork: notifyNetChanged previousNet=0sNet=256
03-18 14:23:31.873  1231  1308 I ActivityManager: Displayed com.juphoon.justex.sprd/com.juphoon.vowifi.ui.MainActivity: +1s348ms
03-18 14:23:31.915   210   210 D gralloc.sc8830: fb_post fps = 18.792183
03-18 14:23:31.965  2073  2073 D Launcher: ====  5-screenid = -1   ,container = -1
03-18 14:23:32.049  1231  2755 D NetlinkSocketObserver: NeighborEvent{elapsedMs=73560, 192.168.0.1, [C83A3514CB98], RTM_NEWNEIGH, NUD_STALE}
03-18 14:23:32.109   283   351 D phoneserver: sim0 signal no update num=27
03-18 14:23:32.109   283   351 D phoneserver: sim1 signal no update num=27
03-18 14:23:32.781  1441  1441 D NetworkController.MobileSignalController(1): getLabel[0]: Jio 4G color = -1
03-18 14:23:32.783  1441  1441 D PhoneStatusBar: label = 
03-18 14:23:33.109   283   351 D phoneserver: sim0 signal no update num=27
03-18 14:23:33.109   283   351 D phoneserver: sim1 signal no update num=27
03-18 14:23:33.383   210   210 D gralloc.sc8830: fb_post fps = 25.187826
03-18 14:23:33.485  2914  2914 D LEMON   : 14:23:33.485 RcsRegister: INFO: getState = 0
03-18 14:23:33.485  2914  2914 D RcsRegister: getState = 0
03-18 14:23:33.492  1464  2395 I ContactsDatabaseHelper: [getContactView] excludeRestrictedData = true
03-18 14:23:33.496  1464  2395 I ContactsDatabaseHelper: [getContactView] excludeRestrictedData = true
03-18 14:23:33.628   265  1326 W audio_hw_primary: do_output_standby.mode:0 
03-18 14:23:33.781  1441  1441 D NetworkController.MobileSignalController(1): getLabel[0]: Jio 4G color = -1
03-18 14:23:33.782   215   470 D WCND    : is_cp2_alive_ok: open polling interface: /proc/mdbg/loopcheck, fd = 13
03-18 14:23:33.783  1441  1441 D PhoneStatusBar: label = 
03-18 14:23:33.887   215   470 D WCND    : is_cp2_alive_ok: loop: /proc/mdbg/loopcheck is OK
03-18 14:23:34.110   283   351 D phoneserver: sim0 signal no update num=27
03-18 14:23:34.110   283   351 D phoneserver: sim1 signal no update num=27
03-18 14:23:34.559  1979  1979 D wpa_supplicant: wlan0: Control interface command 'SIGNAL_POLL'
03-18 14:23:34.560  1231  1365 D WifiNetworkMonitor: EVENT_WIFI_RSSI_CHANGED
03-18 14:23:34.560  1231  1365 E WifiNetworkMonitor: Not any Obervers!!!
03-18 14:23:34.759  1231  1353 I InputDispatcher: dispatchMotion down - deviceId=1, policyFlags=0x62000000, action=0x0, buttonState=0x0, xPrecision=1.002083, yPrecision=0.937939
03-18 14:23:34.782  1441  1441 D NetworkController.MobileSignalController(1): getLabel[0]: Jio 4G color = -1
03-18 14:23:34.784  1441  1441 D PhoneStatusBar: label = 
03-18 14:23:34.875  1231  1354 D InputReader: processEventsLocked: type=0 Count=2 code=2 value=0 deviceId=1
03-18 14:23:34.876  1231  1353 I InputDispatcher: dispatchCycle MOTION UP, channel '256296a com.juphoon.justex.sprd/com.juphoon.vowifi.ui.MainActivity (server)'
03-18 14:23:34.876  1231  1353 I InputDispatcher: dispatchCycle MOTION UP, channel 'WindowManager (server)'
03-18 14:23:34.877  1231  1353 I InputDispatcher: MOTION UP Finished Window 'Window{256296a u0 com.juphoon.justex.sprd/com.juphoon.vowifi.ui.MainActivity}' the last input event: MotionEvent(deviceId=1, source=0x00001002, action=1, actionButton=0x00000000, flags=0x00000000, metaState=0x00000000, buttonState=0x00000000, edgeFlags=0x00000000, xPrecision=1.0, yPrecision=0.9, displayId=0, pointers=[0: (24.9, 103.4)]), policyFlags=0x62000000
03-18 14:23:34.890   265  1326 W audio_hw_primary: [out_set_parameters], kvpairs=routing=2 devices:0x2 mode:0 
03-18 14:23:34.890   265  1326 W audio_hw_primary: the same devices(0x2) with val(0x2) val is zero...
03-18 14:23:34.892   265  1375 I APM::AudioPolicyManager: checkAndSetVolume() stream FM return 10
03-18 14:23:34.893   265  1375 D AudioPolicyManagerSPRD new: startOutput() isVoipSet 0,stream 1,
03-18 14:23:34.907   265  1326 D audio_hw_primary: start output stream mode:0 devices:2 call_start:0, call_connected:0, is_voip:0, voip_state:0, is_bt_sco:0
03-18 14:23:34.907   265  1326 W audio_hw_primary: i2s_pin_mux_sel in type is 3
03-18 14:23:34.907   265  1326 W audio_hw_primary: i2s_pin_mux_sel in type i-----------2 adev->cp =b605fe10 num = 1  vbc_ctrl_pipe_info = b605a1f8   cp_type = 2
03-18 14:23:34.907   265  1326 W audio_hw_primary: -----in  cpu_index  is 3 
03-18 14:23:34.907   265  1326 W audio_hw_primary: i2s_pin_mux_sel in type i----------i2s_ctl_info->is_switch = 1 
03-18 14:23:34.907   265  1326 E audio_hw_primary: select_devices_signal starting... adev->out_devices 0x2 adev->in_devices 0x0
03-18 14:23:34.907   265  1326 I audio_hw_primary: select_devices_signal finished.
03-18 14:23:34.907   265  1326 W audio_hw_primary: open s_tinycard in
03-18 14:23:34.914   265  1326 W audio_hw_primary: open s_tinycard successfully
03-18 14:23:34.915   265  1323 I audio_hw_primary: Not to change mute: 0
03-18 14:23:34.915   265  1323 I audio_hw_primary: Changing out_devices: from (0xfffffffd) to (0x00000002), Changing in_devices: from (0x00000000) to (0x00000000)
03-18 14:23:34.915   265  1323 W audio_hw_primary: vb_control_parameters.c hp_pa_delay_config 0x0 pa_config:0x210(0x210, 0), 0x2100000(fm)(0x0, 210),  hpPaConfig:0x0(0x0, 0), 0x0(fm)(0x0, 0)
03-18 14:23:34.932   265  1323 W audio_hw_primary: SetAudio_PaConfig_by_devices out, out_devices:0x2, in_devices:0x0
03-18 14:23:34.935   265  1323 I vb_effect: s_cur_out_devices(0x00000002), s_cur_in_devices(0x00000000)
03-18 14:23:34.935   265  1323 I vb_effect: profile is Handsfree, ret=0
03-18 14:23:34.935   265  1323 W audio_hw_primary: GetAudio_gain_by_devices, outmode:3 inmode:3,indev:0x0, outdev:0x2
03-18 14:23:34.935   265  1323 W audio_hw_primary: vb_control_parameters.c pa_config:0x210(0x210, 0), 0x2100000(fm)(0x0, 210),  hpPaConfig:0x0(0x0, 0), 0x0(fm)(0x0, 0)
03-18 14:23:34.935   265  1323 W audio_hw_primary: vb_control_parameters.c GetAudio_outpga_nv, dac_pga_gain_l:0x801807ca fm_pga_gain_l:0x24a fm_pga_gain_r:0x24a vol_level:0x1 
03-18 14:23:34.935   265  1323 W audio_hw_primary: GetAudio_inpga_nv, adc_pga_gain_l:0x903c device:0x0 vol_level:0x1
03-18 14:23:34.935   265  1323 D audio_pga: 'speaker-l' apply
03-18 14:23:34.935   265  1323 D audio_pga: 'speaker-r' apply
03-18 14:23:34.936   265  1323 W audio_hw_primary: SetAudio_gain_by_devices out, out_devices:0x2, in_devices:0x0
03-18 14:23:34.936   265  1323 I audio_hw_primary: stream_routing_thread looping done.
03-18 14:23:34.936   265  1323 I audio_hw_primary: stream_routing_thread looping now...
03-18 14:23:35.066   265  1316 D AudioPolicyManagerSPRD new: stopOutput() isVoipSet 0,stream 1,output size 1
03-18 14:23:35.066   265  1316 I APM::AudioPolicyManager: checkAndSetVolume() stream FM return 10
03-18 14:23:35.110   283   351 D phoneserver: sim0 signal no update num=27
03-18 14:23:35.110   283   351 D phoneserver: sim1 signal no update num=27
03-18 14:23:35.635  1231  1353 I InputDispatcher: dispatchMotion down - deviceId=1, policyFlags=0x62000000, action=0x0, buttonState=0x0, xPrecision=1.002083, yPrecision=0.937939
03-18 14:23:35.729  1231  1354 D InputReader: processEventsLocked: type=0 Count=2 code=2 value=0 deviceId=1
03-18 14:23:35.730  1231  1353 I InputDispatcher: dispatchCycle MOTION UP, channel '256296a com.juphoon.justex.sprd/com.juphoon.vowifi.ui.MainActivity (server)'
03-18 14:23:35.730  1231  1353 I InputDispatcher: dispatchCycle MOTION UP, channel 'WindowManager (server)'
03-18 14:23:35.732  1231  1353 I InputDispatcher: MOTION UP Finished Window 'Window{256296a u0 com.juphoon.justex.sprd/com.juphoon.vowifi.ui.MainActivity}' the last input event: MotionEvent(deviceId=1, source=0x00001002, action=1, actionButton=0x00000000, flags=0x00000000, metaState=0x00000000, buttonState=0x00000000, edgeFlags=0x00000000, xPrecision=1.0, yPrecision=0.9, displayId=0, pointers=[0: (89.8, 421.1)]), policyFlags=0x62000000
03-18 14:23:35.764   265  1326 W audio_hw_primary: [out_set_parameters], kvpairs=routing=2 devices:0x2 mode:0 
03-18 14:23:35.764   265  1326 W audio_hw_primary: the same devices(0x2) with val(0x2) val is zero...
03-18 14:23:35.765   265  2142 I APM::AudioPolicyManager: checkAndSetVolume() stream FM return 10
03-18 14:23:35.765   265  2142 D AudioPolicyManagerSPRD new: startOutput() isVoipSet 0,stream 1,
03-18 14:23:35.786  1441  1441 D NetworkController.MobileSignalController(1): getLabel[0]: Jio 4G color = -1
03-18 14:23:35.803  1441  1441 D PhoneStatusBar: label = 
03-18 14:23:35.805   265  1326 D AudioFlinger: mixer(0xb18c0000) throttle end: throttle time(25)
03-18 14:23:35.997   265  1316 D AudioPolicyManagerSPRD new: stopOutput() isVoipSet 0,stream 1,output size 1
03-18 14:23:35.997   265  1316 I APM::AudioPolicyManager: checkAndSetVolume() stream FM return 10
03-18 14:23:36.014  1231  2131 D IntentHooks: hookIntentIfNeeded() intent: Intent { cmp=com.juphoon.justex.sprd/com.juphoon.vowifi.ui.SettingsActivity }
03-18 14:23:36.029  2914  2914 I System.out: onPause
03-18 14:23:36.111   283   351 D phoneserver: sim0 signal no update num=27
03-18 14:23:36.111   283   351 D phoneserver: sim1 signal no update num=27
03-18 14:23:36.202  1231  1308 I ActivityManager: Displayed com.juphoon.justex.sprd/com.juphoon.vowifi.ui.SettingsActivity: +173ms
03-18 14:23:36.224   210   210 D gralloc.sc8830: fb_post fps = 18.658987
03-18 14:23:36.780  1231  1363 D WifiStateMachine: starting scan for "VoWiFi"WPA_PSK with 2437
03-18 14:23:36.780  1979  1979 D wpa_supplicant: wlan0: Control interface command 'SCAN TYPE=ONLY freq=2437'
03-18 14:23:36.780  1979  1979 D wpa_supplicant: wlan0: Setting scan request: 0.000000 sec
03-18 14:23:36.781  1979  1979 D wpa_supplicant: wlan0: Starting AP scan for wildcard SSID
03-18 14:23:36.781  1979  1979 D wpa_supplicant: wlan0: Limit manual scan to specified channels
03-18 14:23:36.781  1979  1979 D wpa_supplicant: wlan0: Add radio work 'scan'@0xb69d90f0
03-18 14:23:36.781  1979  1979 D wpa_supplicant: wlan0: First radio work item in the queue - schedule start immediately
03-18 14:23:36.781  1979  1979 D wpa_supplicant: wlan0: Starting radio work 'scan'@0xb69d90f0 after 0.000122 second wait
03-18 14:23:36.781  1979  1979 D wpa_supplicant: wlan0: nl80211: scan request
03-18 14:23:36.781  1979  1979 D wpa_supplicant: nl80211: Scan SSID - hexdump(len=0): [NULL]
03-18 14:23:36.781  1979  1979 D wpa_supplicant: nl80211: Scan extra IEs - hexdump(len=6): 7f 04 00 00 0a 02
03-18 14:23:36.781  1979  1979 D wpa_supplicant: nl80211: Scan frequency 2437 MHz
03-18 14:23:36.852  1979  1979 D wpa_supplicant: Scan requested (ret=0) - scan timeout 30 seconds
03-18 14:23:36.852  1979  1979 D wpa_supplicant: nl80211: Event message available
03-18 14:23:36.853  1979  1979 D wpa_supplicant: nl80211: Ignored event (cmd=33) for foreign interface (ifindex 10 wdev 0x0)
03-18 14:23:36.853  1979  1979 D wpa_supplicant: nl80211: Drv Event 33 (NL80211_CMD_TRIGGER_SCAN) received for wlan0
03-18 14:23:36.853  1979  1979 D wpa_supplicant: wlan0: nl80211: Scan trigger
03-18 14:23:36.853  1979  1979 D wpa_supplicant: wlan0: Event SCAN_STARTED (47) received
03-18 14:23:36.853  1979  1979 D wpa_supplicant: wlan0: Own scan request started a scan in 0.000366 seconds
03-18 14:23:36.853  1979  1979 D wpa_supplicant: CTRL_IFACE monitor sent successfully to /data/misc/wifi/sockets/wpa_ctrl_1231-2\x00
03-18 14:23:36.871  1979  1979 D wpa_supplicant: nl80211: Event message available
03-18 14:23:36.871  1979  1979 D wpa_supplicant: nl80211: Ignored event (cmd=34) for foreign interface (ifindex 10 wdev 0x0)
03-18 14:23:36.871  1979  1979 D wpa_supplicant: nl80211: Drv Event 34 (NL80211_CMD_NEW_SCAN_RESULTS) received for wlan0
03-18 14:23:36.871  1979  1979 D wpa_supplicant: wlan0: nl80211: New scan results available
03-18 14:23:36.871  1979  1979 D wpa_supplicant: nl80211: Scan probed for SSID ''
03-18 14:23:36.871  1979  1979 D wpa_supplicant: nl80211: Scan included frequencies: 2437
03-18 14:23:36.871  1979  1979 D wpa_supplicant: wlan0: Event SCAN_RESULTS (3) received
03-18 14:23:36.871  1979  1979 D wpa_supplicant: wlan0: Scan completed in 0.018586 seconds
03-18 14:23:36.872  1979  1979 D wpa_supplicant: nl80211: Associated on 2437 MHz
03-18 14:23:36.872  1979  1979 D wpa_supplicant: nl80211: Associated with c8:3a:35:14:cb:98
03-18 14:23:36.872  1979  1979 D wpa_supplicant: nl80211: Received scan results (3 BSSes)
03-18 14:23:36.872  1979  1979 D wpa_supplicant: nl80211: Scan results indicate BSS status with c8:3a:35:14:cb:98 as associated
03-18 14:23:36.872  1979  1979 D wpa_supplicant: wlan0: BSS: Start scan result update 4
03-18 14:23:36.872  1979  1979 D wpa_supplicant: BSS: last_scan_res_used=3/32
03-18 14:23:36.872  1979  1979 D wpa_supplicant: wlan0: Scan-only results received
03-18 14:23:36.872  1979  1979 D wpa_supplicant: CTRL_IFACE monitor sent successfully to /data/misc/wifi/sockets/wpa_ctrl_1231-2\x00
03-18 14:23:36.872  1979  1979 D wpa_supplicant: wlan0: Radio work 'scan'@0xb69d90f0 done in 0.091370 seconds
03-18 14:23:36.876  1979  1979 D wpa_supplicant: wlan0: Control interface command 'BSS RANGE=0- MASK=0x29d87'
03-18 14:23:36.881  1979  1979 D wpa_supplicant: wlan0: Control interface command 'BSS RANGE=7- MASK=0x29d87'
03-18 14:23:36.887  1979  1979 D wpa_supplicant: wlan0: Control interface command 'BSS RANGE=14- MASK=0x29d87'
03-18 14:23:36.891  1231  1363 D HS20    : Caught java.lang.IllegalArgumentException: Element length 251 exceeds payload length 2 @ 150
03-18 14:23:36.892  1231  1363 D HS20    : Caught java.lang.IllegalArgumentException: Element length 250 exceeds payload length 2 @ 54
03-18 14:23:36.892  1231  1363 D HS20    : Caught java.lang.IllegalArgumentException: Element length 49 exceeds payload length 2 @ 190
03-18 14:23:36.893  1231  1363 D HS20    : Caught java.lang.IllegalArgumentException: Element length 81 exceeds payload length 2 @ 214
03-18 14:23:36.893  1231  1363 D HS20    : Caught java.lang.IllegalArgumentException: Element length 154 exceeds payload length 2 @ 235
03-18 14:23:36.893  1231  1363 D HS20    : Caught java.lang.IllegalArgumentException: Element length 172 exceeds payload length 2 @ 254
03-18 14:23:36.894  1231  1363 D HS20    : Caught java.lang.IllegalArgumentException: Element length 106 exceeds payload length 2 @ 307
03-18 14:23:36.894  1231  1363 D HS20    : Caught java.lang.IllegalArgumentException: Element length 72 exceeds payload length 2 @ 244
03-18 14:23:36.895  1231  1363 D HS20    : Caught java.lang.IllegalArgumentException: Element length 229 exceeds payload length 2 @ 235
03-18 14:23:36.896  1231  1363 D HS20    : Caught java.lang.IllegalArgumentException: Element length 160 exceeds payload length 2 @ 235
03-18 14:23:36.896  1231  1363 D HS20    : Caught java.lang.IllegalArgumentException: Element length 151 exceeds payload length 2 @ 208
03-18 14:23:36.897  1231  1363 D HS20    : Caught java.lang.IllegalArgumentException: Element length 14 exceeds payload length 2 @ 208
03-18 14:23:36.897  1231  1363 D HS20    : Caught java.lang.IllegalArgumentException: Element length 36 exceeds payload length 2 @ 208
03-18 14:23:36.897  1231  1363 D HS20    : Caught java.lang.IllegalArgumentException: Element length 133 exceeds payload length 2 @ 254
03-18 14:23:36.898  1231  1363 D HS20    : Caught java.lang.IllegalArgumentException: Element length 96 exceeds payload length 2 @ 254
03-18 14:23:36.903  1231  1363 D HS20    : Caught java.lang.IllegalArgumentException: Element length 21 exceeds payload length 2 @ 282
03-18 14:23:36.903  1231  1363 D HS20    : Caught java.lang.IllegalArgumentException: Element length 180 exceeds payload length 2 @ 208
03-18 14:23:36.905  1979  1979 D wpa_supplicant: wlan0: Control interface command 'STATUS-NO_EVENTS'
03-18 14:23:36.906  1979  1979 D wpa_supplicant: EAPOL: EAP Session-Id not available
03-18 14:23:37.051  1231  1353 I InputDispatcher: dispatchMotion down - deviceId=1, policyFlags=0x62000000, action=0x0, buttonState=0x0, xPrecision=1.002083, yPrecision=0.937939
03-18 14:23:37.111   283   351 D phoneserver: sim0 signal no update num=27
03-18 14:23:37.111   283   351 D phoneserver: sim1 signal no update num=27
03-18 14:23:37.168  1231  1354 D InputReader: processEventsLocked: type=0 Count=2 code=2 value=0 deviceId=1
03-18 14:23:37.168  1231  1353 I InputDispatcher: dispatchCycle MOTION UP, channel '438ea27 com.juphoon.justex.sprd/com.juphoon.vowifi.ui.SettingsActivity (server)'
03-18 14:23:37.168  1231  1353 I InputDispatcher: dispatchCycle MOTION UP, channel 'WindowManager (server)'
03-18 14:23:37.169  1231  1353 I InputDispatcher: MOTION UP Finished Window 'Window{438ea27 u0 com.juphoon.justex.sprd/com.juphoon.vowifi.ui.SettingsActivity}' the last input event: MotionEvent(deviceId=1, source=0x00001002, action=1, actionButton=0x00000000, flags=0x00000000, metaState=0x00000000, buttonState=0x00000000, edgeFlags=0x00000000, xPrecision=1.0, yPrecision=0.9, displayId=0, pointers=[0: (38.9, 56.5)]), policyFlags=0x62000000
03-18 14:23:37.187   265  1326 W audio_hw_primary: [out_set_parameters], kvpairs=routing=2 devices:0x2 mode:0 
03-18 14:23:37.187   265  1326 W audio_hw_primary: the same devices(0x2) with val(0x2) val is zero...
03-18 14:23:37.187   265  1376 I APM::AudioPolicyManager: checkAndSetVolume() stream FM return 10
03-18 14:23:37.188   265  1376 D AudioPolicyManagerSPRD new: startOutput() isVoipSet 0,stream 1,
03-18 14:23:37.200  1231  2755 D NetlinkSocketObserver: NeighborEvent{elapsedMs=78711, 192.168.0.1, [C83A3514CB98], RTM_NEWNEIGH, NUD_REACHABLE}
03-18 14:23:37.335   210   210 D gralloc.sc8830: fb_post fps = 12.600307
03-18 14:23:37.417   265  1316 D AudioPolicyManagerSPRD new: stopOutput() isVoipSet 0,stream 1,output size 1
03-18 14:23:37.417   265  1316 I APM::AudioPolicyManager: checkAndSetVolume() stream FM return 10
03-18 14:23:37.564  1979  1979 D wpa_supplicant: wlan0: Control interface command 'SIGNAL_POLL'
03-18 14:23:37.566  1231  1365 D WifiNetworkMonitor: EVENT_WIFI_RSSI_CHANGED
03-18 14:23:37.566  1231  1365 E WifiNetworkMonitor: Not any Obervers!!!
03-18 14:23:37.589  2914  2914 D ListView: mHeaderViewInfos.size() = 0 mFooterViewInfos.size()0
03-18 14:23:38.111   283   351 D phoneserver: sim0 signal no update num=27
03-18 14:23:38.111   283   351 D phoneserver: sim1 signal no update num=27
03-18 14:23:38.118  1231  1353 I InputDispatcher: dispatchMotion down - deviceId=1, policyFlags=0x62000000, action=0x0, buttonState=0x0, xPrecision=1.002083, yPrecision=0.937939
03-18 14:23:38.224  1231  1354 D InputReader: processEventsLocked: type=0 Count=2 code=2 value=0 deviceId=1
03-18 14:23:38.224  1231  1353 I InputDispatcher: dispatchCycle MOTION UP, channel '256296a com.juphoon.justex.sprd/com.juphoon.vowifi.ui.MainActivity (server)'
03-18 14:23:38.224  1231  1353 I InputDispatcher: dispatchCycle MOTION UP, channel 'WindowManager (server)'
03-18 14:23:38.226  1231  1353 I InputDispatcher: MOTION UP Finished Window 'Window{256296a u0 com.juphoon.justex.sprd/com.juphoon.vowifi.ui.MainActivity}' the last input event: MotionEvent(deviceId=1, source=0x00001002, action=1, actionButton=0x00000000, flags=0x00000000, metaState=0x00000000, buttonState=0x00000000, edgeFlags=0x00000000, xPrecision=1.0, yPrecision=0.9, displayId=0, pointers=[0: (42.9, 85.3)]), policyFlags=0x62000000
03-18 14:23:38.246   265  1326 W audio_hw_primary: [out_set_parameters], kvpairs=routing=2 devices:0x2 mode:0 
03-18 14:23:38.246   265  1326 W audio_hw_primary: the same devices(0x2) with val(0x2) val is zero...
03-18 14:23:38.247   265  1330 I APM::AudioPolicyManager: checkAndSetVolume() stream FM return 10
03-18 14:23:38.247   265  1330 D AudioPolicyManagerSPRD new: startOutput() isVoipSet 0,stream 1,
03-18 14:23:38.303   265  1326 D AudioFlinger: mixer(0xb18c0000) throttle end: throttle time(4)
03-18 14:23:38.464   265  1316 D AudioPolicyManagerSPRD new: stopOutput() isVoipSet 0,stream 1,output size 1
03-18 14:23:38.464   265  1316 I APM::AudioPolicyManager: checkAndSetVolume() stream FM return 10
03-18 14:23:38.595  1464  1487 W CursorWrapperInner: Cursor finalized without prior close()
03-18 14:23:38.597  1464  1487 W CursorWrapperInner: Cursor finalized without prior close()
03-18 14:23:38.887   215   470 D WCND    : is_cp2_alive_ok: open polling interface: /proc/mdbg/loopcheck, fd = 13
03-18 14:23:38.991   215   470 D WCND    : is_cp2_alive_ok: loop: /proc/mdbg/loopcheck is OK
03-18 14:23:39.040  1231  1353 I InputDispatcher: dispatchMotion down - deviceId=1, policyFlags=0x62000000, action=0x0, buttonState=0x0, xPrecision=1.002083, yPrecision=0.937939
03-18 14:23:39.089  1231  1354 D InputReader: processEventsLocked: type=0 Count=2 code=2 value=0 deviceId=1
03-18 14:23:39.089  1231  1353 I InputDispatcher: dispatchCycle MOTION UP, channel '256296a com.juphoon.justex.sprd/com.juphoon.vowifi.ui.MainActivity (server)'
03-18 14:23:39.089  1231  1353 I InputDispatcher: dispatchCycle MOTION UP, channel 'WindowManager (server)'
03-18 14:23:39.091  1231  1353 I InputDispatcher: MOTION UP Finished Window 'Window{256296a u0 com.juphoon.justex.sprd/com.juphoon.vowifi.ui.MainActivity}' the last input event: MotionEvent(deviceId=1, source=0x00001002, action=1, actionButton=0x00000000, flags=0x00000000, metaState=0x00000000, buttonState=0x00000000, edgeFlags=0x00000000, xPrecision=1.0, yPrecision=0.9, displayId=0, pointers=[0: (60.9, 288.9)]), policyFlags=0x62000000
03-18 14:23:39.103   265  1326 W audio_hw_primary: [out_set_parameters], kvpairs=routing=2 devices:0x2 mode:0 
03-18 14:23:39.103   265  1326 W audio_hw_primary: the same devices(0x2) with val(0x2) val is zero...
03-18 14:23:39.103   265   265 I APM::AudioPolicyManager: checkAndSetVolume() stream FM return 10
03-18 14:23:39.103   265   265 D AudioPolicyManagerSPRD new: startOutput() isVoipSet 0,stream 1,
03-18 14:23:39.112   283   351 D phoneserver: sim0 signal no update num=27
03-18 14:23:39.112   283   351 D phoneserver: sim1 signal no update num=27
03-18 14:23:39.333   265  1316 D AudioPolicyManagerSPRD new: stopOutput() isVoipSet 0,stream 1,output size 1
03-18 14:23:39.333   265  1316 I APM::AudioPolicyManager: checkAndSetVolume() stream FM return 10
03-18 14:23:39.356  1231  1761 D IntentHooks: hookIntentIfNeeded() intent: Intent { cmp=com.juphoon.justex.sprd/com.juphoon.vowifi.ui.AccountListActivity }
03-18 14:23:39.373  2914  2914 I System.out: onPause
03-18 14:23:39.510  1231  1308 I ActivityManager: Displayed com.juphoon.justex.sprd/com.juphoon.vowifi.ui.AccountListActivity: +136ms
03-18 14:23:39.544   210   210 D gralloc.sc8830: fb_post fps = 6.791108
03-18 14:23:39.972  1231  1353 I InputDispatcher: dispatchMotion down - deviceId=1, policyFlags=0x62000000, action=0x0, buttonState=0x0, xPrecision=1.002083, yPrecision=0.937939
03-18 14:23:40.044  1231  1354 D InputReader: processEventsLocked: type=0 Count=2 code=2 value=0 deviceId=1
03-18 14:23:40.044  1231  1353 I InputDispatcher: dispatchCycle MOTION UP, channel 'caa4396 com.juphoon.justex.sprd/com.juphoon.vowifi.ui.AccountListActivity (server)'
03-18 14:23:40.044  1231  1353 I InputDispatcher: dispatchCycle MOTION UP, channel 'WindowManager (server)'
03-18 14:23:40.053  1231  1353 I InputDispatcher: MOTION UP Finished Window 'Window{caa4396 u0 com.juphoon.justex.sprd/com.juphoon.vowifi.ui.AccountListActivity}' the last input event: MotionEvent(deviceId=1, source=0x00001002, action=1, actionButton=0x00000000, flags=0x00000000, metaState=0x00000000, buttonState=0x00000000, edgeFlags=0x00000000, xPrecision=1.0, yPrecision=0.9, displayId=0, pointers=[0: (93.8, 178.0)]), policyFlags=0x62000000
03-18 14:23:40.112   283   351 D phoneserver: sim0 signal no update num=27
03-18 14:23:40.112   283   351 D phoneserver: sim1 signal no update num=27
03-18 14:23:40.132   265  1326 W audio_hw_primary: [out_set_parameters], kvpairs=routing=2 devices:0x2 mode:0 
03-18 14:23:40.133   265  1326 W audio_hw_primary: the same devices(0x2) with val(0x2) val is zero...
03-18 14:23:40.134   265  1375 I APM::AudioPolicyManager: checkAndSetVolume() stream FM return 10
03-18 14:23:40.134   265  1375 D AudioPolicyManagerSPRD new: startOutput() isVoipSet 0,stream 1,
03-18 14:23:40.142  2914  2914 D LEMON   : 14:23:40.142 MRP: INFO: init db ok.
03-18 14:23:40.142  2914  2914 D LEMON   : 14:23:40.142 MXP: INFO: init db ok.
03-18 14:23:40.142  2914  2914 D LEMON   : 14:23:40.142 MMP: INFO: init db ok.
03-18 14:23:40.142  2914  2914 D LEMON   : 14:23:40.142 MNP: INFO: init db ok.
03-18 14:23:40.142  2914  2914 D LEMON   : 14:23:40.142 MTP: INFO: init db ok.
03-18 14:23:40.143  2914  2914 D LEMON   : 14:23:40.143 MTC: INFO: ProfSelect choice <405872000010425> ok
03-18 14:23:40.143  2914  2914 D LEMON   : 14:23:40.143 DNS: INFO: InitSrv primary 8.8.8.8:53
03-18 14:23:40.143  2914  2914 D LEMON   : 14:23:40.143 DNS: INFO: InitSrv secondary 114.114.114.114:53
03-18 14:23:40.144  2914  2914 D LEMON   : 14:23:40.144 MVC: INFO: GetSuptCdc support 7
03-18 14:23:40.145  2914  2914 D LEMON   : 14:23:40.145 MVD: INFO: GetSuptCdc support 3
03-18 14:23:40.152  2914  2914 D LEMON   : 14:23:40.152 ZOS: INFO: Open file</storage/emulated/0/JusTex/profiles/405872000010425/provision-v1.xml2ss> flag[w+b] ok.
03-18 14:23:40.153  2914  2914 D LEMON   : 14:23:40.153 ZOS: INFO: Open file</storage/emulated/0/JusTex/profiles/405872000010425/provision-v1.xml> flag[rb] ok.
03-18 14:23:40.173  2914  2914 D LEMON   : 14:23:40.173 MVC: INFO: GetSuptCdc support 7
03-18 14:23:40.173  2914  2914 D LEMON   : 14:23:40.173 MVD: INFO: GetSuptCdc support 3
03-18 14:23:40.189  2914  2914 D LEMON   : 14:23:40.189 ZOS: INFO: Open file</storage/emulated/0/JusTex/profiles/405872000010425/provision-v1.xml2ss> flag[w+b] ok.
03-18 14:23:40.190   265  1326 D AudioFlinger: mixer(0xb18c0000) throttle end: throttle time(4)
03-18 14:23:40.192  2914  2914 D LEMON   : 14:23:40.192 ZOS: INFO: Open file</storage/emulated/0/JusTex/profiles/405872000010425/provision-v1.xml> flag[w+b] ok.
03-18 14:23:40.195  2914  2914 D LEMON   : 14:23:40.195 SIP: INFO: tpt set udp sever addr[100.81.139.22:0].
03-18 14:23:40.195  2914  2914 D LEMON   : 14:23:40.195 SIP: INFO: tpt set tcp sever addr[100.81.139.22:0].
03-18 14:23:40.195  2914  2914 D LEMON   : 14:23:40.195 SIP: INFO: tpt set tls sever addr[100.81.139.22:0].
03-18 14:23:40.195  2914  2914 D LEMON   : 14:23:40.195 MSP: DEBUG: get data bearer<6>.
03-18 14:23:40.195  2914  2914 D LEMON   : 14:23:40.195 MVC: INFO: DspSetAecEnable set disable
03-18 14:23:40.196  2914  2914 D LEMON   : 14:23:40.196 MVC: INFO: DspSetAecMode mode 4.
03-18 14:23:40.196  2914  2914 D LEMON   : 14:23:40.196 MVC: INFO: DspSetAgcEnable set enable
03-18 14:23:40.196  2914  2914 D LEMON   : 14:23:40.196 MVC: INFO: DspSetAgcMode mode 3
03-18 14:23:40.196  2914  2914 D LEMON   : 14:23:40.196 MVC: INFO: DspSetAgcTgt set 3.
03-18 14:23:40.196  2914  2914 D LEMON   : 14:23:40.196 MVC: INFO: DspSetAnrEnable set enable
03-18 14:23:40.197  2914  2914 D LEMON   : 14:23:40.197 MVC: INFO: DspSetAnrMode mode 2.
03-18 14:23:40.197  2914  2914 D LEMON   : 14:23:40.197 MTC: DEBUG: ProvDbSetCurProfUser <405872000010425>.
03-18 14:23:40.197  2914  2914 D LEMON   : 14:23:40.197 MTC: INFO: open client ok.
03-18 14:23:40.209  2914  2914 D LEMON   : 14:23:40.209 MTC: DEBUG: ProfGetUser <405872000010425>.
03-18 14:23:40.209  2914  2914 D LEMON   : 14:23:40.209 AccountActivity: INFO:  set app login  true
03-18 14:23:40.210  2914  2914 D AccountActivity:  set app login  true
03-18 14:23:40.349   265  1316 D AudioPolicyManagerSPRD new: stopOutput() isVoipSet 0,stream 1,output size 1
03-18 14:23:40.349   265  1316 I APM::AudioPolicyManager: checkAndSetVolume() stream FM return 10
03-18 14:23:40.551   210   210 D gralloc.sc8830: fb_post fps = 24.811460
03-18 14:23:40.571  1979  1979 D wpa_supplicant: wlan0: Control interface command 'SIGNAL_POLL'
03-18 14:23:40.578  1231  1365 D WifiNetworkMonitor: EVENT_WIFI_RSSI_CHANGED
03-18 14:23:40.578  1231  1365 E WifiNetworkMonitor: Not any Obervers!!!
03-18 14:23:40.617  2149  2956 D AutoStarter: epdg.epc.mnc872.mcc405.pub.3gppnetwork.org 49.44.57.161
03-18 14:23:40.638  1441  2030 D NetworkController.MobileSignalController(1): getLabel[0]: Jio 4G color = -1
03-18 14:23:40.645  1441  2030 D PhoneStatusBar: label = 
03-18 14:23:40.736  2149  2149 D CharonVpnService: run auto
03-18 14:23:40.743  2149  2149 D AutoStarter: state=CONNECTING errprState=NO_ERROR
03-18 14:23:40.744  2149  2149 D SecurityS2bCallback: mtcS2bCbStateChanged
03-18 14:23:40.745  2914  2948 D VoWiFiSecurityS2bWrapper: {"security_json_action":"security_json_action_s2b_progressing","security_json_param_progress_state":-1}
03-18 14:23:40.746  2914  2948 D VoWiFiSecurityS2bWrapper: localIPV4:
03-18 14:23:40.746  2914  2948 D VoWiFiSecurityS2bWrapper: localIPV6:
03-18 14:23:40.746  2914  2948 D VoWiFiSecurityS2bWrapper: pcscfIPV4:
03-18 14:23:40.746  2914  2948 D VoWiFiSecurityS2bWrapper: pcscfIPV6:
03-18 14:23:40.746  2914  2948 D VoWiFiSecurityS2bWrapper: dnsIPV4:
03-18 14:23:40.746  2914  2948 D VoWiFiSecurityS2bWrapper: dnsIPV6:
03-18 14:23:40.748  1398  2110 I VoWifiSecurityS2bManager: callback{"security_json_action":"security_json_action_s2b_progressing","security_json_param_progress_state":-1}
03-18 14:23:40.748  1398  1398 I ImsService: EVENT_WIFI_ATTACH_STATE_UPDATE-> state:-1
03-18 14:23:40.750  2149  2149 D SecurityS2bWrapper: {"security_json_action":"security_json_action_s2b_progressing","security_json_param_progress_state":-1}
03-18 14:23:40.783  2149  2958 I charon  : 00[LIB] loaded plugins: androidbridge charon android-log openssl fips-prf random nonce pubkey pkcs1 pkcs8 pem xcbc hmac socket-default eap-identity eap-mschapv2 eap-md5 eap-gtc eap-tls eap-aka eap-aka-3gpp2
03-18 14:23:40.783  2149  2958 I charon  : 00[JOB] spawning 16 worker threads
03-18 14:23:40.787  2149  2958 I CharonVpnService: charon started
03-18 14:23:40.791  2149  2965 I charon  : 07[CFG] no requestIp
03-18 14:23:40.792  2149  2965 I charon  : 07[CFG] no trafficIp
03-18 14:23:40.796  2149  2965 I charon  : 07[IKE] initiating IKE_SA android[1] to 49.44.57.161
03-18 14:23:40.796  1441  1441 D NetworkController.MobileSignalController(1): getLabel[0]: Jio 4G color = -1
03-18 14:23:40.798  1441  1441 D PhoneStatusBar: label = 
03-18 14:23:40.833  2149  2965 I charon  : 07[ENC] generating IKE_SA_INIT request 0 [ SA KE No N(NATD_S_IP) N(NATD_D_IP) N(FRAG_SUP) N(HASH_ALG) ]
03-18 14:23:40.834  2149  2965 I charon  : 07[NET] sending packet: from 192.168.0.100[53656] to 49.44.57.161[500] (328 bytes)
03-18 14:23:41.113   283   351 D phoneserver: sim0 signal no update num=27
03-18 14:23:41.113   283   351 D phoneserver: sim1 signal no update num=27
03-18 14:23:41.511  2149  2968 I charon  : 10[NET] received packet: from 49.44.57.161[500] to 192.168.0.100[53656] (288 bytes)
03-18 14:23:41.512  2149  2968 I charon  : 10[ENC] parsed IKE_SA_INIT response 0 [ SA KE No N(NATD_S_IP) N(NATD_D_IP) ]
03-18 14:23:41.550  2149  2968 I charon  : 10[IKE] shared Diffie Hellman secret => 128 bytes @ 0xa2cd3780
03-18 14:23:41.550  2149  2968 I charon  : 10[IKE]    0: 99 AF 93 D9 B4 F4 2A 89 28 92 C0 EA 88 88 E7 4C  ......*.(......L
03-18 14:23:41.550  2149  2968 I charon  : 10[IKE]   16: F1 51 9C 87 04 94 BE 64 63 6A DE 88 7E CF F6 1F  .Q.....dcj..~...
03-18 14:23:41.550  2149  2968 I charon  : 10[IKE]   32: B7 91 9F CF EC CA 68 04 F3 43 32 82 56 0A 58 D5  ......h..C2.V.X.
03-18 14:23:41.550  2149  2968 I charon  : 10[IKE]   48: D9 F4 C5 FB 34 0F CD 07 DB CA 82 61 E9 DD 78 5C  ....4......a..x\
03-18 14:23:41.550  2149  2968 I charon  : 10[IKE]   64: 12 F4 8C BD 5C DA 8F 61 80 B2 CC C7 7A 27 B8 92  ....\..a....z'..
03-18 14:23:41.550  2149  2968 I charon  : 10[IKE]   80: AB C0 50 04 21 5A F8 DE 3D 6E A0 75 50 D1 67 A5  ..P.!Z..=n.uP.g.
03-18 14:23:41.550  2149  2968 I charon  : 10[IKE]   96: 74 58 BA D6 EF 87 31 9F 1D 37 92 E2 B0 3F A0 11  tX....1..7...?..
03-18 14:23:41.550  2149  2968 I charon  : 10[IKE]  112: A9 72 58 09 CD F3 A3 0D 2F D6 B7 AE 3C 52 E9 C1  .rX...../...<R..
03-18 14:23:41.551  2149  2968 I charon  : 10[IKE] Sk_d secret => 20 bytes @ 0xabe4bc10
03-18 14:23:41.551  2149  2968 I charon  : 10[IKE]    0: 22 0B 5E 46 69 EB C1 B7 93 5F 05 A1 3E 74 10 17  ".^Fi...._..>t..
03-18 14:23:41.551  2149  2968 I charon  : 10[IKE]   16: 7E 84 0E F7                                      ~...
03-18 14:23:41.551  2149  2968 I charon  : 10[IKE] Sk_ai secret => 20 bytes @ 0xabe4bc28
03-18 14:23:41.551  2149  2968 I charon  : 10[IKE]    0: 51 81 40 83 4C DD F0 E2 42 20 AF 4A A4 42 F1 96  Q.@.L...B .J.B..
03-18 14:23:41.551  2149  2968 I charon  : 10[IKE]   16: 90 86 D1 4C                                      ...L
03-18 14:23:41.552  2149  2968 I charon  : 10[IKE] Sk_ar secret => 20 bytes @ 0xabe4bc28
03-18 14:23:41.552  2149  2968 I charon  : 10[IKE]    0: 1F 68 73 6B 04 61 4F E1 A0 04 0E FD AC DA 67 1B  .hsk.aO.......g.
03-18 14:23:41.552  2149  2968 I charon  : 10[IKE]   16: 18 99 36 7C                                      ..6|
03-18 14:23:41.557  2149  2968 I charon  : 10[IKE] Sk_ei secret => 16 bytes @ 0xa2cd1d90
03-18 14:23:41.557  2149  2968 I charon  : 10[IKE]    0: A8 59 82 F3 29 9A D9 2A B3 4A 53 EB 8F FB 0B 95  .Y..)..*.JS.....
03-18 14:23:41.558  2149  2968 I charon  : 10[IKE] Sk_er secret => 16 bytes @ 0xa2cd1d90
03-18 14:23:41.558  2149  2968 I charon  : 10[IKE]    0: 5A D5 A3 08 71 A9 F2 8E 8A 51 00 87 F3 6D 3A 9A  Z...q....Q...m:.
03-18 14:23:41.558  2149  2968 I charon  : 10[IKE] Sk_pi secret => 20 bytes @ 0xabe4bc28
03-18 14:23:41.558  2149  2968 I charon  : 10[IKE]    0: 0A 30 D6 62 B8 20 A9 4E 0D C8 CF D3 B1 FB 0C CD  .0.b. .N........
03-18 14:23:41.558  2149  2968 I charon  : 10[IKE]   16: 26 8C 36 DD                                      &.6.
03-18 14:23:41.559  2149  2968 I charon  : 10[IKE] Sk_pr secret => 20 bytes @ 0xabe4bc70
03-18 14:23:41.559  2149  2968 I charon  : 10[IKE]    0: DD 28 87 3F E3 33 78 C9 40 D0 1B 04 C4 1D 01 36  .(.?.3x.@......6
03-18 14:23:41.559  2149  2968 I charon  : 10[IKE]   16: 05 D1 55 6E                                      ..Un
03-18 14:23:41.559  2149  2968 I charon  : 10[IKE] local host is behind NAT, sending keep alives
03-18 14:23:41.560  2149  2968 I charon  : 10[IKE] vips == 0
03-18 14:23:41.560  2149  2968 I charon  : 10[IKE] vips add 0.0.0.0[0]
03-18 14:23:41.560  2149  2968 I charon  : 10[IKE] vips add ::[0]
03-18 14:23:41.561  2149  2968 I charon  : 10[IKE] vips > 0
03-18 14:23:41.561  2149  2968 I charon  : 10[IKE] establishing CHILD_SA android
03-18 14:23:41.562  2149  2968 I charon  : 10[ENC] generating IKE_AUTH request 1 [ IDi N(INIT_CONTACT) IDr CPRQ(ADDR ADDR6 DNS DNS6 (20) (21) (16389) (16390)) SA TSi TSr N(EAP_ONLY) ]
03-18 14:23:41.563  2149  2968 I charon  : 10[NET] sending packet: from 192.168.0.100[33727] to 49.44.57.161[4500] (364 bytes)
03-18 14:23:41.563   210   210 D gralloc.sc8830: fb_post fps = 61.285549
03-18 14:23:42.113   283   351 D phoneserver: sim0 signal no update num=27
03-18 14:23:42.113   283   351 D phoneserver: sim1 signal no update num=27
03-18 14:23:42.230  2149  2969 I charon  : 11[NET] received packet: from 49.44.57.161[4500] to 192.168.0.100[33727] (156 bytes)
03-18 14:23:42.230  2149  2969 I charon  : 11[ENC] parsed IKE_AUTH response 1 [ IDr EAP/REQ/AKA ]
03-18 14:23:42.231  2149  2969 I charon  : 11[IKE] server requested EAP_AKA authentication (id 0x02)
03-18 14:23:42.232  2149  2969 I charon  : 11[IKE] received MAC does not match XMAC
03-18 14:23:42.233  2149  2969 I charon  : 11[LIB] tried 1 SIM cards, but none has quintuplets for '0405872000010425@nai.epc.mnc872.mcc405.3gppnetwork.org'
03-18 14:23:42.233  2149  2969 I charon  : 11[IKE] calcAkaFromCard
03-18 14:23:42.233  2149  2969 I charon  : 11[IKE] calcAkaFromCard send ok
03-18 14:23:42.234  2149  2181 D Communicater: 收到包 000100000020457cb8d100000000342a536e00000000609341a3fd1e000097c3f9d559138a2a
03-18 14:23:42.234  2149  2181 D Communicater: 收到包 1 32
03-18 14:23:42.234  2149  2181 D Communicater: 收到包 1
03-18 14:23:42.234  2149  2181 D akaCaclResponse: 计算 0
03-18 14:23:42.235  2149  2181 D akaCaclResponse: 计算 1
03-18 14:23:42.333   283   323 D phoneserver: Rev TID [323]: mux=/dev/stty_lte1:^MBAU: 0,AFDB55AAB63DB644,94C82B9D9F7F96E059D109CCF9881AFD,54D2391826894C9FFD4CD6E7DA21DB59
03-18 14:23:42.333   283   323 D phoneserver: Rev TID [323]: mux=/dev/stty_lte1:OK
03-18 14:23:42.337  2149  2181 D akaCaclResponse: 计算 2
03-18 14:23:42.337  2149  2181 D Communicater: 收到包 2 db08afdb55aab63db6441094c82b9d9f7f96e059d109ccf9881afd1054d2391826894c9ffd4cd6e7da21db59
03-18 14:23:42.338  2149  2181 D Communicater: 收到包 3 00010000002cdb08afdb55aab63db6441094c82b9d9f7f96e059d109ccf9881afd1054d2391826894c9ffd4cd6e7da21db59
03-18 14:23:42.339  2149  2969 I charon  : 11[IKE] 计算卡结果
03-18 14:23:42.340  2149  2969 I charon  : 11[IKE] eap_aka_peer.c-卡-res-----=> 8 bytes @ 0xa22c95fc
03-18 14:23:42.340  2149  2969 I charon  : 11[IKE]    0: AF DB 55 AA B6 3D B6 44                          ..U..=.D
03-18 14:23:42.340  2149  2969 I charon  : 11[IKE] eap_aka_peer.c-卡-ck-------=> 16 bytes @ 0xa22c960c
03-18 14:23:42.340  2149  2969 I charon  : 11[IKE]    0: 94 C8 2B 9D 9F 7F 96 E0 59 D1 09 CC F9 88 1A FD  ..+.....Y.......
03-18 14:23:42.341  2149  2969 I charon  : 11[IKE] eap_aka_peer.c-卡-ik-------=> 16 bytes @ 0xa22c961c
03-18 14:23:42.341  2149  2969 I charon  : 11[IKE]    0: 54 D2 39 18 26 89 4C 9F FD 4C D6 E7 DA 21 DB 59  T.9.&.L..L...!.Y
03-18 14:23:42.341  2149  2969 I charon  : 11[IKE] allow mutual EAP-only authentication
03-18 14:23:42.342  2149  2969 I charon  : 11[ENC] generating IKE_AUTH request 2 [ EAP/RES/AKA ]
03-18 14:23:42.342  2149  2969 I charon  : 11[NET] sending packet: from 192.168.0.100[33727] to 49.44.57.161[4500] (108 bytes)
03-18 14:23:42.533   297   297 D         : XmlStorage::handleEvent()
03-18 14:23:42.535   297   297 D         : /data/sprdinfo/apr.xml file is created
03-18 14:23:42.572   210   210 D gralloc.sc8830: fb_post fps = 61.441242
03-18 14:23:43.113   283   351 D phoneserver: sim0 signal no update num=27
