04-17 23:21:25.020  1681  1833 D LEMON   : 23:21:25.020 SIP: INFO: tpt utpt[3] of conn<0x30007> report data message<0xaf6c4eb0> ok.
04-17 23:21:25.020  1681  2968 D LEMON   : 23:21:25.020 SIP: INFO: module process tpt event.
04-17 23:21:25.020  1681  2968 D LEMON   : 23:21:25.020 SIP: INFO: tpt conn<0x30007> process data message<0xaf6c4eb0>.
04-17 23:21:25.021  1681  2968 D LEMON   : 23:21:25.020 SIP: INFO: 
04-17 23:21:25.021  1681  2968 D LEMON   : data length: 1251
04-17 23:21:25.021  1681  2968 D LEMON   : data content[text]:
04-17 23:21:25.021  1681  2968 D LEMON   : ~~~~~~~~~~~~~~~~~~~~~~~~~~~~~~~~~~~~~~~~~~~~~~
04-17 23:21:25.021  1681  2968 D LEMON   : SIP/2.0 401 Unauthorized
04-17 23:21:25.021  1681  2968 D LEMON   : t:<sip:405872000010353@ims.mnc872.mcc405.3gppnetwork.org>;tag=602171799
04-17 23:21:25.021  1681  2968 D LEMON   : f:<sip:405872000010353@ims.mnc872.mcc405.3gppnetwork.org>;tag=G1c0EL7JRoKE6ePn_Ly321*t4-
04-17 23:21:25.021  1681  2968 D LEMON   : i:rc0EL7JRoKE6ePn_Lx321CqGxq@100.80.131.52
04-17 23:21:25.021  1681  2968 D LEMON   : CSeq:1 REGISTER
04-17 23:21:25.021  1681  2968 D LEMON   : v:SIP/2.0/UDP 100.80.131.52:5060;branch=z9hG4bKxqrc0EL7JRoKE6ePn_Lz321DqG;rport=5060;received=100.80.131.52
04-17 23:21:25.021  1681  2968 D LEMON   : WWW-Authenticate:Digest realm="ims.mnc872.mcc405.3gppnetwork.org",nonce="gw8zkQAAAABMcdM0AAAAANZmg7pwKwAAP2mHzBVq2sVkNDE0MGQwYw==",algorithm=AKAv1-MD5,qop="auth"
04-17 23:21:25.021  1681  2968 D LEMON   : l:0
04-17 23:21:25.021  1681  2968 D LEMON   : Security-Server:ipsec-3gpp;q=0.6;alg=hmac-md5-96;ealg=aes-cbc;spi-c=1458807078;spi-s=1458807079;port-c=32920;port-s=5067
04-17 23:21:25.021  1681  2968 D LEMON   : Security-Server:ipsec-3gpp;q=0.4;alg=hmac-md5-96;ealg=des-ede3-cbc;spi-c=1458807078;spi-s=1458807079;port-c=32920;port-s=5067
04-17 23:21:25.021  1681  2968 D LEMON   : Security-Server:ipsec-3gpp;q=0.3;alg=hmac-md5-96;spi-c=1458807078;spi-s=1458807079;port-c=32920;port-s=5067
04-17 23:21:25.021  1681  2968 D LEMON   : Security-Server:ipsec-3gpp;q=0.1;alg=hmac-sha-1-96;ealg=des-ede3-cbc;spi-c=1458807078;spi-s=1458807079;port-c=32920;port-s=5067
04-17 23:21:25.021  1681  2968 D LEMON   : Security-Server:ipsec-3gpp;q=0.2;alg=hmac-sha-1-96;ealg=aes-cbc;spi-c=1458807078;spi-s=1458807079;port-c=32920;port-s=5067
04-17 23:21:25.021  1681  2968 D LEMON   : Security-Server:ipsec-3gpp;q=0.5;alg=hmac-sha-1-96;spi-c=1458807078;spi-s=1458807079;port-c=32920;port-s=5067
04-17 23:21:25.021  1681  2968 D LEMON   : 
04-17 23:21:25.021  1681  2968 D LEMON   : 
04-17 23:21:25.021  1681  2968 D LEMON   : ~~~~~~~~~~~~~~~~~~~~~~~~~~~~~~~~~~~~~~~~~~~~~~
04-17 23:21:25.023  1681  2968 D LEMON   : 23:21:25.023 SIP: INFO: module TptMsgProc process incoming event.
04-17 23:21:25.023  1681  2968 D LEMON   : 23:21:25.023 SIP: INFO: trans TransPreProcEvnt preprocess old trans event.
04-17 23:21:25.024  1681  2968 D LEMON   : 23:21:25.024 SIP: INFO: trans @10006 process response <REGISTER:401>.
04-17 23:21:25.024  1681  2968 D LEMON   : 23:21:25.024 SIP: INFO: module stop tmr<0xC> [TIMER E] ok.
04-17 23:21:25.024  1681  2968 D LEMON   : 23:21:25.024 SIP: INFO: module stop tmr<0xD> [TIMER F] ok.
04-17 23:21:25.024  1681  2968 D LEMON   : 23:21:25.024 SIP: INFO: trans @10006 report event [RECV 3456XX].
04-17 23:21:25.024  1681  2968 D LEMON   : 23:21:25.024 SIP: INFO: module start tmr<0xE> [TIMER K] <17000ms> ok.
04-17 23:21:25.024  1681  2968 D LEMON   : 23:21:25.024 SIP: INFO: tpt conn<0x30007> reset expires.
04-17 23:21:25.024  1681  2968 D LEMON   : 23:21:25.024 ZOS: INFO: fsm(SIP_NICT) trans@[65542] state <TRYING> run [RECV_3456XX] event ok.
04-17 23:21:25.024  1681  2968 D LEMON   : 23:21:25.024 ZOS: INFO: fsm(SIP_NICT) trans@[65542] state <TRYING> to <COMPLETED>.
04-17 23:21:25.024  1681  2968 D LEMON   : 23:21:25.024 SIP: INFO: module TptMsgProc process event queue.
04-17 23:21:25.024  1681  2968 D LEMON   : 23:21:25.024 SIP: INFO: core event queue process the next event.
04-17 23:21:25.024  1681  2968 D LEMON   : 23:21:25.024 SIP: INFO: core sess@10003 UacProcCimCnf process.
04-17 23:21:25.024  1681  2968 D LEMON   : 23:21:25.024 SIP: INFO: dlg @10004 process event [RECV RSP].
04-17 23:21:25.025  1681  2968 D LEMON   : 23:21:25.025 SIP: INFO: dlg @10004 process response <REGISTER:401>.
04-17 23:21:25.025  1681  2968 D LEMON   : 23:21:25.025 SIP: INFO: dlg @10004 report event.
04-17 23:21:25.025  1681  2968 D LEMON   : 23:21:25.025 SIP: INFO: core report event [CIM CNF].
04-17 23:21:25.025  1681  2968 D LEMON   : 23:21:25.025 SIP: INFO: core -->comp@2875651668 evnt@13 method@5.
04-17 23:21:25.025  1681  2968 D LEMON   : 23:21:25.025 SIP: INFO: core -->upper sess@10003 <----> sess user id@11.
04-17 23:21:25.025  1681  2968 D LEMON   : 23:21:25.025 SIP: INFO: core -->upper dlg@10004 <----> dlg user id@ffffffff.
04-17 23:21:25.025  1681  2968 D LEMON   : 23:21:25.025 SIP: INFO: core -->upper trans@10006 <----> trans user id@0.
04-17 23:21:25.026  1681  1826 D LEMON   : 23:21:25.025 MRF: INFO: CompProcRsp recv register rsp<401>
04-17 23:21:25.026  1681  1826 D LEMON   : 23:21:25.026 MRF: INFO: AuthSaveSec qval int:0 frac:6.
04-17 23:21:25.026  1681  1826 D LEMON   : 23:21:25.026 MSF: DEBUG: comp<MRF> proc evnt.
04-17 23:21:25.026  1681  1826 D LEMON   : 23:21:25.026 SIP: INFO: module MsgDelete msg 0xa2652c68.
04-17 23:21:25.031  1681  1681 D LEMON   : 23:21:25.031 RSD: DEBUG: dispatch msf event to enabler<0xa31fa254>.
04-17 23:21:25.032  1681  1681 D LEMON   : 23:21:25.031 RegisterServiceCallback: INFO: mtcCliCbAuthInd, iAutoType: 2, iRegId: 17, pcNonce: gw8zkQAAAABMcdM0AAAAANZmg7pwKwAAP2mHzBVq2sVkNDE0MGQwYw==
04-17 23:21:25.032  1681  1681 I System.out: mtcCliCbAuthInd, iAutoType: 2, iRegId: 17, pcNonce: gw8zkQAAAABMcdM0AAAAANZmg7pwKwAAP2mHzBVq2sVkNDE0MGQwYw==
04-17 23:21:25.033  1681  1681 D akaCaclResponse:  2
04-17 23:21:25.041  1681  2968 D LEMON   : 23:21:25.041 SIP: INFO: core sess@10003 UaReportCimCnf report.
04-17 23:21:25.042  1681  2968 D LEMON   : 23:21:25.041 ZOS: INFO: fsm(SIP_VRTD) vrtd@[65540] state <REQ OUT> run [RECV_RSP] event ok.
04-17 23:21:25.042  1681  2968 D LEMON   : 23:21:25.042 ZOS: INFO: fsm(SIP_VRTD) vrtd@[65540] state <REQ OUT> to <TERMINATED>.
04-17 23:21:25.042  1681  2968 D LEMON   : 23:21:25.042 SIP: INFO: core event queue process the last event.
04-17 23:21:25.042  1681  2968 D LEMON   : 23:21:25.042 SIP: INFO: module MsgDelete msg 0xa2652c68.
04-17 23:21:25.042  1681  2968 D LEMON   : 23:21:25.042 SIP: INFO: module MsgDelete msg 0xa2652c68.
04-17 23:21:25.042  1681  2968 D LEMON   : 23:21:25.042 SIP: INFO: module TptMsgProc check tpt alive.
04-17 23:21:25.042  1681  2968 D LEMON   : 23:21:25.042 SIP: INFO: tpt conn<0x30007> expires is 0.
04-17 23:21:25.117  1681  1681 D akaCaclResponse:  3 2wjyTnRbV8QvMhAmzUREKFPQBZD01MRCUZ+0EAp3qiC012SGuwKR7aUqmOE=
04-17 23:21:25.118  1681  1681 D LEMON   : 23:21:25.117 RegisterServiceCallback: INFO: mtcCliCbAuthInd, res: f24e745b57c42f32, ck: 26cd44442853d00590f4d4c442519fb4, ik: 0a77aa20b4d76486bb0291eda52a98e1, auts: null
04-17 23:21:25.118  1681  1681 I System.out: mtcCliCbAuthInd, res: f24e745b57c42f32, ck: 26cd44442853d00590f4d4c442519fb4, ik: 0a77aa20b4d76486bb0291eda52a98e1, auts: null
04-17 23:21:25.119  1681  1681 D LEMON   : 23:21:25.119 MRF: INFO: endp enter aka response to register.
04-17 23:21:25.119  1681  1681 D LEMON   : 23:21:25.119 MTC: DEBUG: aka auth nonce<gw8zkQAAAABMcdM0AAAAANZmg7pwKwAAP2mHzBVq2sVkNDE0MGQwYw==> indication.
04-17 23:21:25.119  1681  1826 D LEMON   : 23:21:25.119 MRF: INFO: endpoint process [USER ENTER PWD].
04-17 23:21:25.119  1681  1826 D LEMON   : 23:21:25.119 MRF: INFO: RegRegingOnEnterPwd pcRsp:f24e745b57c42f32 IK:0a77aa20b4d76486bb0291eda52a98e1 CK:26cd44442853d00590f4d4c442519fb4 Auts:
04-17 23:21:25.120  1681  1826 D LEMON   : 23:21:25.119 MRF: INFO: RegRegingOnEnterPwd TEST wRmtPort:5067, stRmtAddr.wPort:5067
04-17 23:21:25.120  1681  1826 D LEMON   : 23:21:25.120 MRF: DEBUG: RegSetupSa iSpiUc:249868760, iSpiUs:249868761, iProt:1, iSaType:2, iMode:1, iAuth:1, pcAuthKey:0a77aa20b4d76486bb0291eda52a98e1, iEnc:5, pcEncKey:26cd44442853d00590f4d4c442519fb4, iAfC:0, acIpC:100.80.131.52, acPortUc:33245, iAfS:0, acIpS:10.56.5.85, acPortPs:5067
04-17 23:21:25.122  1681  1826 D LEMON   : 23:21:25.120 MRF: INFO: RegSetupSa sendto: {"ZIpsecPfkeyCmd":"ZIpsecPfkeyCmdSaFlush"}
04-17 23:21:25.136  1681  1826 D LEMON   : 23:21:25.136 MRF: INFO: RegSetupSa recvfrom: {"ZIpsecPfkeyCb":"ZIpsecPfkeyCbSaFlushOk"}
04-17 23:21:25.137  1681  1826 D LEMON   : 23:21:25.137 MRF: INFO: RegSetupSa sendto: {"ZIpsecPfkeyCmd":"ZIpsecPfkeyCmdSpFlush"}
04-17 23:21:25.166  1681  1826 D LEMON   : 23:21:25.166 MRF: INFO: RegSetupSa recvfrom: {"ZIpsecPfkeyCb":"ZIpsecPfkeyCbSpFlushOk"}
04-17 23:21:25.167  1681  1826 D LEMON   : 23:21:25.167 MRF: INFO: RegSetupSa sendto: {"ZIpsecPfkeyCmd":"ZIpsecPfkeyCmdSaAdd","ZIpsecPfkeyParmSpi":1458807079,"ZIpsecPfkeyParmSaType":2,"ZIpsecPfkeyParmModeType":1,"ZIpsecPfkeyParmAuthType":1,"ZIpsecPfkeyParmAuthKey":"0a77aa20b4d76486bb0291eda52a98e1","ZIpsecPfkeyParmEncType":5,"ZIpsecPfkeyParmEncKey":"26cd44442853d00590f4d4c442519fb4","ZIpsecPfkeyParmSrcUlProtoType":0,"ZIpsecPfkeyParmSrcAfType":0,"ZIpsecPfkeyParmSrcAddr":"100.80.131.52","ZIpsecPfkeyParmSrcPort":"33245","ZIpsecPfkeyParmDstUlProtoType":0,"ZIpsecPfkeyParmDstAfType":0,"ZIpsecPfkeyParmDstAddr":"10.56.5.85","ZIpsecPfkeyParmDstPort":"5067","ZIpsecPfkeyParmReqId":1}
04-17 23:21:25.231  1858  2954 I charon  : 16[ESP] discarding inbound IP packet fe80::4 == ff02::1 due to policy
04-17 23:21:25.276  1681  1826 D LEMON   : 23:21:25.276 MRF: INFO: RegSetupSa recvfrom: {"ZIpsecPfkeyCb":"ZIpsecPfkeyCbSaAddOk"}"}
04-17 23:21:25.277  1681  1826 D LEMON   : 23:21:25.277 MRF: INFO: RegSetupSa sendto: {"ZIpsecPfkeyCmd":"ZIpsecPfkeyCmdSaAdd","ZIpsecPfkeyParmSpi":249868760,"ZIpsecPfkeyParmSaType":2,"ZIpsecPfkeyParmModeType":1,"ZIpsecPfkeyParmAuthType":1,"ZIpsecPfkeyParmAuthKey":"0a77aa20b4d76486bb0291eda52a98e1","ZIpsecPfkeyParmEncType":5,"ZIpsecPfkeyParmEncKey":"26cd44442853d00590f4d4c442519fb4","ZIpsecPfkeyParmSrcUlProtoType":0,"ZIpsecPfkeyParmSrcAfType":0,"ZIpsecPfkeyParmSrcAddr":"10.56.5.85","ZIpsecPfkeyParmSrcPort":"5067","ZIpsecPfkeyParmDstUlProtoType":0,"ZIpsecPfkeyParmDstAfType":0,"ZIpsecPfkeyParmDstAddr":"100.80.131.52","ZIpsecPfkeyParmDstPort":"33245","ZIpsecPfkeyParmReqId":2}
04-17 23:21:25.327  1681  1826 D LEMON   : 23:21:25.327 MRF: INFO: RegSetupSa recvfrom: {"ZIpsecPfkeyCb":"ZIpsecPfkeyCbSaAddOk"}"}
04-17 23:21:25.328  1681  1826 D LEMON   : 23:21:25.328 MRF: INFO: RegSetupSa sendto: {"ZIpsecPfkeyCmd":"ZIpsecPfkeyCmdSaAdd","ZIpsecPfkeyParmSpi":249868761,"ZIpsecPfkeyParmSaType":2,"ZIpsecPfkeyParmModeType":1,"ZIpsecPfkeyParmAuthType":1,"ZIpsecPfkeyParmAuthKey":"0a77aa20b4d76486bb0291eda52a98e1","ZIpsecPfkeyParmEncType":5,"ZIpsecPfkeyParmEncKey":"26cd44442853d00590f4d4c442519fb4","ZIpsecPfkeyParmSrcUlProtoType":0,"ZIpsecPfkeyParmSrcAfType":0,"ZIpsecPfkeyParmSrcAddr":"10.56.5.85","ZIpsecPfkeyParmSrcPort":"32920","ZIpsecPfkeyParmDstUlProtoType":0,"ZIpsecPfkeyParmDstAfType":0,"ZIpsecPfkeyParmDstAddr":"100.80.131.52","ZIpsecPfkeyParmDstPort":"5503","ZIpsecPfkeyParmReqId":3}
04-17 23:21:25.406  1681  1826 D LEMON   : 23:21:25.406 MRF: INFO: RegSetupSa recvfrom: {"ZIpsecPfkeyCb":"ZIpsecPfkeyCbSaAddOk"}"}
04-17 23:21:25.407  1681  1826 D LEMON   : 23:21:25.407 MRF: INFO: RegSetupSa sendto: {"ZIpsecPfkeyCmd":"ZIpsecPfkeyCmdSaAdd","ZIpsecPfkeyParmSpi":1458807078,"ZIpsecPfkeyParmSaType":2,"ZIpsecPfkeyParmModeType":1,"ZIpsecPfkeyParmAuthType":1,"ZIpsecPfkeyParmAuthKey":"0a77aa20b4d76486bb0291eda52a98e1","ZIpsecPfkeyParmEncType":5,"ZIpsecPfkeyParmEncKey":"26cd44442853d00590f4d4c442519fb4","ZIpsecPfkeyParmSrcUlProtoType":0,"ZIpsecPfkeyParmSrcAfType":0,"ZIpsecPfkeyParmSrcAddr":"100.80.131.52","ZIpsecPfkeyParmSrcPort":"5503","ZIpsecPfkeyParmDstUlProtoType":0,"ZIpsecPfkeyParmDstAfType":0,"ZIpsecPfkeyParmDstAddr":"10.56.5.85","ZIpsecPfkeyParmDstPort":"32920","ZIpsecPfkeyParmReqId":4}
04-17 23:21:25.500  1681  1826 D LEMON   : 23:21:25.500 MRF: INFO: RegSetupSa recvfrom: {"ZIpsecPfkeyCb":"ZIpsecPfkeyCbSaAddOk"}"}
04-17 23:21:25.501  1681  1826 D LEMON   : 23:21:25.500 MRF: INFO: RegSetupSa sendto: {"ZIpsecPfkeyCmd":"ZIpsecPfkeyCmdSpAdd","ZIpsecPfkeyParmSaType":2,"ZIpsecPfkeyParmPolicyType":2,"ZIpsecPfkeyParmDirType":2,"ZIpsecPfkeyParmProtoType":1,"ZIpsecPfkeyParmModeType":1,"ZIpsecPfkeyParmLevelType":3,"ZIpsecPfkeyParmSrcUlProtoType":0,"ZIpsecPfkeyParmSrcAfType":0,"ZIpsecPfkeyParmSrcAddr":"100.80.131.52","ZIpsecPfkeyParmSrcPort":"33245","ZIpsecPfkeyParmDstUlProtoType":0,"ZIpsecPfkeyParmDstAfType":0,"ZIpsecPfkeyParmDstAddr":"10.56.5.85","ZIpsecPfkeyParmDstPort":"5067","ZIpsecPfkeyParmReqId":1}
04-17 23:21:25.547  1681  1826 D LEMON   : 23:21:25.547 MRF: INFO: RegSetupSa recvfrom: {"ZIpsecPfkeyCb":"ZIpsecPfkeyCbSpAddOk"}"}
04-17 23:21:25.552  1681  1826 D LEMON   : 23:21:25.548 MRF: INFO: RegSetupSa sendto: {"ZIpsecPfkeyCmd":"ZIpsecPfkeyCmdSpAdd","ZIpsecPfkeyParmSaType":2,"ZIpsecPfkeyParmPolicyType":2,"ZIpsecPfkeyParmDirType":1,"ZIpsecPfkeyParmProtoType":1,"ZIpsecPfkeyParmModeType":1,"ZIpsecPfkeyParmLevelType":3,"ZIpsecPfkeyParmSrcUlProtoType":0,"ZIpsecPfkeyParmSrcAfType":0,"ZIpsecPfkeyParmSrcAddr":"10.56.5.85","ZIpsecPfkeyParmSrcPort":"5067","ZIpsecPfkeyParmDstUlProtoType":0,"ZIpsecPfkeyParmDstAfType":0,"ZIpsecPfkeyParmDstAddr":"100.80.131.52","ZIpsecPfkeyParmDstPort":"33245","ZIpsecPfkeyParmReqId":2}
04-17 23:21:25.597  1681  1826 D LEMON   : 23:21:25.597 MRF: INFO: RegSetupSa recvfrom: {"ZIpsecPfkeyCb":"ZIpsecPfkeyCbSpAddOk"}"}
04-17 23:21:25.598  1681  1826 D LEMON   : 23:21:25.598 MRF: INFO: RegSetupSa sendto: {"ZIpsecPfkeyCmd":"ZIpsecPfkeyCmdSpAdd","ZIpsecPfkeyParmSaType":2,"ZIpsecPfkeyParmPolicyType":2,"ZIpsecPfkeyParmDirType":1,"ZIpsecPfkeyParmProtoType":1,"ZIpsecPfkeyParmModeType":1,"ZIpsecPfkeyParmLevelType":3,"ZIpsecPfkeyParmSrcUlProtoType":0,"ZIpsecPfkeyParmSrcAfType":0,"ZIpsecPfkeyParmSrcAddr":"10.56.5.85","ZIpsecPfkeyParmSrcPort":"32920","ZIpsecPfkeyParmDstUlProtoType":0,"ZIpsecPfkeyParmDstAfType":0,"ZIpsecPfkeyParmDstAddr":"100.80.131.52","ZIpsecPfkeyParmDstPort":"5503","ZIpsecPfkeyParmReqId":3}
04-17 23:21:25.638  1681  1826 D LEMON   : 23:21:25.638 MRF: INFO: RegSetupSa recvfrom: {"ZIpsecPfkeyCb":"ZIpsecPfkeyCbSpAddOk"}"}
04-17 23:21:25.639  1681  1826 D LEMON   : 23:21:25.639 MRF: INFO: RegSetupSa sendto: {"ZIpsecPfkeyCmd":"ZIpsecPfkeyCmdSpAdd","ZIpsecPfkeyParmSaType":2,"ZIpsecPfkeyParmPolicyType":2,"ZIpsecPfkeyParmDirType":2,"ZIpsecPfkeyParmProtoType":1,"ZIpsecPfkeyParmModeType":1,"ZIpsecPfkeyParmLevelType":3,"ZIpsecPfkeyParmSrcUlProtoType":0,"ZIpsecPfkeyParmSrcAfType":0,"ZIpsecPfkeyParmSrcAddr":"100.80.131.52","ZIpsecPfkeyParmSrcPort":"5503","ZIpsecPfkeyParmDstUlProtoType":0,"ZIpsecPfkeyParmDstAfType":0,"ZIpsecPfkeyParmDstAddr":"10.56.5.85","ZIpsecPfkeyParmDstPort":"32920","ZIpsecPfkeyParmReqId":4}
04-17 23:21:25.688  1681  1826 D LEMON   : 23:21:25.687 MRF: INFO: RegSetupSa recvfrom: {"ZIpsecPfkeyCb":"ZIpsecPfkeyCbSpAddOk"}"}
04-17 23:21:25.688  1681  1826 D LEMON   : 23:21:25.688 SIP: INFO: module MsgCreate dbuf 0xaf6c4eb0 msg 0xa265245c.
04-17 23:21:25.688  1681  1826 D LEMON   : 23:21:25.688 MRP: DEBUG: get register tpt type<0>.
04-17 23:21:25.689  1681  1826 D LEMON   : 23:21:25.689 SIP: INFO: module MsgDelete msg 0xa268645c.
04-17 23:21:25.689  1681  1826 D LEMON   : 23:21:25.689 SIP: INFO: module MsgCreate dbuf 0xaf6c4f10 msg 0xa269785c.
04-17 23:21:25.690  1681  2968 D LEMON   : 23:21:25.690 SIP: INFO: module process user event.
04-17 23:21:25.690  1681  2968 D LEMON   : 23:21:25.690 SIP: INFO: core process event [CIM REQ].
04-17 23:21:25.690  1681  2968 D LEMON   : 23:21:25.690 SIP: INFO: core -->me comp@2875651668 evnt@31 method@5.
04-17 23:21:25.690  1681  2968 D LEMON   : 23:21:25.690 SIP: INFO: core -->me sess@FFFFFFFF <----> sess user id@11.
04-17 23:21:25.690  1681  2968 D LEMON   : 23:21:25.690 SIP: INFO: core -->me dlg@FFFFFFFF <----> dlg user id@ffffffff.
04-17 23:21:25.690  1681  2968 D LEMON   : 23:21:25.690 SIP: INFO: core -->me trans@0 <----> trans user id@0.
04-17 23:21:25.690  1681  2968 D LEMON   : 23:21:25.690 ZOS: WARN: BkFromId invalid id[0xFFFFFFFB].
04-17 23:21:25.690  1681  2968 D LEMON   : 23:21:25.690 ZOS: DEBUG: Page 65534/128, Slot 65530/4
04-17 23:21:25.690  1681  2968 D LEMON   : 23:21:25.690 SIP: INFO: core UaSEvntToMEvnt tpt type<1> 100.80.131.52:33245 -> 10.56.5.85:5067.
04-17 23:21:25.690  1681  2968 D LEMON   : 23:21:25.690 SIP: INFO: core sess@10004 UacProcCimReq session create.
04-17 23:21:25.690  1681  2968 D LEMON   : 23:21:25.690 SIP: INFO: core sess@10004 UacProcCimReq dialog create.
04-17 23:21:25.690  1681  2968 D LEMON   : 23:21:25.690 SIP: INFO: dlg @10005 process event [CIM REQ].
04-17 23:21:25.690  1681  2968 D LEMON   : 23:21:25.690 SIP: INFO: dlg @10005 process request <REGISTER>.
04-17 23:21:25.690  1681  2968 D LEMON   : 23:21:25.690 ZOS: INFO: qtimer create task<0xA> timer<18> ok.
04-17 23:21:25.690  1681  2968 D LEMON   : 23:21:25.690 SIP: INFO: module create tmr<0x12> [TIMER E] ok.
04-17 23:21:25.690  1681  2968 D LEMON   : 23:21:25.690 ZOS: INFO: qtimer create task<0xA> timer<19> ok.
04-17 23:21:25.690  1681  2968 D LEMON   : 23:21:25.690 SIP: INFO: module create tmr<0x13> [TIMER F] ok.
04-17 23:21:25.690  1681  2968 D LEMON   : 23:21:25.690 ZOS: INFO: qtimer create task<0xA> timer<20> ok.
04-17 23:21:25.691  1681  2968 D LEMON   : 23:21:25.690 SIP: INFO: module create tmr<0x14> [TIMER K] ok.
04-17 23:21:25.691  1681  2968 D LEMON   : 23:21:25.691 ZOS: INFO: qtimer create task<0xA> timer<21> ok.
04-17 23:21:25.691  1681  2968 D LEMON   : 23:21:25.691 SIP: INFO: module create tmr<0x15> [TIMER WAIT_CONN] ok.
04-17 23:21:25.691  1681  2968 D LEMON   : 23:21:25.691 ZOS: INFO: qtimer create task<0xA> timer<22> ok.
04-17 23:21:25.691  1681  2968 D LEMON   : 23:21:25.691 SIP: INFO: module create tmr<0x16> [TIMER C] ok.
04-17 23:21:25.691  1681  2968 D LEMON   : 23:21:25.691 SIP: INFO: trans @10007 created.
04-17 23:21:25.691  1681  2968 D LEMON   : 23:21:25.691 SIP: INFO: dlg VrtdIdleOnCimReq trans create.
04-17 23:21:25.691  1681  2968 D LEMON   : 23:21:25.691 SIP: INFO: dlg @10005 notify event [SEND NONINVITE].
04-17 23:21:25.691  1681  2968 D LEMON   : 23:21:25.691 ZOS: INFO: fsm(SIP_VRTD) vrtd@[65541] state <IDLE> run [CIM_REQ] event ok.
04-17 23:21:25.690  1681  1826 D LEMON   : 23:21:25.690 SIP: INFO: module MsgDelete msg 0xa268b85c.
04-17 23:21:25.691  1681  2968 D LEMON   : 23:21:25.691 ZOS: INFO: fsm(SIP_VRTD) vrtd@[65541] state <IDLE> to <REQ OUT>.
04-17 23:21:25.691  1681  1826 D LEMON   : 23:21:25.691 SIP: INFO: module MsgCreate dbuf 0xaf654238 msg 0xa268b85c.
04-17 23:21:25.691  1681  2968 D LEMON   : 23:21:25.691 SIP: INFO: module MsgDelete msg 0xa265245c.
04-17 23:21:25.691  1681  2968 D LEMON   : 23:21:25.691 SIP: INFO: module CoreSessMsgProc process event queue.
04-17 23:21:25.692  1681  2968 D LEMON   : 23:21:25.691 SIP: INFO: core event queue process the next event.
04-17 23:21:25.692  1681  2968 D LEMON   : 23:21:25.692 SIP: INFO: trans @10007 process request <REGISTER>.
04-17 23:21:25.692  1681  2968 D LEMON   : 23:21:25.692 SIP: INFO: tpt TptLocateReqUdpTptId only open utpt for register.
04-17 23:21:25.692  1681  2968 D LEMON   : 23:21:25.692 SIP: INFO: tpt TptOpen use the previous opened sock conn<0x10008>.
04-17 23:21:25.692  1681  1826 D LEMON   : 23:21:25.692 ZOS: INFO: fsm(MRF_REG) reg@[17] state <REGING> run [USER ENTER PWD] event ok.
04-17 23:21:25.692  1681  2968 D LEMON   : 23:21:25.692 UTPT: INFO: get conn[0x4] ok.
04-17 23:21:25.692  1681  1826 D LEMON   : 23:21:25.692 MSF: DEBUG: comp<MRF> proc comp evnt.
04-17 23:21:25.692  1681  2968 D LEMON   : 23:21:25.692 UTPT: INFO: openx conn[0x4] user[65544] udp server[100.80.131.52:33245] ok.
04-17 23:21:25.692  1681  2968 D LEMON   : 23:21:25.692 SIP: INFO: tpt open transport [100.80.131.52:33245].
04-17 23:21:25.692  1681  2968 D LEMON   : 23:21:25.692 SIP: INFO: tpt open udp conn<0x10008> ok.
04-17 23:21:25.692  1681  2968 D LEMON   : 23:21:25.692 ZOS: INFO: qtimer create task<0xA> timer<23> ok.
04-17 23:21:25.693  1681  2968 D LEMON   : 23:21:25.693 SIP: INFO: 
04-17 23:21:25.693  1681  2968 D LEMON   : data length: 2747
04-17 23:21:25.693  1681  2968 D LEMON   : data content[text]:
04-17 23:21:25.693  1681  2968 D LEMON   : ~~~~~~~~~~~~~~~~~~~~~~~~~~~~~~~~~~~~~~~~~~~~~~
04-17 23:21:25.693  1681  2968 D LEMON   : REGISTER sip:ims.mnc872.mcc405.3gppnetwork.org SIP/2.0
04-17 23:21:25.693  1681  2968 D LEMON   : To: <sip:405872000010353@ims.mnc872.mcc405.3gppnetwork.org>
04-17 23:21:25.693  1681  2968 D LEMON   : From: <sip:405872000010353@ims.mnc872.mcc405.3gppnetwork.org>;tag=G1c0EL7JRoKE6ePn_Ly321*t4-
04-17 23:21:25.693  1681  2968 D LEMON   : Contact: <sip:405872000010353@100.80.131.52:5503;transport=udp>;+sip.instance="<urn:gsma:imei:86740002-050381-3>";expires=3600;+g.3gpp.icsi-ref="urn%%3Aurn-7%%3A3gpp-service.ims.icsi.mmtel";video;+g.3gpp.smsip
04-17 23:21:25.693  1681  2968 D LEMON   : Supported: path,gruu,outbound,sec-agree
04-17 23:21:25.693  1681  2968 D LEMON   : Allow: INVITE,ACK,OPTIONS,BYE,CANCEL,REGISTER,INFO,PRACK,SUBSCRIBE,NOTIFY,MESSAGE,REFER
04-17 23:21:25.693  1681  2968 D LEMON   : Security-Client: ipsec-3gpp;prot=esp;alg=hmac-md5-96;ealg=null;mod=trans;spi-c=249868760;spi-s=249868761;port-c=33245;port-s=5503,ipsec-3gpp;prot=esp;alg=hmac-md5-96;ealg=des-ede3-cbc;mod=trans;spi-c=249868760;spi-s=249868761;port-c=33245;port-s=5503,ipsec-3gpp;prot=esp;alg=hmac-md5-96;ealg=aes-cbc;mod=trans;spi-c=249868760;spi-s=249868761;port-c=33245;port-s=5503,ipsec-3gpp;prot=esp;alg=hmac-sha-1-96;ealg=null;mod=trans;spi-c=249868760;spi-s=249868761;port-c=33245;port-s=5503,ipsec-3gpp;prot=esp;alg=hmac-sha-1-96;ealg=des-ede3-cbc;mod=trans;spi-c=249868760;spi-s=249868761;port-c=33245;port-s=5503,ipsec-3gpp;prot=esp;alg=hmac-sha-1-96;ealg=aes-cbc;mod=trans;spi-c=249868760;spi-s=249868761;port-c=33245;port-s=5503
04-17 23:21:25.693  1681  2968 D LEMON   : Security-Verify: ipsec-3gpp;prot=esp;alg=hmac-md5-96;ealg=aes-cbc;mod=trans;spi-c=1458807078;spi-s=1458807079;port-c=32920;port-s=5067;q=0.6
04-17 23:21:25.693  1681  2968 D LEMON   : Security-Verify: ipsec-3gpp;prot=esp;alg=hmac-md5-96;ealg=des-ede3-cbc;mod=trans;spi-c=1458807078;spi-s=1458807079;port-c=32920;port-s=5067;q=0.4
04-17 23:21:25.693  1681  2968 D LEMON   : Security-Verify: ipsec-3gpp;prot=esp;alg=hmac-md5-96;ealg=null;mod=trans;spi-c=1458807078;spi-s=1458807079;port-c=32920;port-s=5067;q=0.3
04-17 23:21:25.693  1681  2968 D LEMON   : Security-Verify: ipsec-3gpp;prot=esp;alg=hmac-sha-1-96;ealg=des-ede3-cbc;mod=trans;spi-c=1458807078;spi-s=1458807079;port-c=32920;port-s=5067;q=0.1
04-17 23:21:25.693  1681  2968 D LEMON   : Security-Verify: ipsec-3gpp;prot=esp;alg=hmac-sha-1-96;ealg=aes-cbc;mod=trans;spi-c=1458807078;spi-s=1458807079;port-c=32920;port-s=5067;q=0.2
04-17 23:21:25.693  1681  2968 D LEMON   : Security-Verify: ipsec-3gpp;prot=esp;alg=hmac-sha-1-96;ealg=null;mod=trans;spi-c=1458807078;spi-s=1458807079;port-c=32920;port-s=5067;q=0.5
04-17 23:21:25.693  1681  2968 D LEMON   : Proxy-Require: sec-agree
04-17 23:21:25.693  1681  2968 D LEMON   : Require: sec-agree
04-17 23:21:25.693  1681  2968 D LEMON   : CSeq: 2 REGISTER
04-17 23:21:25.693  1681  2968 D LEMON   : Call-ID: rc0EL7JRoKE6ePn_Lx321CqGxq@100.80.131.52
04-17 23:21:25.693  1681  2968 D LEMON   : Authorization: Digest realm="ims.mnc872.mcc405.3gppnetwork.org",algorithm=AKAv1-MD5,qop=auth,nonce="gw8zkQAAAABMcdM0AAAAANZmg7pwKwAAP2mHzBVq2sVkNDE0MGQwYw==",username="405872000010353@ims.mnc872.mcc405.3gppnetwork.org",uri="sip:ims.mnc872.mcc405.3gppnetwork.org",response="e2ba7519e60b2dcb5f1a9026967c4bc7",cnonce="ee03e4b5b78c8693",nc=00000001
04-17 23:21:25.693  1681  2968 D LEMON   : Max-Forwards: 70
04-17 23:21:25.693  1681  2968 D LEMON   : User-Agent: VoWIFI/WFC UA
04-17 23:21:25.693  1681  2968 D LEMON   : Via: SIP/2.0/UDP 100.80.131.52:5503;branch=z9hG4bK.-G1c0EL7JRoKE6ePn_LA321+t;rport
04-17 23:21:25.693  1681  2968 D LEMON   : Content-Length: 0
04-17 23:21:25.693  1681  2968 D LEMON   : 
04-17 23:21:25.693  1681  2968 D LEMON   : 
04-17 23:21:25.693  1681  2968 D LEMON   : ~~~~~~~~~~~~~~~~~~~~~~~~~~~~~~~~~~~~~~~~~~~~~~
04-17 23:21:25.694  1681  2968 D LEMON   : 23:21:25.694 UTPT: INFO: conn[0x4] send data[2747] to [10.56.5.85:5067] ok.
04-17 23:21:25.694  1681  2968 D LEMON   : 23:21:25.694 SIP: INFO: tpt conn<0x10008> send message ok.
04-17 23:21:25.694  1681  2968 D LEMON   : 23:21:25.694 SIP: INFO: module start tmr<0x12> [TIMER E] <2000ms> ok.
04-17 23:21:25.695  1681  2968 D LEMON   : 23:21:25.695 SIP: INFO: module start tmr<0x13> [TIMER F] <128000ms> ok.
04-17 23:21:25.695  1681  2968 D LEMON   : 23:21:25.695 ZOS: INFO: fsm(SIP_NICT) trans@[65543] state <IDLE> run [SEND_NONINVITE] event ok.
04-17 23:21:25.695  1681  2968 D LEMON   : 23:21:25.695 ZOS: INFO: fsm(SIP_NICT) trans@[65543] state <IDLE> to <TRYING>.
04-17 23:21:25.696  1681  2968 D LEMON   : 23:21:25.695 SIP: INFO: core event queue process the last event.
04-17 23:21:25.696  1681  2968 D LEMON   : 23:21:25.696 SIP: INFO: module MsgDelete msg 0xa265245c.
04-17 23:21:26.477  2079  2098 D ImsConnectionManagerRelianceService: wifi RSSI is changed, RSSI = -37
04-17 23:21:27.697  1681  2968 D LEMON   : 23:21:27.697 SIP: INFO: module process timer event.
04-17 23:21:27.697  1681  2968 D LEMON   : 23:21:27.697 SIP: INFO: core timer process trans event tmr<0x12> [TIMER E].
04-17 23:21:27.697  1681  2968 D LEMON   : 23:21:27.697 SIP: INFO: core timer process trans@10007 event.
04-17 23:21:27.697  1681  2968 D LEMON   : 23:21:27.697 SIP: INFO: 
04-17 23:21:27.697  1681  2968 D LEMON   : data length: 2747
04-17 23:21:27.697  1681  2968 D LEMON   : data content[text]:
04-17 23:21:27.697  1681  2968 D LEMON   : ~~~~~~~~~~~~~~~~~~~~~~~~~~~~~~~~~~~~~~~~~~~~~~
04-17 23:21:27.697  1681  2968 D LEMON   : REGISTER sip:ims.mnc872.mcc405.3gppnetwork.org SIP/2.0
04-17 23:21:27.697  1681  2968 D LEMON   : To: <sip:405872000010353@ims.mnc872.mcc405.3gppnetwork.org>
04-17 23:21:27.697  1681  2968 D LEMON   : From: <sip:405872000010353@ims.mnc872.mcc405.3gppnetwork.org>;tag=G1c0EL7JRoKE6ePn_Ly321*t4-
04-17 23:21:27.697  1681  2968 D LEMON   : Contact: <sip:405872000010353@100.80.131.52:5503;transport=udp>;+sip.instance="<urn:gsma:imei:86740002-050381-3>";expires=3600;+g.3gpp.icsi-ref="urn%%3Aurn-7%%3A3gpp-service.ims.icsi.mmtel";video;+g.3gpp.smsip
04-17 23:21:27.697  1681  2968 D LEMON   : Supported: path,gruu,outbound,sec-agree
04-17 23:21:27.697  1681  2968 D LEMON   : Allow: INVITE,ACK,OPTIONS,BYE,CANCEL,REGISTER,INFO,PRACK,SUBSCRIBE,NOTIFY,MESSAGE,REFER
04-17 23:21:27.697  1681  2968 D LEMON   : Security-Client: ipsec-3gpp;prot=esp;alg=hmac-md5-96;ealg=null;mod=trans;spi-c=249868760;spi-s=249868761;port-c=33245;port-s=5503,ipsec-3gpp;prot=esp;alg=hmac-md5-96;ealg=des-ede3-cbc;mod=trans;spi-c=249868760;spi-s=249868761;port-c=33245;port-s=5503,ipsec-3gpp;prot=esp;alg=hmac-md5-96;ealg=aes-cbc;mod=trans;spi-c=249868760;spi-s=249868761;port-c=33245;port-s=5503,ipsec-3gpp;prot=esp;alg=hmac-sha-1-96;ealg=null;mod=trans;spi-c=249868760;spi-s=249868761;port-c=33245;port-s=5503,ipsec-3gpp;prot=esp;alg=hmac-sha-1-96;ealg=des-ede3-cbc;mod=trans;spi-c=249868760;spi-s=249868761;port-c=33245;port-s=5503,ipsec-3gpp;prot=esp;alg=hmac-sha-1-96;ealg=aes-cbc;mod=trans;spi-c=249868760;spi-s=249868761;port-c=33245;port-s=5503
04-17 23:21:27.697  1681  2968 D LEMON   : Security-Verify: ipsec-3gpp;prot=esp;alg=hmac-md5-96;ealg=aes-cbc;mod=trans;spi-c=1458807078;spi-s=1458807079;port-c=32920;port-s=5067;q=0.6
04-17 23:21:27.697  1681  2968 D LEMON   : Security-Verify: ipsec-3gpp;prot=esp;alg=hmac-md5-96;ealg=des-ede3-cbc;mod=trans;spi-c=1458807078;spi-s=1458807079;port-c=32920;port-s=5067;q=0.4
04-17 23:21:27.697  1681  2968 D LEMON   : Security-Verify: ipsec-3gpp;prot=esp;alg=hmac-md5-96;ealg=null;mod=trans;spi-c=1458807078;spi-s=1458807079;port-c=32920;port-s=5067;q=0.3
04-17 23:21:27.697  1681  2968 D LEMON   : Security-Verify: ipsec-3gpp;prot=esp;alg=hmac-sha-1-96;ealg=des-ede3-cbc;mod=trans;spi-c=1458807078;spi-s=1458807079;port-c=32920;port-s=5067;q=0.1
04-17 23:21:27.697  1681  2968 D LEMON   : Security-Verify: ipsec-3gpp;prot=esp;alg=hmac-sha-1-96;ealg=aes-cbc;mod=trans;spi-c=1458807078;spi-s=1458807079;port-c=32920;port-s=5067;q=0.2
04-17 23:21:27.697  1681  2968 D LEMON   : Security-Verify: ipsec-3gpp;prot=esp;alg=hmac-sha-1-96;ealg=null;mod=trans;spi-c=1458807078;spi-s=1458807079;port-c=32920;port-s=5067;q=0.5
04-17 23:21:27.697  1681  2968 D LEMON   : Proxy-Require: sec-agree
04-17 23:21:27.697  1681  2968 D LEMON   : Require: sec-agree
04-17 23:21:27.697  1681  2968 D LEMON   : CSeq: 2 REGISTER
04-17 23:21:27.697  1681  2968 D LEMON   : Call-ID: rc0EL7JRoKE6ePn_Lx321CqGxq@100.80.131.52
04-17 23:21:27.697  1681  2968 D LEMON   : Authorization: Digest realm="ims.mnc872.mcc405.3gppnetwork.org",algorithm=AKAv1-MD5,qop=auth,nonce="gw8zkQAAAABMcdM0AAAAANZmg7pwKwAAP2mHzBVq2sVkNDE0MGQwYw==",username="405872000010353@ims.mnc872.mcc405.3gppnetwork.org",uri="sip:ims.mnc872.mcc405.3gppnetwork.org",response="e2ba7519e60b2dcb5f1a9026967c4bc7",cnonce="ee03e4b5b78c8693",nc=00000001
04-17 23:21:27.697  1681  2968 D LEMON   : Max-Forwards: 70
04-17 23:21:27.697  1681  2968 D LEMON   : User-Agent: VoWIFI/WFC UA
04-17 23:21:27.697  1681  2968 D LEMON   : Via: SIP/2.0/UDP 100.80.131.52:5503;branch=z9hG4bK.-G1c0EL7JRoKE6ePn_LA321+t;rport
04-17 23:21:27.697  1681  2968 D LEMON   : Content-Length: 0
04-17 23:21:27.697  1681  2968 D LEMON   : 
04-17 23:21:27.697  1681  2968 D LEMON   : 
04-17 23:21:27.697  1681  2968 D LEMON   : ~~~~~~~~~~~~~~~~~~~~~~~~~~~~~~~~~~~~~~~~~~~~~~
04-17 23:21:27.698  1681  2968 D LEMON   : 23:21:27.698 UTPT: INFO: conn[0x4] send data[2747] to [10.56.5.85:5067] ok.
04-17 23:21:27.698  1681  2968 D LEMON   : 23:21:27.698 SIP: INFO: tpt conn<0x10008> send message ok.
04-17 23:21:27.698  1681  2968 D LEMON   : 23:21:27.698 SIP: INFO: module start tmr<0x12> [TIMER E] <4000ms> ok.
04-17 23:21:27.698  1681  2968 D LEMON   : 23:21:27.698 ZOS: INFO: fsm(SIP_NICT) trans@[65543] state <TRYING> run [TM_TE] event ok.
04-17 23:21:27.699  1681  2968 D LEMON   : 23:21:27.699 SIP: INFO: module TmrMsgProc core process event queue.
04-17 23:21:28.295  1858  2954 I charon  : 16[ESP] discarding inbound IP packet fe80::4 == ff02::1 due to policy
04-17 23:21:28.398  1681  1833 D LEMON   : 23:21:28.398 UTPT: INFO: recv udp data(len:895) from [10.56.5.85:32920].
04-17 23:21:28.398  1681  1833 D LEMON   : 23:21:28.398 SIP: INFO: tpt utpt[1] of conn<0x20007> report data message<0xa2e656f8> ok.
04-17 23:21:28.398  1681  2968 D LEMON   : 23:21:28.398 SIP: INFO: module process tpt event.
04-17 23:21:28.399  1681  2968 D LEMON   : 23:21:28.398 SIP: INFO: tpt conn<0x20007> process data message<0xa2e656f8>.
04-17 23:21:28.399  1681  2968 D LEMON   : 23:21:28.399 SIP: INFO: 
04-17 23:21:28.399  1681  2968 D LEMON   : data length: 895
04-17 23:21:28.399  1681  2968 D LEMON   : data content[text]:
04-17 23:21:28.399  1681  2968 D LEMON   : ~~~~~~~~~~~~~~~~~~~~~~~~~~~~~~~~~~~~~~~~~~~~~~
04-17 23:21:28.399  1681  2968 D LEMON   : SIP/2.0 200 OK
04-17 23:21:28.399  1681  2968 D LEMON   : t:<sip:405872000010353@ims.mnc872.mcc405.3gppnetwork.org>;tag=2065613514
04-17 23:21:28.399  1681  2968 D LEMON   : f:<sip:405872000010353@ims.mnc872.mcc405.3gppnetwork.org>;tag=G1c0EL7JRoKE6ePn_Ly321*t4-
04-17 23:21:28.399  1681  2968 D LEMON   : CSeq:2 REGISTER
04-17 23:21:28.399  1681  2968 D LEMON   : i:rc0EL7JRoKE6ePn_Lx321CqGxq@100.80.131.52
04-17 23:21:28.399  1681  2968 D LEMON   : v:SIP/2.0/UDP 100.80.131.52:5503;branch=z9hG4bK.-G1c0EL7JRoKE6ePn_LA321+t;rport=33245;received=100.80.131.52
04-17 23:21:28.399  1681  2968 D LEMON   : m:<sip:405872000010353@100.80.131.52:5503;transport=udp>;+sip.instance="<urn:gsma:imei:86740002-050381-3>";+g.3gpp.icsi-ref="urn%%3Aurn-7%%3A3gpp-service.ims.icsi.mmtel";video;+g.3gpp.smsip;expires=3600
04-17 23:21:28.399  1681  2968 D LEMON   : Service-Route:<sip:originating@dl1scfx0202mw.ims.mnc872.mcc405.3gppnetwork.org:5090;reg-id=971460903928823043;lskpmc=S97;lr;ms_rest_id=S9757139ff7>
04-17 23:21:28.399  1681  2968 D LEMON   : P-Associated-URI:<sip:+917011021568@ims.mnc872.mcc405.3gppnetwork.org>
04-17 23:21:28.399  1681  2968 D LEMON   : P-Associated-URI:<tel:+917011021568>
04-17 23:21:28.399  1681  2968 D LEMON   : l:0
04-17 23:21:28.399  1681  2968 D LEMON   : Path:<sip:dl1pcfx0601gm.ims.mnc872.mcc405.3gppnetwork.org:5060;lskpmc=P97>
04-17 23:21:28.399  1681  2968 D LEMON   : 
04-17 23:21:28.399  1681  2968 D LEMON   : 
04-17 23:21:28.399  1681  2968 D LEMON   : ~~~~~~~~~~~~~~~~~~~~~~~~~~~~~~~~~~~~~~~~~~~~~~
04-17 23:21:28.400  1681  2968 D LEMON   : 23:21:28.400 SIP: INFO: module TptMsgProc process incoming event.
04-17 23:21:28.400  1681  2968 D LEMON   : 23:21:28.400 SIP: INFO: trans TransPreProcEvnt preprocess old trans event.
04-17 23:21:28.400  1681  2968 D LEMON   : 23:21:28.400 SIP: INFO: trans @10007 process response <REGISTER:200>.
04-17 23:21:28.400  1681  2968 D LEMON   : 23:21:28.400 SIP: INFO: module stop tmr<0x12> [TIMER E] ok.
04-17 23:21:28.400  1681  2968 D LEMON   : 23:21:28.400 SIP: INFO: module stop tmr<0x13> [TIMER F] ok.
04-17 23:21:28.400  1681  2968 D LEMON   : 23:21:28.400 SIP: INFO: trans @10007 report event [RECV 2XX].
04-17 23:21:28.401  1681  2968 D LEMON   : 23:21:28.401 SIP: INFO: module start tmr<0x14> [TIMER K] <17000ms> ok.
04-17 23:21:28.401  1681  2968 D LEMON   : 23:21:28.401 ZOS: INFO: fsm(SIP_NICT) trans@[65543] state <TRYING> run [RECV_2XX] event ok.
04-17 23:21:28.401  1681  2968 D LEMON   : 23:21:28.401 ZOS: INFO: fsm(SIP_NICT) trans@[65543] state <TRYING> to <COMPLETED>.
04-17 23:21:28.401  1681  2968 D LEMON   : 23:21:28.401 SIP: INFO: module TptMsgProc process event queue.
04-17 23:21:28.401  1681  2968 D LEMON   : 23:21:28.401 SIP: INFO: core event queue process the next event.
04-17 23:21:28.401  1681  2968 D LEMON   : 23:21:28.401 SIP: INFO: core sess@10004 UacProcCimCnf process.
04-17 23:21:28.401  1681  2968 D LEMON   : 23:21:28.401 SIP: INFO: dlg @10005 process event [RECV RSP].
04-17 23:21:28.401  1681  2968 D LEMON   : 23:21:28.401 SIP: INFO: dlg @10005 process response <REGISTER:200>.
04-17 23:21:28.401  1681  2968 D LEMON   : 23:21:28.401 SIP: INFO: dlg @10005 report event.
04-17 23:21:28.401  1681  2968 D LEMON   : 23:21:28.401 SIP: INFO: core report event [CIM CNF].
04-17 23:21:28.402  1681  2968 D LEMON   : 23:21:28.401 SIP: INFO: core -->comp@2875651668 evnt@13 method@5.
04-17 23:21:28.402  1681  2968 D LEMON   : 23:21:28.402 SIP: INFO: core -->upper sess@10004 <----> sess user id@11.
04-17 23:21:28.402  1681  2968 D LEMON   : 23:21:28.402 SIP: INFO: core -->upper dlg@10005 <----> dlg user id@ffffffff.
04-17 23:21:28.402  1681  2968 D LEMON   : 23:21:28.402 SIP: INFO: core -->upper trans@10007 <----> trans user id@0.
04-17 23:21:28.402  1681  1826 D LEMON   : 23:21:28.402 MRF: INFO: CompProcRsp recv register rsp<200>
04-17 23:21:28.402  1681  1826 D LEMON   : 23:21:28.402 MRF: INFO: register [17] process [CIM CNF].
04-17 23:21:28.402  1681  1826 D LEMON   : 23:21:28.402 MRF: INFO: EndpUpdateAddr changed.
04-17 23:21:28.402  1681  1826 D LEMON   : 23:21:28.402 MRP: DEBUG: get register tpt type<0>.
04-17 23:21:28.403  1681  1826 D LEMON   : 23:21:28.402 MRF: INFO: SipGetAssoUri using sip uri.
04-17 23:21:28.403  1681  1826 D LEMON   : 23:21:28.403 MRF: INFO: SipGetAssoUri public user id  sip:+917011021568@ims.mnc872.mcc405.3gppnetwork.org.
04-17 23:21:28.403  1681  1826 D LEMON   : 23:21:28.403 MRP: DEBUG: get register tpt type<0>.
04-17 23:21:28.403  1681  1826 D LEMON   : 23:21:28.403 MSF: INFO: TmrStart start <0x0009> timer [ENDP REG] 3000s ok.
04-17 23:21:28.403  1681  1826 D LEMON   : 23:21:28.403 MSF: INFO: TmrStart start <0x000A> timer [ENDP EXPIRE] 3600s ok.
04-17 23:21:28.410  1681  1826 D LEMON   : 23:21:28.410 MRF: INFO: endp subs register state.
04-17 23:21:28.410  1681  1826 D LEMON   : 23:21:28.410 MRF: INFO: FsmEndpStartKeepAlive no need start.
04-17 23:21:28.410  1681  1826 D imsbr   : add vowifi tuple 100.80.131.52:0->10.56.5.85:0 p=50 sip
04-17 23:21:28.411  1681  1826 E imsbr   : socket_local_client fail: Permission denied
04-17 23:21:28.411  1681  1826 D LEMON   : 23:21:28.411 ZOS: INFO: Imsbrd add tuple error <Unknown error -13>.
04-17 23:21:28.411  1681  1826 D LEMON   : 23:21:28.411 ZOS: INFO: fsm(MRF_REG) reg@[17] state <REGING> run [CIM CNF] event ok.
04-17 23:21:28.411  1681  1826 D LEMON   : 23:21:28.411 ZOS: INFO: fsm(MRF_REG) reg@[17] state <REGING> to <REGED>.
04-17 23:21:28.411  1681  1826 D LEMON   : 23:21:28.411 MSF: DEBUG: comp<MRF> proc evnt.
04-17 23:21:28.411  1681  1826 D LEMON   : 23:21:28.411 SIP: INFO: module MsgDelete msg 0xa265a050.
04-17 23:21:28.412  1681  2968 D LEMON   : 23:21:28.412 SIP: INFO: core sess@10004 UaReportCimCnf report.
04-17 23:21:28.412  1681  2968 D LEMON   : 23:21:28.412 ZOS: INFO: fsm(SIP_VRTD) vrtd@[65541] state <REQ OUT> run [RECV_RSP] event ok.
04-17 23:21:28.412  1681  2968 D LEMON   : 23:21:28.412 ZOS: INFO: fsm(SIP_VRTD) vrtd@[65541] state <REQ OUT> to <TERMINATED>.
04-17 23:21:28.412  1681  2968 D LEMON   : 23:21:28.412 SIP: INFO: core event queue process the last event.
04-17 23:21:28.413  1681  2968 D LEMON   : 23:21:28.413 SIP: INFO: module MsgDelete msg 0xa265a050.
04-17 23:21:28.413  1681  2968 D LEMON   : 23:21:28.413 SIP: INFO: module MsgDelete msg 0xa265a050.
04-17 23:21:28.413  1681  2968 D LEMON   : 23:21:28.413 SIP: INFO: module TptMsgProc check tpt alive.
04-17 23:21:28.413  1681  2968 D LEMON   : 23:21:28.413 SIP: INFO: tpt conn<0x20007> expires is 0.
04-17 23:21:28.416  1681  1681 D LEMON   : 23:21:28.416 RSD: DEBUG: dispatch msf event to enabler<0xa31fa254>.
04-17 23:21:28.416  1681  1681 D LEMON   : 23:21:28.416 RRE: DEBUG: reg report reg ok.
04-17 23:21:28.417  1681  1681 D LEMON   : 23:21:28.417 RegisterServiceCallback: INFO: mtcCliCbRegStatChanged, iRegStat: 2, dwStatCode: 57600
04-17 23:21:28.417  1681  1681 I System.out: mtcCliCbRegStatChanged, iRegStat: 2, dwStatCode: 57600
04-17 23:21:28.417  1681  1681 D LEMON   : 23:21:28.417 MTC: DEBUG: client old reg state 1 to new reg state 2.
04-17 23:21:28.417  1681  1681 D LEMON   : 23:21:28.417 MTC: DEBUG: reging call login ok.
04-17 23:21:28.417  1681  1681 D LEMON   : 23:21:28.417 RegisterServiceCallback: INFO: mtcCliCbRegOk
04-17 23:21:28.417  1681  1681 I System.out: mtcCliCbRegOk
04-17 23:21:28.418  1681  1681 D LEMON   : 23:21:28.417 com.juphoon.sprd.lemon.ui.MtcDelegate: INFO: loginOk
04-17 23:21:28.418  1681  1681 I System.out: loginOk
04-17 23:21:28.419  1681  1681 D LEMON   : 23:21:28.419 RegisterServiceCallback: INFO: mtcCliCbServLoginOk
04-17 23:21:28.419  1681  1681 I System.out: mtcCliCbServLoginOk
04-17 23:21:28.420  1382  1793 I VoWifiRegisterManager: callback{"callback_key":"callback_value_login_ok"}
04-17 23:21:28.420  1382  1382 I ImsService: EVENT_WIFI_REGISTER_RESAULT -> result:true, mFeatureSwitchRequest:ImsServiceRequest->mRequestId:0 mEventCode:100 mServiceId:1
04-17 23:21:28.421  2079  2093 D ImsConnectionManagerService: operationSuccessed, id = 0
04-17 23:21:28.422  1382  1382 I ImsServiceImpl: notifyImsRegister->isRegistered:true isImsEnabled():true mImsService.isVoLTEEnabled():false mImsService.isVoWifiEnabled():true
04-17 23:21:28.422  1382  1382 I ImsServiceImpl: EVENT_IMS_STATE_CHANGED->mServiceState:true
04-17 23:21:28.424  2079  2079 D ImsConnectionManagerService: onVoLteServiceStateChanged: Volte is registed, mIsVolteRegisted = true
04-17 23:21:28.424  1382  1382 I Telephony: PstnIncomingCallNotifier: Unregistering: Handler (com.android.internal.telephony.gsm.GSMPhone) {fb78f35}
04-17 23:21:28.426  1382  1382 D Telephony: PstnPhoneCapabilitiesNotifier: Unregistering: Handler (com.android.internal.telephony.gsm.GSMPhone) {fb78f35}
04-17 23:21:28.427  1382  1382 D Telephony: TelecomAccountRegistry: Found 2 phones.  Attempting to register.
04-17 23:21:28.427  1382  1382 D Telephony: TelecomAccountRegistry: Phone with subscription id 1
04-17 23:21:28.434  1681  1826 D LEMON   : 23:21:28.434 MRF: DEBUG: AuthBorn auth@0xab1a50c0.
04-17 23:21:28.434  1681  1826 D LEMON   : 23:21:28.434 ZOS: INFO: qtimer create task<0xC> timer<24> ok.
04-17 23:21:28.434  1681  1826 D LEMON   : 23:21:28.434 MRF: INFO: subs <18> created.
04-17 23:21:28.434  1681  1826 D LEMON   : 23:21:28.434 MRF: INFO: subs process [USER SUBSCRIBE].
04-17 23:21:28.434  1681  1826 D LEMON   : 23:21:28.434 SIP: INFO: module MsgCreate dbuf 0xa2e656f8 msg 0xa265785c.
04-17 23:21:28.435  1681  1826 D LEMON   : 23:21:28.435 MRF: DEBUG: AuthGetShareCred auth@0xab1a50c0.
04-17 23:21:28.435  1681  1826 D LEMON   : 23:21:28.435 SIP: INFO: module MsgCreate dbuf 0xa2e65698 msg 0xa251685c.
04-17 23:21:28.442  1681  2968 D LEMON   : 23:21:28.442 SIP: INFO: module process user event.
04-17 23:21:28.442  1681  2968 D LEMON   : 23:21:28.442 SIP: INFO: core process event [DAM REQ].
04-17 23:21:28.442  1681  2968 D LEMON   : 23:21:28.442 SIP: INFO: core -->me comp@2875651668 evnt@29 method@7.
04-17 23:21:28.442  1681  2968 D LEMON   : 23:21:28.442 SIP: INFO: core -->me sess@FFFFFFFF <----> sess user id@12.
04-17 23:21:28.442  1681  2968 D LEMON   : 23:21:28.442 SIP: INFO: core -->me dlg@FFFFFFFF <----> dlg user id@ffffffff.
04-17 23:21:28.442  1681  2968 D LEMON   : 23:21:28.442 SIP: INFO: core -->me trans@0 <----> trans user id@0.
04-17 23:21:28.442  1681  2968 D LEMON   : 23:21:28.442 ZOS: WARN: BkFromId invalid id[0xFFFFFFFB].
04-17 23:21:28.443  1681  2968 D LEMON   : 23:21:28.442 ZOS: DEBUG: Page 65534/128, Slot 65530/4
04-17 23:21:28.443  1681  2968 D LEMON   : 23:21:28.443 SIP: INFO: core UaSEvntToMEvnt tpt type<1> 100.80.131.52:33245 -> 10.56.5.85:5067.
04-17 23:21:28.443  1681  2968 D LEMON   : 23:21:28.443 SIP: DEBUG: core call<0xab670d8c> set user id<2875651668>.
04-17 23:21:28.443  1681  2968 D LEMON   : 23:21:28.443 SIP: INFO: core call@10003 UacProcDamReq call create.
04-17 23:21:28.443  1681  2968 D LEMON   : 23:21:28.443 SIP: INFO: core sess@20003 UacProcDamReq session create.
04-17 23:21:28.443  1681  2968 D LEMON   : 23:21:28.443 ZOS: INFO: qtimer create task<0xA> timer<25> ok.
04-17 23:21:28.444  1681  2968 D LEMON   : 23:21:28.443 SIP: INFO: module create tmr<0x19> [TIMER WAIT_SAM] ok.
04-17 23:21:28.444  1681  2968 D LEMON   : 23:21:28.444 ZOS: INFO: qtimer create task<0xA> timer<26> ok.
04-17 23:21:28.444  1681  2968 D LEMON   : 23:21:28.444 SIP: INFO: module create tmr<0x1A> [TIMER SEND_2XX] ok.
04-17 23:21:28.444  1681  2968 D LEMON   : 23:21:28.444 ZOS: INFO: qtimer create task<0xA> timer<27> ok.
04-17 23:21:28.444  1681  2968 D LEMON   : 23:21:28.444 SIP: INFO: module create tmr<0x1B> [TIMER STOP_2XX] ok.
04-17 23:21:28.444  1681  2968 D LEMON   : 23:21:28.444 SIP: INFO: core sess@20003 UacProcDamReq dialog create.
04-17 23:21:28.444  1681  2968 D LEMON   : 23:21:28.444 SIP: INFO: core sess@20003 UacProcDamReq process.
04-17 23:21:28.444  1681  2968 D LEMON   : 23:21:28.444 ZOS: INFO: qtimer create task<0xA> timer<28> ok.
04-17 23:21:28.444  1681  2968 D LEMON   : 23:21:28.444 SIP: INFO: module create tmr<0x1C> [TIMER SUBS] ok.
04-17 23:21:28.444  1681  2968 D LEMON   : 23:21:28.444 SIP: INFO: core sess@20004 UacProcDamReq subs create.
04-17 23:21:28.444  1681  2968 D LEMON   : 23:21:28.444 SIP: INFO: dlg DlgProcEvnt preprocess subscription event.
04-17 23:21:28.444  1681  2968 D LEMON   : 23:21:28.444 SIP: INFO: dlg sub@80010005 process event [DAM REQ].
04-17 23:21:28.445  1681  2968 D LEMON   : 23:21:28.444 SIP: INFO: dlg sub@80010005 process request <SUBSCRIBE>.
04-17 23:21:28.445  1681  2968 D LEMON   : 23:21:28.445 ZOS: INFO: qtimer create task<0xA> timer<29> ok.
04-17 23:21:28.445  1681  2968 D LEMON   : 23:21:28.445 SIP: INFO: module create tmr<0x1D> [TIMER E] ok.
04-17 23:21:28.445  1681  2968 D LEMON   : 23:21:28.445 ZOS: INFO: qtimer create task<0xA> timer<30> ok.
04-17 23:21:28.445  1681  2968 D LEMON   : 23:21:28.445 SIP: INFO: module create tmr<0x1E> [TIMER F] ok.
04-17 23:21:28.445  1681  2968 D LEMON   : 23:21:28.445 ZOS: INFO: qtimer create task<0xA> timer<31> ok.
04-17 23:21:28.445  1681  2968 D LEMON   : 23:21:28.445 SIP: INFO: module create tmr<0x1F> [TIMER K] ok.
04-17 23:21:28.445  1681  2968 D LEMON   : 23:21:28.445 ZOS: INFO: qtimer create task<0xA> timer<32> ok.
04-17 23:21:28.445  1681  2968 D LEMON   : 23:21:28.445 SIP: INFO: module create tmr<0x20> [TIMER WAIT_CONN] ok.
04-17 23:21:28.445  1681  2968 D LEMON   : 23:21:28.445 ZOS: INFO: qtimer create task<0xA> timer<33> ok.
04-17 23:21:28.445  1681  2968 D LEMON   : 23:21:28.445 SIP: INFO: module create tmr<0x21> [TIMER C] ok.
04-17 23:21:28.445  1681  2968 D LEMON   : 23:21:28.445 SIP: INFO: trans @10008 created.
04-17 23:21:28.446  1681  2968 D LEMON   : 23:21:28.446 SIP: INFO: dlg SubsdIdleOnSubsReq trans create.
04-17 23:21:28.446  1681  2968 D LEMON   : 23:21:28.446 SIP: INFO: dlg sub@80010005 SubsdIdleOnSubsReq notify event to trans.
04-17 23:21:28.446  1681  2968 D LEMON   : 23:21:28.446 SIP: INFO: dlg @20004 notify event [SEND NONINVITE].
04-17 23:21:28.446  1681  2968 D LEMON   : 23:21:28.446 ZOS: INFO: fsm(SIP_SUBS) subs@[2147549189] state <IDLE> run [DAM_REQ] event ok.
04-17 23:21:28.446  1681  2968 D LEMON   : 23:21:28.446 ZOS: INFO: fsm(SIP_SUBS) subs@[2147549189] state <IDLE> to <SUBS_OUT>.
04-17 23:21:28.446  1681  2968 D LEMON   : 23:21:28.446 SIP: INFO: module MsgDelete msg 0xa265785c.
04-17 23:21:28.446  1681  2968 D LEMON   : 23:21:28.446 SIP: INFO: module CoreSessMsgProc process event queue.
04-17 23:21:28.446  1681  2968 D LEMON   : 23:21:28.446 SIP: INFO: core event queue process the next event.
04-17 23:21:28.446  1681  2968 D LEMON   : 23:21:28.446 SIP: INFO: trans @10008 process request <SUBSCRIBE>.
04-17 23:21:28.448  1681  1826 D LEMON   : 23:21:28.448 MSF: INFO: TmrStart start <0x0018> timer [WAIT NOTIFY] 5s ok.
04-17 23:21:28.448  1681  1826 D LEMON   : 23:21:28.448 ZOS: INFO: fsm(MRF_SUBS) subs@[18] state <IDLE> run [USER SUBSCRIBE] event ok.
04-17 23:21:28.448  1681  1826 D LEMON   : 23:21:28.448 ZOS: INFO: fsm(MRF_SUBS) subs@[18] state <IDLE> to <SUBS_OUT>.
04-17 23:21:28.448  1681  1826 D LEMON   : 23:21:28.448 MSF: DEBUG: comp<MRF> proc comp evnt.
04-17 23:21:28.449  1681  2968 D LEMON   : 23:21:28.449 SIP: INFO: 
04-17 23:21:28.449  1681  2968 D LEMON   : data length: 1694
04-17 23:21:28.449  1681  2968 D LEMON   : data content[text]:
04-17 23:21:28.449  1681  2968 D LEMON   : ~~~~~~~~~~~~~~~~~~~~~~~~~~~~~~~~~~~~~~~~~~~~~~
04-17 23:21:28.449  1681  2968 D LEMON   : SUBSCRIBE sip:+917011021568@ims.mnc872.mcc405.3gppnetwork.org SIP/2.0
04-17 23:21:28.449  1681  2968 D LEMON   : From: <sip:+917011021568@ims.mnc872.mcc405.3gppnetwork.org>;tag=-t.-G1c0EL7JRoKE6ePn_LC321
04-17 23:21:28.449  1681  2968 D LEMON   : To: <sip:+917011021568@ims.mnc872.mcc405.3gppnetwork.org>
04-17 23:21:28.449  1681  2968 D LEMON   : Contact: <sip:405872000010353@100.80.131.52:5503>;+sip.instance="<urn:gsma:imei:86740002-050381-3>"
04-17 23:21:28.449  1681  2968 D LEMON   : Supported: path,gruu,outbound,sec-agree
04-17 23:21:28.449  1681  2968 D LEMON   : Event: reg
04-17 23:21:28.449  1681  2968 D LEMON   : Accept: application/reginfo+xml
04-17 23:21:28.449  1681  2968 D LEMON   : Expires: 3660
04-17 23:21:28.449  1681  2968 D LEMON   : Route: <sip:originating@dl1scfx0202mw.ims.mnc872.mcc405.3gppnetwork.org:5090;reg-id=971460903928823043;lskpmc=S97;lr;ms_rest_id=S9757139ff7>
04-17 23:21:28.449  1681  2968 D LEMON   : Security-Verify: ipsec-3gpp;prot=esp;alg=hmac-md5-96;ealg=aes-cbc;mod=trans;spi-c=1458807078;spi-s=1458807079;port-c=32920;port-s=5067;q=0.6
04-17 23:21:28.449  1681  2968 D LEMON   : Security-Verify: ipsec-3gpp;prot=esp;alg=hmac-md5-96;ealg=des-ede3-cbc;mod=trans;spi-c=1458807078;spi-s=1458807079;port-c=32920;port-s=5067;q=0.4
04-17 23:21:28.449  1681  2968 D LEMON   : Security-Verify: ipsec-3gpp;prot=esp;alg=hmac-md5-96;ealg=null;mod=trans;spi-c=1458807078;spi-s=1458807079;port-c=32920;port-s=5067;q=0.3
04-17 23:21:28.449  1681  2968 D LEMON   : Security-Verify: ipsec-3gpp;prot=esp;alg=hmac-sha-1-96;ealg=des-ede3-cbc;mod=trans;spi-c=1458807078;spi-s=1458807079;port-c=32920;port-s=5067;q=0.1
04-17 23:21:28.449  1681  2968 D LEMON   : Security-Verify: ipsec-3gpp;prot=esp;alg=hmac-sha-1-96;ealg=aes-cbc;mod=trans;spi-c=1458807078;spi-s=1458807079;port-c=32920;port-s=5067;q=0.2
04-17 23:21:28.449  1681  2968 D LEMON   : Security-Verify: ipsec-3gpp;prot=esp;alg=hmac-sha-1-96;ealg=null;mod=trans;spi-c=1458807078;spi-s=1458807079;port-c=32920;port-s=5067;q=0.5
04-17 23:21:28.449  1681  2968 D LEMON   : Proxy-Require: sec-agree
04-17 23:21:28.449  1681  2968 D LEMON   : Require: sec-agree
04-17 23:21:28.449  1681  2968 D LEMON   : Call-ID: qGxqrc0EL7JRoKE6ePn_LB321C@100.80.131.52
04-17 23:21:28.449  1681  2968 D LEMON   : CSeq: 1 SUBSCRIBE
04-17 23:21:28.449  1681  2968 D LEMON   : Max-Forwards: 70
04-17 23:21:28.449  1681  2968 D LEMON   : User-Agent: VoWIFI/WFC UA
04-17 23:21:28.449  1681  2968 D LEMON   : Via: SIP/2.0/UDP 100.80.131.52:5503;branch=z9hG4bK1DqGxqrc0EL7JRoKE6ePn_LD32;rport
04-17 23:21:28.449  1681  2968 D LEMON   : Content-Length: 0
04-17 23:21:28.449  1681  2968 D LEMON   : 
04-17 23:21:28.449  1681  2968 D LEMON   : 
04-17 23:21:28.449  1681  2968 D LEMON   : ~~~~~~~~~~~~~~~~~~~~~~~~~~~~~~~~~~~~~~~~~~~~~~
04-17 23:21:28.454  1681  2968 D LEMON   : 23:21:28.454 UTPT: INFO: conn[0x4] send data[1694] to [10.56.5.85:5067] ok.
04-17 23:21:28.454  1681  2968 D LEMON   : 23:21:28.454 SIP: INFO: tpt conn<0x10008> send message ok.
04-17 23:21:28.454  1681  2968 D LEMON   : 23:21:28.454 SIP: INFO: module start tmr<0x1D> [TIMER E] <2000ms> ok.
04-17 23:21:28.454  1681  2968 D LEMON   : 23:21:28.454 SIP: INFO: module start tmr<0x1E> [TIMER F] <128000ms> ok.
