04-17 23:21:22.124  1858  2951 I charon  : 13[IKE] postDns
04-17 23:21:22.125  1858  1903 D Communicater:  000f0000001024050200080000000000000000000001
04-17 23:21:22.125  1858  1903 D Communicater:  15 16
04-17 23:21:22.125  1858  1903 D Communicater: dns ip6 2405:200:800::1;
04-17 23:21:22.125  1858  2951 I charon  : 13[IKE] postDns send ok
04-17 23:21:22.126  1858  2951 I charon  : 13[IKE] ireton-pcscf-10.56.5.85[0]
04-17 23:21:22.126  1858  2951 I charon  : 13[IKE] postPcscf
04-17 23:21:22.127  1858  1903 D Communicater:  000a000000040a380555
04-17 23:21:22.127  1858  1903 D Communicater:  10 4
04-17 23:21:22.127  1858  1903 D Communicater: pcscf ip4 10.56.5.85;
04-17 23:21:22.127  1858  2951 I charon  : 13[IKE] postPcscf send ok
04-17 23:21:22.129  1858  2951 I charon  : 13[IKE] ireton-pcscf-10.56.5.70[0]
04-17 23:21:22.129  1858  2951 I charon  : 13[IKE] postPcscf
04-17 23:21:22.130  1858  1903 D Communicater:  000a000000040a380546
04-17 23:21:22.130  1858  1903 D Communicater:  10 4
04-17 23:21:22.130  1858  1903 D Communicater: pcscf ip4 10.56.5.85;10.56.5.70;
04-17 23:21:22.130  1858  2951 I charon  : 13[IKE] postPcscf send ok
04-17 23:21:22.130  1858  2951 I charon  : 13[IKE] installing new virtual IP 100.80.131.52
04-17 23:21:22.131  1858  2951 I charon  : 13[IKE] installing new virtual IP 2405:204:1801:c8c5::160a:70b0
04-17 23:21:22.131  1858  2951 I charon  : 13[CFG] received proposals: ESP:AES_CBC_128/HMAC_SHA1_96/NO_EXT_SEQ
04-17 23:21:22.131  1858  2951 I charon  : 13[CFG] configured proposals: ESP:AES_CBC_128/HMAC_SHA1_96/NO_EXT_SEQ
04-17 23:21:22.131  1858  2951 I charon  : 13[CFG] selected proposal: ESP:AES_CBC_128/HMAC_SHA1_96/NO_EXT_SEQ
04-17 23:21:22.132  1858  2951 I charon  : 13[DMN] ireton-16
04-17 23:21:22.132  1858  2951 I charon  : 13[IKE] ireton-ts-2405:200:800::1/128
04-17 23:21:22.132  1858  2951 I charon  : 13[IKE] ireton-ts-10.0.0.0/8
04-17 23:21:22.132  1858  2951 I charon  : 13[IKE] ireton-ts-10.0.0.0/8
04-17 23:21:22.132  1858  2951 I charon  : 13[CHD]   using AES_CBC for encryption
04-17 23:21:22.132  1858  2951 I charon  : 13[CHD]   using HMAC_SHA1_96 for integrity
04-17 23:21:22.133  1858  2951 I charon  : 13[CHD] seed => 48 bytes @ 0xa0db4628
04-17 23:21:22.133  1858  2951 I charon  : 13[CHD]    0: 1C 2E DC FC D8 16 BA C4 EC 6D 49 0B 99 E3 A5 8B  .........mI.....
04-17 23:21:22.133  1858  2951 I charon  : 13[CHD]   16: EE 92 43 0D 1C 44 CB 36 F3 22 0C 9F 74 E0 F1 C2  ..C..D.6."..t...
04-17 23:21:22.133  1858  2951 I charon  : 13[CHD]   32: 8B 43 0E B5 AD B6 93 D2 84 19 57 36 83 5F 39 C6  .C........W6._9.
04-17 23:21:22.133  1858  2951 I charon  : 13[CHD] encryption initiator key => 16 bytes @ 0xa1f63f60
04-17 23:21:22.133  1858  2951 I charon  : 13[CHD]    0: 9D C4 0D 14 BD D0 EB 35 D8 F5 F5 21 B0 82 7D 04  .......5...!..}.
04-17 23:21:22.133  1858  2951 I charon  : 13[CHD] encryption responder key => 16 bytes @ 0xa327da80
04-17 23:21:22.133  1858  2951 I charon  : 13[CHD]    0: 04 0D D5 43 33 CE 87 F6 59 F0 89 4B 8D 50 4D 9E  ...C3...Y..K.PM.
04-17 23:21:22.133  1858  2951 I charon  : 13[CHD] integrity initiator key => 20 bytes @ 0xa1f50b98
04-17 23:21:22.133  1858  2951 I charon  : 13[CHD]    0: B7 32 C3 18 F8 A2 59 B9 73 32 C7 F3 F5 B3 60 A1  .2....Y.s2....`.
04-17 23:21:22.133  1858  2951 I charon  : 13[CHD]   16: 7D 16 9F 35                                      }..5
04-17 23:21:22.134  1858  2951 I charon  : 13[CHD] integrity responder key => 20 bytes @ 0xa1f50d48
04-17 23:21:22.134  1858  2951 I charon  : 13[CHD]    0: E6 6A A5 BD 89 36 27 D5 16 5A C4 04 05 5E FC 0D  .j...6'..Z...^..
04-17 23:21:22.134  1858  2951 I charon  : 13[CHD]   16: 64 4A 6E 37                                      dJn7
04-17 23:21:22.134  1858  2951 I charon  : 13[CHD] adding inbound ESP SA
04-17 23:21:22.134  1858  2951 I charon  : 13[CHD]   SPI 0x78b3d370, src 49.44.57.164 dst 192.168.31.205
04-17 23:21:22.134  1858  2951 I charon  : 13[ESP] adding SAD entry with SPI 78b3d370 and reqid {1}
04-17 23:21:22.135  1858  2951 I charon  : 13[ESP]   using encryption algorithm AES_CBC with key size 128
04-17 23:21:22.135  1858  2951 I charon  : 13[ESP]   using integrity algorithm HMAC_SHA1_96 with key size 160
04-17 23:21:22.135  1858  2951 I charon  : 13[CHD] adding outbound ESP SA
04-17 23:21:22.135  1858  2951 I charon  : 13[CHD]   SPI 0x54009335, src 192.168.31.205 dst 49.44.57.164
04-17 23:21:22.136  1858  2951 I charon  : 13[ESP] adding SAD entry with SPI 54009335 and reqid {1}
04-17 23:21:22.136  1858  2951 I charon  : 13[ESP]   using encryption algorithm AES_CBC with key size 128
04-17 23:21:22.136  1858  2951 I charon  : 13[ESP]   using integrity algorithm HMAC_SHA1_96 with key size 160
04-17 23:21:22.137  1858  2951 I charon  : 13[IKE] CHILD_SA android{1} established with SPIs 78b3d370_i 54009335_o and TS 100.80.131.52/32 2405:204:1801:c8c5::160a:70b0/128 === 10.0.0.0/8 10.0.0.0/8 2405:200:800::1/128
04-17 23:21:22.138  1858  2951 I charon  : 13[DMN] setting up TUN device for CHILD_SA android{1}
04-17 23:21:22.198  1858  2951 I charon  : 13[DMN] successfully created TUN device
04-17 23:21:22.201  1858  1858 D AutoStarter: sState=CONNECTING state=CONNECTED errprState=NO_ERROR
04-17 23:21:22.202  1858  1858 D SecurityS2bCallback: mtcS2bCbSuccessed
04-17 23:21:22.202  1858  1858 D SecurityS2bWrapper: {"security_json_action":"security_json_action_s2b_successed","security_json_param_local_ip4":"100.80.131.52","security_json_param_local_ip6":"2405:204:1801:c8c5::160a:70b0","security_json_param_pcscf_ip4":"10.56.5.85;10.56.5.70;","security_json_param_dns_ip6":"2405:200:800::1;"}
04-17 23:21:22.218  1858  2954 I charon  : 16[ESP] discarding inbound IP packet fe80::4 == ff02::1 due to policy
04-17 23:21:22.223  1382  1400 I VoWifiSecurityS2bManager: callback{"security_json_action":"security_json_action_s2b_successed","security_json_param_local_ip4":"100.80.131.52","security_json_param_local_ip6":"2405:204:1801:c8c5::160a:70b0","security_json_param_pcscf_ip4":"10.56.5.85;10.56.5.70;","security_json_param_dns_ip6":"2405:200:800::1;"}
04-17 23:21:22.224  1681  1704 D LEMON   : 23:21:22.224 RegisterService: INFO: Mtc_CliLogin  {"security_json_action":"security_json_action_s2b_successed","security_json_param_local_ip4":"100.80.131.52","security_json_param_local_ip6":"2405:204:1801:c8c5::160a:70b0","security_json_param_pcscf_ip4":"10.56.5.85;10.56.5.70;","security_json_param_dns_ip6":"2405:200:800::1;"}
04-17 23:21:22.224  1681  1704 I System.out: Mtc_CliLogin  {"security_json_action":"security_json_action_s2b_successed","security_json_param_local_ip4":"100.80.131.52","security_json_param_local_ip6":"2405:204:1801:c8c5::160a:70b0","security_json_param_pcscf_ip4":"10.56.5.85;10.56.5.70;","security_json_param_dns_ip6":"2405:200:800::1;"}
04-17 23:21:22.229  1681  1704 D LEMON   : 23:21:22.229 RegisterService: INFO: Mtc_CliLogin allow false
04-17 23:21:22.229  1681  1704 I System.out: Mtc_CliLogin allow false
04-17 23:21:22.230  1681  1704 D LEMON   : 23:21:22.230 RegisterService: INFO: Mtc_CliLogin  false
04-17 23:21:22.230  1681  1704 I System.out: Mtc_CliLogin  false
04-17 23:21:22.295  1681  1704 D LEMON   : 23:21:22.295 RegisterService: INFO: Mtc_CliLogin 1 imsi is 405872000010353, imei is 867400020503813msisdn is 
04-17 23:21:22.295  1681  1704 I System.out: Mtc_CliLogin 1 imsi is 405872000010353, imei is 867400020503813msisdn is 
04-17 23:21:22.297  1681  1704 D LEMON   : 23:21:22.297 MRP: INFO: init db ok.
04-17 23:21:22.297  1681  1704 D LEMON   : 23:21:22.297 MXP: INFO: init db ok.
04-17 23:21:22.297  1681  1704 D LEMON   : 23:21:22.297 MMP: INFO: init db ok.
04-17 23:21:22.297  1681  1704 D LEMON   : 23:21:22.297 MNP: INFO: init db ok.
04-17 23:21:22.297  1681  1704 D LEMON   : 23:21:22.297 MTP: INFO: init db ok.
04-17 23:21:22.298  1681  1704 D LEMON   : 23:21:22.297 MTC: INFO: ProfSelect choice <405872000010353> ok
04-17 23:21:22.298  1681  1704 D LEMON   : 23:21:22.298 DNS: INFO: InitSrv primary 192.168.31.1:53
04-17 23:21:22.298  1681  1704 D LEMON   : 23:21:22.298 DNS: INFO: InitSrv secondary 0.0.0.0:0
04-17 23:21:22.298  1681  1704 D LEMON   : 23:21:22.298 MVC: INFO: GetSuptCdc support 7
04-17 23:21:22.298  1681  1704 D LEMON   : 23:21:22.298 MVD: INFO: GetSuptCdc support 3
04-17 23:21:22.301  1681  1704 D LEMON   : 23:21:22.301 ZOS: INFO: Open file</storage/emulated/0/SprdService/profiles/405872000010353/provision-v1.xml2ss> flag[w+b] ok.
04-17 23:21:22.302  1681  1704 D LEMON   : 23:21:22.302 ZOS: INFO: Open file</storage/emulated/0/SprdService/profiles/405872000010353/provision-v1.xml> flag[rb] ok.
04-17 23:21:22.314  1681  1704 D LEMON   : 23:21:22.314 MVC: INFO: GetSuptCdc support 7
04-17 23:21:22.314  1681  1704 D LEMON   : 23:21:22.314 MVD: INFO: GetSuptCdc support 3
04-17 23:21:22.323  1681  1704 D LEMON   : 23:21:22.323 ZOS: INFO: Open file</storage/emulated/0/SprdService/profiles/405872000010353/provision-v1.xml2ss> flag[w+b] ok.
04-17 23:21:22.327  1681  1704 D LEMON   : 23:21:22.327 ZOS: INFO: Open file</storage/emulated/0/SprdService/profiles/405872000010353/provision-v1.xml> flag[w+b] ok.
04-17 23:21:22.334  1681  1704 D LEMON   : 23:21:22.334 SIP: INFO: tpt set udp sever addr[100.80.137.142:0].
04-17 23:21:22.334  1681  1704 D LEMON   : 23:21:22.334 SIP: INFO: tpt set tcp sever addr[100.80.137.142:0].
04-17 23:21:22.334  1681  1704 D LEMON   : 23:21:22.334 SIP: INFO: tpt set tls sever addr[100.80.137.142:0].
04-17 23:21:22.334  1681  1704 D LEMON   : 23:21:22.334 MSP: DEBUG: get data bearer<6>.
04-17 23:21:22.335  1681  1704 I MME     : APICALL   ; (23:21:22:335 |    0)        VOICE:    1    99;      1704; SetEcStatus(enable=1, mode=3)
04-17 23:21:22.335  1681  1704 D LEMON   : 23:21:22.335 MVC: INFO: DspSetAecEnable set enable
04-17 23:21:22.335  1681  1704 I MME     : APICALL   ; (23:21:22:335 |    0)        VOICE:    1    99;      1704; SetEcStatus(enable=1, mode=3)
04-17 23:21:22.335  1681  1704 D LEMON   : 23:21:22.335 MVC: INFO: DspSetAecMode mode 4.
04-17 23:21:22.335  1681  1704 I MME     : APICALL   ; (23:21:22:335 |    0)        VOICE:    1    99;      1704; SetAgcStatus(enable=1, mode=4)
04-17 23:21:22.335  1681  1704 D LEMON   : 23:21:22.335 MVC: INFO: DspSetAgcEnable set enable
04-17 23:21:22.335  1681  1704 I MME     : APICALL   ; (23:21:22:335 |    0)        VOICE:    1    99;      1704; SetAgcStatus(enable=1, mode=4)
04-17 23:21:22.335  1681  1704 D LEMON   : 23:21:22.335 MVC: INFO: DspSetAgcMode mode 3
04-17 23:21:22.335  1681  1704 I MME     : APICALL   ; (23:21:22:335 |    0)        VOICE:    1    99;      1704; GetAgcConfig(config=?)
04-17 23:21:22.335  1681  1704 I MME     : STATEINFO ; (23:21:22:335 |    0)        VOICE:    1    99;      1704; GetAgcConfig() => targetLeveldBOv=3, digitalCompressionGaindB=9, limiterEnable=1
04-17 23:21:22.335  1681  1704 I MME     : APICALL   ; (23:21:22:335 |    0)        VOICE:    1    99;      1704; SetAgcConfig()
04-17 23:21:22.336  1681  1704 D LEMON   : 23:21:22.336 MVC: INFO: DspSetAgcTgt set 3.
04-17 23:21:22.336  1681  1704 I MME     : APICALL   ; (23:21:22:336 |    1)        VOICE:    1    99;      1704; SetNsStatus(enable=1, mode=5)
04-17 23:21:22.336  1681  1704 D LEMON   : 23:21:22.336 MVC: INFO: DspSetAnrEnable set enable
04-17 23:21:22.336  1681  1704 I MME     : APICALL   ; (23:21:22:336 |    0)        VOICE:    1    99;      1704; SetNsStatus(enable=1, mode=5)
04-17 23:21:22.336  1681  1704 D LEMON   : 23:21:22.336 MVC: INFO: DspSetAnrMode mode 2.
04-17 23:21:22.336  1681  1704 D LEMON   : 23:21:22.336 MTC: DEBUG: ProvDbSetCurProfUser <405872000010353>.
04-17 23:21:22.336  1681  1704 D LEMON   : 23:21:22.336 MTC: INFO: open client ok.
04-17 23:21:22.337  1681  1704 D LEMON   : 23:21:22.337 SIP: INFO: tpt set udp sever addr[100.80.137.142:0].
04-17 23:21:22.337  1681  1704 D LEMON   : 23:21:22.337 SIP: INFO: tpt set tcp sever addr[100.80.137.142:0].
04-17 23:21:22.337  1681  1704 D LEMON   : 23:21:22.337 SIP: INFO: tpt set tls sever addr[100.80.137.142:0].
04-17 23:21:22.337  1681  1704 D LEMON   : 23:21:22.337 MSP: DEBUG: get data bearer<6>.
04-17 23:21:22.338  1681  1704 I MME     : APICALL   ; (23:21:22:337 |    1)        VOICE:    1    99;      1704; SetEcStatus(enable=1, mode=3)
04-17 23:21:22.338  1681  1704 D LEMON   : 23:21:22.338 MVC: INFO: DspSetAecEnable set enable
04-17 23:21:22.338  1681  1704 I MME     : APICALL   ; (23:21:22:338 |    1)        VOICE:    1    99;      1704; SetEcStatus(enable=1, mode=3)
04-17 23:21:22.338  1681  1704 D LEMON   : 23:21:22.338 MVC: INFO: DspSetAecMode mode 4.
04-17 23:21:22.338  1681  1704 I MME     : APICALL   ; (23:21:22:338 |    0)        VOICE:    1    99;      1704; SetAgcStatus(enable=1, mode=4)
04-17 23:21:22.339  1681  1704 D LEMON   : 23:21:22.339 MVC: INFO: DspSetAgcEnable set enable
04-17 23:21:22.339  1681  1704 I MME     : APICALL   ; (23:21:22:339 |    1)        VOICE:    1    99;      1704; SetAgcStatus(enable=1, mode=4)
04-17 23:21:22.339  1681  1704 D LEMON   : 23:21:22.339 MVC: INFO: DspSetAgcMode mode 3
04-17 23:21:22.339  1681  1704 I MME     : APICALL   ; (23:21:22:339 |    0)        VOICE:    1    99;      1704; GetAgcConfig(config=?)
04-17 23:21:22.339  1681  1704 I MME     : STATEINFO ; (23:21:22:339 |    4)        VOICE:    1    99;      1704; GetAgcConfig() => targetLeveldBOv=3, digitalCompressionGaindB=9, limiterEnable=1
04-17 23:21:22.339  1681  1704 I MME     : APICALL   ; (23:21:22:339 |    0)        VOICE:    1    99;      1704; SetAgcConfig()
04-17 23:21:22.339  1681  1704 D LEMON   : 23:21:22.339 MVC: INFO: DspSetAgcTgt set 3.
04-17 23:21:22.339  1681  1704 I MME     : APICALL   ; (23:21:22:339 |    0)        VOICE:    1    99;      1704; SetNsStatus(enable=1, mode=5)
04-17 23:21:22.339  1681  1704 D LEMON   : 23:21:22.339 MVC: INFO: DspSetAnrEnable set enable
04-17 23:21:22.339  1681  1704 I MME     : APICALL   ; (23:21:22:339 |    0)        VOICE:    1    99;      1704; SetNsStatus(enable=1, mode=5)
04-17 23:21:22.339  1681  1704 D LEMON   : 23:21:22.339 MVC: INFO: DspSetAnrMode mode 2.
04-17 23:21:22.339  1681  1704 D LEMON   : 23:21:22.339 ZOS: INFO: task<DNS:9> alloc ok.
04-17 23:21:22.339  1681  1704 D LEMON   : 23:21:22.339 ZOS: INFO: qtimer create task<0x9> timer<1> ok.
04-17 23:21:22.340  1681  1704 D LEMON   : 23:21:22.340 DNS: INFO: init ok.
04-17 23:21:22.340  1681  1704 D LEMON   : 23:21:22.340 ZOS: INFO: task<DNS:9> spawn ok.
04-17 23:21:22.340  1681  1704 D LEMON   : 23:21:22.340 ZOS: INFO: task<DNS:9> module start ok.
04-17 23:21:22.340  1681  1704 D LEMON   : 23:21:22.340 ZOS: INFO: task<SIP:10> alloc ok.
04-17 23:21:22.340  1681  1704 D LEMON   : 23:21:22.340 ZOS: DEBUG: BkCreate brick manager 0xab65a040.
04-17 23:21:22.341  1681  1704 D LEMON   : 23:21:22.341 ZOS: DEBUG: BkCreate brick manager 0xa2fa001c.
04-17 23:21:22.341  1382  2139 D PhoneInterfaceManager: [PhoneIntfMgr] getDataEnabled: subId=1 phoneId=0
04-17 23:21:22.341  1681  1704 D LEMON   : 23:21:22.341 ZOS: DEBUG: BkCreate brick manager 0xa2fa0828.
04-17 23:21:22.341  1681  1704 D LEMON   : 23:21:22.341 ZOS: DEBUG: BkCreate brick manager 0xa2fa1840.
04-17 23:21:22.341  1681  1704 D LEMON   : 23:21:22.341 ZOS: DEBUG: BkCreate brick manager 0xab1a4828.
04-17 23:21:22.341  1382  2139 D PhoneInterfaceManager: [PhoneIntfMgr] getDataEnabled: subId=1 retVal=false
04-17 23:21:22.341  1681  1704 D LEMON   : 23:21:22.341 ZOS: DEBUG: BkCreate brick manager 0xab671a34.
04-17 23:21:22.341  1681  1704 D LEMON   : 23:21:22.341 ZOS: INFO: qtimer create task<0xA> timer<2> ok.
04-17 23:21:22.341  1681  1704 D LEMON   : 23:21:22.341 SIP: INFO: tpt init ok.
04-17 23:21:22.341  1681  1704 D LEMON   : 23:21:22.341 SIP: INFO: module init ok.
04-17 23:21:22.341  1681  1704 D LEMON   : 23:21:22.341 ZOS: INFO: task<SIP:10> spawn ok.
04-17 23:21:22.341  1681  1704 D LEMON   : 23:21:22.341 ZOS: INFO: task<SIP:10> module start ok.
04-17 23:21:22.342  1681  1704 D LEMON   : 23:21:22.341 ZOS: INFO: add debug command ok.
04-17 23:21:22.342  1681  1704 D LEMON   : 23:21:22.342 SIP: INFO: start ok.
04-17 23:21:22.342  1681  1704 D LEMON   : 23:21:22.342 ZOS: INFO: task<XCAPC:11> alloc ok.
04-17 23:21:22.342  1681  1704 D LEMON   : 23:21:22.342 ZOS: DEBUG: BkCreate brick manager 0xab66f4ac.
04-17 23:21:22.342  1681  1704 D LEMON   : 23:21:22.342 XCAPC: INFO: init ok.
04-17 23:21:22.342  1681  1704 D LEMON   : 23:21:22.342 ZOS: INFO: task<XCAPC:11> spawn ok.
04-17 23:21:22.342  1681  1704 D LEMON   : 23:21:22.342 ZOS: INFO: task<XCAPC:11> module start ok.
04-17 23:21:22.342  1681  1704 D LEMON   : 23:21:22.342 XCAPC: INFO: start ok.
04-17 23:21:22.343  1681  1704 D LEMON   : 23:21:22.343 ZOS: INFO: task<MSF:12> alloc ok.
04-17 23:21:22.343  1681  1704 D LEMON   : 23:21:22.343 MVC: INFO: EvntSetCallback set 0xa3a56d35 cookie 0.
04-17 23:21:22.343  1681  1704 D LEMON   : 23:21:22.343 MVD: INFO: EvntSetCallback .
04-17 23:21:22.343  1681  1704 D LEMON   : 23:21:22.343 MVD: INFO: EvntRegister mask 653344 disable.
04-17 23:21:22.343  1681  1704 D LEMON   : 23:21:22.343 ZOS: INFO: task<MSF:12> module start ok.
04-17 23:21:22.343  1681  1704 D LEMON   : 23:21:22.343 MSF: INFO: start ok.
04-17 23:21:22.343  1681  1704 D LEMON   : 23:21:22.343 MSF: INFO: comp<MRF:0xab66f654> start ok.
04-17 23:21:22.343  1681  1704 D LEMON   : 23:21:22.343 ZOS: INFO: qtimer create task<0xC> timer<3> ok.
04-17 23:21:22.343  1681  1704 D LEMON   : 23:21:22.343 MRP: DEBUG: get register tpt type<0>.
04-17 23:21:22.343  1681  1704 D LEMON   : 23:21:22.343 MSF: INFO: comp<MXF:0xa31f9bc4> start ok.
04-17 23:21:22.344  1681  1704 D LEMON   : 23:21:22.344 ZOS: INFO: qtimer create task<0xB> timer<4> ok.
04-17 23:21:22.344  1681  1704 D LEMON   : 23:21:22.344 XCAPC: INFO: auas [65538] created.
04-17 23:21:22.344  1681  1704 D LEMON   : 23:21:22.344 XCAPC: INFO: Open auas[65538] ok.
04-17 23:21:22.344  1681  1704 D LEMON   : 23:21:22.344 MXF: INFO: start ok.
04-17 23:21:22.344  1681  1704 D LEMON   : 23:21:22.344 MSF: INFO: comp<MMF:0xa31f9cdc> start ok.
04-17 23:21:22.344  1681  1704 D LEMON   : 23:21:22.344 MMF: INFO: start ok.
04-17 23:21:22.344  1681  1704 D LEMON   : 23:21:22.344 MSF: INFO: comp<MNF:0xa31f9df4> start ok.
04-17 23:21:22.344  1681  1704 D LEMON   : 23:21:22.344 MNF: INFO: PortMapInit map 0x0xb4de12bc.
04-17 23:21:22.344  1681  1704 D LEMON   : 23:21:22.344 MNF: INFO: PortMapInit map 0x0xb4de12d8.
04-17 23:21:22.344  1681  1704 D LEMON   : 23:21:22.344 MNF: INFO: port init ok.
04-17 23:21:22.344  1681  1704 D LEMON   : 23:21:22.344 MNF: INFO: start ok.
04-17 23:21:22.345  1681  1704 D LEMON   : 23:21:22.344 MSF: INFO: comp<MTF:0xa31fa024> start ok.
04-17 23:21:22.345  1681  1704 D LEMON   : 23:21:22.345 MTF: INFO: port init ok.
04-17 23:21:22.345  1681  1704 D LEMON   : 23:21:22.345 MTF: INFO: start ok.
04-17 23:21:22.345  1681  1704 D LEMON   : 23:21:22.345 RSD: DEBUG: start enabler<RRE:0xa31fa254> ok.
04-17 23:21:22.345  1681  1704 D LEMON   : 23:21:22.345 RSD: DEBUG: start enabler<RIE:0xa31fb820> ok.
04-17 23:21:22.345  1681  1704 D LEMON   : 23:21:22.345 RSD: DEBUG: enabler<0xa31fb820> attach comp<0xa31f9cdc>.
04-17 23:21:22.345  1681  1704 D LEMON   : 23:21:22.345 RSD: DEBUG: start enabler<RSE:0xa31fb8ac> ok.
04-17 23:21:22.345  1681  1704 D LEMON   : 23:21:22.345 ZOS: INFO: qtimer create task<0x0> timer<5> ok.
04-17 23:21:22.346  1681  1704 D LEMON   : 23:21:22.346 RSD: DEBUG: start enabler<RME:0xa31fb9c4> ok.
04-17 23:21:22.346  1681  1704 D LEMON   : 23:21:22.346 RSD: DEBUG: enabler<0xa31fa254> attach comp<0xab66f654>.
04-17 23:21:22.346  1681  1704 D LEMON   : 23:21:22.346 RSD: DEBUG: enabler<0xa31fb820> attach comp<0xa31f9cdc>.
04-17 23:21:22.346  1681  1704 D LEMON   : 23:21:22.346 RSD: DEBUG: enabler<0xa31fb8ac> attach comp<0xa31fa024>.
04-17 23:21:22.346  1681  1704 D LEMON   : 23:21:22.346 RSD: DEBUG: enabler<0xa31fb9c4> attach comp<0xa31fa024>.
04-17 23:21:22.346  1681  1704 D LEMON   : 23:21:22.346 MTC: INFO: start client ok.
04-17 23:21:22.348  1681  1704 D LEMON   : 23:21:22.348 MRP: DEBUG: get register tpt type<0>.
04-17 23:21:22.348  1681  1704 D LEMON   : 23:21:22.348 MRF: INFO: reload endpoint ok.
04-17 23:21:22.349  1681  1704 D LEMON   : 23:21:22.349 MRP: DEBUG: get register tpt type<0>.
04-17 23:21:22.350  1681  1704 D LEMON   : 23:21:22.350 MRF: INFO: reload endpoint ok.
04-17 23:21:22.350  1681  1704 D LEMON   : 23:21:22.350 MRP: DEBUG: get register tpt type<0>.
04-17 23:21:22.350  1681  1704 D LEMON   : 23:21:22.350 MRF: INFO: reload endpoint ok.
04-17 23:21:22.353  1681  1704 D LEMON   : 23:21:22.353 ZOS: INFO: Open file</storage/emulated/0/SprdService/profiles/provisions.xml2ss> flag[w+b] ok.
04-17 23:21:22.354  1681  1704 D LEMON   : 23:21:22.354 ZOS: INFO: Open file</storage/emulated/0/SprdService/profiles/provisions.xml> flag[w+b] ok.
04-17 23:21:22.362  1681  1704 D LEMON   : 23:21:22.362 MRP: DEBUG: get register tpt type<0>.
04-17 23:21:22.362  1681  1704 D LEMON   : 23:21:22.362 MRF: INFO: reload endpoint ok.
04-17 23:21:22.366  1681  1704 D LEMON   : 23:21:22.366 MRP: DEBUG: set register tpt tcp<5260>.
04-17 23:21:22.366  1681  1704 D LEMON   : 23:21:22.366 MRP: DEBUG: get register tpt type<0>.
04-17 23:21:22.367  1681  1704 D LEMON   : 23:21:22.366 MRF: INFO: reload endpoint ok.
04-17 23:21:22.368  1681  1704 D LEMON   : 23:21:22.368 MRP: DEBUG: set register tpt type<0>.
04-17 23:21:22.368  1681  1704 D LEMON   : 23:21:22.368 MRP: DEBUG: get register tpt type<0>.
04-17 23:21:22.368  1681  1704 D LEMON   : 23:21:22.368 MRF: INFO: reload endpoint ok.
04-17 23:21:22.375  1681  1704 D LEMON   : 23:21:22.375 SIP: INFO: tpt set udp sever addr[100.80.137.142:0].
04-17 23:21:22.375  1681  1704 D LEMON   : 23:21:22.375 SIP: INFO: tpt set tcp sever addr[100.80.137.142:0].
04-17 23:21:22.376  1681  1704 D LEMON   : 23:21:22.375 SIP: INFO: tpt set tls sever addr[100.80.137.142:0].
04-17 23:21:22.376  1681  1704 D LEMON   : 23:21:22.376 MSP: DEBUG: get data bearer<6>.
04-17 23:21:22.376  1681  1704 D LEMON   : 23:21:22.376 MRP: DEBUG: get register tpt type<0>.
04-17 23:21:22.376  1681  1704 D LEMON   : 23:21:22.376 MRF: INFO: reload endpoint ok.
04-17 23:21:22.376  1681  1704 D LEMON   : 23:21:22.376 ZOS: INFO: qtimer delete timer<4> ok.
04-17 23:21:22.376  1681  1704 D LEMON   : 23:21:22.376 XCAPC: INFO: auas [65538] deleted.
04-17 23:21:22.376  1681  1704 D LEMON   : 23:21:22.376 ZOS: INFO: qtimer create task<0xB> timer<6> ok.
04-17 23:21:22.376  1681  1704 D LEMON   : 23:21:22.376 XCAPC: INFO: auas [65539] created.
04-17 23:21:22.376  1681  1704 D LEMON   : 23:21:22.376 XCAPC: INFO: Open auas[65539] ok.
04-17 23:21:22.376  1681  1704 I MME     : APICALL   ; (23:21:22:376 |   37)        VOICE:    1    99;      1704; SetEcStatus(enable=1, mode=3)
04-17 23:21:22.376  1681  1704 D LEMON   : 23:21:22.376 MVC: INFO: DspSetAecEnable set enable
04-17 23:21:22.377  1681  1704 I MME     : APICALL   ; (23:21:22:376 |    0)        VOICE:    1    99;      1704; SetEcStatus(enable=1, mode=3)
04-17 23:21:22.377  1681  1704 D LEMON   : 23:21:22.377 MVC: INFO: DspSetAecMode mode 4.
04-17 23:21:22.377  1681  1704 I MME     : APICALL   ; (23:21:22:377 |    1)        VOICE:    1    99;      1704; SetAgcStatus(enable=1, mode=4)
04-17 23:21:22.377  1681  1704 D LEMON   : 23:21:22.377 MVC: INFO: DspSetAgcEnable set enable
04-17 23:21:22.377  1681  1704 I MME     : APICALL   ; (23:21:22:377 |    0)        VOICE:    1    99;      1704; SetAgcStatus(enable=1, mode=4)
04-17 23:21:22.377  1681  1704 D LEMON   : 23:21:22.377 MVC: INFO: DspSetAgcMode mode 3
04-17 23:21:22.377  1681  1704 I MME     : APICALL   ; (23:21:22:377 |    0)        VOICE:    1    99;      1704; GetAgcConfig(config=?)
04-17 23:21:22.377  1681  1704 I MME     : STATEINFO ; (23:21:22:377 |   38)        VOICE:    1    99;      1704; GetAgcConfig() => targetLeveldBOv=3, digitalCompressionGaindB=9, limiterEnable=1
04-17 23:21:22.377  1681  1704 I MME     : APICALL   ; (23:21:22:377 |    0)        VOICE:    1    99;      1704; SetAgcConfig()
04-17 23:21:22.377  1681  1704 D LEMON   : 23:21:22.377 MVC: INFO: DspSetAgcTgt set 3.
04-17 23:21:22.377  1681  1704 I MME     : APICALL   ; (23:21:22:377 |    0)        VOICE:    1    99;      1704; SetNsStatus(enable=1, mode=5)
04-17 23:21:22.377  1681  1704 D LEMON   : 23:21:22.377 MVC: INFO: DspSetAnrEnable set enable
04-17 23:21:22.377  1681  1704 I MME     : APICALL   ; (23:21:22:377 |    0)        VOICE:    1    99;      1704; SetNsStatus(enable=1, mode=5)
04-17 23:21:22.377  1681  1704 D LEMON   : 23:21:22.377 MVC: INFO: DspSetAnrMode mode 2.
04-17 23:21:22.384  1681  1704 D LEMON   : 23:21:22.383 ZOS: INFO: Open file</storage/emulated/0/SprdService/profiles/405872000010353/provision-v1.xml2ss> flag[w+b] ok.
04-17 23:21:22.386  1681  1704 D LEMON   : 23:21:22.386 ZOS: INFO: Open file</storage/emulated/0/SprdService/profiles/405872000010353/provision-v1.xml> flag[w+b] ok.
04-17 23:21:22.389  1681  1704 D LEMON   : 23:21:22.389 MSP: INFO: Flush changed, save to file.
04-17 23:21:22.389  1681  1704 D LEMON   : 23:21:22.389 MTC: INFO: save provision.
04-17 23:21:22.390  1681  1704 D LEMON   : 23:21:22.390 RegisterService: INFO: Mtc_CliLogin  pv4100.80.131.5210.56.5.85
04-17 23:21:22.390  1681  1704 I System.out: Mtc_CliLogin  pv4100.80.131.5210.56.5.85
04-17 23:21:22.392  1681  1704 D LEMON   : 23:21:22.392 ZOS: INFO: Open file</storage/emulated/0/SprdService/profiles/provisions.xml2ss> flag[w+b] ok.
04-17 23:21:22.393  1681  1704 D LEMON   : 23:21:22.393 ZOS: INFO: Open file</storage/emulated/0/SprdService/profiles/provisions.xml> flag[w+b] ok.
04-17 23:21:22.396  1681  1704 D LEMON   : 23:21:22.396 MTC: INFO: set local ip<100.80.131.52>
04-17 23:21:22.397  1681  1704 D LEMON   : 23:21:22.397 SIP: INFO: tpt set udp sever addr[100.80.131.52:0].
04-17 23:21:22.397  1681  1704 D LEMON   : 23:21:22.397 SIP: INFO: tpt set tcp sever addr[100.80.131.52:0].
04-17 23:21:22.397  1681  1704 D LEMON   : 23:21:22.397 SIP: INFO: tpt set tls sever addr[100.80.131.52:0].
04-17 23:21:22.397  1681  1704 D LEMON   : 23:21:22.397 ZOS: INFO: qtimer delete timer<6> ok.
04-17 23:21:22.397  1681  1704 D LEMON   : 23:21:22.397 XCAPC: INFO: auas [65539] deleted.
04-17 23:21:22.397  1681  1704 D LEMON   : 23:21:22.397 ZOS: INFO: qtimer create task<0xB> timer<7> ok.
04-17 23:21:22.397  1681  1704 D LEMON   : 23:21:22.397 XCAPC: INFO: auas [65540] created.
04-17 23:21:22.397  1681  1704 D LEMON   : 23:21:22.397 XCAPC: INFO: Open auas[65540] ok.
04-17 23:21:22.398  1681  1704 D LEMON   : 23:21:22.398 MRP: DEBUG: get register tpt type<0>.
04-17 23:21:22.398  1681  1704 D LEMON   : 23:21:22.398 MRF: INFO: reload endpoint ok.
04-17 23:21:22.398  1681  1704 D LEMON   : 23:21:22.398 SIP: INFO: tpt set udp sever addr[100.80.131.52:0].
04-17 23:21:22.398  1681  1704 D LEMON   : 23:21:22.398 SIP: INFO: tpt set tcp sever addr[100.80.131.52:0].
04-17 23:21:22.398  1681  1704 D LEMON   : 23:21:22.398 SIP: INFO: tpt set tls sever addr[100.80.131.52:0].
04-17 23:21:22.398  1681  1704 D LEMON   : 23:21:22.398 MSP: DEBUG: get data bearer<6>.
04-17 23:21:22.398  1681  1704 D LEMON   : 23:21:22.398 MRP: DEBUG: get register tpt type<0>.
04-17 23:21:22.398  1681  1704 D LEMON   : 23:21:22.398 MRF: INFO: reload endpoint ok.
04-17 23:21:22.398  1681  1704 D LEMON   : 23:21:22.398 ZOS: INFO: qtimer delete timer<7> ok.
04-17 23:21:22.398  1681  1704 D LEMON   : 23:21:22.398 XCAPC: INFO: auas [65540] deleted.
04-17 23:21:22.398  1681  1704 D LEMON   : 23:21:22.398 ZOS: INFO: qtimer create task<0xB> timer<8> ok.
04-17 23:21:22.398  1681  1704 D LEMON   : 23:21:22.398 XCAPC: INFO: auas [65541] created.
04-17 23:21:22.398  1681  1704 D LEMON   : 23:21:22.398 XCAPC: INFO: Open auas[65541] ok.
04-17 23:21:22.399  1681  1704 I MME     : APICALL   ; (23:21:22:398 |   21)        VOICE:    1    99;      1704; SetEcStatus(enable=1, mode=3)
04-17 23:21:22.399  1681  1704 D LEMON   : 23:21:22.399 MVC: INFO: DspSetAecEnable set enable
04-17 23:21:22.399  1681  1704 I MME     : APICALL   ; (23:21:22:399 |    1)        VOICE:    1    99;      1704; SetEcStatus(enable=1, mode=3)
04-17 23:21:22.399  1681  1704 D LEMON   : 23:21:22.399 MVC: INFO: DspSetAecMode mode 4.
04-17 23:21:22.399  1681  1704 I MME     : APICALL   ; (23:21:22:399 |    0)        VOICE:    1    99;      1704; SetAgcStatus(enable=1, mode=4)
04-17 23:21:22.399  1681  1704 D LEMON   : 23:21:22.399 MVC: INFO: DspSetAgcEnable set enable
04-17 23:21:22.399  1681  1704 I MME     : APICALL   ; (23:21:22:399 |    0)        VOICE:    1    99;      1704; SetAgcStatus(enable=1, mode=4)
04-17 23:21:22.399  1681  1704 D LEMON   : 23:21:22.399 MVC: INFO: DspSetAgcMode mode 3
04-17 23:21:22.399  1681  1704 I MME     : APICALL   ; (23:21:22:399 |    0)        VOICE:    1    99;      1704; GetAgcConfig(config=?)
04-17 23:21:22.399  1681  1704 I MME     : STATEINFO ; (23:21:22:399 |   22)        VOICE:    1    99;      1704; GetAgcConfig() => targetLeveldBOv=3, digitalCompressionGaindB=9, limiterEnable=1
04-17 23:21:22.399  1681  1704 I MME     : APICALL   ; (23:21:22:399 |    0)        VOICE:    1    99;      1704; SetAgcConfig()
04-17 23:21:22.399  1681  1704 D LEMON   : 23:21:22.399 MVC: INFO: DspSetAgcTgt set 3.
04-17 23:21:22.399  1681  1704 I MME     : APICALL   ; (23:21:22:399 |    0)        VOICE:    1    99;      1704; SetNsStatus(enable=1, mode=5)
04-17 23:21:22.400  1681  1704 D LEMON   : 23:21:22.399 MVC: INFO: DspSetAnrEnable set enable
04-17 23:21:22.400  1681  1704 I MME     : APICALL   ; (23:21:22:400 |    1)        VOICE:    1    99;      1704; SetNsStatus(enable=1, mode=5)
04-17 23:21:22.400  1681  1704 D LEMON   : 23:21:22.400 MVC: INFO: DspSetAnrMode mode 2.
04-17 23:21:22.400  1681  1704 D LEMON   : 23:21:22.400 MSP: DEBUG: set data bearer<6>.
04-17 23:21:22.401  1681  1704 D LEMON   : 23:21:22.401 MTC: INFO: CliLogin with type 256 ip 100.80.131.52.
04-17 23:21:22.401  1681  1704 D LEMON   : 23:21:22.401 MSP: DEBUG: get data bearer<6>.
04-17 23:21:22.401  1681  1704 D LEMON   : 23:21:22.401 MTC: INFO: sip instance is urn:gsma:imei:86740002-050381-3.
04-17 23:21:22.401  1681  1704 D LEMON   : 23:21:22.401 MSF: DEBUG: prov[MCP] tab is empty
04-17 23:21:22.401  1681  1704 D LEMON   : 23:21:22.401 MTC: INFO: idle send reg.
04-17 23:21:22.401  1681  1704 D LEMON   : 23:21:22.401 MRF: INFO: endp start register via primary sbc server.
04-17 23:21:22.401  1681  1826 D LEMON   : 23:21:22.401 MRF: INFO: endpoint process [USER REGISTER].
04-17 23:21:22.401  1681  1826 D LEMON   : 23:21:22.401 MRF: INFO: FsmEndpProcEvntUm for type 3 ip 100.80.131.52.
04-17 23:21:22.401  1681  1826 D LEMON   : 23:21:22.401 MRP: DEBUG: get register tpt type<0>.
04-17 23:21:22.401  1681  1826 D LEMON   : 23:21:22.401 MRP: DEBUG: get register tpt udp<5060>.
04-17 23:21:22.401  1681  1826 D LEMON   : 23:21:22.401 ZOS: INFO: qtimer create task<0xC> timer<9> ok.
04-17 23:21:22.401  1681  1826 D LEMON   : 23:21:22.401 ZOS: INFO: qtimer create task<0xC> timer<10> ok.
04-17 23:21:22.401  1681  1826 D LEMON   : 23:21:22.401 MRP: DEBUG: get register tpt udp<5060>.
04-17 23:21:22.402  1382  1382 I ImsServiceImpl: turnOffIms.
04-17 23:21:22.403  1681  1826 D LEMON   : 23:21:22.401 MRF: DEBUG: AuthBorn auth@0xa2fa6080.
04-17 23:21:22.403  1681  1826 D LEMON   : 23:21:22.403 MRF: DEBUG: RegInitAuth auth@0xa2fa6080 realm ims.mnc872.mcc405.3gppnetwork.org.
04-17 23:21:22.403  1681  1826 D LEMON   : 23:21:22.403 MRF: DEBUG: RegInitAuth auth@0xa2fa6080 name 405872000010353@ims.mnc872.mcc405.3gppnetwork.org.
04-17 23:21:22.403  1681  1826 D LEMON   : 23:21:22.403 MRF: DEBUG: AuthBorn auth@0xa2fa6590.
04-17 23:21:22.403  1681  1826 D LEMON   : 23:21:22.403 MRF: DEBUG: RegInitAuth auth@0xa2fa6590 realm ims.mnc872.mcc405.3gppnetwork.org.
04-17 23:21:22.403  1681  1826 D LEMON   : 23:21:22.403 MRF: DEBUG: RegInitAuth auth@0xa2fa6590 name 405872000010353@ims.mnc872.mcc405.3gppnetwork.org.
04-17 23:21:22.403  1681  1826 D LEMON   : 23:21:22.403 MRF: INFO: EndpAddReg reg@[17] for 100.80.131.52:0.
04-17 23:21:22.403  1681  1826 D LEMON   : 23:21:22.403 MRF: INFO: EndpSetActiveReg reg@[0x11].
04-17 23:21:22.403  1681  1826 D LEMON   : 23:21:22.403 ZOS: INFO: sock<27> set recvbuf<1048576>.
04-17 23:21:22.403  1681  1826 D LEMON   : 23:21:22.403 ZOS: INFO: sock<27> set sendbuf<1048576>.
04-17 23:21:22.403  1681  1826 D LEMON   : 23:21:22.403 ZOS: INFO: SocketOpenX open sock<27>.
04-17 23:21:22.404  1382  1382 I ImsService: EVENT_WIFI_ATTACH_SUCCESSED-> mFeatureSwitchRequest:ImsServiceRequest->mRequestId:0 mEventCode:100 mServiceId:1
04-17 23:21:22.404  1681  1826 D LEMON   : 23:21:22.404 ZOS: INFO: task<0:27:5713a9f2:13> alloc ok.
04-17 23:21:22.404  1681  1826 D LEMON   : 23:21:22.404 ZOS: INFO: task<0:27:5713a9f2:13> spawn ok.
04-17 23:21:22.404  1681  1826 D LEMON   : 23:21:22.404 SIP: INFO: tpt Add a connection address[100.80.131.52:33245].
04-17 23:21:22.405  1681  1826 D LEMON   : 23:21:22.405 ZOS: INFO: sock<28> set recvbuf<1048576>.
04-17 23:21:22.405  1681  1826 D LEMON   : 23:21:22.405 ZOS: INFO: sock<28> set sendbuf<1048576>.
04-17 23:21:22.405  1681  1826 D LEMON   : 23:21:22.405 ZOS: INFO: SocketOpenX open sock<28>.
04-17 23:21:22.405  1681  1826 D LEMON   : 23:21:22.405 ZOS: INFO: task<0:28:5713a9f2:14> alloc ok.
04-17 23:21:22.405  1681  1826 D LEMON   : 23:21:22.405 ZOS: INFO: task<0:28:5713a9f2:14> spawn ok.
04-17 23:21:22.406  1681  1826 D LEMON   : 23:21:22.406 SIP: INFO: tpt Add a connection address[100.80.131.52:33245].
04-17 23:21:22.406  1681  1826 D LEMON   : 23:21:22.406 MRF: INFO: RegOpenLocally security tcp 100.80.131.52:33245.
04-17 23:21:22.406  1681  1826 D LEMON   : 23:21:22.406 UTPT: INFO: get conn[0x1] ok.
04-17 23:21:22.406  1681  1826 D LEMON   : 23:21:22.406 ZOS: INFO: sock<29> set recvbuf<1048576>.
04-17 23:21:22.406  1681  1826 D LEMON   : 23:21:22.406 ZOS: INFO: sock<29> set sendbuf<1048576>.
04-17 23:21:22.406  1681  1826 D LEMON   : 23:21:22.406 ZOS: INFO: SocketOpenX open sock<29>.
04-17 23:21:22.406  1681  1681 D LEMON   : 23:21:22.402 RegisterServiceCallback: INFO: mtcCliCbRegStatChanged, iRegStat: 1, dwStatCode: 57600
04-17 23:21:22.406  1681  1681 I System.out: mtcCliCbRegStatChanged, iRegStat: 1, dwStatCode: 57600
04-17 23:21:22.406  1681  1681 D LEMON   : 23:21:22.406 MTC: DEBUG: client reg state 1.
04-17 23:21:22.407  1681  1826 D LEMON   : 23:21:22.407 ZOS: INFO: task<0:29:5713a9f2:15> alloc ok.
04-17 23:21:22.407  1681  1826 D LEMON   : 23:21:22.407 ZOS: INFO: task<0:29:5713a9f2:15> spawn ok.
04-17 23:21:22.407  1681  1826 D LEMON   : 23:21:22.407 UTPT: INFO: open conn[0x1] user[131079] udp<0xa31fdd38> server [100.80.131.52:5503] ok.
04-17 23:21:22.407  1681  1826 D LEMON   : 23:21:22.407 SIP: INFO: tpt open transport [100.80.131.52:5503].
04-17 23:21:22.407  1681  1826 D LEMON   : 23:21:22.407 SIP: INFO: tpt open udp conn<0x20007> ok.
04-17 23:21:22.407  1681  1826 D LEMON   : 23:21:22.407 ZOS: INFO: qtimer create task<0xA> timer<11> ok.
04-17 23:21:22.407  1681  1826 D LEMON   : 23:21:22.407 UTPT: INFO: get conn[0x2] ok.
04-17 23:21:22.408  1681  1826 D LEMON   : 23:21:22.408 ZOS: INFO: sock<30> set recvbuf<1048576>.
04-17 23:21:22.408  1681  1826 D LEMON   : 23:21:22.408 ZOS: INFO: sock<30> set sendbuf<1048576>.
04-17 23:21:22.408  1681  1826 D LEMON   : 23:21:22.408 ZOS: INFO: SocketOpenX open sock<30>.
04-17 23:21:22.408  1681  1826 D LEMON   : 23:21:22.408 ZOS: INFO: task<0:30:5713a9f2:16> alloc ok.
04-17 23:21:22.408  1681  1826 D LEMON   : 23:21:22.408 ZOS: INFO: task<0:30:5713a9f2:16> spawn ok.
04-17 23:21:22.409  1681  1826 D LEMON   : 23:21:22.409 UTPT: INFO: open conn[0x2] user[131080] tcp<0xa31fddc4> server [100.80.131.52:5503] ok.
04-17 23:21:22.409  1681  1826 D LEMON   : 23:21:22.409 SIP: INFO: tpt open transport [100.80.131.52:5503].
04-17 23:21:22.409  1681  1826 D LEMON   : 23:21:22.409 SIP: INFO: tpt open tcp server conn<0x20008> ok.
04-17 23:21:22.409  1681  1826 D LEMON   : 23:21:22.409 MRF: INFO: RegListenLocally security 100.80.131.52:5503.
04-17 23:21:22.409  1681  1826 D LEMON   : 23:21:22.409 MRF: INFO: FsmEndpProcEvntUm add reg [17] for 100.80.131.52:0.
04-17 23:21:22.409  1681  1826 D LEMON   : 23:21:22.409 SIP: INFO: module MsgCreate dbuf 0xaf654358 msg 0xa2682050.
04-17 23:21:22.409  1681  1826 D LEMON   : 23:21:22.409 MRP: DEBUG: get register tpt type<0>.
04-17 23:21:22.410  1681  1826 D LEMON   : 23:21:22.409 MRF: INFO: service<2> capability(2101256).
04-17 23:21:22.410  1681  1826 D LEMON   : 23:21:22.410 SIP: INFO: module MsgCreate dbuf 0xaf654238 msg 0xa268645c.
04-17 23:21:22.411  1681  2968 D LEMON   : 23:21:22.411 SIP: INFO: module process user event.
04-17 23:21:22.411  1681  1826 D LEMON   : 23:21:22.411 SIP: INFO: module MsgCreate dbuf 0xaf654328 msg 0xa268b85c.
04-17 23:21:22.411  1681  2968 D LEMON   : 23:21:22.411 SIP: INFO: core process event [CIM REQ].
04-17 23:21:22.411  1681  2968 D LEMON   : 23:21:22.411 SIP: INFO: core -->me comp@2875651668 evnt@31 method@5.
04-17 23:21:22.411  1681  2968 D LEMON   : 23:21:22.411 SIP: INFO: core -->me sess@FFFFFFFF <----> sess user id@11.
04-17 23:21:22.411  1681  2968 D LEMON   : 23:21:22.411 SIP: INFO: core -->me dlg@FFFFFFFF <----> dlg user id@ffffffff.
04-17 23:21:22.411  1681  2968 D LEMON   : 23:21:22.411 SIP: INFO: core -->me trans@0 <----> trans user id@0.
04-17 23:21:22.411  1681  2968 D LEMON   : 23:21:22.411 ZOS: WARN: BkFromId invalid id[0xFFFFFFFB].
04-17 23:21:22.411  1681  2968 D LEMON   : 23:21:22.411 SIP: INFO: core UaSEvntToMEvnt numeric remote host.
04-17 23:21:22.411  1681  1826 D LEMON   : 23:21:22.411 ZOS: INFO: fsm(MRF_REG) reg@[17] state <IDLE> run [USER REGISTER] event ok.
04-17 23:21:22.411  1681  2968 D LEMON   : 23:21:22.411 SIP: INFO: core UaSEvntToMEvnt tpt type<1> 100.80.131.52:5060 -> 10.56.5.85:5060.
04-17 23:21:22.411  1681  1826 D LEMON   : 23:21:22.411 ZOS: INFO: fsm(MRF_REG) reg@[17] state <IDLE> to <REGING>.
04-17 23:21:22.411  1681  1826 D LEMON   : 23:21:22.411 MSF: DEBUG: comp<MRF> proc comp evnt.
04-17 23:21:22.412  1681  2968 D LEMON   : 23:21:22.412 SIP: DEBUG: core call<0xab670d48> set user id<2875651668>.
04-17 23:21:22.412  1681  2968 D LEMON   : 23:21:22.412 SIP: INFO: core call@10002 UacProcCimReq call create.
04-17 23:21:22.412  1681  2968 D LEMON   : 23:21:22.412 SIP: INFO: core sess@10003 UacProcCimReq session create.
04-17 23:21:22.412  1681  2968 D LEMON   : 23:21:22.412 SIP: INFO: core sess@10003 UacProcCimReq dialog create.
04-17 23:21:22.412  1681  2968 D LEMON   : 23:21:22.412 SIP: INFO: dlg @10004 process event [CIM REQ].
04-17 23:21:22.412  1681  2968 D LEMON   : 23:21:22.412 SIP: INFO: dlg @10004 process request <REGISTER>.
04-17 23:21:22.412  1681  2968 D LEMON   : 23:21:22.412 ZOS: INFO: qtimer create task<0xA> timer<12> ok.
04-17 23:21:22.412  1681  2968 D LEMON   : 23:21:22.412 SIP: INFO: module create tmr<0xC> [TIMER E] ok.
04-17 23:21:22.412  1681  2968 D LEMON   : 23:21:22.412 ZOS: INFO: qtimer create task<0xA> timer<13> ok.
04-17 23:21:22.413  1681  2968 D LEMON   : 23:21:22.412 SIP: INFO: module create tmr<0xD> [TIMER F] ok.
04-17 23:21:22.413  1681  2968 D LEMON   : 23:21:22.413 ZOS: INFO: qtimer create task<0xA> timer<14> ok.
04-17 23:21:22.413  1681  2968 D LEMON   : 23:21:22.413 SIP: INFO: module create tmr<0xE> [TIMER K] ok.
04-17 23:21:22.413  1681  2968 D LEMON   : 23:21:22.413 ZOS: INFO: qtimer create task<0xA> timer<15> ok.
04-17 23:21:22.413  1681  2968 D LEMON   : 23:21:22.413 SIP: INFO: module create tmr<0xF> [TIMER WAIT_CONN] ok.
04-17 23:21:22.413  1681  2968 D LEMON   : 23:21:22.413 ZOS: INFO: qtimer create task<0xA> timer<16> ok.
04-17 23:21:22.413  1681  2968 D LEMON   : 23:21:22.413 SIP: INFO: module create tmr<0x10> [TIMER C] ok.
04-17 23:21:22.413  1681  2968 D LEMON   : 23:21:22.413 SIP: INFO: trans @10006 created.
04-17 23:21:22.413  1681  2968 D LEMON   : 23:21:22.413 SIP: INFO: dlg VrtdIdleOnCimReq trans create.
04-17 23:21:22.413  1681  2968 D LEMON   : 23:21:22.413 SIP: INFO: dlg @10004 notify event [SEND NONINVITE].
04-17 23:21:22.413  1681  2968 D LEMON   : 23:21:22.413 ZOS: INFO: fsm(SIP_VRTD) vrtd@[65540] state <IDLE> run [CIM_REQ] event ok.
04-17 23:21:22.413  1681  2968 D LEMON   : 23:21:22.413 ZOS: INFO: fsm(SIP_VRTD) vrtd@[65540] state <IDLE> to <REQ OUT>.
04-17 23:21:22.413  1681  2968 D LEMON   : 23:21:22.413 SIP: INFO: module MsgDelete msg 0xa2682050.
04-17 23:21:22.413  1681  2968 D LEMON   : 23:21:22.413 SIP: INFO: module CoreSessMsgProc process event queue.
04-17 23:21:22.413  1681  2968 D LEMON   : 23:21:22.413 SIP: INFO: core event queue process the next event.
04-17 23:21:22.413  1681  2968 D LEMON   : 23:21:22.413 SIP: INFO: trans @10006 process request <REGISTER>.
04-17 23:21:22.413  1681  2968 D LEMON   : 23:21:22.413 SIP: INFO: tpt TptLocateReqUdpTptId only open utpt for register.
04-17 23:21:22.413  1681  2968 D LEMON   : 23:21:22.413 UTPT: INFO: get conn[0x3] ok.
04-17 23:21:22.414  1681  2968 D LEMON   : 23:21:22.414 ZOS: INFO: Socket open with dscp server type <104>.
04-17 23:21:22.414  1681  2968 E imsbr   : socket_local_client fail: Permission denied
04-17 23:21:22.414  1681  2968 D LEMON   : 23:21:22.414 ZOS: INFO: Imsbrd enable vrt failed <Unknown error -13>
04-17 23:21:22.414  1681  2968 D LEMON   : 23:21:22.414 ZOS: INFO: sock<31> set recvbuf<1048576>.
04-17 23:21:22.414  1681  2968 D LEMON   : 23:21:22.414 ZOS: INFO: sock<31> set sendbuf<1048576>.
04-17 23:21:22.414  1681  2968 D LEMON   : 23:21:22.414 ZOS: INFO: SocketOpenX open sock<31>.
04-17 23:21:22.415  1681  2968 D LEMON   : 23:21:22.415 ZOS: INFO: task<0:31:5713a9f2:17> alloc ok.
04-17 23:21:22.415  1681  2968 D LEMON   : 23:21:22.415 ZOS: INFO: task<0:31:5713a9f2:17> spawn ok.
04-17 23:21:22.415  1681  2968 D LEMON   : 23:21:22.415 UTPT: INFO: open conn[0x3] user[196615] udp<0xa2e666a8> server [100.80.131.52:5060] ok.
04-17 23:21:22.415  1681  2968 D LEMON   : 23:21:22.415 SIP: INFO: tpt open transport [100.80.131.52:5060].
04-17 23:21:22.415  1681  2968 D LEMON   : 23:21:22.415 SIP: INFO: tpt open udp conn<0x30007> ok.
04-17 23:21:22.415  1681  2968 D LEMON   : 23:21:22.415 ZOS: INFO: qtimer create task<0xA> timer<17> ok.
04-17 23:21:22.416  1681  2968 D LEMON   : 23:21:22.416 SIP: INFO: 
04-17 23:21:22.416  1681  2968 D LEMON   : data length: 1750
04-17 23:21:22.416  1681  2968 D LEMON   : data content[text]:
04-17 23:21:22.416  1681  2968 D LEMON   : ~~~~~~~~~~~~~~~~~~~~~~~~~~~~~~~~~~~~~~~~~~~~~~
04-17 23:21:22.416  1681  2968 D LEMON   : REGISTER sip:ims.mnc872.mcc405.3gppnetwork.org SIP/2.0
04-17 23:21:22.416  1681  2968 D LEMON   : To: <sip:405872000010353@ims.mnc872.mcc405.3gppnetwork.org>
04-17 23:21:22.416  1681  2968 D LEMON   : From: <sip:405872000010353@ims.mnc872.mcc405.3gppnetwork.org>;tag=G1c0EL7JRoKE6ePn_Ly321*t4-
04-17 23:21:22.416  1681  2968 D LEMON   : Contact: <sip:405872000010353@100.80.131.52:5060;transport=udp>;+sip.instance="<urn:gsma:imei:86740002-050381-3>";expires=3600;+g.3gpp.icsi-ref="urn%%3Aurn-7%%3A3gpp-service.ims.icsi.mmtel";video;+g.3gpp.smsip
04-17 23:21:22.416  1681  2968 D LEMON   : Supported: path,gruu,outbound,sec-agree
04-17 23:21:22.416  1681  2968 D LEMON   : Allow: INVITE,ACK,OPTIONS,BYE,CANCEL,REGISTER,INFO,PRACK,SUBSCRIBE,NOTIFY,MESSAGE,REFER
04-17 23:21:22.416  1681  2968 D LEMON   : Security-Client: ipsec-3gpp;prot=esp;alg=hmac-md5-96;ealg=null;mod=trans;spi-c=249868760;spi-s=249868761;port-c=33245;port-s=5503,ipsec-3gpp;prot=esp;alg=hmac-md5-96;ealg=des-ede3-cbc;mod=trans;spi-c=249868760;spi-s=249868761;port-c=33245;port-s=5503,ipsec-3gpp;prot=esp;alg=hmac-md5-96;ealg=aes-cbc;mod=trans;spi-c=249868760;spi-s=249868761;port-c=33245;port-s=5503,ipsec-3gpp;prot=esp;alg=hmac-sha-1-96;ealg=null;mod=trans;spi-c=249868760;spi-s=249868761;port-c=33245;port-s=5503,ipsec-3gpp;prot=esp;alg=hmac-sha-1-96;ealg=des-ede3-cbc;mod=trans;spi-c=249868760;spi-s=249868761;port-c=33245;port-s=5503,ipsec-3gpp;prot=esp;alg=hmac-sha-1-96;ealg=aes-cbc;mod=trans;spi-c=249868760;spi-s=249868761;port-c=33245;port-s=5503
04-17 23:21:22.416  1681  2968 D LEMON   : Proxy-Require: sec-agree
04-17 23:21:22.416  1681  2968 D LEMON   : Require: sec-agree
04-17 23:21:22.416  1681  2968 D LEMON   : Authorization: Digest username="405872000010353@ims.mnc872.mcc405.3gppnetwork.org",uri="sip:ims.mnc872.mcc405.3gppnetwork.org",realm="ims.mnc872.mcc405.3gppnetwork.org",nonce="",response="",algorithm=AKAv1-MD5
04-17 23:21:22.416  1681  2968 D LEMON   : Call-ID: rc0EL7JRoKE6ePn_Lx321CqGxq@100.80.131.52
04-17 23:21:22.416  1681  2968 D LEMON   : CSeq: 1 REGISTER
04-17 23:21:22.416  1681  2968 D LEMON   : Max-Forwards: 70
04-17 23:21:22.416  1681  2968 D LEMON   : User-Agent: VoWIFI/WFC UA
04-17 23:21:22.416  1681  2968 D LEMON   : Via: SIP/2.0/UDP 100.80.131.52:5060;branch=z9hG4bKxqrc0EL7JRoKE6ePn_Lz321DqG;rport
04-17 23:21:22.416  1681  2968 D LEMON   : Content-Length: 0
04-17 23:21:22.416  1681  2968 D LEMON   : 
04-17 23:21:22.416  1681  2968 D LEMON   : 
04-17 23:21:22.416  1681  2968 D LEMON   : ~~~~~~~~~~~~~~~~~~~~~~~~~~~~~~~~~~~~~~~~~~~~~~
04-17 23:21:22.417  1681  2968 D LEMON   : 23:21:22.417 UTPT: INFO: conn[0x3] send data[1750] to [10.56.5.85:5060] ok.
04-17 23:21:22.417  1681  2968 D LEMON   : 23:21:22.417 SIP: INFO: tpt conn<0x30007> send message ok.
04-17 23:21:22.417  1681  2968 D LEMON   : 23:21:22.417 SIP: INFO: module start tmr<0xC> [TIMER E] <2000ms> ok.
04-17 23:21:22.417  1681  2968 D LEMON   : 23:21:22.417 SIP: INFO: module start tmr<0xD> [TIMER F] <128000ms> ok.
04-17 23:21:22.417  1681  2968 D LEMON   : 23:21:22.417 ZOS: INFO: fsm(SIP_NICT) trans@[65542] state <IDLE> run [SEND_NONINVITE] event ok.
04-17 23:21:22.417  1681  2968 D LEMON   : 23:21:22.417 ZOS: INFO: fsm(SIP_NICT) trans@[65542] state <IDLE> to <TRYING>.
04-17 23:21:22.417  1681  2968 D LEMON   : 23:21:22.417 SIP: INFO: core event queue process the last event.
04-17 23:21:22.417  1681  2968 D LEMON   : 23:21:22.417 SIP: INFO: module MsgDelete msg 0xa2682050.
04-17 23:21:23.470  2079  2098 D ImsConnectionManagerRelianceService: wifi RSSI is changed, RSSI = -37
04-17 23:21:24.420  1681  2968 D LEMON   : 23:21:24.420 SIP: INFO: module process timer event.
04-17 23:21:24.420  1681  2968 D LEMON   : 23:21:24.420 SIP: INFO: core timer process trans event tmr<0xC> [TIMER E].
04-17 23:21:24.420  1681  2968 D LEMON   : 23:21:24.420 SIP: INFO: core timer process trans@10006 event.
04-17 23:21:24.420  1681  2968 D LEMON   : 23:21:24.420 SIP: INFO: 
04-17 23:21:24.420  1681  2968 D LEMON   : data length: 1750
04-17 23:21:24.420  1681  2968 D LEMON   : data content[text]:
04-17 23:21:24.420  1681  2968 D LEMON   : ~~~~~~~~~~~~~~~~~~~~~~~~~~~~~~~~~~~~~~~~~~~~~~
04-17 23:21:24.420  1681  2968 D LEMON   : REGISTER sip:ims.mnc872.mcc405.3gppnetwork.org SIP/2.0
04-17 23:21:24.420  1681  2968 D LEMON   : To: <sip:405872000010353@ims.mnc872.mcc405.3gppnetwork.org>
04-17 23:21:24.420  1681  2968 D LEMON   : From: <sip:405872000010353@ims.mnc872.mcc405.3gppnetwork.org>;tag=G1c0EL7JRoKE6ePn_Ly321*t4-
04-17 23:21:24.420  1681  2968 D LEMON   : Contact: <sip:405872000010353@100.80.131.52:5060;transport=udp>;+sip.instance="<urn:gsma:imei:86740002-050381-3>";expires=3600;+g.3gpp.icsi-ref="urn%%3Aurn-7%%3A3gpp-service.ims.icsi.mmtel";video;+g.3gpp.smsip
04-17 23:21:24.420  1681  2968 D LEMON   : Supported: path,gruu,outbound,sec-agree
04-17 23:21:24.420  1681  2968 D LEMON   : Allow: INVITE,ACK,OPTIONS,BYE,CANCEL,REGISTER,INFO,PRACK,SUBSCRIBE,NOTIFY,MESSAGE,REFER
04-17 23:21:24.420  1681  2968 D LEMON   : Security-Client: ipsec-3gpp;prot=esp;alg=hmac-md5-96;ealg=null;mod=trans;spi-c=249868760;spi-s=249868761;port-c=33245;port-s=5503,ipsec-3gpp;prot=esp;alg=hmac-md5-96;ealg=des-ede3-cbc;mod=trans;spi-c=249868760;spi-s=249868761;port-c=33245;port-s=5503,ipsec-3gpp;prot=esp;alg=hmac-md5-96;ealg=aes-cbc;mod=trans;spi-c=249868760;spi-s=249868761;port-c=33245;port-s=5503,ipsec-3gpp;prot=esp;alg=hmac-sha-1-96;ealg=null;mod=trans;spi-c=249868760;spi-s=249868761;port-c=33245;port-s=5503,ipsec-3gpp;prot=esp;alg=hmac-sha-1-96;ealg=des-ede3-cbc;mod=trans;spi-c=249868760;spi-s=249868761;port-c=33245;port-s=5503,ipsec-3gpp;prot=esp;alg=hmac-sha-1-96;ealg=aes-cbc;mod=trans;spi-c=249868760;spi-s=249868761;port-c=33245;port-s=5503
04-17 23:21:24.420  1681  2968 D LEMON   : Proxy-Require: sec-agree
04-17 23:21:24.420  1681  2968 D LEMON   : Require: sec-agree
04-17 23:21:24.420  1681  2968 D LEMON   : Authorization: Digest username="405872000010353@ims.mnc872.mcc405.3gppnetwork.org",uri="sip:ims.mnc872.mcc405.3gppnetwork.org",realm="ims.mnc872.mcc405.3gppnetwork.org",nonce="",response="",algorithm=AKAv1-MD5
04-17 23:21:24.420  1681  2968 D LEMON   : Call-ID: rc0EL7JRoKE6ePn_Lx321CqGxq@100.80.131.52
04-17 23:21:24.420  1681  2968 D LEMON   : CSeq: 1 REGISTER
04-17 23:21:24.420  1681  2968 D LEMON   : Max-Forwards: 70
04-17 23:21:24.420  1681  2968 D LEMON   : User-Agent: VoWIFI/WFC UA
04-17 23:21:24.420  1681  2968 D LEMON   : Via: SIP/2.0/UDP 100.80.131.52:5060;branch=z9hG4bKxqrc0EL7JRoKE6ePn_Lz321DqG;rport
04-17 23:21:24.420  1681  2968 D LEMON   : Content-Length: 0
04-17 23:21:24.420  1681  2968 D LEMON   : 
04-17 23:21:24.420  1681  2968 D LEMON   : 
04-17 23:21:24.420  1681  2968 D LEMON   : ~~~~~~~~~~~~~~~~~~~~~~~~~~~~~~~~~~~~~~~~~~~~~~
04-17 23:21:24.421  1681  2968 D LEMON   : 23:21:24.421 UTPT: INFO: conn[0x3] send data[1750] to [10.56.5.85:5060] ok.
04-17 23:21:24.421  1681  2968 D LEMON   : 23:21:24.421 SIP: INFO: tpt conn<0x30007> send message ok.
04-17 23:21:24.421  1681  2968 D LEMON   : 23:21:24.421 SIP: INFO: module start tmr<0xC> [TIMER E] <4000ms> ok.
04-17 23:21:24.421  1681  2968 D LEMON   : 23:21:24.421 ZOS: INFO: fsm(SIP_NICT) trans@[65542] state <TRYING> run [TM_TE] event ok.
04-17 23:21:24.421  1681  2968 D LEMON   : 23:21:24.421 SIP: INFO: module TmrMsgProc core process event queue.
04-17 23:21:25.019  1681  1833 D LEMON   : 23:21:25.019 UTPT: INFO: recv udp data(len:1251) from [10.56.5.85:5060].
