04-17 23:33:02.796  1681  1826 D LEMON   : 23:33:02.796 MVC: INFO: SrtpEnableSend stream [1] send srtp disable
04-17 23:33:02.796  1681  1826 D LEMON   : 23:33:02.796 MVC: INFO: SrtpEnableRecv disable.
04-17 23:33:02.796  1681  1826 D LEMON   : 23:33:02.796 MVC: INFO: SrtpEnableRecv stream [1] recv srtp disable
04-17 23:33:02.796  1681  1826 D LEMON   : 23:33:02.796 MNF: INFO: AsApply.
04-17 23:33:02.796  1681  1826 D LEMON   : 23:33:02.796 MNF: INFO: MseApply mse <0xaf6c4f74>.
04-17 23:33:02.796  1681  1826 D LEMON   : 23:33:02.796 MVC: INFO: ResumeAllStrm Resume all stream
04-17 23:33:02.796  1681  1826 D LEMON   : 23:33:02.796 SIP: INFO: module MsgCreate dbuf 0xa2e656f8 msg 0xa2516050.
04-17 23:33:02.796  1681  1826 D LEMON   : 23:33:02.796 MSF: INFO: TmrStart start <0x002C> timer [WAIT RING] 185s ok.
04-17 23:33:02.796  1681  2968 D LEMON   : 23:33:02.796 SIP: INFO: module process user event.
04-17 23:33:02.796  1681  1826 D LEMON   : 23:33:02.796 ZOS: INFO: fsm(MTF_CALL) conn@[17] state <ANSWERING> run [USER ALERT] event ok.
04-17 23:33:02.796  1681  2968 D LEMON   : 23:33:02.796 SIP: INFO: core process event [SIM RSP].
04-17 23:33:02.796  1681  1826 D LEMON   : 23:33:02.796 MSF: DEBUG: comp<MTF> proc comp evnt.
04-17 23:33:02.796  1681  2968 D LEMON   : 23:33:02.796 SIP: INFO: core -->me comp@2736758820 evnt@21 method@0.
04-17 23:33:02.796  1681  2968 D LEMON   : 23:33:02.796 SIP: INFO: core -->me sess@20004 <----> sess user id@0.
04-17 23:33:02.796  1681  2968 D LEMON   : 23:33:02.796 SIP: INFO: core -->me dlg@20005 <----> dlg user id@11.
04-17 23:33:02.797  1681  2968 D LEMON   : 23:33:02.797 SIP: INFO: core -->me trans@FFFFFFFF <----> trans user id@ffffffff.
04-17 23:33:02.797  1681  2968 D LEMON   : 23:33:02.797 SIP: INFO: core UaSEvntToMEvnt exist sess.
04-17 23:33:02.797  1681  2968 D LEMON   : 23:33:02.797 SIP: INFO: core UaSEvntToMEvnt tpt type<1> 100.80.131.52:5503 -> 10.56.5.85:32920.
04-17 23:33:02.797  1681  2968 D LEMON   : 23:33:02.797 SIP: INFO: core sess@20004 UasProcSimRsp process.
04-17 23:33:02.797  1681  2968 D LEMON   : 23:33:02.797 SIP: INFO: dlg @20005 process event [SEND 1XX].
04-17 23:33:02.797  1681  2968 D LEMON   : 23:33:02.797 SIP: INFO: dlg @20005 process response <INVITE:180>.
04-17 23:33:02.797  1681  2968 D LEMON   : 23:33:02.797 SIP: INFO: dlg @20005 notify event [SEND 1XX].
04-17 23:33:02.797  1681  2968 D LEMON   : 23:33:02.797 ZOS: INFO: fsm(SIP_IVT) dlg@[131077] state <EARLY UAS> run [SEND_1XX] event ok.
04-17 23:33:02.797  1681  2968 D LEMON   : 23:33:02.797 SIP: INFO: module MsgDelete msg 0xa2516050.
04-17 23:33:02.797  1681  2968 D LEMON   : 23:33:02.797 SIP: INFO: module CoreSessMsgProc process event queue.
04-17 23:33:02.797  1681  2968 D LEMON   : 23:33:02.797 SIP: INFO: core event queue process the next event.
04-17 23:33:02.797  1681  2968 D LEMON   : 23:33:02.797 SIP: INFO: trans @10006 process response <INVITE:180>.
04-17 23:33:02.798  1382  3984 D Ringtone: Successfully created local player
04-17 23:33:02.798  1681  2968 D LEMON   : 23:33:02.798 SIP: INFO: 
04-17 23:33:02.798  1681  2968 D LEMON   : data length: 1408
04-17 23:33:02.798  1681  2968 D LEMON   : data content[text]:
04-17 23:33:02.798  1681  2968 D LEMON   : ~~~~~~~~~~~~~~~~~~~~~~~~~~~~~~~~~~~~~~~~~~~~~~
04-17 23:33:02.798  1681  2968 D LEMON   : SIP/2.0 180 Ringing
04-17 23:33:02.798  1681  2968 D LEMON   : From: <sip:+917011021641@ims.mnc872.mcc405.3gppnetwork.org;user=phone>;tag=a01UdedjZABbZbdW
04-17 23:33:02.798  1681  2968 D LEMON   : To: <sip:+917011021568@ims.mnc872.mcc405.3gppnetwork.org;user=phone>;tag=219tijG1c0EL7JRoKE6ePn_LE3
04-17 23:33:02.798  1681  2968 D LEMON   : P-Preferred-Identity: <sip:+917011021568@ims.mnc872.mcc405.3gppnetwork.org>
04-17 23:33:02.798  1681  2968 D LEMON   : Supported: 100rel,join,norefersub,replaces,timer
04-17 23:33:02.798  1681  2968 D LEMON   : Allow: INVITE,ACK,BYE,CANCEL,UPDATE,REGISTER,INFO,PRACK,SUBSCRIBE,NOTIFY,MESSAGE,REFER,PUBLISH
04-17 23:33:02.798  1681  2968 D LEMON   : Contact: <sip:405872000010353@100.80.131.52:5503>;+sip.instance="<urn:gsma:imei:86740002-050381-3>";+g.3gpp.icsi-ref="urn%%3Aurn-7%%3A3gpp-service.ims.icsi.mmtel";video
04-17 23:33:02.798  1681  2968 D LEMON   : Record-Route: <sip:10.56.5.85:5067;routing_id=pcscf_b_side;lskpmc=P97;lr>
04-17 23:33:02.798  1681  2968 D LEMON   : Record-Route: <sip:dl1scfx0202mw.ims.mnc872.mcc405.3gppnetwork.org:5090;lr;interface=isc;lskpmc=S97;reg-id=971460903928823043;routing_id=7f4f5015b98f93c74be1a801e380a188>
04-17 23:33:02.798  1681  2968 D LEMON   : Record-Route: <sip:AAQACE71wAAD/AAAAuAAAfYUK@10.56.4.26:5070;yop=00.00.73162006.0000.7013;lr>
04-17 23:33:02.798  1681  2968 D LEMON   : Call-ID: CAAF438FE7D8F8B0D054DD5B@1370ffffffff
04-17 23:33:02.798  1681  2968 D LEMON   : CSeq: 1 INVITE
04-17 23:33:02.798  1681  2968 D LEMON   : Max-Forwards: 70
04-17 23:33:02.798  1681  2968 D LEMON   : Server: VoWIFI/WFC UA
04-17 23:33:02.798  1681  2968 D LEMON   : Via: SIP/2.0/UDP 10.56.5.85:5067;branch=z9hG4bK_IMSCL1550631.000_e8e308eb9ec64b9bcf4ce91997cfa484;lskpmc=P97;received=10.56.5.85
04-17 23:33:02.798  1681  2968 D LEMON   : Via: SIP/2.0/TCP 10.56.0.37:5090;branch=z9hG4bK_IMSCL1550631.000_41e2f6aeee3fb5547f0b6ad6c44e8f1b;lskpmc=S97
04-17 23:33:02.798  1681  2968 D LEMON   : Via: SIP/2.0/TCP 10.56.4.26:5070;branch=z9hG4bKC6.C45VY9ZVgh9c_;yop=00.00.73162006.0000.7013
04-17 23:33:02.798  1681  2968 D LEMON   : Content-Length: 0
04-17 23:33:02.798  1681  2968 D LEMON   : 
04-17 23:33:02.798  1681  2968 D LEMON   : 
04-17 23:33:02.798  1681  2968 D LEMON   : ~~~~~~~~~~~~~~~~~~~~~~~~~~~~~~~~~~~~~~~~~~~~~~
04-17 23:33:02.799  1681  2968 D LEMON   : 23:33:02.799 UTPT: INFO: conn[0x4] send data[1408] to [10.56.5.85:5067] ok.
04-17 23:33:02.799  1681  2968 D LEMON   : 23:33:02.799 SIP: INFO: tpt conn<0x10008> send message ok.
04-17 23:33:02.799  1681  2968 D LEMON   : 23:33:02.799 SIP: INFO: module stop tmr<0x28> [TIMER C] ok.
04-17 23:33:02.799  1681  2968 D LEMON   : 23:33:02.799 SIP: INFO: module start tmr<0x28> [TIMER C] <200000ms> ok.
04-17 23:33:02.799  1681  2968 D LEMON   : 23:33:02.799 ZOS: INFO: fsm(SIP_IST) trans@[65542] state <PROCEEDING> run [SEND_1XX] event ok.
04-17 23:33:02.799  1681  2968 D LEMON   : 23:33:02.799 SIP: INFO: core event queue process the last event.
04-17 23:33:02.799  1681  2968 D LEMON   : 23:33:02.799 SIP: INFO: module MsgDelete msg 0xa2516050.
04-17 23:33:02.814  1809  1809 D InCall  : StatusBarNotifier - Will show "answer" action in the incoming call Notification
04-17 23:33:02.822  1809  1809 I InCall  : StatusBarNotifier - Previous notification already showing - cancelling 0
04-17 23:33:02.822  1809  1809 I InCall  : StatusBarNotifier - Displaying notification for 2
04-17 23:33:02.827  1809  1809 I InCall  : InCallPresenter - Phone switching state: NO_CALLS -> INCOMING
04-17 23:33:02.828  1809  1809 D InCall  : AnswerPresenter - onIncomingCall: com.android.incallui.AnswerPresenter@9b25ba9
04-17 23:33:02.828  1809  1809 D InCall  : AnswerPresenter - Showing incoming for call id: Call_0 com.android.incallui.AnswerPresenter@9b25ba9
04-17 23:33:02.828  1809  1809 D InCall  : VideoPauseController - VideoPauseController:onIncomingCall, OldState=NO_CALLS NewState=INCOMING Call=[Call_0, INCOMING, [Capabilities: CAPABILITY_SUPPORT_HOLD CAPABILITY_RESPOND_VIA_TEXT CAPABILITY_MUTE CAPABILITY_SUPPORTS_VT_LOCAL_RX CAPABILITY_SUPPORTS_VT_LOCAL_TX CAPABILITY_SUPPORTS_VT_LOCAL_BIDIRECTIONAL CAPABILITY_SUPPORTS_VT_REMOTE_RX CAPABILITY_SUPPORTS_VT_REMOTE_TX CAPABILITY_SUPPORTS_VT_REMOTE_BIDIRECTIONAL], children:[], parent:null, conferenceable:[], videoState:Audio Only, mSessionModificationState:0, VideoSettings:(CameraDir:-1)]
04-17 23:33:02.829  1809  1809 D InCall  : VideoPauseController - VideoPauseController:onPrimaryCallChanged: New call = [Call_0, INCOMING, [Capabilities: CAPABILITY_SUPPORT_HOLD CAPABILITY_RESPOND_VIA_TEXT CAPABILITY_MUTE CAPABILITY_SUPPORTS_VT_LOCAL_RX CAPABILITY_SUPPORTS_VT_LOCAL_TX CAPABILITY_SUPPORTS_VT_LOCAL_BIDIRECTIONAL CAPABILITY_SUPPORTS_VT_REMOTE_RX CAPABILITY_SUPPORTS_VT_REMOTE_TX CAPABILITY_SUPPORTS_VT_REMOTE_BIDIRECTIONAL], children:[], parent:null, conferenceable:[], videoState:Audio Only, mSessionModificationState:0, VideoSettings:(CameraDir:-1)]
04-17 23:33:02.829  1809  1809 D InCall  : VideoPauseController - VideoPauseController:onPrimaryCallChanged: Old call = null
04-17 23:33:02.829  1809  1809 D InCall  : VideoPauseController - VideoPauseController:onPrimaryCallChanged, IsInBackground=false
04-17 23:33:02.829  1809  1809 D EmergencyAndLowBattaryCallUtils: enter EmergencyAndLowBattaryCallUtils
04-17 23:33:02.829  1809  1809 D EmergencyAndLowBattaryCallUtils: isBatteryLow = false
04-17 23:33:02.830  1809  1809 I InCall  : InCallPresenter - setBoundAndWaitingForOutgoingCall: false
04-17 23:33:02.831  1809  1809 D InCall  : CallerInfoAsyncQueryHandler - ##### onQueryComplete() #####   query complete for token: -1
04-17 23:33:02.836  1809  1809 D InCall  : CallerInfoAsyncQueryHandler - ==> Got mCallerInfo: com.android.incallui.CallerInfo@3fe50f4 { name non-null, phoneNumber non-null }
04-17 23:33:02.881  1382  3984 D MediaPlayer: setSubtitleAnchor in MediaPlayer
04-17 23:33:02.885  1382  3984 D Ringtone: Successfully created local player
04-17 23:33:02.889  1382  3984 I Telephony: AsyncRingtonePlayer: Repeat ringtone.
04-17 23:33:03.225  1809  1809 D InCall  : CallerInfoAsyncQueryHandler - constructing CallerInfo object for token: -1
04-17 23:33:03.225  1809  1809 D InCall  : CallerInfoAsyncQueryHandler - notifying listener: class com.android.incallui.ContactInfoCache$FindInfoCallback for token: -1com.android.incallui.CallerInfo@3fe50f4 { name non-null, phoneNumber non-null }
04-17 23:33:03.225  1809  2397 D InCall  : CallerInfoWorkerHandler - Processing event: 3 token (arg1): 1 command: -1 query URI: 
04-17 23:33:03.225  1809  1809 D InCall  : ContactInfoCache -   ==>  name is present in CallerInfo: displayName '41', displayNumber '+91 7011 021 641'
04-17 23:33:03.226  1809  1809 D InCall  : StatusBarNotifier - Data changed.  Showing notification
04-17 23:33:03.228  1809  1809 D InCall  : StatusBarNotifier - - Setting fullScreenIntent: PendingIntent{a968b3e: android.os.BinderProxy@7a5d9f}
04-17 23:33:03.228  1809  1809 D InCall  : StatusBarNotifier - Will show "dismiss" action in the incoming call Notification
04-17 23:33:03.229  1809  1809 I CallUtil: isVideoEnabled isSystemUser=true
04-17 23:33:03.229  1809  1809 D EmergencyAndLowBattaryCallUtils: enter EmergencyAndLowBattaryCallUtils
04-17 23:33:03.229  1809  1809 D EmergencyAndLowBattaryCallUtils: isBatteryLow = false
04-17 23:33:03.233  1809  1809 D InCall  : StatusBarNotifier - Will show "answer" action in the incoming call Notification
04-17 23:33:03.239  1809  1809 I InCall  : StatusBarNotifier - Displaying notification for 2
04-17 23:33:03.244  1809  1809 D InCall  : ContactInfoCache - Contact lookup done. Local contact found, no image.
04-17 23:33:03.268  1809  1809 D InCall  : CallerInfoAsyncQueryHandler - ##### onQueryComplete() #####   query complete for token: -1
04-17 23:33:03.424  1382  1382 D TeleUtils:  changeOperator: old value= 4600
04-17 23:33:03.428  1382  1382 D TeleUtils:  changeOperator: itemList length is 1760
04-17 23:33:03.429  1382  1382 D TeleUtils: itemList found: parts[0]= 4600 parts[1]= China Mobile  newName= China Mobile
04-17 23:33:03.429  1382  1382 D TeleUtils:  changeOperator: old value= 4600
04-17 23:33:03.433  1382  1382 D TeleUtils:  changeOperator: itemList length is 1760
04-17 23:33:03.434  1382  1382 D TeleUtils: itemList found: parts[0]= 4600 parts[1]= China Mobile  newName= China Mobile
04-17 23:33:03.452  1681  1826 D LEMON   : 23:33:03.451 MSF: INFO: CompMvcCb send event.
04-17 23:33:03.452  1681  1826 D LEMON   : 23:33:03.452 MTF: DEBUG: CompProcMvcEvnt rtp received stream 1.
04-17 23:33:03.452  1681  1826 D LEMON   : 23:33:03.452 MTF: INFO: notify conn event <rtp received>.
04-17 23:33:03.452  1681  1826 D LEMON   : 23:33:03.452 MSF: DEBUG: comp<MTF> proc evnt.
04-17 23:33:03.453  1858  1858 D SecurityApplication: ireton-roaming-0
04-17 23:33:03.455  1681  1681 D LEMON   : 23:33:03.455 RSD: DEBUG: dispatch msf event to enabler<0xa31fb8ac>.
04-17 23:33:03.455  1681  1681 D LEMON   : 23:33:03.455 RSE: DEBUG: sess<1> for conn<17>.
04-17 23:33:03.455  1681  1681 D LEMON   : 23:33:03.455 RSE: INFO: sess<1> rtp received.
04-17 23:33:03.455  1681  1681 D LEMON   : 23:33:03.455 RSD: DEBUG: dispatch msf event to enabler<0xa31fb9c4>.
04-17 23:33:03.456  1681  1681 D LEMON   : 23:33:03.456 VowifiServiceCallback: INFO: mtcCallCbSetRtpConnectivitytruefalse
04-17 23:33:03.456  1681  1681 I System.out: mtcCallCbSetRtpConnectivitytruefalse
04-17 23:33:03.456  1681  1681 D LEMON   : 23:33:03.456 MTC: DEBUG: SprocOnCallEvnt call rtp received sess@[0x1].
04-17 23:33:03.461  2079  2079 D ImsConnectionManagerMonitor: card 0 receiver action: android.intent.action.SERVICE_STATE
04-17 23:33:03.461  2079  2079 D ImsConnectionManagerMonitor: phone 0 serviceState = "STATE IN SERVICE", get primary card value: 0
04-17 23:33:03.462  1382  1382 D TeleUtils:  changeOperator: old value= Jio
04-17 23:33:03.463  1382  1382 D TeleUtils:  changeOperator: itemList length is 4
04-17 23:33:03.463  1382  1382 D TeleUtils: changeOperator not found: original value= Jio newName= Jio
04-17 23:33:03.474  1382  1382 D TeleUtils:  changeOperator: old value= Jio
04-17 23:33:03.475  1382  1382 D TeleUtils:  changeOperator: itemList length is 4
04-17 23:33:03.475  1382  1382 D TeleUtils: changeOperator not found: original value= Jio newName= Jio
04-17 23:33:03.479  1382  1382 D CallForwardHelper: (phoneId0) onServiceStateChanged(), state: 0
04-17 23:33:03.480  1382  1382 D CarrierConfigLoader: update network preferred config[0]: 46000 mLastNetNumeric = 46001
04-17 23:33:03.494  1382  1382 D CarrierConfigLoader: mHandler: 22 phoneId: 0
04-17 23:33:03.503  1382  1382 D CarrierConfigLoader: Loaded config from XML[22]. package=com.android.carrierconfig phoneId=0
04-17 23:33:03.506  1382  1382 D GlobalConfigManager: Receiver action: android.telephony.action.CARRIER_CONFIG_CHANGED
04-17 23:33:03.507  2561  2561 I MessagingApp: Carrier config changed. Reloading MMS config.
04-17 23:33:03.508  1382  3997 D GlobalConfigManager: Load global config in background...
04-17 23:33:03.521  1382  3997 D GlobalConfigManager: tele config for phone 0: Bundle[{num_match_short=-1, sms_7bit_enabled=false, sms_coding_national=, roamingvm=, spn=, mvno=false, num_match_rule=-1, vmtag=, vmnumber=, ecclist_withcard=112,911,000,08,118, num_match=7, ecclist_nocard=110,119,120,122,999,112,911,000,08,118, fake_ecclist_withcard=110,119,120,122,999}]
04-17 23:33:03.523  1382  3997 D GlobalConfigManager: updateEccProperties ECC[0]: eccListFromSim =  eccListFromCarrierConfig = 112,911,000,08,118
04-17 23:33:03.524  1382  3997 D GlobalConfigManager: tele config for phone 1: Bundle[{num_match_short=-1, sms_7bit_enabled=false, sms_coding_national=, roamingvm=, spn=, mvno=false, num_match_rule=-1, vmtag=, vmnumber=, ecclist_withcard=, num_match=7, ecclist_nocard=, fake_ecclist_withcard=}]
04-17 23:33:03.526  1382  3997 D GlobalConfigManager: updateEccProperties ECC[1]: eccListFromSim = null eccListFromCarrierConfig = 
04-17 23:33:03.545  2561  2926 W MessagingApp: canonicalizeMccMnc: invalid mccmnc:null ,null
04-17 23:33:03.556  1382  2587 D MmsService: getCarrierConfigValues
04-17 23:33:03.557  1382  2587 I MmsService: mms config for sub 1: Bundle[{httpSocketTimeout=60000, aliasMinChars=2, smsToMmsTextThreshold=10, enableSMSDeliveryReports=true, maxMessageTextSize=-1, supportMmsContentDisposition=true, enabledTransID=false, aliasEnabled=false, supportHttpCharsetHeader=false, allowAttachAudio=true, smsToMmsTextLengthThreshold=-1, recipientLimit=2147483647, uaProfTagName=x-wap-profile, aliasMaxChars=48, maxImageHeight=480, enableMMSDeliveryReports=false, userAgent=, config_cellBroadcastAppLinks=true, maxSubjectLength=40, httpParams=, enableGroupMms=true, emailGatewayNumber=, maxMessageSize=307200, naiSuffix=, enableMMSReadReports=false, maxImageWidth=640, uaProfUrl=, enabledMMS=true, enabledNotifyWapMMSC=false, sendMultipartSmsAsSeparateMessages=false, enableMultipartSMS=true}]
04-17 23:33:03.558  2561  2926 I MessagingApp: Carrier configs loaded: Bundle[{httpSocketTimeout=60000, aliasMinChars=2, smsToMmsTextThreshold=10, enableSMSDeliveryReports=true, maxMessageTextSize=-1, supportMmsContentDisposition=true, enabledTransID=false, aliasEnabled=false, supportHttpCharsetHeader=false, allowAttachAudio=true, smsToMmsTextLengthThreshold=-1, recipientLimit=2147483647, uaProfTagName=x-wap-profile, sharedImageLimit=20, aliasMaxChars=48, maxImageHeight=480, enableMMSDeliveryReports=false, userAgent=, config_cellBroadcastAppLinks=true, maxSubjectLength=40, httpParams=, enableGroupMms=true, emailGatewayNumber=, maxMessageSize=307200, naiSuffix=, enableMMSReadReports=false, maxImageWidth=640, uaProfUrl=, enabledMMS=true, enabledNotifyWapMMSC=false, sendMultipartSmsAsSeparateMessages=false, enableMultipartSMS=true}] from resources+system for subId=1
04-17 23:33:04.498  2079  2093 D ImsConnectionManagerRelianceService: wifi RSSI is changed, RSSI = -40
04-17 23:33:05.467  1809  1809 I InCall  : NotificationBroadcastReceiver - Broadcast from Notification: com.android.incallui.ACTION_ANSWER_VOICE_INCOMING_CALL
04-17 23:33:05.468  1809  1809 I InCall  : InCallPresenter - Showing InCallActivity
04-17 23:33:05.469  1382  1382 D Telephony: AsyncRingtonePlayer: Posting stop.
04-17 23:33:05.470  1382  3984 E Telephony: AsyncRingtonePlayer: Must be on the main thread!
04-17 23:33:05.470  1382  3984 E Telephony: java.lang.IllegalStateException
04-17 23:33:05.470  1382  3984 E Telephony: 	at com.sprd.phone.AsyncRingtonePlayer.handleStop(AsyncRingtonePlayer.java:202)
04-17 23:33:05.470  1382  3984 E Telephony: 	at com.sprd.phone.AsyncRingtonePlayer.-wrap2(AsyncRingtonePlayer.java)
04-17 23:33:05.470  1382  3984 E Telephony: 	at com.sprd.phone.AsyncRingtonePlayer$1.handleMessage(AsyncRingtonePlayer.java:127)
04-17 23:33:05.470  1382  3984 E Telephony: 	at android.os.Handler.dispatchMessage(Handler.java:102)
04-17 23:33:05.470  1382  3984 E Telephony: 	at android.os.Looper.loop(Looper.java:148)
04-17 23:33:05.470  1382  3984 E Telephony: 	at android.os.HandlerThread.run(HandlerThread.java:61)
04-17 23:33:05.474  1382  1382 I ImsCallSession: isMultiparty
04-17 23:33:05.474  1382  1382 I ImsCallSession: isMultiparty
04-17 23:33:05.474  1382  1382 I ImsCallSession: getState0
04-17 23:33:05.474  1382  1382 I ImsCallSession: getCallId1
04-17 23:33:05.474  1382  1382 I ImsCall : accept :: callType=2, profile={ audioQuality=2, audioDirection=3, videoQuality=0, videoDirection=-1 } ImsCall=[ImsCall objId:244284195 onHold:N mute:N updateRequest:NONE merging:N merge action pending:N merged:N multiParty:N confHost:N buried term:N session:[ImsCallSession objId:124214354 state:IDLE callId:1] transientSession:null]
04-17 23:33:05.474  1382  1382 I ImsCallSession: accept2
04-17 23:33:05.475  1681  1703 D LEMON   : 23:33:05.475 VowifiServiceBinder: INFO: sessAnswer
04-17 23:33:05.475  1681  1703 I System.out: sessAnswer
04-17 23:33:05.476  1681  1703 D LEMON   : 23:33:05.476 MNF: INFO: MseHasStrm <Audio Stream>.
04-17 23:33:05.476  1681  1703 D LEMON   : 23:33:05.476 MNF: INFO: MseHasStrm <Audio Stream>.
04-17 23:33:05.476  1681  1703 D LEMON   : 23:33:05.476 MVC: INFO: SndPlayStopByType type 12.
04-17 23:33:05.476  1681  1703 D LEMON   : 23:33:05.476 MVC: INFO: ResumeAllStrm Resume all stream
04-17 23:33:05.476  1681  1703 D LEMON   : 23:33:05.476 MVD: INFO: ResumeAllStrm 
04-17 23:33:05.477  1681  1703 D LEMON   : 23:33:05.477 MTF: INFO: conn<0x11> cookie<0> answer.
04-17 23:33:05.477  1681  1826 D LEMON   : 23:33:05.477 MTF: INFO: MSessOpenAStrm already opened.
04-17 23:33:05.477  1681  1826 D LEMON   : 23:33:05.477 MTF: INFO: MSessOpenAllStrm open audio.
04-17 23:33:05.477  1681  1826 D LEMON   : 23:33:05.477 MNF: INFO: AsPrepare.
04-17 23:33:05.477  1681  1826 D LEMON   : 23:33:05.477 MNF: INFO: MsePrepare mse <0xaf6c4f74>.
04-17 23:33:05.477  1681  1826 D LEMON   : 23:33:05.477 MTF: INFO: conn[0x11] process [USER ANSWER].
04-17 23:33:05.477  1681  1826 D LEMON   : 23:33:05.477 MSF: INFO: TmrStop stop <2C> [WAIT RING] ok.
04-17 23:33:05.477  1681  1826 D LEMON   : 23:33:05.477 MTF: INFO: MSessOpenAStrm already opened.
04-17 23:33:05.477  1681  1826 D LEMON   : 23:33:05.477 MTF: INFO: MSessOpenAllStrm open audio.
04-17 23:33:05.478  1681  1826 D LEMON   : 23:33:05.478 MNF: INFO: MseNego version <0> no change.
04-17 23:33:05.478  1681  1826 D LEMON   : 23:33:05.478 MNF: INFO: MseHasStrm <Audio Stream>.
04-17 23:33:05.478  1681  1826 D LEMON   : 23:33:05.478 MNF: INFO: MseGetStrmId <Audio Stream> stream id <1>.
04-17 23:33:05.478  1681  1826 D LEMON   : 23:33:05.478 MNF: INFO: MseGetStrmId <Audio Stream> stream id <1>.
04-17 23:33:05.478  1681  1826 D LEMON   : 23:33:05.478 MVC: INFO: GetCdc stream [1] codec telephone-event pl 101 br 0 len 20.
04-17 23:33:05.478  1681  1826 I MME     : APICALL   ; (23:33: 5:478 |    0)        VOICE:    1    99;      1826; NumOfCodecs()
04-17 23:33:05.478  1681  1826 I MME     : STATEINFO ; (23:33: 5:478 |    0)        VOICE:    1    99;      1826; NumOfCodecs() => 24
04-17 23:33:05.479  1681  1826 I MME     : STATEINFO ; (23:33: 5:479 |    1)        VOICE:    1    99;      1826; GetCodec() => plname=ISAC, pacsize=480, plfreq=16000, pltype=65, channels=1, rate=32000
04-17 23:33:05.479  1681  1826 I MME     : STATEINFO ; (23:33: 5:479 |    0)        VOICE:    1    99;      1826; GetCodec() => plname=ISAC, pacsize=960, plfreq=32000, pltype=66, channels=1, rate=56000
04-17 23:33:05.479  1681  1826 I MME     : STATEINFO ; (23:33: 5:479 |    0)        VOICE:    1    99;      1826; GetCodec() => plname=ISAC, pacsize=1440, plfreq=48000, pltype=67, channels=1, rate=56000
04-17 23:33:05.479  1681  1826 I MME     : STATEINFO ; (23:33: 5:479 |    0)        VOICE:    1    99;      1826; GetCodec() => plname=L16, pacsize=80, plfreq=8000, pltype=107, channels=1, rate=128000
04-17 23:33:05.479  1681  1826 I MME     : STATEINFO ; (23:33: 5:479 |    0)        VOICE:    1    99;      1826; GetCodec() => plname=L16, pacsize=160, plfreq=16000, pltype=108, channels=1, rate=256000
04-17 23:33:05.479  1681  1826 I MME     : STATEINFO ; (23:33: 5:479 |    0)        VOICE:    1    99;      1826; GetCodec() => plname=L16, pacsize=320, plfreq=32000, pltype=109, channels=1, rate=512000
04-17 23:33:05.479  1681  1826 I MME     : STATEINFO ; (23:33: 5:479 |    0)        VOICE:    1    99;      1826; GetCodec() => plname=L16, pacsize=80, plfreq=8000, pltype=111, channels=2, rate=128000
04-17 23:33:05.479  1681  1826 I MME     : STATEINFO ; (23:33: 5:479 |    0)        VOICE:    1    99;      1826; GetCodec() => plname=L16, pacsize=160, plfreq=16000, pltype=112, channels=2, rate=256000
04-17 23:33:05.480  1681  1826 I MME     : STATEINFO ; (23:33: 5:479 |    0)        VOICE:    1    99;      1826; GetCodec() => plname=L16, pacsize=320, plfreq=32000, pltype=113, channels=2, rate=512000
04-17 23:33:05.480  1681  1826 I MME     : STATEINFO ; (23:33: 5:480 |    1)        VOICE:    1    99;      1826; GetCodec() => plname=PCMU, pacsize=160, plfreq=8000, pltype=0, channels=1, rate=64000
04-17 23:33:05.480  1681  1826 I MME     : STATEINFO ; (23:33: 5:480 |    0)        VOICE:    1    99;      1826; GetCodec() => plname=PCMA, pacsize=160, plfreq=8000, pltype=8, channels=1, rate=64000
04-17 23:33:05.480  1681  1826 I MME     : STATEINFO ; (23:33: 5:480 |    0)        VOICE:    1    99;      1826; GetCodec() => plname=PCMU, pacsize=160, plfreq=8000, pltype=110, channels=2, rate=64000
04-17 23:33:05.480  1681  1826 I MME     : STATEINFO ; (23:33: 5:480 |    0)        VOICE:    1    99;      1826; GetCodec() => plname=PCMA, pacsize=160, plfreq=8000, pltype=118, channels=2, rate=64000
04-17 23:33:05.480  1681  1826 I MME     : STATEINFO ; (23:33: 5:480 |    0)        VOICE:    1    99;      1826; GetCodec() => plname=ILBC, pacsize=240, plfreq=8000, pltype=102, channels=1, rate=13300
04-17 23:33:05.480  1681  1826 I MME     : STATEINFO ; (23:33: 5:480 |    0)        VOICE:    1    99;      1826; GetCodec() => plname=AMR, pacsize=160, plfreq=8000, pltype=103, channels=1, rate=12200
04-17 23:33:05.480  1681  1826 I MME     : STATEINFO ; (23:33: 5:480 |    0)        VOICE:    1    99;      1826; GetCodec() => plname=AMR-WB, pacsize=320, plfreq=16000, pltype=104, channels=1, rate=19850
04-17 23:33:05.480  1681  1826 I MME     : STATEINFO ; (23:33: 5:480 |    0)        VOICE:    1    99;      1826; GetCodec() => plname=G722, pacsize=320, plfreq=16000, pltype=9, channels=1, rate=64000
04-17 23:33:05.480  1681  1826 I MME     : STATEINFO ; (23:33: 5:480 |    0)        VOICE:    1    99;      1826; GetCodec() => plname=G722, pacsize=320, plfreq=16000, pltype=119, channels=2, rate=64000
04-17 23:33:05.481  1681  1826 I MME     : STATEINFO ; (23:33: 5:481 |    1)        VOICE:    1    99;      1826; GetCodec() => plname=opus, pacsize=960, plfreq=48000, pltype=120, channels=2, rate=64000
04-17 23:33:05.481  1681  1826 I MME     : STATEINFO ; (23:33: 5:481 |    0)        VOICE:    1    99;      1826; GetCodec() => plname=CN, pacsize=240, plfreq=8000, pltype=13, channels=1, rate=0
04-17 23:33:05.481  1681  1826 I MME     : STATEINFO ; (23:33: 5:481 |    0)        VOICE:    1    99;      1826; GetCodec() => plname=CN, pacsize=480, plfreq=16000, pltype=98, channels=1, rate=0
04-17 23:33:05.481  1681  1826 I MME     : STATEINFO ; (23:33: 5:481 |    0)        VOICE:    1    99;      1826; GetCodec() => plname=CN, pacsize=960, plfreq=32000, pltype=99, channels=1, rate=0
04-17 23:33:05.481  1681  1826 I MME     : STATEINFO ; (23:33: 5:481 |    0)        VOICE:    1    99;      1826; GetCodec() => plname=telephone-event, pacsize=240, plfreq=8000, pltype=106, channels=1, rate=0
04-17 23:33:05.481  1681  1826 I MME     : APICALL   ; (23:33: 5:481 |    3)        VOICE:    1    99;      1826; SetRecPayloadType(channel=0, codec)
04-17 23:33:05.482  1681  1826 I MME     : APICALL   ; (23:33: 5:482 |    1)        VOICE:    1    99;      1826; SetSendTelephoneEventPayloadType(channel=0, type=101)
04-17 23:33:05.482  1681  1826 D LEMON   : 23:33:05.482 MVC: INFO: SetCdc stream [1] codec telephone-event pl 101 br 0 len 20.
04-17 23:33:05.482  1681  1826 D LEMON   : 23:33:05.482 MNF: INFO: DtmfApply set payload 101.
04-17 23:33:05.482  1681  1826 D LEMON   : 23:33:05.482 MNF: INFO: PmuxApply disable.
04-17 23:33:05.482  1681  1826 D LEMON   : 23:33:05.482 MNF: INFO: MseGetStrmId <Audio Stream> stream id <1>.
04-17 23:33:05.482  1681  1826 D LEMON   : 23:33:05.482 MNF: INFO: PmuxApply audio stream<1> port mux  disable.
04-17 23:33:05.482  1681  1826 D LEMON   : 23:33:05.482 MVC: INFO: RtcpEnableMux port mux disable
04-17 23:33:05.482  1681  1826 D LEMON   : 23:33:05.482 MNF: INFO: MseGetStrmId <Audio Stream> stream id <1>.
04-17 23:33:05.482  1681  1826 D LEMON   : 23:33:05.482 MVC: INFO: SrtpEnableSend disable.
04-17 23:33:05.482  1681  1826 D LEMON   : 23:33:05.482 MVC: INFO: SrtpEnableSend stream [1] send srtp disable
04-17 23:33:05.482  1681  1826 D LEMON   : 23:33:05.482 MVC: INFO: SrtpEnableRecv disable.
04-17 23:33:05.482  1681  1826 D LEMON   : 23:33:05.482 MVC: INFO: SrtpEnableRecv stream [1] recv srtp disable
04-17 23:33:05.482  1681  1826 D LEMON   : 23:33:05.482 MNF: INFO: AsApply.
04-17 23:33:05.482  1681  1826 D LEMON   : 23:33:05.482 MNF: INFO: MseApply mse <0xaf6c4f74>.
04-17 23:33:05.482  1681  1826 D LEMON   : 23:33:05.482 MVC: INFO: ResumeAllStrm Resume all stream
04-17 23:33:05.483  1681  1826 D LEMON   : 23:33:05.483 SIP: INFO: module MsgCreate dbuf 0xaf654388 msg 0xa2651050.
04-17 23:33:05.483  1681  1826 D LEMON   : 23:33:05.483 MNF: INFO: AcFillSdp <AMR-WB> payload 104.
04-17 23:33:05.483  1681  1826 D LEMON   : 23:33:05.483 MNF: INFO: AcSetAfFmtp for amr.
04-17 23:33:05.483  1681  1826 D LEMON   : 23:33:05.483 MNF: INFO: PmuxFillSdp disable.
04-17 23:33:05.483  1681  1826 D LEMON   : 23:33:05.483 MNF: INFO: SrtpFillSdp no SRTP.
04-17 23:33:05.483  1681  1826 D LEMON   : 23:33:05.483 MNF: DEBUG: RedFillSdp not used.
04-17 23:33:05.483  1681  1826 D LEMON   : 23:33:05.483 MNF: INFO: AsFillSdp with negoed direction <3>,local dirction <3>, ucDirection=<3> .
04-17 23:33:05.483  1681  1826 D LEMON   : 23:33:05.483 MNF: INFO: voice set direction attribute 3
04-17 23:33:05.484  1681  1826 D LEMON   : 23:33:05.483 MNF: INFO: MseFillSdp mse <0xaf6c4f74>.
04-17 23:33:05.484  1681  1826 D LEMON   : 23:33:05.484 MTF: INFO: SipAddSdp add sdp OK.
04-17 23:33:05.484  1681  1826 D LEMON   : 23:33:05.484 MTF: INFO: MsessSetDirect set by SDP.
04-17 23:33:05.484  1681  2968 D LEMON   : 23:33:05.484 SIP: INFO: module process user event.
04-17 23:33:05.484  1681  1826 D LEMON   : 23:33:05.484 MSF: INFO: TmrStartX start <0x002F> timer [WAIT MEDIA] 5000ms ok.
04-17 23:33:05.484  1681  2968 D LEMON   : 23:33:05.484 SIP: INFO: core process event [SIM RSP].
04-17 23:33:05.484  1681  2968 D LEMON   : 23:33:05.484 SIP: INFO: core -->me comp@2736758820 evnt@21 method@0.
04-17 23:33:05.484  1681  2968 D LEMON   : 23:33:05.484 SIP: INFO: core -->me sess@20004 <----> sess user id@0.
04-17 23:33:05.484  1681  1826 D LEMON   : 23:33:05.484 MTF: INFO: notify conn event <established>.
04-17 23:33:05.484  1681  2968 D LEMON   : 23:33:05.484 SIP: INFO: core -->me dlg@20005 <----> dlg user id@11.
04-17 23:33:05.484  1681  1826 D LEMON   : 23:33:05.484 MSF: INFO: TmrStart start <0x002D> timer [WAIT SESS] 1770s ok.
04-17 23:33:05.484  1681  2968 D LEMON   : 23:33:05.484 SIP: INFO: core -->me trans@FFFFFFFF <----> trans user id@ffffffff.
04-17 23:33:05.484  1681  1826 D LEMON   : 23:33:05.484 ZOS: INFO: fsm(MTF_CALL) conn@[17] state <ANSWERING> run [USER ANSWER] event ok.
04-17 23:33:05.484  1681  2968 D LEMON   : 23:33:05.484 SIP: INFO: core UaSEvntToMEvnt exist sess.
04-17 23:33:05.484  1681  1826 D LEMON   : 23:33:05.484 ZOS: INFO: fsm(MTF_CALL) conn@[17] state <ANSWERING> to <CONNECTED>.
04-17 23:33:05.484  1681  2968 D LEMON   : 23:33:05.484 SIP: INFO: core UaSEvntToMEvnt tpt type<1> 100.80.131.52:5503 -> 10.56.5.85:32920.
04-17 23:33:05.484  1681  1826 D LEMON   : 23:33:05.484 MSF: DEBUG: comp<MTF> proc comp evnt.
04-17 23:33:05.484  1681  2968 D LEMON   : 23:33:05.484 SIP: INFO: core sess@20004 UasProcSimRsp process.
04-17 23:33:05.484  1681  2968 D LEMON   : 23:33:05.484 SIP: INFO: dlg @20005 process event [SEND 2XX].
04-17 23:33:05.484  1681  2968 D LEMON   : 23:33:05.484 SIP: INFO: dlg @20005 process response <INVITE:200>.
04-17 23:33:05.484  1681  2968 D LEMON   : 23:33:05.484 SIP: INFO: module start tmr<0x2A> [TIMER SEND_2XX] <2000ms> ok.
04-17 23:33:05.484  1681  2968 D LEMON   : 23:33:05.484 SIP: INFO: module start tmr<0x2B> [TIMER STOP_2XX] <128000ms> ok.
04-17 23:33:05.484  1681  2968 D LEMON   : 23:33:05.484 SIP: INFO: dlg @20005 notify event [SEND 2XX].
04-17 23:33:05.485  1681  2968 D LEMON   : 23:33:05.485 ZOS: INFO: fsm(SIP_IVT) dlg@[131077] state <EARLY UAS> run [SEND_2XX] event ok.
04-17 23:33:05.485  1681  2968 D LEMON   : 23:33:05.485 ZOS: INFO: fsm(SIP_IVT) dlg@[131077] state <EARLY UAS> to <CONFIRMED>.
04-17 23:33:05.485  1681  2968 D LEMON   : 23:33:05.485 SIP: INFO: module MsgDelete msg 0xa2651050.
04-17 23:33:05.485  1681  2968 D LEMON   : 23:33:05.485 SIP: INFO: module CoreSessMsgProc process event queue.
04-17 23:33:05.485  1681  2968 D LEMON   : 23:33:05.485 SIP: INFO: core event queue process the next event.
04-17 23:33:05.485  1681  2968 D LEMON   : 23:33:05.485 SIP: INFO: trans @10006 process response <INVITE:200>.
04-17 23:33:05.485  1681  2968 D LEMON   : 23:33:05.485 SIP: INFO: module stop tmr<0x28> [TIMER C] ok.
04-17 23:33:05.485  1681  2968 D LEMON   : 23:33:05.485 SIP: INFO: 
04-17 23:33:05.485  1681  2968 D LEMON   : data length: 1764
04-17 23:33:05.485  1681  2968 D LEMON   : data content[text]:
04-17 23:33:05.485  1681  2968 D LEMON   : ~~~~~~~~~~~~~~~~~~~~~~~~~~~~~~~~~~~~~~~~~~~~~~
04-17 23:33:05.485  1681  2968 D LEMON   : SIP/2.0 200 OK
04-17 23:33:05.485  1681  2968 D LEMON   : From: <sip:+917011021641@ims.mnc872.mcc405.3gppnetwork.org;user=phone>;tag=a01UdedjZABbZbdW
04-17 23:33:05.485  1681  2968 D LEMON   : To: <sip:+917011021568@ims.mnc872.mcc405.3gppnetwork.org;user=phone>;tag=219tijG1c0EL7JRoKE6ePn_LE3
04-17 23:33:05.485  1681  2968 D LEMON   : P-Preferred-Identity: <sip:+917011021568@ims.mnc872.mcc405.3gppnetwork.org>
04-17 23:33:05.485  1681  2968 D LEMON   : Supported: 100rel,join,norefersub,replaces,timer
04-17 23:33:05.485  1681  2968 D LEMON   : Allow: INVITE,ACK,BYE,CANCEL,UPDATE,REGISTER,INFO,PRACK,SUBSCRIBE,NOTIFY,MESSAGE,REFER,PUBLISH
04-17 23:33:05.485  1681  2968 D LEMON   : Session-Expires: 1800;refresher=uac
04-17 23:33:05.485  1681  2968 D LEMON   : Min-SE: 600
04-17 23:33:05.485  1681  2968 D LEMON   : Require: timer
04-17 23:33:05.485  1681  2968 D LEMON   : Contact: <sip:405872000010353@100.80.131.52:5503>;+sip.instance="<urn:gsma:imei:86740002-050381-3>";+g.3gpp.icsi-ref="urn%%3Aurn-7%%3A3gpp-service.ims.icsi.mmtel";video
04-17 23:33:05.485  1681  2968 D LEMON   : Record-Route: <sip:10.56.5.85:5067;routing_id=pcscf_b_side;lskpmc=P97;lr>
04-17 23:33:05.485  1681  2968 D LEMON   : Record-Route: <sip:dl1scfx0202mw.ims.mnc872.mcc405.3gppnetwork.org:5090;lr;interface=isc;lskpmc=S97;reg-id=971460903928823043;routing_id=7f4f5015b98f93c74be1a801e380a188>
04-17 23:33:05.485  1681  2968 D LEMON   : Record-Route: <sip:AAQACE71wAAD/AAAAuAAAfYUK@10.56.4.26:5070;yop=00.00.73162006.0000.7013;lr>
04-17 23:33:05.485  1681  2968 D LEMON   : Call-ID: CAAF438FE7D8F8B0D054DD5B@1370ffffffff
04-17 23:33:05.485  1681  2968 D LEMON   : CSeq: 1 INVITE
04-17 23:33:05.485  1681  2968 D LEMON   : Max-Forwards: 70
04-17 23:33:05.485  1681  2968 D LEMON   : Server: VoWIFI/WFC UA
04-17 23:33:05.485  1681  2968 D LEMON   : Via: SIP/2.0/UDP 10.56.5.85:5067;branch=z9hG4bK_IMSCL1550631.000_e8e308eb9ec64b9bcf4ce91997cfa484;lskpmc=P97;received=10.56.5.85
04-17 23:33:05.485  1681  2968 D LEMON   : Via: SIP/2.0/TCP 10.56.0.37:5090;branch=z9hG4bK_IMSCL1550631.000_41e2f6aeee3fb5547f0b6ad6c44e8f1b;lskpmc=S97
04-17 23:33:05.485  1681  2968 D LEMON   : Via: SIP/2.0/TCP 10.56.4.26:5070;branch=z9hG4bKC6.C45VY9ZVgh9c_;yop=00.00.73162006.0000.7013
04-17 23:33:05.485  1681  2968 D LEMON   : Content-Type: application/sdp
04-17 23:33:05.485  1681  2968 D LEMON   : Content-Length: 262
04-17 23:33:05.485  1681  2968 D LEMON   : 
04-17 23:33:05.485  1681  2968 D LEMON   : v=0
04-17 23:33:05.485  1681  2968 D LEMON   : o=405872000010353 4258686320 4258686320 IN IP4 100.80.131.52
04-17 23:33:05.485  1681  2968 D LEMON   : s=-
04-17 23:33:05.485  1681  2968 D LEMON   : c=IN IP4 100.80.131.52
04-17 23:33:05.485  1681  2968 D LEMON   : t=0 0
04-17 23:33:05.485  1681  2968 D LEMON   : m=audio 37090 RTP/AVP 104 101
04-17 23:33:05.485  1681  2968 D LEMON   : a=rtpmap:104 AMR-WB/16000
04-17 23:33:05.485  1681  2968 D LEMON   : a=fmtp:104 octet-align=1
04-17 23:33:05.485  1681  2968 D LEMON   : a=ptime:20
04-17 23:33:05.485  1681  2968 D LEMON   : a=maxptime:144
04-17 23:33:05.485  1681  2968 D LEMON   : a=rtpmap:101 telephone-event/8000
04-17 23:33:05.485  1681  2968 D LEMON   : a=sendrecv
04-17 23:33:05.485  1681  2968 D LEMON   : 
04-17 23:33:05.485  1681  2968 D LEMON   : ~~~~~~~~~~~~~~~~~~~~~~~~~~~~~~~~~~~~~~~~~~~~~~
04-17 23:33:05.486  1681  2968 D LEMON   : 23:33:05.486 UTPT: INFO: conn[0x4] send data[1764] to [10.56.5.85:5067] ok.
04-17 23:33:05.487  1681  2968 D LEMON   : 23:33:05.486 SIP: INFO: tpt conn<0x10008> send message ok.
04-17 23:33:05.487  1681  1681 D LEMON   : 23:33:05.487 RSD: DEBUG: dispatch msf event to enabler<0xa31fb8ac>.
04-17 23:33:05.487  1681  1681 D LEMON   : 23:33:05.487 RSE: DEBUG: sess<1> for conn<17>.
04-17 23:33:05.487  1681  2968 D LEMON   : 23:33:05.487 ZOS: INFO: fsm(SIP_IST) trans@[65542] state <PROCEEDING> run [SEND_2XX] event ok.
04-17 23:33:05.487  1681  1681 D LEMON   : 23:33:05.487 RSE: INFO: sess<1> talking.
04-17 23:33:05.487  1681  2968 D LEMON   : 23:33:05.487 ZOS: INFO: fsm(SIP_IST) trans@[65542] state <PROCEEDING> to <TERMINATED>.
04-17 23:33:05.487  1681  1681 D LEMON   : 23:33:05.487 MVC: INFO: SndPlayStopByType type 12.
04-17 23:33:05.487  1681  2968 D LEMON   : 23:33:05.487 SIP: INFO: core @20005 terminated trans@10006 delete in dialog.
04-17 23:33:05.487  1681  1681 D LEMON   : 23:33:05.487 MVC: INFO: SndPlayStopByType type 13.
04-17 23:33:05.487  1681  2968 D LEMON   : 23:33:05.487 SIP: INFO: module delete tmr<0x24> [TIMER G] ok.
04-17 23:33:05.487  1681  1681 D LEMON   : 23:33:05.487 MVC: INFO: SndPlayStopByType type 14.
04-17 23:33:05.487  1681  1681 D LEMON   : 23:33:05.487 MVC: INFO: SndPlayStopByType type 15.
04-17 23:33:05.487  1681  1681 D LEMON   : 23:33:05.487 MVC: INFO: SndPlayStopByType type 16.
04-17 23:33:05.487  1681  1681 D LEMON   : 23:33:05.487 MVC: INFO: SndPlayStopByType type 17.
04-17 23:33:05.487  1681  1681 D LEMON   : 23:33:05.487 MVC: INFO: SndPlayStopByType type 18.
04-17 23:33:05.487  1681  1681 D LEMON   : 23:33:05.487 MVC: INFO: SndPlayStopByType type 19.
04-17 23:33:05.487  1681  1681 D LEMON   : 23:33:05.487 MNF: INFO: MseHasStrm <Audio Stream>.
04-17 23:33:05.487  1681  1681 D LEMON   : 23:33:05.487 RSE: INFO: gui notify LeaveSessTalking.
04-17 23:33:05.487  1681  1681 D LEMON   : 23:33:05.487 RSD: DEBUG: dispatch msf event to enabler<0xa31fb9c4>.
04-17 23:33:05.488  1681  2968 D LEMON   : 23:33:05.487 ZOS: INFO: qtimer delete timer<36> ok.
04-17 23:33:05.488  1681  2968 D LEMON   : 23:33:05.488 SIP: INFO: module delete tmr<0x25> [TIMER H] ok.
04-17 23:33:05.488  1681  2968 D LEMON   : 23:33:05.488 ZOS: INFO: qtimer delete timer<37> ok.
04-17 23:33:05.488  1681  1681 D LEMON   : 23:33:05.488 VowifiServiceCallback: INFO: mtcCallCbTalking
04-17 23:33:05.488  1681  2968 D LEMON   : 23:33:05.488 SIP: INFO: module delete tmr<0x26> [TIMER I] ok.
04-17 23:33:05.488  1681  1681 I System.out: mtcCallCbTalking
04-17 23:33:05.488  1681  2968 D LEMON   : 23:33:05.488 ZOS: INFO: qtimer delete timer<38> ok.
04-17 23:33:05.488  1681  2968 D LEMON   : 23:33:05.488 SIP: INFO: module delete tmr<0x27> [TIMER L] ok.
04-17 23:33:05.488  1681  2968 D LEMON   : 23:33:05.488 ZOS: INFO: qtimer delete timer<39> ok.
04-17 23:33:05.488  1681  2968 D LEMON   : 23:33:05.488 SIP: INFO: module delete tmr<0x28> [TIMER C] ok.
04-17 23:33:05.488  1681  2968 D LEMON   : 23:33:05.488 ZOS: INFO: qtimer delete timer<40> ok.
04-17 23:33:05.488  1681  2968 D LEMON   : 23:33:05.488 SIP: INFO: trans @10006 deleted.
04-17 23:33:05.489  1681  1681 D LEMON   : 23:33:05.488 VowifiServiceBinder: INFO: notifyCallbacks1
04-17 23:33:05.489  1681  1681 I System.out: notifyCallbacks1
04-17 23:33:05.489  1382  1400 I VoWifiConnectManager: WIFI Callback{"callback_key":"callback_value_call_talking","call_session_id":1,"call_peer_number":"+917011021641"}
04-17 23:33:05.489  1681  2968 D LEMON   : 23:33:05.488 SIP: INFO: core event queue process the last event.
04-17 23:33:05.489  1382  1400 I ImsCallSession: getCallId1
04-17 23:33:05.489  1382  1400 I ImsCallSession: getCallProfile
04-17 23:33:05.489  1382  1400 I ImsCallSession: getState4
04-17 23:33:05.489  1681  2968 D LEMON   : 23:33:05.489 SIP: INFO: module MsgDelete msg 0xa2651050.
04-17 23:33:05.489  1382  1400 I ImsCallSession: getCallId1
04-17 23:33:05.490  1382  1400 I ImsCallSession: isMultiparty
04-17 23:33:05.490  1382  1400 I ImsCallSession: isMultiparty
04-17 23:33:05.490  1382  1400 I ImsCallSession: getState4
04-17 23:33:05.490  1382  1400 I ImsCallSession: getCallId1
04-17 23:33:05.490  1382  1400 I ImsCall : callSessionStarted :: session=[ImsCallSession objId:124214354 state:ESTABLISHED callId:1] profile={ serviceType=1, callType=2, restrictCause=0, mediaProfile={ audioQuality=2, audioDirection=3, videoQuality=0, videoDirection=-1 } } ImsCall=[ImsCall objId:244284195 onHold:N mute:N updateRequest:NONE merging:N merge action pending:N merged:N multiParty:N confHost:N buried term:N session:[ImsCallSession objId:124214354 state:ESTABLISHED callId:1] transientSession:null]
04-17 23:33:05.490  1382  1400 I ImsCallSession: isMultiparty
04-17 23:33:05.490  1382  1400 I ImsCallSession: isMultiparty
04-17 23:33:05.490  1382  1400 I ImsCallSession: getState4
04-17 23:33:05.490  1382  1400 I ImsCallSession: getCallId1
04-17 23:33:05.492  1382  1400 I ImsCallSession: getLocalCallProfile
04-17 23:33:05.492  1382  1400 I ImsCallSession: getRemoteCallProfile
04-17 23:33:05.492  1382  1400 I ImsCallSession: getState4
04-17 23:33:05.492  1382  1400 I ImsCallSession: isMultiparty
04-17 23:33:05.495  2079  2079 D ImsConnectionManagerService: onCallStateChanged: Volte call
04-17 23:33:05.496  2079  2079 D ImsConnectionManagerService: onCallStateChanged: call state = "OFFHOOK", incomingNumber = 
04-17 23:33:05.532  1382  1382 I ImsCallSession: isMultiparty
04-17 23:33:05.532  1382  1382 I ImsCallSession: isMultiparty
04-17 23:33:05.532  1382  1382 I ImsCallSession: getState4
04-17 23:33:05.532  1382  1382 I ImsCallSession: getCallId1
04-17 23:33:05.538  1382  3984 I Telephony: AsyncRingtonePlayer: Stop ringtone.
04-17 23:33:05.538  1382  3984 D Telephony: AsyncRingtonePlayer: Ringtone.stop() invoked.
04-17 23:33:05.542  1382  1382 I ImsCallSession: isMultiparty
04-17 23:33:05.543  1382  1382 D Telephony: ImsTelephonyConferenceController: Recalculate conference calls null [].
04-17 23:33:05.543  1382  1382 D Telephony: ImsTelephonyConferenceController: not enough connections to be a conference!
04-17 23:33:05.544  1382  1382 I ImsCallSession: isMultiparty
04-17 23:33:05.544  1382  1382 I ImsCallSession: isMultiparty
04-17 23:33:05.544  1382  1382 I ImsCallSession: getState4
04-17 23:33:05.544  1382  1382 I ImsCallSession: getCallId1
04-17 23:33:05.544  1382  1382 D Telephony: ImsTelephonyConferenceController: recalc - 4 [TelephonyConnection objId:161138325 type:ims state:ACTIVE capabilities:[Capabilities: CAPABILITY_SUPPORT_HOLD CAPABILITY_MUTE CAPABILITY_SUPPORTS_VT_LOCAL_RX CAPABILITY_SUPPORTS_VT_LOCAL_TX CAPABILITY_SUPPORTS_VT_LOCAL_BIDIRECTIONAL CAPABILITY_SUPPORTS_VT_REMOTE_RX CAPABILITY_SUPPORTS_VT_REMOTE_TX CAPABILITY_SUPPORTS_VT_REMOTE_BIDIRECTIONAL CAPABILITY_HIGH_DEF_AUDIO CAPABILITY_WIFI CAPABILITY_SPEED_UP_MT_AUDIO] address:tel:%2B917011021641 originalConnection:[ImsPhoneConnection objId: 41928268 address:[f33cedc336cf1f51d5bb5a8a2c633b9ca83b686d] ImsCall:[ImsCall objId:244284195 onHold:N mute:N updateRequest:NONE merging:N merge action pending:N merged:N multiParty:N confHost:N buried term:N session:[ImsCallSession objId:124214354 state:ESTABLISHED callId:1] transientSession:null]] partOfConf:N]
04-17 23:33:05.550  1681  1681 D LEMON   : 23:33:05.549 MTC: DEBUG: SprocOnCallEvnt call talking sess@[0x1].
04-17 23:33:05.552  1382  1382 I ImsCallSession: isMultiparty
04-17 23:33:05.555  1382  1382 I ImsCallSession: isMultiparty
04-17 23:33:05.556  1382  1382 I ImsCallSession: isMultiparty
04-17 23:33:05.575  1382  1382 D Telephony: AsyncRingtonePlayer: Posting stop.
04-17 23:33:05.575  1382  1382 D Telephony: AsyncRingtonePlayer: Message 2 skipped because there is no handler.
04-17 23:33:05.591  1809  1809 D InCall  : InCallActivity - onCreate()...  this = com.android.incallui.InCallActivity@efc22b5
04-17 23:33:05.629  1809  1809 D InCall  : InCallActivity - onCreate(): exit
04-17 23:33:05.645  1809  1809 D AddonManager: -> getAddon: featureClassName:plugin.sprd.shakePhoneToStartRecording.ShakePhoneToStartRecordingPlugin
04-17 23:33:05.645  1809  1809 I AddonManager: -> getAddon,The classloader of defClazz is dalvik.system.PathClassLoader[DexPathList[[zip file "/system/priv-app/Dialer/Dialer.apk"],nativeLibraryDirectories=[/system/priv-app/Dialer/lib/arm, /vendor/lib, /system/lib]]]
04-17 23:33:05.645  1809  1809 D AddonManager: ->getAddon: Create feature <plugin.sprd.shakePhoneToStartRecording.ShakePhoneToStartRecordingPlugin> object Failed, AddonManager will return <class com.android.incallui.ShakePhoneToStartRecordingHelper> object.
04-17 23:33:05.646  1809  1809 D InCall  : ShakePhoneToStartRecordingHelper - getInstance [com.android.incallui.ShakePhoneToStartRecordingHelper@46811b4]
04-17 23:33:05.646  1809  1809 D AddonManager: -> getAddon: featureClassName:plugin.sprd.speakerToHeadset.SpeakerToHeadsetPlugin
04-17 23:33:05.646  1809  1809 I AddonManager: -> getAddon,The classloader of defClazz is dalvik.system.PathClassLoader[DexPathList[[zip file "/system/priv-app/Dialer/Dialer.apk"],nativeLibraryDirectories=[/system/priv-app/Dialer/lib/arm, /vendor/lib, /system/lib]]]
04-17 23:33:05.646  1809  1809 D AddonManager: ->getAddon: Create feature <plugin.sprd.speakerToHeadset.SpeakerToHeadsetPlugin> object Failed, AddonManager will return <class com.android.incallui.SpeakerToHeadsetHelper> object.
04-17 23:33:05.646  1809  1809 D InCall  : SpeakerToHeadsetHelper - getInstance [com.android.incallui.SpeakerToHeadsetHelper@aec91dd]
04-17 23:33:05.693  1809  1809 D InCall  : VideoCallFragment - createPresenter
04-17 23:33:05.695  1809  1809 D InCall  : VideoCallFragment - onPresenterChanged: Presenter=com.android.incallui.VideoCallPresenter@b19e298
04-17 23:33:05.702  1809  1809 D InCall  : VideoCallFragment - onCreate: mEnterVideoModeFlag = false
04-17 23:33:05.713  1809  1809 D InCall  : VideoCallFragment - onViewCreated: VideoSurfacesInUse=false
04-17 23:33:05.736  1809  1809 D AddonManager: -> getAddon: featureClassName:com.sprd.incallui.callerAddressPlugin.CallerAddressPlugin
04-17 23:33:05.737  1809  1809 I AddonManager: -> getAddon,The classloader of defClazz is dalvik.system.PathClassLoader[DexPathList[[zip file "/system/priv-app/Dialer/Dialer.apk"],nativeLibraryDirectories=[/system/priv-app/Dialer/lib/arm, /vendor/lib, /system/lib]]]
04-17 23:33:05.737  1809  1809 D AddonManager: ->getAddon: Create feature <com.sprd.incallui.callerAddressPlugin.CallerAddressPlugin> object Failed, AddonManager will return <class com.sprd.incallui.CallerAddressHelper> object.
04-17 23:33:05.737  1809  1809 I InCall  : CallerAddressHelper - getInstance [com.sprd.incallui.CallerAddressHelper@7fce3e3]
04-17 23:33:05.738  1809  1809 D InCall  : ContactInfoCache - Contact lookup. In memory cache hit; lookup complete
04-17 23:33:05.744  1809  1809 D InCall  : CallCardPresenter - Update primary display info for ContactCacheEntry{name=xx, number=xxxxxxxxxxxxxxxx, location=null, label=, photo=android.graphics.drawable.BitmapDrawable@7521c99, isSipCall=false, contactUri=null, displayPhotoUri=null}
04-17 23:33:05.744  1809  1809 D InCall  : CallCardFragment - Setting primary call
04-17 23:33:05.745  1809  1809 D InCall  : CallCardPresenter - Contact found: ContactCacheEntry{name=xx, number=xxxxxxxxxxxxxxxx, location=null, label=, photo=android.graphics.drawable.BitmapDrawable@7521c99, isSipCall=false, contactUri=null, displayPhotoUri=null}
04-17 23:33:05.746  1809  1809 D InCall  : CallCardPresenter - onStateChange() INCOMING
04-17 23:33:05.746  1809  1809 D InCall  : CallCardPresenter - Primary call: [Call_0, INCOMING, [Capabilities: CAPABILITY_SUPPORT_HOLD CAPABILITY_RESPOND_VIA_TEXT CAPABILITY_MUTE CAPABILITY_SUPPORTS_VT_LOCAL_RX CAPABILITY_SUPPORTS_VT_LOCAL_TX CAPABILITY_SUPPORTS_VT_LOCAL_BIDIRECTIONAL CAPABILITY_SUPPORTS_VT_REMOTE_RX CAPABILITY_SUPPORTS_VT_REMOTE_TX CAPABILITY_SUPPORTS_VT_REMOTE_BIDIRECTIONAL], children:[], parent:null, conferenceable:[], videoState:Audio Only, mSessionModificationState:0, VideoSettings:(CameraDir:-1)]
04-17 23:33:05.747  1809  1809 D InCall  : CallCardPresenter - Secondary call: null
04-17 23:33:05.747  1809  1809 D CallerInfoUtils: modifyForSpecialCnapCases: initially, number=xxxxxxxxxxxxx, presentation=1 ci com.android.incallui.CallerInfo@a02fb5e { name non-null, phoneNumber null }
04-17 23:33:05.747  1809  1809 D CallerInfoUtils: SpecialCnap: number=xxxxxxxxxxxxx; presentation now=1
04-17 23:33:05.747  1809  1809 D CallerInfoUtils: modifyForSpecialCnapCases: returning number string=xxxxxxxxxxxxx
04-17 23:33:05.747  1809  1809 D CallerInfoUtils: mCache size = 1LruCache[maxSize=10,hits=0,misses=0,hitRate=0%]
04-17 23:33:05.747  1809  1809 D InCall  : ContactInfoCache - Geodescrption: null
04-17 23:33:05.748  1809  1809 D InCall  : ContactInfoCache -   ==>  no name; falling back to number: displayNumber '+917011021641', displayLocation 'null'
04-17 23:33:05.756  1809  1809 D InCall  : CallCardPresenter - Update primary display info for ContactCacheEntry{name=null, number=xxxxxxxxxxxxx, location=null, label=null, photo=null, isSipCall=false, contactUri=null, displayPhotoUri=null}
04-17 23:33:05.757  1809  1809 D InCall  : CallCardFragment - Setting primary call
04-17 23:33:05.758  1809  1809 D InCall  : ContactInfoCache - Contact lookup. In memory cache hit; lookup complete
04-17 23:33:05.763  1809  1809 D InCall  : CallCardPresenter - Update primary display info for ContactCacheEntry{name=xx, number=xxxxxxxxxxxxxxxx, location=null, label=, photo=android.graphics.drawable.BitmapDrawable@7521c99, isSipCall=false, contactUri=null, displayPhotoUri=null}
04-17 23:33:05.763  1809  1809 D InCall  : CallCardFragment - Setting primary call
04-17 23:33:05.764  1809  1809 D InCall  : CallCardPresenter - Contact found: ContactCacheEntry{name=xx, number=xxxxxxxxxxxxxxxx, location=null, label=, photo=android.graphics.drawable.BitmapDrawable@7521c99, isSipCall=false, contactUri=null, displayPhotoUri=null}
04-17 23:33:05.765  1809  1809 D InCall  : Call - setSessionModificationState 0 mSessionModificationState=0
04-17 23:33:05.766  1809  1809 D InCall  : CallCardPresenter - Canceling the calltime timer
04-17 23:33:05.766  1809  1809 D InCallUIPlugin: getInstance()
04-17 23:33:05.767  1809  1809 D AddonManager: -> getAddon: featureClassName:com.sprd.incallui.addonInCallUIPlugin.AddonInCallUIPlugin
