04-17 23:21:28.454  1681  2968 D LEMON   : 23:21:28.454 ZOS: INFO: fsm(SIP_NICT) trans@[65544] state <IDLE> run [SEND_NONINVITE] event ok.
04-17 23:21:28.455  1681  2968 D LEMON   : 23:21:28.455 ZOS: INFO: fsm(SIP_NICT) trans@[65544] state <IDLE> to <TRYING>.
04-17 23:21:28.455  1681  2968 D LEMON   : 23:21:28.455 SIP: INFO: core event queue process the last event.
04-17 23:21:28.455  1681  2968 D LEMON   : 23:21:28.455 SIP: INFO: module MsgDelete msg 0xa265785c.
04-17 23:21:28.459  1382  1382 I Telephony: AccountEntry: updateVideoPauseSupport -- mcc/mnc for sub: {id=1, iccId=89918720400000103539 simSlotIndex=0 displayName=Jio carrierName=Jio nameSource=0 iconTint=-16746133 dataRoaming=0 iconBitmap=android.graphics.Bitmap@9c0c671 mcc 405 mnc 872}
04-17 23:21:28.494  1382  1382 I Telephony: AccountEntry: Registered phoneAccount: [[ ] PhoneAccount: ComponentInfo{com.android.phone/com.android.services.telephony.TelephonyConnectionService}, [6926e92f2878ce82a3b0431fbaf2425bb5a351e7], UserHandle{0} Capabilities: 62 Schemes: tel voicemail ] with handle: ComponentInfo{com.android.phone/com.android.services.telephony.TelephonyConnectionService}, [6926e92f2878ce82a3b0431fbaf2425bb5a351e7], UserHandle{0}
04-17 23:21:28.494  1382  1382 I Telephony: PstnIncomingCallNotifier: Registering: Handler (com.android.internal.telephony.gsm.GSMPhone) {fb78f35}
04-17 23:21:28.496  1382  1382 D Telephony: PstnPhoneCapabilitiesNotifier: Registering: Handler (com.android.internal.telephony.gsm.GSMPhone) {fb78f35}
04-17 23:21:28.498  1382  1382 D Telephony: TelecomAccountRegistry: Phone with subscription id -3
04-17 23:21:28.542  1382  1382 D Telephony: PstnPhoneCapabilitiesNotifier: handleVideoCapabilitesChanged. Video capability - false
04-17 23:21:29.012  1681  1833 D LEMON   : 23:21:29.012 UTPT: INFO: recv udp data(len:546) from [10.56.5.85:32920].
04-17 23:21:29.014  1681  1833 D LEMON   : 23:21:29.014 SIP: INFO: tpt utpt[1] of conn<0x20007> report data message<0xa2e7b174> ok.
04-17 23:21:29.014  1681  2968 D LEMON   : 23:21:29.014 SIP: INFO: module process tpt event.
04-17 23:21:29.014  1681  2968 D LEMON   : 23:21:29.014 SIP: INFO: tpt conn<0x20007> process data message<0xa2e7b174>.
04-17 23:21:29.014  1681  2968 D LEMON   : 23:21:29.014 SIP: INFO: 
04-17 23:21:29.014  1681  2968 D LEMON   : data length: 546
04-17 23:21:29.014  1681  2968 D LEMON   : data content[text]:
04-17 23:21:29.014  1681  2968 D LEMON   : ~~~~~~~~~~~~~~~~~~~~~~~~~~~~~~~~~~~~~~~~~~~~~~
04-17 23:21:29.014  1681  2968 D LEMON   : SIP/2.0 200 OK
04-17 23:21:29.014  1681  2968 D LEMON   : f:<sip:+917011021568@ims.mnc872.mcc405.3gppnetwork.org>;tag=-t.-G1c0EL7JRoKE6ePn_LC321
04-17 23:21:29.014  1681  2968 D LEMON   : t:<sip:+917011021568@ims.mnc872.mcc405.3gppnetwork.org>;tag=1294036338
04-17 23:21:29.014  1681  2968 D LEMON   : i:qGxqrc0EL7JRoKE6ePn_LB321C@100.80.131.52
04-17 23:21:29.014  1681  2968 D LEMON   : CSeq:1 SUBSCRIBE
04-17 23:21:29.014  1681  2968 D LEMON   : v:SIP/2.0/UDP 100.80.131.52:5503;branch=z9hG4bK1DqGxqrc0EL7JRoKE6ePn_LD32;rport=33245;received=100.80.131.52
04-17 23:21:29.014  1681  2968 D LEMON   : Expires:3660
04-17 23:21:29.014  1681  2968 D LEMON   : m:<sip:dl1scfx0202mw.ims.mnc872.mcc405.3gppnetwork.org:5090;lskpmc=S97>
04-17 23:21:29.014  1681  2968 D LEMON   : Record-Route:<sip:10.56.5.85:5067;routing_id=pcscf_a_side;lskpmc=P97;lr;serv_user=100.80.131.52:33245>
04-17 23:21:29.014  1681  2968 D LEMON   : l:0
04-17 23:21:29.014  1681  2968 D LEMON   : 
04-17 23:21:29.014  1681  2968 D LEMON   : 
04-17 23:21:29.014  1681  2968 D LEMON   : ~~~~~~~~~~~~~~~~~~~~~~~~~~~~~~~~~~~~~~~~~~~~~~
04-17 23:21:29.015  1681  2968 D LEMON   : 23:21:29.015 SIP: INFO: module TptMsgProc process incoming event.
04-17 23:21:29.015  1681  2968 D LEMON   : 23:21:29.015 SIP: INFO: trans TransPreProcEvnt preprocess old trans event.
04-17 23:21:29.015  1681  2968 D LEMON   : 23:21:29.015 ZOS: WARN: BkFromId invalid id[0x80010002].
04-17 23:21:29.015  1681  2968 D LEMON   : 23:21:29.015 ZOS: DEBUG: Page 32768/256, Slot 1/2
04-17 23:21:29.015  1681  2968 D LEMON   : 23:21:29.015 SIP: INFO: trans @10008 process response <SUBSCRIBE:200>.
04-17 23:21:29.015  1681  2968 D LEMON   : 23:21:29.015 SIP: INFO: module stop tmr<0x1D> [TIMER E] ok.
04-17 23:21:29.015  1681  2968 D LEMON   : 23:21:29.015 SIP: INFO: module stop tmr<0x1E> [TIMER F] ok.
04-17 23:21:29.015  1681  2968 D LEMON   : 23:21:29.015 SIP: INFO: trans @10008 report event [RECV 2XX].
04-17 23:21:29.016  1681  2968 D LEMON   : 23:21:29.015 SIP: INFO: module start tmr<0x1F> [TIMER K] <17000ms> ok.
04-17 23:21:29.016  1681  2968 D LEMON   : 23:21:29.016 ZOS: INFO: fsm(SIP_NICT) trans@[65544] state <TRYING> run [RECV_2XX] event ok.
04-17 23:21:29.016  1681  2968 D LEMON   : 23:21:29.016 ZOS: INFO: fsm(SIP_NICT) trans@[65544] state <TRYING> to <COMPLETED>.
04-17 23:21:29.016  1681  2968 D LEMON   : 23:21:29.016 SIP: INFO: module TptMsgProc process event queue.
04-17 23:21:29.016  1681  2968 D LEMON   : 23:21:29.016 SIP: INFO: core event queue process the next event.
04-17 23:21:29.020  1681  2968 D LEMON   : 23:21:29.016 SIP: INFO: core sess@20003 UacProcDamCnf process.
04-17 23:21:29.020  1681  2968 D LEMON   : 23:21:29.020 SIP: INFO: dlg DlgProcEvnt preprocess subscription event.
04-17 23:21:29.021  1681  2968 D LEMON   : 23:21:29.020 SIP: INFO: dlg sub@80010005 process event [RECV SUBS RSP].
04-17 23:21:29.021  1681  2968 D LEMON   : 23:21:29.021 SIP: INFO: dlg sub@80010005 process response <SUBSCRIBE:200>.
04-17 23:21:29.021  1681  2968 D LEMON   : 23:21:29.021 SIP: INFO: module start tmr<0x1C> [TIMER SUBS] <3660000ms> ok.
04-17 23:21:29.021  1681  2968 D LEMON   : 23:21:29.021 SIP: INFO: dlg sub@80010005 report event.
04-17 23:21:29.021  1681  2968 D LEMON   : 23:21:29.021 SIP: INFO: core report event [DAM CNF].
04-17 23:21:29.021  1681  2968 D LEMON   : 23:21:29.021 SIP: INFO: core -->comp@2875651668 evnt@11 method@7.
04-17 23:21:29.021  1681  2968 D LEMON   : 23:21:29.021 SIP: INFO: core -->upper sess@20003 <----> sess user id@12.
04-17 23:21:29.021  1681  2968 D LEMON   : 23:21:29.021 SIP: INFO: core -->upper dlg@80010005 <----> dlg user id@ffffffff.
04-17 23:21:29.021  1681  2968 D LEMON   : 23:21:29.021 SIP: INFO: core -->upper trans@10008 <----> trans user id@0.
04-17 23:21:29.021  1681  1833 D LEMON   : 23:21:29.020 UTPT: INFO: recv udp data(len:2067) from [10.56.5.85:32920].
04-17 23:21:29.022  1681  1833 D LEMON   : 23:21:29.022 SIP: INFO: tpt utpt[1] of conn<0x20007> report data message<0xa2e7b250> ok.
04-17 23:21:29.022  1681  1826 D LEMON   : 23:21:29.022 MRF: INFO: CompProcRsp recv subs rsp<200>
04-17 23:21:29.022  1681  1826 D LEMON   : 23:21:29.022 MRF: INFO: subs process [DAM CNF].
04-17 23:21:29.022  1681  1826 D LEMON   : 23:21:29.022 ZOS: INFO: fsm(MRF_SUBS) subs@[18] state <SUBS_OUT> run [DAM CNF] event ok.
04-17 23:21:29.022  1681  1826 D LEMON   : 23:21:29.022 ZOS: INFO: fsm(MRF_SUBS) subs@[18] state <SUBS_OUT> to <CONFIRMED>.
04-17 23:21:29.022  1681  1826 D LEMON   : 23:21:29.022 MSF: DEBUG: comp<MRF> proc evnt.
04-17 23:21:29.022  1681  1826 D LEMON   : 23:21:29.022 SIP: INFO: module MsgDelete msg 0xa265e45c.
04-17 23:21:29.026  1681  2968 D LEMON   : 23:21:29.026 SIP: INFO: core sess@20003 UaReportDamCnf report.
04-17 23:21:29.026  1681  2968 D LEMON   : 23:21:29.026 ZOS: INFO: fsm(SIP_SUBS) subs@[2147549189] state <SUBS_OUT> run [RECV_SUBS_RSP] event ok.
04-17 23:21:29.026  1681  2968 D LEMON   : 23:21:29.026 ZOS: INFO: fsm(SIP_SUBS) subs@[2147549189] state <SUBS_OUT> to <CONFIRMED>.
04-17 23:21:29.026  1681  2968 D LEMON   : 23:21:29.026 SIP: INFO: core event queue process the last event.
04-17 23:21:29.026  1681  2968 D LEMON   : 23:21:29.026 SIP: INFO: module MsgDelete msg 0xa265e45c.
04-17 23:21:29.026  1681  2968 D LEMON   : 23:21:29.026 SIP: INFO: module MsgDelete msg 0xa265e45c.
04-17 23:21:29.026  1681  2968 D LEMON   : 23:21:29.026 SIP: INFO: module TptMsgProc check tpt alive.
04-17 23:21:29.027  1681  2968 D LEMON   : 23:21:29.026 SIP: INFO: tpt conn<0x20007> expires is 0.
04-17 23:21:29.027  1681  2968 D LEMON   : 23:21:29.027 SIP: INFO: module process tpt event.
04-17 23:21:29.027  1681  2968 D LEMON   : 23:21:29.027 SIP: INFO: tpt conn<0x20007> process data message<0xa2e7b250>.
04-17 23:21:29.028  1681  2968 D LEMON   : 23:21:29.027 SIP: INFO: 
04-17 23:21:29.028  1681  2968 D LEMON   : data length: 2067
04-17 23:21:29.028  1681  2968 D LEMON   : data content[text]:
04-17 23:21:29.028  1681  2968 D LEMON   : ~~~~~~~~~~~~~~~~~~~~~~~~~~~~~~~~~~~~~~~~~~~~~~
04-17 23:21:29.028  1681  2968 D LEMON   : NOTIFY sip:405872000010353@100.80.131.52:5503 SIP/2.0
04-17 23:21:29.028  1681  2968 D LEMON   : v:SIP/2.0/UDP 10.56.5.85:5067;branch=z9hG4bK_IMSCL1550631.000_5f73185924401e21feb4f8f1b7947b8d;lskpmc=P97
04-17 23:21:29.028  1681  2968 D LEMON   : Record-Route:<sip:10.56.5.85:5067;routing_id=pcscf_a_side;lskpmc=P97;lr>
04-17 23:21:29.028  1681  2968 D LEMON   : v:SIP/2.0/TCP 10.56.0.37:5090;branch=z9hG4bK_IMSCL1550631.000_f90bb3b810a70e1fa42adf0780d7f1e4;lskpmc=S97
04-17 23:21:29.028  1681  2968 D LEMON   : f:<sip:+917011021568@ims.mnc872.mcc405.3gppnetwork.org>;tag=1294036338
04-17 23:21:29.028  1681  2968 D LEMON   : t:<sip:+917011021568@ims.mnc872.mcc405.3gppnetwork.org>;tag=-t.-G1c0EL7JRoKE6ePn_LC321
04-17 23:21:29.028  1681  2968 D LEMON   : o:reg
04-17 23:21:29.028  1681  2968 D LEMON   : i:qGxqrc0EL7JRoKE6ePn_LB321C@100.80.131.52
04-17 23:21:29.028  1681  2968 D LEMON   : Subscription-State:active
04-17 23:21:29.028  1681  2968 D LEMON   : CSeq:1 NOTIFY
04-17 23:21:29.028  1681  2968 D LEMON   : c:application/reginfo+xml
04-17 23:21:29.028  1681  2968 D LEMON   : m:<sip:dl1scfx0202mw.ims.mnc872.mcc405.3gppnetwork.org:5090;lskpmc=S97>
04-17 23:21:29.028  1681  2968 D LEMON   : Max-Forwards:68
04-17 23:21:29.028  1681  2968 D LEMON   : l:1344
04-17 23:21:29.028  1681  2968 D LEMON   : 
04-17 23:21:29.028  1681  2968 D LEMON   : <?xml version="1.0"?><reginfo xmlns="urn:ietf:params:xml:ns:reginfo" xmlns:gr="urn:ietf:params:xml:ns:gruuinfo" xmlns:xsi="http://www.w3.org/2001/XMLSchema-instance" xmlns:ere="urn:3gpp:ns:extRegExp:1.0" xmlns:cp="urn:ietf:params:xml:ns:common-policy" xmlns:eri="urn:3gpp:ns:extRegInfo:1.0" version="0" state="full"><registration aor="sip:+917011021568@ims.mnc872.mcc405.3gppnetwork.org" id="5eb69dc9971460903928823043" state="active"><contact id="971460903928823043" state="active" event="created"><uri>sip:405872000010353@100.80.131.52:5503;transport=udp</uri><unknown-param name="+sip.instance">"&lt;urn:gsma:imei:86740002-050381-3&gt;"</unknown-param><unknown-param name="+g.3gpp.icsi-ref">urn%%3Aurn-7%%3A3gpp-service.ims.icsi.mmtel</unknown-param><unknown-param name="video"/><unknown-param name="+g.3gpp.smsip"/></contact></registration><registration aor="tel:+917011021568" id="0b595c95971460903928823043" state="active"><contact id="971460903928823043" state="active" event="created"><uri>sip:405872000010353@100.80.131.52:5503;transport=udp</uri><unknown-param name="+sip.instance">"&lt;urn:gsma:imei:86740002-050381-3&gt;"</unknown-param><unknown-param name="+g.3gpp.icsi-ref">urn%%3Aurn-7%%3A3gpp-service.ims.icsi.mmtel</unknown-param><unknown-param name="video"/><unknown-param name="+g.3gpp.smsip"/></contact></registration></reginfo>
04-17 23:21:29.028  1681  2968 D LEMON   : ~~~~~~~~~~~~~~~~~~~~~~~~~~~~~~~~~~~~~~~~~~~~~~
04-17 23:21:29.028  1681  2968 D LEMON   : 23:21:29.028 SIP: INFO: module TptMsgProc process incoming event.
04-17 23:21:29.028  1681  2968 D LEMON   : 23:21:29.028 SIP: INFO: trans TransPreProcEvnt preprocess new trans event.
04-17 23:21:29.028  1681  2968 D LEMON   : 23:21:29.028 ZOS: INFO: qtimer create task<0xA> timer<34> ok.
04-17 23:21:29.028  1681  2968 D LEMON   : 23:21:29.028 SIP: INFO: module create tmr<0x22> [TIMER J] ok.
04-17 23:21:29.029  1681  2968 D LEMON   : 23:21:29.028 ZOS: INFO: qtimer create task<0xA> timer<35> ok.
04-17 23:21:29.029  1681  2968 D LEMON   : 23:21:29.029 SIP: INFO: module create tmr<0x23> [TIMER C] ok.
04-17 23:21:29.029  1681  2968 D LEMON   : 23:21:29.029 SIP: INFO: trans @10009 created.
04-17 23:21:29.029  1681  2968 D LEMON   : 23:21:29.029 SIP: INFO: trans TransNewPreProcEvnt trans create.
04-17 23:21:29.029  1681  2968 D LEMON   : 23:21:29.029 SIP: INFO: trans @10009 process request <NOTIFY>.
04-17 23:21:29.029  1681  2968 D LEMON   : 23:21:29.029 SIP: INFO: module start tmr<0x23> [TIMER C] <200000ms> ok.
04-17 23:21:29.029  1681  2968 D LEMON   : 23:21:29.029 SIP: INFO: trans @10009 report event [RECV NONINVITE].
04-17 23:21:29.029  1681  2968 D LEMON   : 23:21:29.029 ZOS: INFO: fsm(SIP_NIST) trans@[65545] state <IDLE> run [RECV_NONINVITE] event ok.
04-17 23:21:29.029  1681  2968 D LEMON   : 23:21:29.029 ZOS: INFO: fsm(SIP_NIST) trans@[65545] state <IDLE> to <TRYING>.
04-17 23:21:29.029  1681  2968 D LEMON   : 23:21:29.029 SIP: INFO: module TptMsgProc process event queue.
04-17 23:21:29.029  1681  2968 D LEMON   : 23:21:29.029 SIP: INFO: core event queue process the next event.
04-17 23:21:29.030  1681  2968 D LEMON   : 23:21:29.029 SIP: INFO: dlg DlgProcEvnt preprocess subscription event.
04-17 23:21:29.030  1681  2968 D LEMON   : 23:21:29.030 SIP: INFO: dlg sub@80010005 process event [RECV NTFY].
04-17 23:21:29.030  1681  2968 D LEMON   : 23:21:29.030 SIP: INFO: dlg sub@80010005 process request <NOTIFY>.
04-17 23:21:29.030  1681  2968 D LEMON   : 23:21:29.030 SIP: INFO: module stop tmr<0x1C> [TIMER SUBS] ok.
04-17 23:21:29.030  1681  2968 D LEMON   : 23:21:29.030 SIP: INFO: dlg sub@80010005 report event.
04-17 23:21:29.030  1681  2968 D LEMON   : 23:21:29.030 SIP: INFO: core report event [DAM IND].
04-17 23:21:29.030  1681  2968 D LEMON   : 23:21:29.030 SIP: INFO: core -->comp@2875651668 evnt@12 method@8.
04-17 23:21:29.030  1681  2968 D LEMON   : 23:21:29.030 SIP: INFO: core -->upper sess@20003 <----> sess user id@12.
04-17 23:21:29.030  1681  2968 D LEMON   : 23:21:29.030 SIP: INFO: core -->upper dlg@80010005 <----> dlg user id@ffffffff.
04-17 23:21:29.030  1681  2968 D LEMON   : 23:21:29.030 SIP: INFO: core -->upper trans@10009 <----> trans user id@ffffffff.
04-17 23:21:29.032  1681  1826 D LEMON   : 23:21:29.032 MRF: INFO: subs process [DAM IND].
04-17 23:21:29.032  1681  1826 D LEMON   : 23:21:29.032 SIP: INFO: module MsgCreate dbuf 0xa2e7b1d4 msg 0xa251c050.
04-17 23:21:29.032  1681  1826 D LEMON   : 23:21:29.032 MSF: INFO: TmrStop stop <18> [WAIT NOTIFY] ok.
04-17 23:21:29.033  1681  1826 D LEMON   : 23:21:29.033 MRF: INFO: endp notify [FSM SUBSCRIBE NOTIFY].
04-17 23:21:29.033  1681  1826 D LEMON   : 23:21:29.033 MSF: INFO: TmrStart start <0x0018> timer [SUBS REFRESH] 3060s ok.
04-17 23:21:29.033  1681  1826 D LEMON   : 23:21:29.033 ZOS: INFO: fsm(MRF_SUBS) subs@[18] state <CONFIRMED> run [DAM IND] event ok.
04-17 23:21:29.033  1681  1826 D LEMON   : 23:21:29.033 MSF: DEBUG: comp<MRF> proc evnt.
04-17 23:21:29.033  1681  1826 D LEMON   : 23:21:29.033 MSF: INFO: event queue run event.
04-17 23:21:29.033  1681  1826 D LEMON   : 23:21:29.033 MRF: INFO: register [17] process [FSM SUBSCRIBE NOTIFY].
04-17 23:21:29.033  1681  1826 D LEMON   : 23:21:29.033 ZOS: INFO: fsm(MRF_REG) reg@[17] state <REGED> run [FSM SUBSCRIBE NOTIFY] event ok.
04-17 23:21:29.033  1681  1826 D LEMON   : 23:21:29.033 SIP: INFO: module MsgDelete msg 0xa265d85c.
04-17 23:21:29.037  1681  2968 D LEMON   : 23:21:29.037 SIP: INFO: core sess@20003 UaReportDamInd report.
04-17 23:21:29.037  1681  2968 D LEMON   : 23:21:29.037 ZOS: INFO: fsm(SIP_SUBS) subs@[2147549189] state <CONFIRMED> run [RECV_NTFY] event ok.
04-17 23:21:29.037  1681  2968 D LEMON   : 23:21:29.037 SIP: INFO: core event queue process the last event.
04-17 23:21:29.037  1681  2968 D LEMON   : 23:21:29.037 SIP: INFO: module MsgDelete msg 0xa265d85c.
04-17 23:21:29.037  1681  2968 D LEMON   : 23:21:29.037 SIP: INFO: module MsgDelete msg 0xa265d85c.
04-17 23:21:29.037  1681  2968 D LEMON   : 23:21:29.037 SIP: INFO: module TptMsgProc check tpt alive.
04-17 23:21:29.037  1681  2968 D LEMON   : 23:21:29.037 SIP: INFO: tpt conn<0x20007> expires is 0.
04-17 23:21:29.037  1681  2968 D LEMON   : 23:21:29.037 SIP: INFO: module process user event.
04-17 23:21:29.037  1681  2968 D LEMON   : 23:21:29.037 SIP: INFO: core process event [DAM RSP].
04-17 23:21:29.038  1681  2968 D LEMON   : 23:21:29.037 SIP: INFO: core -->me comp@2875651668 evnt@30 method@8.
04-17 23:21:29.038  1681  2968 D LEMON   : 23:21:29.038 SIP: INFO: core -->me sess@20003 <----> sess user id@12.
04-17 23:21:29.038  1681  2968 D LEMON   : 23:21:29.038 SIP: INFO: core -->me dlg@80010005 <----> dlg user id@12.
04-17 23:21:29.038  1681  2968 D LEMON   : 23:21:29.038 SIP: INFO: core -->me trans@10009 <----> trans user id@ffffffff.
04-17 23:21:29.038  1681  2968 D LEMON   : 23:21:29.038 SIP: INFO: core UaSEvntToMEvnt exist sess.
04-17 23:21:29.038  1681  2968 D LEMON   : 23:21:29.038 SIP: INFO: core UaSEvntToMEvnt tpt type<1> 100.80.131.52:33245 -> 10.56.5.85:5067.
04-17 23:21:29.038  1681  2968 D LEMON   : 23:21:29.038 SIP: INFO: core sess@20003 UasProcDamRsp process.
04-17 23:21:29.038  1681  2968 D LEMON   : 23:21:29.038 SIP: INFO: dlg DlgProcEvnt preprocess subscription event.
04-17 23:21:29.038  1681  2968 D LEMON   : 23:21:29.038 SIP: INFO: dlg sub@80010005 process event [NTFY RSP].
04-17 23:21:29.038  1681  2968 D LEMON   : 23:21:29.038 SIP: INFO: dlg sub@80010005 process response <NOTIFY:200>.
04-17 23:21:29.038  1681  2968 D LEMON   : 23:21:29.038 SIP: INFO: dlg sub@80010005 SubsdCnfOnNtfyRsp notify event to trans.
04-17 23:21:29.038  1681  2968 D LEMON   : 23:21:29.038 SIP: INFO: dlg @20004 notify event [SEND 2XX].
04-17 23:21:29.039  1681  2968 D LEMON   : 23:21:29.038 ZOS: INFO: fsm(SIP_SUBS) subs@[2147549189] state <CONFIRMED> run [NTFY_RSP] event ok.
04-17 23:21:29.039  1681  2968 D LEMON   : 23:21:29.039 SIP: INFO: module MsgDelete msg 0xa251c050.
04-17 23:21:29.039  1681  2968 D LEMON   : 23:21:29.039 SIP: INFO: module CoreSessMsgProc process event queue.
04-17 23:21:29.039  1681  2968 D LEMON   : 23:21:29.039 SIP: INFO: core event queue process the next event.
04-17 23:21:29.039  1681  2968 D LEMON   : 23:21:29.039 SIP: INFO: trans @10009 process response <NOTIFY:200>.
04-17 23:21:29.040  1681  2968 D LEMON   : 23:21:29.040 SIP: INFO: 
04-17 23:21:29.040  1681  2968 D LEMON   : data length: 582
04-17 23:21:29.040  1681  2968 D LEMON   : data content[text]:
04-17 23:21:29.040  1681  2968 D LEMON   : ~~~~~~~~~~~~~~~~~~~~~~~~~~~~~~~~~~~~~~~~~~~~~~
04-17 23:21:29.040  1681  2968 D LEMON   : SIP/2.0 200 OK
04-17 23:21:29.040  1681  2968 D LEMON   : From: <sip:+917011021568@ims.mnc872.mcc405.3gppnetwork.org>;tag=1294036338
04-17 23:21:29.040  1681  2968 D LEMON   : To: <sip:+917011021568@ims.mnc872.mcc405.3gppnetwork.org>;tag=-t.-G1c0EL7JRoKE6ePn_LC321
04-17 23:21:29.040  1681  2968 D LEMON   : Supported: path,gruu,outbound
04-17 23:21:29.040  1681  2968 D LEMON   : Call-ID: qGxqrc0EL7JRoKE6ePn_LB321C@100.80.131.52
04-17 23:21:29.040  1681  2968 D LEMON   : CSeq: 1 NOTIFY
04-17 23:21:29.040  1681  2968 D LEMON   : Max-Forwards: 70
04-17 23:21:29.040  1681  2968 D LEMON   : Server: VoWIFI/WFC UA
04-17 23:21:29.040  1681  2968 D LEMON   : Via: SIP/2.0/UDP 10.56.5.85:5067;branch=z9hG4bK_IMSCL1550631.000_5f73185924401e21feb4f8f1b7947b8d;lskpmc=P97;received=10.56.5.85
04-17 23:21:29.040  1681  2968 D LEMON   : Via: SIP/2.0/TCP 10.56.0.37:5090;branch=z9hG4bK_IMSCL1550631.000_f90bb3b810a70e1fa42adf0780d7f1e4;lskpmc=S97
04-17 23:21:29.040  1681  2968 D LEMON   : Content-Length: 0
04-17 23:21:29.040  1681  2968 D LEMON   : 
04-17 23:21:29.040  1681  2968 D LEMON   : 
04-17 23:21:29.040  1681  2968 D LEMON   : ~~~~~~~~~~~~~~~~~~~~~~~~~~~~~~~~~~~~~~~~~~~~~~
04-17 23:21:29.041  1681  2968 D LEMON   : 23:21:29.041 UTPT: INFO: conn[0x4] send data[582] to [10.56.5.85:5067] ok.
04-17 23:21:29.042  1681  2968 D LEMON   : 23:21:29.042 SIP: INFO: tpt conn<0x10008> send message ok.
04-17 23:21:29.042  1681  2968 D LEMON   : 23:21:29.042 SIP: INFO: module stop tmr<0x23> [TIMER C] ok.
04-17 23:21:29.042  1681  2968 D LEMON   : 23:21:29.042 SIP: INFO: module start tmr<0x22> [TIMER J] <128000ms> ok.
04-17 23:21:29.042  1681  2968 D LEMON   : 23:21:29.042 ZOS: INFO: fsm(SIP_NIST) trans@[65545] state <TRYING> run [SEND_2XX] event ok.
04-17 23:21:29.042  1681  2968 D LEMON   : 23:21:29.042 ZOS: INFO: fsm(SIP_NIST) trans@[65545] state <TRYING> to <COMPLETED>.
04-17 23:21:29.042  1681  2968 D LEMON   : 23:21:29.042 SIP: INFO: core event queue process the last event.
04-17 23:21:29.042  1681  2968 D LEMON   : 23:21:29.042 SIP: INFO: module MsgDelete msg 0xa251c050.
04-17 23:21:29.383  1382  1382 D TeleUtils:  changeOperator: old value= 4600
04-17 23:21:29.394  1382  1382 D TeleUtils:  changeOperator: itemList length is 1760
04-17 23:21:29.395  1382  1382 D TeleUtils: itemList found: parts[0]= 4600 parts[1]= China Mobile  newName= China Mobile
04-17 23:21:29.395  1382  1382 D TeleUtils:  changeOperator: old value= 4600
04-17 23:21:29.399  1382  1382 D TeleUtils:  changeOperator: itemList length is 1760
04-17 23:21:29.400  1382  1382 D TeleUtils: itemList found: parts[0]= 4600 parts[1]= China Mobile  newName= China Mobile
04-17 23:21:29.413  1858  1858 D SecurityApplication: ireton-roaming-0
04-17 23:21:29.420  1382  1382 D TeleUtils:  changeOperator: old value= Jio
04-17 23:21:29.421  1382  1382 D TeleUtils:  changeOperator: itemList length is 4
04-17 23:21:29.421  1382  1382 D TeleUtils: changeOperator not found: original value= Jio newName= Jio
04-17 23:21:29.422  2079  2079 D ImsConnectionManagerMonitor: card 0 receiver action: android.intent.action.SERVICE_STATE
04-17 23:21:29.422  2079  2079 D ImsConnectionManagerMonitor: phone 0 serviceState = "STATE IN SERVICE", get primary card value: 0
04-17 23:21:29.436  1382  1382 D TeleUtils:  changeOperator: old value= Jio
04-17 23:21:29.437  1382  1382 D TeleUtils:  changeOperator: itemList length is 4
04-17 23:21:29.437  1382  1382 D TeleUtils: changeOperator not found: original value= Jio newName= Jio
04-17 23:21:29.445  1382  1382 I Telephony: PstnIncomingCallNotifier: Unregistering: Handler (com.android.internal.telephony.gsm.GSMPhone) {fb78f35}
04-17 23:21:29.447  1382  1382 D Telephony: PstnPhoneCapabilitiesNotifier: Unregistering: Handler (com.android.internal.telephony.gsm.GSMPhone) {fb78f35}
04-17 23:21:29.448  1382  1382 D Telephony: TelecomAccountRegistry: Found 2 phones.  Attempting to register.
04-17 23:21:29.448  1382  1382 D Telephony: TelecomAccountRegistry: Phone with subscription id 1
04-17 23:21:29.473  1382  1382 I Telephony: AccountEntry: updateVideoPauseSupport -- mcc/mnc for sub: {id=1, iccId=89918720400000103539 simSlotIndex=0 displayName=Jio carrierName=Jio nameSource=0 iconTint=-16746133 dataRoaming=0 iconBitmap=android.graphics.Bitmap@34a58ad mcc 405 mnc 872}
04-17 23:21:29.482  2079  2093 D ImsConnectionManagerRelianceService: wifi RSSI is changed, RSSI = -37
04-17 23:21:29.505  1382  1382 I Telephony: AccountEntry: Registered phoneAccount: [[ ] PhoneAccount: ComponentInfo{com.android.phone/com.android.services.telephony.TelephonyConnectionService}, [6926e92f2878ce82a3b0431fbaf2425bb5a351e7], UserHandle{0} Capabilities: 62 Schemes: tel voicemail ] with handle: ComponentInfo{com.android.phone/com.android.services.telephony.TelephonyConnectionService}, [6926e92f2878ce82a3b0431fbaf2425bb5a351e7], UserHandle{0}
04-17 23:21:29.506  1382  1382 I Telephony: PstnIncomingCallNotifier: Registering: Handler (com.android.internal.telephony.gsm.GSMPhone) {fb78f35}
04-17 23:21:29.508  1382  1382 D Telephony: PstnPhoneCapabilitiesNotifier: Registering: Handler (com.android.internal.telephony.gsm.GSMPhone) {fb78f35}
04-17 23:21:29.511  1382  1382 D Telephony: TelecomAccountRegistry: Phone with subscription id -3
04-17 23:21:29.545  1382  1382 D CallForwardHelper: (phoneId0) onServiceStateChanged(), state: 0
04-17 23:21:29.546  1382  1923 D IccSmsInterfaceManager: [IccSmsInterfaceManager] enableGsmBroadcastRange
04-17 23:21:29.546  1382  1382 D CarrierConfigLoader: update network preferred config[0]: 46000 mLastNetNumeric = 46001
04-17 23:21:29.546  1382  1923 D IccSmsInterfaceManager: [IccSmsInterfaceManager] Calling setGsmBroadcastConfig with 1 configurations
04-17 23:21:29.550  1382  1382 D Telephony: PstnPhoneCapabilitiesNotifier: handleVideoCapabilitesChanged. Video capability - false
04-17 23:21:29.623  1382  1382 D CarrierConfigLoader: mHandler: 22 phoneId: 0
04-17 23:21:29.630  1382  1382 D CarrierConfigLoader: Loaded config from XML[22]. package=com.android.carrierconfig phoneId=0
04-17 23:21:29.633  1382  1382 D GlobalConfigManager: Receiver action: android.telephony.action.CARRIER_CONFIG_CHANGED
04-17 23:21:29.634  2561  2561 I MessagingApp: Carrier config changed. Reloading MMS config.
04-17 23:21:29.634  1382  1923 D IccSmsInterfaceManager: [IccSmsInterfaceManager] Added GSM cell broadcast subscription for MID range 4352 to 4354 from client com.android.cellbroadcastreceiver
04-17 23:21:29.634  1382  1923 D IccSmsInterfaceManager: [IccSmsInterfaceManager] Calling setCellBroadcastActivation(true)
04-17 23:21:29.637  1382  3872 D GlobalConfigManager: Load global config in background...
04-17 23:21:29.640  1382  3872 D GlobalConfigManager: tele config for phone 0: Bundle[{num_match_short=-1, sms_7bit_enabled=false, sms_coding_national=, roamingvm=, spn=, mvno=false, num_match_rule=-1, vmtag=, vmnumber=, ecclist_withcard=112,911,000,08,118, num_match=7, ecclist_nocard=110,119,120,122,999,112,911,000,08,118, fake_ecclist_withcard=110,119,120,122,999}]
04-17 23:21:29.642  1382  3872 D GlobalConfigManager: updateEccProperties ECC[0]: eccListFromSim =  eccListFromCarrierConfig = 112,911,000,08,118
04-17 23:21:29.643  1382  3872 D GlobalConfigManager: tele config for phone 1: Bundle[{num_match_short=-1, sms_7bit_enabled=false, sms_coding_national=, roamingvm=, spn=, mvno=false, num_match_rule=-1, vmtag=, vmnumber=, ecclist_withcard=, num_match=7, ecclist_nocard=, fake_ecclist_withcard=}]
04-17 23:21:29.644  1382  3872 D GlobalConfigManager: updateEccProperties ECC[1]: eccListFromSim = null eccListFromCarrierConfig = 
04-17 23:21:29.658  2561  2582 W MessagingApp: canonicalizeMccMnc: invalid mccmnc:null ,null
04-17 23:21:29.666  1382  2139 D MmsService: getCarrierConfigValues
04-17 23:21:29.666  1382  2139 I MmsService: mms config for sub 1: Bundle[{httpSocketTimeout=60000, aliasMinChars=2, smsToMmsTextThreshold=10, enableSMSDeliveryReports=true, maxMessageTextSize=-1, supportMmsContentDisposition=true, enabledTransID=false, aliasEnabled=false, supportHttpCharsetHeader=false, allowAttachAudio=true, smsToMmsTextLengthThreshold=-1, recipientLimit=2147483647, uaProfTagName=x-wap-profile, aliasMaxChars=48, maxImageHeight=480, enableMMSDeliveryReports=false, userAgent=, config_cellBroadcastAppLinks=true, maxSubjectLength=40, httpParams=, enableGroupMms=true, emailGatewayNumber=, maxMessageSize=307200, naiSuffix=, enableMMSReadReports=false, maxImageWidth=640, uaProfUrl=, enabledMMS=true, enabledNotifyWapMMSC=false, sendMultipartSmsAsSeparateMessages=false, enableMultipartSMS=true}]
04-17 23:21:29.667  2561  2582 I MessagingApp: Carrier configs loaded: Bundle[{httpSocketTimeout=60000, aliasMinChars=2, smsToMmsTextThreshold=10, enableSMSDeliveryReports=true, maxMessageTextSize=-1, supportMmsContentDisposition=true, enabledTransID=false, aliasEnabled=false, supportHttpCharsetHeader=false, allowAttachAudio=true, smsToMmsTextLengthThreshold=-1, recipientLimit=2147483647, uaProfTagName=x-wap-profile, sharedImageLimit=20, aliasMaxChars=48, maxImageHeight=480, enableMMSDeliveryReports=false, userAgent=, config_cellBroadcastAppLinks=true, maxSubjectLength=40, httpParams=, enableGroupMms=true, emailGatewayNumber=, maxMessageSize=307200, naiSuffix=, enableMMSReadReports=false, maxImageWidth=640, uaProfUrl=, enabledMMS=true, enabledNotifyWapMMSC=false, sendMultipartSmsAsSeparateMessages=false, enableMultipartSMS=true}] from resources+system for subId=1
04-17 23:21:29.692  1382  1401 D IccSmsInterfaceManager: [IccSmsInterfaceManager] enableGsmBroadcastRange
04-17 23:21:29.692  1382  1401 D IccSmsInterfaceManager: [IccSmsInterfaceManager] Calling setGsmBroadcastConfig with 2 configurations
04-17 23:21:29.744  1382  1401 D IccSmsInterfaceManager: [IccSmsInterfaceManager] Added GSM cell broadcast subscription for MID range 4356 to 4356 from client com.android.cellbroadcastreceiver
04-17 23:21:29.744  1382  1401 D IccSmsInterfaceManager: [IccSmsInterfaceManager] Calling setCellBroadcastActivation(true)
04-17 23:21:29.807  1382  2586 D IccSmsInterfaceManager: [IccSmsInterfaceManager] enableGsmBroadcastRange
04-17 23:21:29.808  1382  2586 D IccSmsInterfaceManager: [IccSmsInterfaceManager] Calling setGsmBroadcastConfig with 3 configurations
04-17 23:21:29.864  1382  2586 D IccSmsInterfaceManager: [IccSmsInterfaceManager] Added GSM cell broadcast subscription for MID range 4371 to 4372 from client com.android.cellbroadcastreceiver
04-17 23:21:29.864  1382  2586 D IccSmsInterfaceManager: [IccSmsInterfaceManager] Calling setCellBroadcastActivation(true)
04-17 23:21:29.931  1382  1793 D IccSmsInterfaceManager: [IccSmsInterfaceManager] enableCdmaBroadcastRange
04-17 23:21:29.932  1382  1793 D IccSmsInterfaceManager: [IccSmsInterfaceManager] Calling setCdmaBroadcastConfig with 1 configurations
04-17 23:21:29.936  1382  1793 D IccSmsInterfaceManager: [IccSmsInterfaceManager] Failed to add cdma broadcast subscription for MID range 4097 to 4097 from client com.android.cellbroadcastreceiver
04-17 23:21:29.948  1382  1923 D IccSmsInterfaceManager: [IccSmsInterfaceManager] enableGsmBroadcastRange
04-17 23:21:29.949  1382  1923 D IccSmsInterfaceManager: [IccSmsInterfaceManager] Calling setGsmBroadcastConfig with 4 configurations
04-17 23:21:30.008  1382  1923 D IccSmsInterfaceManager: [IccSmsInterfaceManager] Added GSM cell broadcast subscription for MID range 4373 to 4378 from client com.android.cellbroadcastreceiver
04-17 23:21:30.008  1382  1923 D IccSmsInterfaceManager: [IccSmsInterfaceManager] Calling setCellBroadcastActivation(true)
04-17 23:21:30.069  1382  1401 D IccSmsInterfaceManager: [IccSmsInterfaceManager] enableCdmaBroadcastRange
04-17 23:21:30.070  1382  1401 D IccSmsInterfaceManager: [IccSmsInterfaceManager] Calling setCdmaBroadcastConfig with 1 configurations
04-17 23:21:30.073  1382  1401 D IccSmsInterfaceManager: [IccSmsInterfaceManager] Failed to add cdma broadcast subscription for MID range 4098 to 4098 from client com.android.cellbroadcastreceiver
04-17 23:21:30.086  1382  2586 D IccSmsInterfaceManager: [IccSmsInterfaceManager] enableGsmBroadcastRange
04-17 23:21:30.087  1382  2586 D IccSmsInterfaceManager: [IccSmsInterfaceManager] Calling setGsmBroadcastConfig with 4 configurations
04-17 23:21:30.146  1382  2586 D IccSmsInterfaceManager: [IccSmsInterfaceManager] Added GSM cell broadcast subscription for MID range 4379 to 4379 from client com.android.cellbroadcastreceiver
04-17 23:21:30.146  1382  2586 D IccSmsInterfaceManager: [IccSmsInterfaceManager] Calling setCellBroadcastActivation(true)
04-17 23:21:30.227  1382  1793 D IccSmsInterfaceManager: [IccSmsInterfaceManager] enableCdmaBroadcastRange
04-17 23:21:30.232  1382  1793 D IccSmsInterfaceManager: [IccSmsInterfaceManager] Calling setCdmaBroadcastConfig with 1 configurations
04-17 23:21:30.238  1382  1793 D IccSmsInterfaceManager: [IccSmsInterfaceManager] Failed to add cdma broadcast subscription for MID range 4099 to 4099 from client com.android.cellbroadcastreceiver
04-17 23:21:30.258  1382  2587 D IccSmsInterfaceManager: [IccSmsInterfaceManager] enableGsmBroadcastRange
04-17 23:21:30.259  1382  2587 D IccSmsInterfaceManager: [IccSmsInterfaceManager] Calling setGsmBroadcastConfig with 4 configurations
04-17 23:21:30.320  1382  2587 D IccSmsInterfaceManager: [IccSmsInterfaceManager] Added GSM cell broadcast subscription for MID range 4370 to 4370 from client com.android.cellbroadcastreceiver
04-17 23:21:30.320  1382  2587 D IccSmsInterfaceManager: [IccSmsInterfaceManager] Calling setCellBroadcastActivation(true)
04-17 23:21:30.386  1382  1400 D IccSmsInterfaceManager: [IccSmsInterfaceManager] enableCdmaBroadcastRange
04-17 23:21:30.387  1382  1400 D IccSmsInterfaceManager: [IccSmsInterfaceManager] Calling setCdmaBroadcastConfig with 1 configurations
04-17 23:21:30.391  1382  1400 D IccSmsInterfaceManager: [IccSmsInterfaceManager] Failed to add cdma broadcast subscription for MID range 4096 to 4096 from client com.android.cellbroadcastreceiver
04-17 23:21:30.404  1382  2586 D IccSmsInterfaceManager: [IccSmsInterfaceManager] enableGsmBroadcastRange
04-17 23:21:30.405  1382  2586 D IccSmsInterfaceManager: [IccSmsInterfaceManager] Calling setGsmBroadcastConfig with 4 configurations
04-17 23:21:30.463  1382  2586 D IccSmsInterfaceManager: [IccSmsInterfaceManager] Added GSM cell broadcast subscription for MID range 4383 to 4383 from client com.android.cellbroadcastreceiver
04-17 23:21:30.463  1382  2586 D IccSmsInterfaceManager: [IccSmsInterfaceManager] Calling setCellBroadcastActivation(true)
04-17 23:21:30.532  1382  1793 D IccSmsInterfaceManager: [IccSmsInterfaceManager] disableGsmBroadcastRange
04-17 23:21:30.533  1382  1793 D IccSmsInterfaceManager: [IccSmsInterfaceManager] Failed to remove GSM cell broadcast subscription for MID range 50 to 50 from client com.android.cellbroadcastreceiver
04-17 23:21:30.548  1382  2586 D IccSmsInterfaceManager: [IccSmsInterfaceManager] disableGsmBroadcastRange
04-17 23:21:30.549  1382  2586 D IccSmsInterfaceManager: [IccSmsInterfaceManager] Failed to remove GSM cell broadcast subscription for MID range 919 to 928 from client com.android.cellbroadcastreceiver
04-17 23:21:30.560  1382  1793 D IccSmsInterfaceManager: [IccSmsInterfaceManager] disableGsmBroadcastRange
04-17 23:21:30.561  1382  1793 D IccSmsInterfaceManager: [IccSmsInterfaceManager] Failed to remove GSM cell broadcast subscription for MID range 4355 to 4355 from client com.android.cellbroadcastreceiver
04-17 23:21:30.578  1382  2587 D IccSmsInterfaceManager: [IccSmsInterfaceManager] disableGsmBroadcastRange
04-17 23:21:30.578  1382  2587 D IccSmsInterfaceManager: [IccSmsInterfaceManager] Failed to remove GSM cell broadcast subscription for MID range 4380 to 4382 from client com.android.cellbroadcastreceiver
04-17 23:21:30.586  1382  1400 D IccSmsInterfaceManager: [IccSmsInterfaceManager] disableCdmaBroadcastRange
04-17 23:21:30.587  1382  1400 D IccSmsInterfaceManager: [IccSmsInterfaceManager] Failed to remove cdma broadcast subscription for MID range 4100 to 4100 from client com.android.cellbroadcastreceiver
04-17 23:21:32.489  2079  2098 D ImsConnectionManagerRelianceService: wifi RSSI is changed, RSSI = -37
04-17 23:21:35.497  2079  2098 D ImsConnectionManagerRelianceService: wifi RSSI is changed, RSSI = -37
04-17 23:21:38.503  2079  2098 D ImsConnectionManagerRelianceService: wifi RSSI is changed, RSSI = -37
04-17 23:21:41.513  2079  2098 D ImsConnectionManagerRelianceService: wifi RSSI is changed, RSSI = -36
04-17 23:21:42.028  1681  2968 D LEMON   : 23:21:42.028 SIP: INFO: module process timer event.
04-17 23:21:42.028  1681  2968 D LEMON   : 23:21:42.028 SIP: INFO: core timer process trans event tmr<0xE> [TIMER K].
04-17 23:21:42.028  1681  2968 D LEMON   : 23:21:42.028 SIP: INFO: core timer process trans@10006 event.
04-17 23:21:42.028  1681  2968 D LEMON   : 23:21:42.028 SIP: INFO: trans @10006 report event [TRANS TERMINATED].
04-17 23:21:42.028  1681  2968 D LEMON   : 23:21:42.028 ZOS: INFO: fsm(SIP_NICT) trans@[65542] state <COMPLETED> run [TM_TK] event ok.
04-17 23:21:42.028  1681  2968 D LEMON   : 23:21:42.028 ZOS: INFO: fsm(SIP_NICT) trans@[65542] state <COMPLETED> to <TERMINATED>.
04-17 23:21:42.028  1681  2968 D LEMON   : 23:21:42.028 SIP: INFO: module TmrMsgProc core process event queue.
04-17 23:21:42.028  1681  2968 D LEMON   : 23:21:42.028 SIP: INFO: core event queue process the next event.
04-17 23:21:42.028  1681  2968 D LEMON   : 23:21:42.028 SIP: INFO: core @10004 terminated trans@10006 delete.
04-17 23:21:42.028  1681  2968 D LEMON   : 23:21:42.028 SIP: INFO: module delete tmr<0xC> [TIMER E] ok.
04-17 23:21:42.028  1681  2968 D LEMON   : 23:21:42.028 ZOS: INFO: qtimer delete timer<12> ok.
04-17 23:21:42.028  1681  2968 D LEMON   : 23:21:42.028 SIP: INFO: module delete tmr<0xD> [TIMER F] ok.
04-17 23:21:42.029  1681  2968 D LEMON   : 23:21:42.029 ZOS: INFO: qtimer delete timer<13> ok.
04-17 23:21:42.029  1681  2968 D LEMON   : 23:21:42.029 SIP: INFO: module delete tmr<0xE> [TIMER K] ok.
04-17 23:21:42.029  1681  2968 D LEMON   : 23:21:42.029 ZOS: INFO: qtimer delete timer<14> ok.
04-17 23:21:42.029  1681  2968 D LEMON   : 23:21:42.029 SIP: INFO: module delete tmr<0xF> [TIMER WAIT_CONN] ok.
04-17 23:21:42.029  1681  2968 D LEMON   : 23:21:42.029 ZOS: INFO: qtimer delete timer<15> ok.
04-17 23:21:42.029  1681  2968 D LEMON   : 23:21:42.029 SIP: INFO: module delete tmr<0x10> [TIMER C] ok.
04-17 23:21:42.029  1681  2968 D LEMON   : 23:21:42.029 ZOS: INFO: qtimer delete timer<16> ok.
04-17 23:21:42.029  1681  2968 D LEMON   : 23:21:42.029 SIP: INFO: trans @10006 deleted.
04-17 23:21:42.029  1681  2968 D LEMON   : 23:21:42.029 SIP: INFO: module MsgDelete msg 0xa2682050.
04-17 23:21:42.029  1681  2968 D LEMON   : 23:21:42.029 SIP: INFO: core dlg@10003 terminated delete.
04-17 23:21:42.030  1681  2968 D LEMON   : 23:21:42.030 SIP: INFO: core dlg@10004 deleted.
04-17 23:21:42.030  1681  2968 D LEMON   : 23:21:42.030 SIP: INFO: core sess@10003 terminated delete.
04-17 23:21:42.030  1681  2968 D LEMON   : 23:21:42.030 SIP: INFO: core sess@10003 deleted.
04-17 23:21:42.030  1681  2968 D LEMON   : 23:21:42.030 SIP: INFO: core event queue process the last event.
04-17 23:21:44.520  2079  2098 D ImsConnectionManagerRelianceService: wifi RSSI is changed, RSSI = -36
04-17 23:21:45.407  1681  2968 D LEMON   : 23:21:45.407 SIP: INFO: module process timer event.
04-17 23:21:45.407  1681  2968 D LEMON   : 23:21:45.407 SIP: INFO: core timer process trans event tmr<0x14> [TIMER K].
04-17 23:21:45.407  1681  2968 D LEMON   : 23:21:45.407 SIP: INFO: core timer process trans@10007 event.
04-17 23:21:45.407  1681  2968 D LEMON   : 23:21:45.407 SIP: INFO: trans @10007 report event [TRANS TERMINATED].
04-17 23:21:45.407  1681  2968 D LEMON   : 23:21:45.407 ZOS: INFO: fsm(SIP_NICT) trans@[65543] state <COMPLETED> run [TM_TK] event ok.
04-17 23:21:45.407  1681  2968 D LEMON   : 23:21:45.407 ZOS: INFO: fsm(SIP_NICT) trans@[65543] state <COMPLETED> to <TERMINATED>.
04-17 23:21:45.407  1681  2968 D LEMON   : 23:21:45.407 SIP: INFO: module TmrMsgProc core process event queue.
04-17 23:21:45.407  1681  2968 D LEMON   : 23:21:45.407 SIP: INFO: core event queue process the next event.
04-17 23:21:45.407  1681  2968 D LEMON   : 23:21:45.407 SIP: INFO: core @10005 terminated trans@10007 delete.
04-17 23:21:45.407  1681  2968 D LEMON   : 23:21:45.407 SIP: INFO: module delete tmr<0x12> [TIMER E] ok.
04-17 23:21:45.408  1681  2968 D LEMON   : 23:21:45.407 ZOS: INFO: qtimer delete timer<18> ok.
04-17 23:21:45.408  1681  2968 D LEMON   : 23:21:45.408 SIP: INFO: module delete tmr<0x13> [TIMER F] ok.
04-17 23:21:45.408  1681  2968 D LEMON   : 23:21:45.408 ZOS: INFO: qtimer delete timer<19> ok.
04-17 23:21:45.408  1681  2968 D LEMON   : 23:21:45.408 SIP: INFO: module delete tmr<0x14> [TIMER K] ok.
04-17 23:21:45.408  1681  2968 D LEMON   : 23:21:45.408 ZOS: INFO: qtimer delete timer<20> ok.
04-17 23:21:45.408  1681  2968 D LEMON   : 23:21:45.408 SIP: INFO: module delete tmr<0x15> [TIMER WAIT_CONN] ok.
04-17 23:21:45.409  1681  2968 D LEMON   : 23:21:45.408 ZOS: INFO: qtimer delete timer<21> ok.
04-17 23:21:45.409  1681  2968 D LEMON   : 23:21:45.409 SIP: INFO: module delete tmr<0x16> [TIMER C] ok.
04-17 23:21:45.409  1681  2968 D LEMON   : 23:21:45.409 ZOS: INFO: qtimer delete timer<22> ok.
04-17 23:21:45.409  1681  2968 D LEMON   : 23:21:45.409 SIP: INFO: trans @10007 deleted.
04-17 23:21:45.409  1681  2968 D LEMON   : 23:21:45.409 SIP: INFO: module MsgDelete msg 0xa265245c.
04-17 23:21:45.409  1681  2968 D LEMON   : 23:21:45.409 SIP: INFO: core dlg@10004 terminated delete.
04-17 23:21:45.409  1681  2968 D LEMON   : 23:21:45.409 SIP: INFO: core dlg@10005 deleted.
04-17 23:21:45.409  1681  2968 D LEMON   : 23:21:45.409 SIP: INFO: core sess@10004 terminated delete.
04-17 23:21:45.409  1681  2968 D LEMON   : 23:21:45.409 SIP: INFO: core sess@10004 deleted.
04-17 23:21:45.409  1681  2968 D LEMON   : 23:21:45.409 SIP: INFO: core call@10002 terminated delete.
04-17 23:21:45.409  1681  2968 D LEMON   : 23:21:45.409 SIP: INFO: core call@10002 deleted.
04-17 23:21:45.410  1681  2968 D LEMON   : 23:21:45.410 SIP: INFO: core event queue process the last event.
04-17 23:21:46.011  1681  2968 D LEMON   : 23:21:46.011 SIP: INFO: module process timer event.
04-17 23:21:46.011  1681  2968 D LEMON   : 23:21:46.011 SIP: INFO: core timer process trans event tmr<0x1F> [TIMER K].
04-17 23:21:46.011  1681  2968 D LEMON   : 23:21:46.011 SIP: INFO: core timer process trans@10008 event.
04-17 23:21:46.011  1681  2968 D LEMON   : 23:21:46.011 SIP: INFO: trans @10008 report event [TRANS TERMINATED].
04-17 23:21:46.011  1681  2968 D LEMON   : 23:21:46.011 ZOS: INFO: fsm(SIP_NICT) trans@[65544] state <COMPLETED> run [TM_TK] event ok.
04-17 23:21:46.011  1681  2968 D LEMON   : 23:21:46.011 ZOS: INFO: fsm(SIP_NICT) trans@[65544] state <COMPLETED> to <TERMINATED>.
04-17 23:21:46.011  1681  2968 D LEMON   : 23:21:46.011 SIP: INFO: module TmrMsgProc core process event queue.
04-17 23:21:46.011  1681  2968 D LEMON   : 23:21:46.011 SIP: INFO: core event queue process the next event.
04-17 23:21:46.011  1681  2968 D LEMON   : 23:21:46.011 SIP: INFO: dlg DlgProcEvnt preprocess subscription event.
04-17 23:21:46.011  1681  2968 D LEMON   : 23:21:46.011 SIP: INFO: dlg sub@80010005 process event [TRANS TERMINATED].
04-17 23:21:46.011  1681  2968 D LEMON   : 23:21:46.011 SIP: INFO: module delete tmr<0x1D> [TIMER E] ok.
04-17 23:21:46.012  1681  2968 D LEMON   : 23:21:46.012 ZOS: INFO: qtimer delete timer<29> ok.
04-17 23:21:46.012  1681  2968 D LEMON   : 23:21:46.012 SIP: INFO: module delete tmr<0x1E> [TIMER F] ok.
04-17 23:21:46.012  1681  2968 D LEMON   : 23:21:46.012 ZOS: INFO: qtimer delete timer<30> ok.
04-17 23:21:46.012  1681  2968 D LEMON   : 23:21:46.012 SIP: INFO: module delete tmr<0x1F> [TIMER K] ok.
04-17 23:21:46.012  1681  2968 D LEMON   : 23:21:46.012 ZOS: INFO: qtimer delete timer<31> ok.
04-17 23:21:46.012  1681  2968 D LEMON   : 23:21:46.012 SIP: INFO: module delete tmr<0x20> [TIMER WAIT_CONN] ok.
04-17 23:21:46.012  1681  2968 D LEMON   : 23:21:46.012 ZOS: INFO: qtimer delete timer<32> ok.
04-17 23:21:46.012  1681  2968 D LEMON   : 23:21:46.012 SIP: INFO: module delete tmr<0x21> [TIMER C] ok.
04-17 23:21:46.012  1681  2968 D LEMON   : 23:21:46.012 ZOS: INFO: qtimer delete timer<33> ok.
04-17 23:21:46.012  1681  2968 D LEMON   : 23:21:46.012 SIP: INFO: trans @10008 deleted.
04-17 23:21:46.012  1681  2968 D LEMON   : 23:21:46.012 SIP: INFO: module MsgDelete msg 0xa265785c.
04-17 23:21:46.013  1681  2968 D LEMON   : 23:21:46.013 SIP: INFO: dlg @80010005 SubsdCnfOnTransTerm trans delete.
04-17 23:21:46.013  1681  2968 D LEMON   : 23:21:46.013 ZOS: INFO: fsm(SIP_SUBS) subs@[2147549189] state <CONFIRMED> run [TXN_TERMINATED] event ok.
04-17 23:21:46.013  1681  2968 D LEMON   : 23:21:46.013 SIP: INFO: core event queue process the last event.
04-17 23:21:47.525  2079  2093 D ImsConnectionManagerRelianceService: wifi RSSI is changed, RSSI = -36
04-17 23:21:49.038  1858  2949 I charon  : 11[IKE] sending keep alive to 49.44.57.164[4500]
04-17 23:21:50.535  2079  2093 D ImsConnectionManagerRelianceService: wifi RSSI is changed, RSSI = -37
04-17 23:21:53.543  2079  2093 D ImsConnectionManagerRelianceService: wifi RSSI is changed, RSSI = -37
04-17 23:21:56.549  2079  2093 D ImsConnectionManagerRelianceService: wifi RSSI is changed, RSSI = -37
04-17 23:21:59.557  2079  2098 D ImsConnectionManagerRelianceService: wifi RSSI is changed, RSSI = -37
04-17 23:22:09.665  1858  2950 I charon  : 12[IKE] sending keep alive to 49.44.57.164[4500]
04-17 23:22:30.525  1858  2952 I charon  : 14[IKE] sending keep alive to 49.44.57.164[4500]
04-17 23:22:51.195  1858  2951 I charon  : 13[IKE] sending keep alive to 49.44.57.164[4500]
04-17 23:22:53.719  1382  1382 D TeleUtils:  changeOperator: old value= 46011
04-17 23:22:53.730  1382  1382 D TeleUtils:  changeOperator: itemList length is 1760
04-17 23:22:53.735  1382  1382 D TeleUtils: itemList found: parts[0]= 46011 parts[1]= China Telecom  newName= China Telecom
04-17 23:22:53.735  1382  1382 D TeleUtils:  changeOperator: old value= 46011
04-17 23:22:53.741  1382  1382 D TeleUtils:  changeOperator: itemList length is 1760
04-17 23:22:53.746  1382  1382 D TeleUtils: itemList found: parts[0]= 46011 parts[1]= China Telecom  newName= China Telecom
04-17 23:22:53.766  1858  1858 D SecurityApplication: ireton-roaming-0
04-17 23:22:53.774  1382  1382 D TeleUtils:  changeOperator: old value= Jio
04-17 23:22:53.775  1382  1382 D TeleUtils:  changeOperator: itemList length is 4
04-17 23:22:53.775  1382  1382 D TeleUtils: changeOperator not found: original value= Jio newName= Jio
04-17 23:22:53.776  2079  2079 D ImsConnectionManagerMonitor: card 0 receiver action: android.intent.action.SERVICE_STATE
04-17 23:22:53.776  2079  2079 D ImsConnectionManagerMonitor: phone 0 serviceState = "STATE IN SERVICE", get primary card value: 0
04-17 23:22:53.785  1382  1382 D TeleUtils:  changeOperator: old value= Jio
04-17 23:22:53.786  1382  1382 D TeleUtils:  changeOperator: itemList length is 4
04-17 23:22:53.786  1382  1382 D TeleUtils: changeOperator not found: original value= Jio newName= Jio
04-17 23:22:53.786  1382  1382 D CallForwardHelper: (phoneId0) onServiceStateChanged(), state: 0
04-17 23:22:53.787  1382  1382 D CarrierConfigLoader: update network preferred config[0]: 46011 mLastNetNumeric = 46000
04-17 23:22:53.803  1382  1382 D CarrierConfigLoader: mHandler: 22 phoneId: 0
04-17 23:22:53.809  1382  1382 D CarrierConfigLoader: Loaded config from XML[22]. package=com.android.carrierconfig phoneId=0
04-17 23:22:53.813  1382  1382 D GlobalConfigManager: Receiver action: android.telephony.action.CARRIER_CONFIG_CHANGED
04-17 23:22:53.813  2561  2561 I MessagingApp: Carrier config changed. Reloading MMS config.
04-17 23:22:53.815  1382  3875 D GlobalConfigManager: Load global config in background...
04-17 23:22:53.826  1382  3875 D GlobalConfigManager: tele config for phone 0: Bundle[{num_match_short=-1, sms_7bit_enabled=false, sms_coding_national=, roamingvm=, spn=, mvno=false, num_match_rule=-1, vmtag=, vmnumber=, ecclist_withcard=, num_match=7, ecclist_nocard=, fake_ecclist_withcard=}]
04-17 23:22:53.828  1382  3875 D GlobalConfigManager: updateEccProperties ECC[0]: eccListFromSim =  eccListFromCarrierConfig = 
04-17 23:22:53.829  1382  3875 D GlobalConfigManager: tele config for phone 1: Bundle[{num_match_short=-1, sms_7bit_enabled=false, sms_coding_national=, roamingvm=, spn=, mvno=false, num_match_rule=-1, vmtag=, vmnumber=, ecclist_withcard=, num_match=7, ecclist_nocard=, fake_ecclist_withcard=}]
04-17 23:22:53.832  1382  3875 D GlobalConfigManager: updateEccProperties ECC[1]: eccListFromSim = null eccListFromCarrierConfig = 
04-17 23:22:53.856  2561  2590 W MessagingApp: canonicalizeMccMnc: invalid mccmnc:null ,null
04-17 23:22:53.864  1382  1400 D MmsService: getCarrierConfigValues
04-17 23:22:53.865  1382  1400 I MmsService: mms config for sub 1: Bundle[{httpSocketTimeout=60000, aliasMinChars=2, smsToMmsTextThreshold=10, enableSMSDeliveryReports=true, maxMessageTextSize=-1, supportMmsContentDisposition=true, enabledTransID=false, aliasEnabled=false, supportHttpCharsetHeader=false, allowAttachAudio=true, smsToMmsTextLengthThreshold=-1, recipientLimit=2147483647, uaProfTagName=x-wap-profile, aliasMaxChars=48, maxImageHeight=480, enableMMSDeliveryReports=false, userAgent=, config_cellBroadcastAppLinks=true, maxSubjectLength=40, httpParams=, enableGroupMms=true, emailGatewayNumber=, maxMessageSize=307200, naiSuffix=, enableMMSReadReports=false, maxImageWidth=640, uaProfUrl=, enabledMMS=true, enabledNotifyWapMMSC=false, sendMultipartSmsAsSeparateMessages=false, enableMultipartSMS=true}]
04-17 23:22:53.865  2561  2590 I MessagingApp: Carrier configs loaded: Bundle[{httpSocketTimeout=60000, aliasMinChars=2, smsToMmsTextThreshold=10, enableSMSDeliveryReports=true, maxMessageTextSize=-1, supportMmsContentDisposition=true, enabledTransID=false, aliasEnabled=false, supportHttpCharsetHeader=false, allowAttachAudio=true, smsToMmsTextLengthThreshold=-1, recipientLimit=2147483647, uaProfTagName=x-wap-profile, sharedImageLimit=20, aliasMaxChars=48, maxImageHeight=480, enableMMSDeliveryReports=false, userAgent=, config_cellBroadcastAppLinks=true, maxSubjectLength=40, httpParams=, enableGroupMms=true, emailGatewayNumber=, maxMessageSize=307200, naiSuffix=, enableMMSReadReports=false, maxImageWidth=640, uaProfUrl=, enabledMMS=true, enabledNotifyWapMMSC=false, sendMultipartSmsAsSeparateMessages=false, enableMultipartSMS=true}] from resources+system for subId=1
04-17 23:23:13.404  1858  2939 I charon  : 01[IKE] sending keep alive to 49.44.57.164[4500]
04-17 23:23:22.316  1382  1382 D TeleUtils:  changeOperator: old value= 4600
04-17 23:23:22.332  1382  1382 D TeleUtils:  changeOperator: itemList length is 1760
04-17 23:23:22.333  1382  1382 D TeleUtils: itemList found: parts[0]= 4600 parts[1]= China Mobile  newName= China Mobile
04-17 23:23:22.333  1382  1382 D TeleUtils:  changeOperator: old value= 4600
04-17 23:23:22.340  1382  1382 D TeleUtils:  changeOperator: itemList length is 1760
04-17 23:23:22.342  1382  1382 D TeleUtils: itemList found: parts[0]= 4600 parts[1]= China Mobile  newName= China Mobile
04-17 23:23:22.374  1858  1858 D SecurityApplication: ireton-roaming-0
