05-05 16:08:58.464  1965  2897 D LEMON   : v:SIP/2.0/UDP [2405:200:330:1581::18]:5067;branch=z9hG4bK_IMSCL1550631.000_9e05cb3aba184321f7dce3a8e232a4f1;lskpmc=P72
05-05 16:08:58.464  1965  2897 D LEMON   : Record-Route:<sip:[2405:200:330:1581::18]:5067;routing_id=pcscf_b_side;lskpmc=P72;lr>
05-05 16:08:58.464  1965  2897 D LEMON   : l:0
05-05 16:08:58.464  1965  2897 D LEMON   : f:<sip:+917011021774@ims.mnc872.mcc405.3gppnetwork.org;user=phone>;tag=A8B1Wd9A4Dai8jbf
05-05 16:08:58.464  1965  2897 D LEMON   : t:<sip:+917011021754@ims.mnc872.mcc405.3gppnetwork.org;user=phone>;tag=11lFQcHauy914+GKv.ektO7742
05-05 16:08:58.464  1965  2897 D LEMON   : i:C009A6B34C0F7CE697615CE4@1270ffffffff
05-05 16:08:58.464  1965  2897 D LEMON   : CSeq:5 INVITE
05-05 16:08:58.464  1965  2897 D LEMON   : Max-Forwards:61
05-05 16:08:58.464  1965  2897 D LEMON   : x:1800;refresher=uac
05-05 16:08:58.464  1965  2897 D LEMON   : Min-SE:600
05-05 16:08:58.464  1965  2897 D LEMON   : m:<sip:405872000010553@10.56.4.26:5070;yop=00.00.73162006.0000.7012>;+g.3gpp.icsi-ref="urn%%3Aurn-7%%3A3gpp-service.ims.icsi.mmtel";video;+sip.instance="<urn:gsma:imei:86543502-990110-0>"
05-05 16:08:58.464  1965  2897 D LEMON   : k:timer,tdialog
05-05 16:08:58.464  1965  2897 D LEMON   : Allow:ACK,BYE,CANCEL,INFO,INVITE,NOTIFY,OPTIONS,REFER
05-05 16:08:58.464  1965  2897 D LEMON   : Feature-Caps:*;+g.3gpp.srvcc;+g.3gpp.icsi-ref="urn%%3Aurn-7%%3A3gpp-service.ims.icsi.mmtel"
05-05 16:08:58.464  1965  2897 D LEMON   : P-Com.Nokia.B2BUA-Involved:no
05-05 16:08:58.464  1965  2897 D LEMON   : 
05-05 16:08:58.464  1965  2897 D LEMON   : 
05-05 16:08:58.465  1965  2897 D LEMON   : 16:08:58.465 SIP: INFO: module create tmr<0xD7> [TIMER G] ok.
05-05 16:08:58.465  1965  2897 D LEMON   : 16:08:58.465 SIP: INFO: module create tmr<0xD8> [TIMER H] ok.
05-05 16:08:58.465  1965  2897 D LEMON   : 16:08:58.465 SIP: INFO: module create tmr<0xD9> [TIMER I] ok.
05-05 16:08:58.465  1965  2897 D LEMON   : 16:08:58.465 SIP: INFO: module create tmr<0xDA> [TIMER L] ok.
05-05 16:08:58.465  1965  2897 D LEMON   : 16:08:58.465 SIP: INFO: module create tmr<0xDB> [TIMER C] ok.
05-05 16:08:58.465  1965  2897 D LEMON   : 16:08:58.465 SIP: INFO: trans @30008 process request <INVITE>.
05-05 16:08:58.465  1965  2897 D LEMON   : 16:08:58.465 SIP: INFO: module start tmr<0xDB> [TIMER C] <200000ms> ok.
05-05 16:08:58.465  1965  2897 D LEMON   : 16:08:58.465 ZOS: INFO: fsm(SIP_IST) trans@[196616] state <IDLE> run [RECV_INVITE] event ok.
05-05 16:08:58.465  1965  2897 D LEMON   : 16:08:58.465 ZOS: INFO: fsm(SIP_IST) trans@[196616] state <IDLE> to <PROCEEDING>.
05-05 16:08:58.466  1965  2897 D LEMON   : 16:08:58.466 SIP: INFO: dlg @30005 process request <INVITE>.
05-05 16:08:58.466  1965  2897 D LEMON   : SIP/2.0 100 Trying
05-05 16:08:58.466  1965  2897 D LEMON   : To: <sip:+917011021754@ims.mnc872.mcc405.3gppnetwork.org;user=phone>;tag=11lFQcHauy914+GKv.ektO7742
05-05 16:08:58.466  1965  2897 D LEMON   : From: <sip:+917011021774@ims.mnc872.mcc405.3gppnetwork.org;user=phone>;tag=A8B1Wd9A4Dai8jbf
05-05 16:08:58.466  1965  2897 D LEMON   : CSeq: 5 INVITE
05-05 16:08:58.466  1965  2897 D LEMON   : Call-ID: C009A6B34C0F7CE697615CE4@1270ffffffff
05-05 16:08:58.466  1965  2897 D LEMON   : Via: SIP/2.0/UDP [2405:200:330:1581::18]:5067;branch=z9hG4bK_IMSCL1550631.000_9e05cb3aba184321f7dce3a8e232a4f1;lskpmc=P72;received=2405:200:330:1581::18
05-05 16:08:58.466  1965  2897 D LEMON   : Content-Length: 0
05-05 16:08:58.466  1965  2897 D LEMON   : 
05-05 16:08:58.466  1965  2897 D LEMON   : 
05-05 16:08:58.467  1965  2897 D LEMON   : 16:08:58.467 UTPT: INFO: conn[0x4] send data[453] to [2405:200:330:1581::18:5067] ok.
05-05 16:08:58.469  1965  2138 D LEMON   : 16:08:58.468 ZOS: INFO: fsm(MTF_CALL) conn@[20] state <CONNECTED> run [SMM IND] event ok.
05-05 16:08:58.470  1965  2897 D LEMON   : 16:08:58.470 ZOS: INFO: fsm(SIP_IVT) dlg@[196613] state <CONFIRMED> run [RECV_INVITE] event ok.
05-05 16:08:58.471  1965  2897 D LEMON   : 16:08:58.471 ZOS: INFO: fsm(SIP_IVT) dlg@[196613] state <CONFIRMED> to <MODIFY IN>.
05-05 16:08:58.473  1965  2897 D LEMON   : 16:08:58.473 SIP: INFO: dlg @30005 process response <INVITE:200>.
05-05 16:08:58.473  1965  2897 D LEMON   : 16:08:58.473 SIP: INFO: module start tmr<0x91> [TIMER SEND_2XX] <2000ms> ok.
05-05 16:08:58.473  1965  2897 D LEMON   : 16:08:58.473 SIP: INFO: module start tmr<0x92> [TIMER STOP_2XX] <128000ms> ok.
05-05 16:08:58.473  1965  2897 D LEMON   : 16:08:58.473 ZOS: INFO: fsm(SIP_IVT) dlg@[196613] state <MODIFY IN> run [SMM_RSP] event ok.
05-05 16:08:58.473  1965  2897 D LEMON   : 16:08:58.473 ZOS: INFO: fsm(SIP_IVT) dlg@[196613] state <MODIFY IN> to <CONFIRMED>.
05-05 16:08:58.473  1965  2897 D LEMON   : 16:08:58.473 SIP: INFO: trans @30008 process response <INVITE:200>.
05-05 16:08:58.473  1965  2897 D LEMON   : 16:08:58.473 SIP: INFO: module stop tmr<0xDB> [TIMER C] ok.
05-05 16:08:58.474  1965  2897 D LEMON   : SIP/2.0 200 OK
05-05 16:08:58.474  1965  2897 D LEMON   : From: <sip:+917011021774@ims.mnc872.mcc405.3gppnetwork.org;user=phone>;tag=A8B1Wd9A4Dai8jbf
05-05 16:08:58.474  1965  2897 D LEMON   : To: <sip:+917011021754@ims.mnc872.mcc405.3gppnetwork.org;user=phone>;tag=11lFQcHauy914+GKv.ektO7742
05-05 16:08:58.474  1965  2897 D LEMON   : P-Access-Network-Info: IEEE-802.11;i-wlan-node-id=4045da87d2be
05-05 16:08:58.474  1965  2897 D LEMON   : Supported: 100rel,join,norefersub,replaces,timer
05-05 16:08:58.474  1965  2897 D LEMON   : Allow: INVITE,ACK,BYE,CANCEL,UPDATE,REGISTER,INFO,PRACK,SUBSCRIBE,NOTIFY,MESSAGE,REFER,PUBLISH
05-05 16:08:58.474  1965  2897 D LEMON   : Session-Expires: 1800;refresher=uac
05-05 16:08:58.474  1965  2897 D LEMON   : Min-SE: 600
05-05 16:08:58.474  1965  2897 D LEMON   : Require: timer
05-05 16:08:58.474  1965  2897 D LEMON   : Contact: <sip:405872000010534@[2405:204:1a03:45c7::2aa3:38ac]:5410>;+sip.instance="<urn:gsma:imei:86740002-034179-2>";+g.3gpp.icsi-ref="urn%%3Aurn-7%%3A3gpp-service.ims.icsi.mmtel";video
05-05 16:08:58.474  1965  2897 D LEMON   : Record-Route: <sip:[2405:200:330:1581::18]:5067;routing_id=pcscf_b_side;lskpmc=P72;lr>
05-05 16:08:58.474  1965  2897 D LEMON   : Call-ID: C009A6B34C0F7CE697615CE4@1270ffffffff
05-05 16:08:58.474  1965  2897 D LEMON   : CSeq: 5 INVITE
05-05 16:08:58.474  1965  2897 D LEMON   : Max-Forwards: 70
05-05 16:08:58.474  1965  2897 D LEMON   : Server: VoWIFI/WFC UA
05-05 16:08:58.474  1965  2897 D LEMON   : Record-Route: <sip:[2405:200:330:1581::18]:5067;routing_id=pcscf_b_side;lskpmc=P72;lr>
05-05 16:08:58.474  1965  2897 D LEMON   : Via: SIP/2.0/UDP [2405:200:330:1581::18]:5067;branch=z9hG4bK_IMSCL1550631.000_9e05cb3aba184321f7dce3a8e232a4f1;lskpmc=P72;received=2405:200:330:1581::18
05-05 16:08:58.474  1965  2897 D LEMON   : Content-Type: application/sdp
05-05 16:08:58.474  1965  2897 D LEMON   : Content-Length: 299
05-05 16:08:58.474  1965  2897 D LEMON   : 
05-05 16:08:58.474  1965  2897 D LEMON   : v=0
05-05 16:08:58.474  1965  2897 D LEMON   : o=405872000010534 987213414 987213422 IN IP6 2405:204:1a03:45c7::2aa3:38ac
05-05 16:08:58.474  1965  2897 D LEMON   : s=-
05-05 16:08:58.474  1965  2897 D LEMON   : c=IN IP6 2405:204:1a03:45c7::2aa3:38ac
05-05 16:08:58.474  1965  2897 D LEMON   : t=0 0
05-05 16:08:58.474  1965  2897 D LEMON   : m=audio 37088 RTP/AVP 104
05-05 16:08:58.474  1965  2897 D LEMON   : a=rtpmap:104 AMR-WB/16000
05-05 16:08:58.474  1965  2897 D LEMON   : a=fmtp:104 octet-align=1;mode-change-period=2;mode-change-capability=2
05-05 16:08:58.474  1965  2897 D LEMON   : a=ptime:20
05-05 16:08:58.474  1965  2897 D LEMON   : a=maxptime:240
05-05 16:08:58.474  1965  2897 D LEMON   : a=sendonly
05-05 16:08:58.474  1965  2897 D LEMON   : 
05-05 16:08:58.475  1965  2897 D LEMON   : 16:08:58.475 UTPT: INFO: conn[0x4] send data[1460] to [2405:200:330:1581::18:5067] ok.
05-05 16:08:58.475  1965  2897 D LEMON   : 16:08:58.475 ZOS: INFO: fsm(SIP_IST) trans@[196616] state <PROCEEDING> run [SEND_2XX] event ok.
05-05 16:08:58.475  1965  2897 D LEMON   : 16:08:58.475 ZOS: INFO: fsm(SIP_IST) trans@[196616] state <PROCEEDING> to <TERMINATED>.
05-05 16:08:58.476  1965  2897 D LEMON   : 16:08:58.476 SIP: INFO: module delete tmr<0xD7> [TIMER G] ok.
05-05 16:08:58.476  1965  2897 D LEMON   : 16:08:58.476 SIP: INFO: module delete tmr<0xD8> [TIMER H] ok.
05-05 16:08:58.476  1965  2897 D LEMON   : 16:08:58.476 SIP: INFO: module delete tmr<0xD9> [TIMER I] ok.
05-05 16:08:58.476  1965  2897 D LEMON   : 16:08:58.476 SIP: INFO: module delete tmr<0xDA> [TIMER L] ok.
05-05 16:08:58.476  1965  2897 D LEMON   : 16:08:58.476 SIP: INFO: module delete tmr<0xDB> [TIMER C] ok.
05-05 16:08:58.653  1965  2141 D LEMON   : 16:08:58.653 UTPT: INFO: recv udp data(len:1215) from [2405:200:330:1581::18:32920].
05-05 16:08:58.654  1965  2897 D LEMON   : SIP/2.0 200 OK
05-05 16:08:58.654  1965  2897 D LEMON   : l:259
05-05 16:08:58.654  1965  2897 D LEMON   : f:<sip:+917011021754@ims.mnc872.mcc405.3gppnetwork.org>;tag=NcIbu99501.6v.eopCs3421Jtu
05-05 16:08:58.654  1965  2897 D LEMON   : t:"9953592787"<sip:9953592787@ims.mnc872.mcc405.3gppnetwork.org>;tag=aVDdYVe7fc3b7jfg
05-05 16:08:58.654  1965  2897 D LEMON   : v:SIP/2.0/UDP [2405:204:1a03:45c7::2aa3:38ac]:5410;branch=z9hG4bK1iTv.euVCFe4216k0.IqdKE+.p;rport=35391;received=2405:204:1a03:45c7::2aa3:38ac
05-05 16:08:58.654  1965  2897 D LEMON   : i:I2bu99501.6v.eopCs2421Cn.i@[2405:204:1a03:45c7::2aa3:38ac]
05-05 16:08:58.654  1965  2897 D LEMON   : CSeq:6 INVITE
05-05 16:08:58.654  1965  2897 D LEMON   : Record-Route:<sip:[2405:200:330:1581::18]:5067;routing_id=pcscf_a_side;lskpmc=P72;lr>
05-05 16:08:58.654  1965  2897 D LEMON   : x:1800;refresher=uac
05-05 16:08:58.654  1965  2897 D LEMON   : m:<sip:+919953592787;npdi;rn=4108;rn-context=+91@10.56.4.27:5070;transport=TCP;yop=00.00.73162006.0000.7018;ccsId=65>
05-05 16:08:58.654  1965  2897 D LEMON   : Require:timer
05-05 16:08:58.654  1965  2897 D LEMON   : k:100rel,precondition,timer,histinfo,eventlist,norefersub,tdialog
05-05 16:08:58.654  1965  2897 D LEMON   : Allow:ACK,BYE,CANCEL,INFO,INVITE,NOTIFY,OPTIONS,PRACK,REFER,UPDATE
05-05 16:08:58.654  1965  2897 D LEMON   : Feature-Caps:*;+g.3gpp.srvcc;+g.3gpp.icsi-ref="urn%%3Aurn-7%%3A3gpp-service.ims.icsi.mmtel"
05-05 16:08:58.654  1965  2897 D LEMON   : c:application/sdp
05-05 16:08:58.654  1965  2897 D LEMON   : Content-Disposition:session;handling=required
05-05 16:08:58.654  1965  2897 D LEMON   : 
05-05 16:08:58.654  1965  2897 D LEMON   : v=0
05-05 16:08:58.654  1965  2897 D LEMON   : o=- 0 7 IN IP6 ims.mnc872.mcc405.3gppnetwork.org
05-05 16:08:58.654  1965  2897 D LEMON   : s=media server session
05-05 16:08:58.654  1965  2897 D LEMON   : t=0 0
05-05 16:08:58.654  1965  2897 D LEMON   : m=audio 21456 RTP/AVP 104
05-05 16:08:58.654  1965  2897 D LEMON   : c=IN IP6 2405:200:330:1586::11
05-05 16:08:58.654  1965  2897 D LEMON   : a=rtpmap:104 AMR-WB/16000
05-05 16:08:58.654  1965  2897 D LEMON   : a=fmtp:104 octet-align=1; mode-change-capability=2
05-05 16:08:58.654  1965  2897 D LEMON   : a=rtcp-xr
05-05 16:08:58.654  1965  2897 D LEMON   : a=ptime:20
05-05 16:08:58.654  1965  2897 D LEMON   : a=sendrecv
05-05 16:08:58.654  1965  2897 D LEMON   : 
05-05 16:08:58.655  1965  2897 D LEMON   : 16:08:58.655 SIP: INFO: trans @30006 process response <INVITE:200>.
05-05 16:08:58.655  1965  2897 D LEMON   : 16:08:58.655 SIP: INFO: module stop tmr<0xD6> [TIMER C] ok.
05-05 16:08:58.655  1965  2897 D LEMON   : 16:08:58.655 ZOS: INFO: fsm(SIP_ICT) trans@[196614] state <PROCEEDING> run [RECV_2XX] event ok.
05-05 16:08:58.655  1965  2897 D LEMON   : 16:08:58.655 ZOS: INFO: fsm(SIP_ICT) trans@[196614] state <PROCEEDING> to <TERMINATED>.
05-05 16:08:58.655  1965  2897 D LEMON   : 16:08:58.655 SIP: INFO: dlg @30004 process response <INVITE:200>.
05-05 16:08:58.655  1965  2897 D LEMON   : 16:08:58.655 SIP: INFO: module start tmr<0x7E> [TIMER WAIT_SAM] <128000ms> ok.
05-05 16:08:58.659  1965  2897 D LEMON   : 16:08:58.659 ZOS: INFO: fsm(SIP_IVT) dlg@[196612] state <MODIFY OUT> run [RECV_2XX] event ok.
05-05 16:08:58.659  1965  2897 D LEMON   : 16:08:58.659 ZOS: INFO: fsm(SIP_IVT) dlg@[196612] state <MODIFY OUT> to <CONFIRMED>.
05-05 16:08:58.659  1965  2897 D LEMON   : 16:08:58.659 SIP: INFO: module delete tmr<0xD2> [TIMER A] ok.
05-05 16:08:58.659  1965  2897 D LEMON   : 16:08:58.659 SIP: INFO: module delete tmr<0xD3> [TIMER B] ok.
05-05 16:08:58.659  1965  2897 D LEMON   : 16:08:58.659 SIP: INFO: module delete tmr<0xD4> [TIMER D] ok.
05-05 16:08:58.659  1965  2897 D LEMON   : 16:08:58.659 SIP: INFO: module delete tmr<0xD5> [TIMER WAIT_CONN] ok.
05-05 16:08:58.661  1965  2897 D LEMON   : 16:08:58.661 SIP: INFO: module delete tmr<0xD6> [TIMER C] ok.
05-05 16:08:58.661  1965  2138 D LEMON   : 16:08:58.661 ZOS: INFO: fsm(MTF_CALL) conn@[19] state <MODIFYOUT> run [SMM CNF] event ok.
05-05 16:08:58.661  1965  2138 D LEMON   : 16:08:58.661 ZOS: INFO: fsm(MTF_CALL) conn@[19] state <MODIFYOUT> to <CONNECTED>.
05-05 16:08:58.664  1965  2897 D LEMON   : 16:08:58.664 SIP: INFO: dlg @30004 process request <ACK>.
05-05 16:08:58.664  1965  2897 D LEMON   : ACK sip:+919953592787;npdi;rn=4108;rn-context=+91@10.56.4.27:5070;transport=tcp;yop=00.00.73162006.0000.7018;ccsId=65 SIP/2.0
05-05 16:08:58.664  1965  2897 D LEMON   : From: <sip:+917011021754@ims.mnc872.mcc405.3gppnetwork.org>;tag=NcIbu99501.6v.eopCs3421Jtu
05-05 16:08:58.664  1965  2897 D LEMON   : To: "9953592787"<sip:9953592787@ims.mnc872.mcc405.3gppnetwork.org>;tag=aVDdYVe7fc3b7jfg
05-05 16:08:58.664  1965  2897 D LEMON   : Contact: <sip:405872000010534@[2405:204:1a03:45c7::2aa3:38ac]:5410>;+sip.instance="<urn:gsma:imei:86740002-034179-2>";+g.3gpp.icsi-ref="urn%%3Aurn-7%%3A3gpp-service.ims.icsi.mmtel";video
05-05 16:08:58.664  1965  2897 D LEMON   : P-Access-Network-Info: IEEE-802.11;i-wlan-node-id=4045da87d2be
05-05 16:08:58.664  1965  2897 D LEMON   : Proxy-Require: sec-agree
05-05 16:08:58.664  1965  2897 D LEMON   : Require: sec-agree
05-05 16:08:58.664  1965  2897 D LEMON   : Supported: sec-agree
05-05 16:08:58.664  1965  2897 D LEMON   : Route: <sip:[2405:200:330:1581::18]:5067;routing_id=pcscf_a_side;lskpmc=P72;lr>
05-05 16:08:58.664  1965  2897 D LEMON   : Call-ID: I2bu99501.6v.eopCs2421Cn.i@[2405:204:1a03:45c7::2aa3:38ac]
05-05 16:08:58.664  1965  2897 D LEMON   : CSeq: 6 ACK
05-05 16:08:58.664  1965  2897 D LEMON   : Max-Forwards: 70
05-05 16:08:58.664  1965  2897 D LEMON   : User-Agent: VoWIFI/WFC UA
05-05 16:08:58.664  1965  2897 D LEMON   : Via: SIP/2.0/UDP [2405:204:1a03:45c7::2aa3:38ac]:35391;branch=z9hG4bKp1iTv.euVCFf4210lFQcGdKE+.;rport
05-05 16:08:58.664  1965  2897 D LEMON   : Content-Length: 0
05-05 16:08:58.664  1965  2897 D LEMON   : 
05-05 16:08:58.664  1965  2897 D LEMON   : 
05-05 16:08:58.665  1965  2897 D LEMON   : 16:08:58.665 UTPT: INFO: conn[0x4] send data[958] to [2405:200:330:1581::18:5067] ok.
05-05 16:08:58.665  1965  2897 D LEMON   : 16:08:58.665 SIP: INFO: module stop tmr<0x7E> [TIMER WAIT_SAM] ok.
05-05 16:08:58.665  1965  2897 D LEMON   : 16:08:58.665 ZOS: INFO: fsm(SIP_IVT) dlg@[196612] state <CONFIRMED> run [SAM_REQ] event ok.
05-05 16:08:58.666  1965  1965 D LEMON   : 16:08:58.666 RSE: INFO: gui notify LeaveSessUnHoldOk.
05-05 16:08:58.734  1965  2141 D LEMON   : 16:08:58.734 UTPT: INFO: recv udp data(len:950) from [2405:200:330:1581::18:32920].
05-05 16:08:58.736  1965  2897 D LEMON   : INVITE sip:405872000010534@[2405:204:1a03:45c7::2aa3:38ac]:5410 SIP/2.0
05-05 16:08:58.736  1965  2897 D LEMON   : v:SIP/2.0/UDP [2405:200:330:1581::18]:5067;branch=z9hG4bK_IMSCL1550631.000_a2ef49beb4cb23b8b2066fb504b0eae7;lskpmc=P72
05-05 16:08:58.736  1965  2897 D LEMON   : Record-Route:<sip:[2405:200:330:1581::18]:5067;routing_id=pcscf_a_side;lskpmc=P72;lr>
05-05 16:08:58.736  1965  2897 D LEMON   : l:0
05-05 16:08:58.736  1965  2897 D LEMON   : f:"9953592787"<sip:9953592787@ims.mnc872.mcc405.3gppnetwork.org>;tag=aVDdYVe7fc3b7jfg
05-05 16:08:58.736  1965  2897 D LEMON   : t:<sip:+917011021754@ims.mnc872.mcc405.3gppnetwork.org>;tag=NcIbu99501.6v.eopCs3421Jtu
05-05 16:08:58.736  1965  2897 D LEMON   : i:I2bu99501.6v.eopCs2421Cn.i@[2405:204:1a03:45c7::2aa3:38ac]
05-05 16:08:58.736  1965  2897 D LEMON   : CSeq:4 INVITE
05-05 16:08:58.736  1965  2897 D LEMON   : Max-Forwards:66
05-05 16:08:58.736  1965  2897 D LEMON   : x:1800;refresher=uas
05-05 16:08:58.736  1965  2897 D LEMON   : Min-SE:600
05-05 16:08:58.736  1965  2897 D LEMON   : m:<sip:+919953592787;npdi;rn=4108;rn-context=+91@10.56.4.27:5070;transport=TCP;yop=00.00.73162006.0000.7018;ccsId=65>
05-05 16:08:58.736  1965  2897 D LEMON   : k:timer,tdialog
05-05 16:08:58.736  1965  2897 D LEMON   : Allow:ACK,BYE,CANCEL,INFO,INVITE,NOTIFY,OPTIONS,REFER
05-05 16:08:58.736  1965  2897 D LEMON   : Feature-Caps:*;+g.3gpp.srvcc;+g.3gpp.icsi-ref="urn%%3Aurn-7%%3A3gpp-service.ims.icsi.mmtel"
05-05 16:08:58.736  1965  2897 D LEMON   : Server:Alcatel-Lucent 5060 MGC-8 9.5.0.2.0.18
05-05 16:08:58.736  1965  2897 D LEMON   : P-Com.Nokia.B2BUA-Involved:no
05-05 16:08:58.736  1965  2897 D LEMON   : 
05-05 16:08:58.736  1965  2897 D LEMON   : 
05-05 16:08:58.736  1965  2897 D LEMON   : 16:08:58.736 SIP: INFO: module create tmr<0xDC> [TIMER G] ok.
05-05 16:08:58.736  1965  2897 D LEMON   : 16:08:58.736 SIP: INFO: module create tmr<0xDD> [TIMER H] ok.
05-05 16:08:58.736  1965  2897 D LEMON   : 16:08:58.736 SIP: INFO: module create tmr<0xDE> [TIMER I] ok.
05-05 16:08:58.736  1965  2897 D LEMON   : 16:08:58.736 SIP: INFO: module create tmr<0xDF> [TIMER L] ok.
05-05 16:08:58.737  1965  2897 D LEMON   : 16:08:58.736 SIP: INFO: module create tmr<0xE0> [TIMER C] ok.
05-05 16:08:58.737  1965  2897 D LEMON   : 16:08:58.737 SIP: INFO: trans @30007 process request <INVITE>.
05-05 16:08:58.737  1965  2897 D LEMON   : 16:08:58.737 SIP: INFO: module start tmr<0xE0> [TIMER C] <200000ms> ok.
05-05 16:08:58.737  1965  2897 D LEMON   : 16:08:58.737 ZOS: INFO: fsm(SIP_IST) trans@[196615] state <IDLE> run [RECV_INVITE] event ok.
05-05 16:08:58.737  1965  2897 D LEMON   : 16:08:58.737 ZOS: INFO: fsm(SIP_IST) trans@[196615] state <IDLE> to <PROCEEDING>.
05-05 16:08:58.737  1965  2897 D LEMON   : 16:08:58.737 SIP: INFO: dlg @30004 process request <INVITE>.
05-05 16:08:58.737  1965  2897 D LEMON   : SIP/2.0 100 Trying
05-05 16:08:58.737  1965  2897 D LEMON   : To: <sip:+917011021754@ims.mnc872.mcc405.3gppnetwork.org>;tag=NcIbu99501.6v.eopCs3421Jtu
05-05 16:08:58.737  1965  2897 D LEMON   : From: "9953592787"<sip:9953592787@ims.mnc872.mcc405.3gppnetwork.org>;tag=aVDdYVe7fc3b7jfg
05-05 16:08:58.737  1965  2897 D LEMON   : CSeq: 4 INVITE
05-05 16:08:58.737  1965  2897 D LEMON   : Call-ID: I2bu99501.6v.eopCs2421Cn.i@[2405:204:1a03:45c7::2aa3:38ac]
05-05 16:08:58.737  1965  2897 D LEMON   : Via: SIP/2.0/UDP [2405:200:330:1581::18]:5067;branch=z9hG4bK_IMSCL1550631.000_a2ef49beb4cb23b8b2066fb504b0eae7;lskpmc=P72;received=2405:200:330:1581::18
05-05 16:08:58.737  1965  2897 D LEMON   : Content-Length: 0
05-05 16:08:58.737  1965  2897 D LEMON   : 
05-05 16:08:58.737  1965  2897 D LEMON   : 
05-05 16:08:58.738  1965  2897 D LEMON   : 16:08:58.738 UTPT: INFO: conn[0x4] send data[461] to [2405:200:330:1581::18:5067] ok.
05-05 16:08:58.740  1965  2138 D LEMON   : 16:08:58.740 ZOS: INFO: fsm(MTF_CALL) conn@[19] state <CONNECTED> run [SMM IND] event ok.
05-05 16:08:58.741  1965  2897 D LEMON   : 16:08:58.741 ZOS: INFO: fsm(SIP_IVT) dlg@[196612] state <CONFIRMED> run [RECV_INVITE] event ok.
05-05 16:08:58.741  1965  2897 D LEMON   : 16:08:58.741 ZOS: INFO: fsm(SIP_IVT) dlg@[196612] state <CONFIRMED> to <MODIFY IN>.
05-05 16:08:58.742  1965  2897 D LEMON   : 16:08:58.742 SIP: INFO: dlg @30004 process response <INVITE:200>.
05-05 16:08:58.742  1965  2897 D LEMON   : 16:08:58.742 SIP: INFO: module start tmr<0x7F> [TIMER SEND_2XX] <2000ms> ok.
05-05 16:08:58.742  1965  2897 D LEMON   : 16:08:58.742 SIP: INFO: module start tmr<0x80> [TIMER STOP_2XX] <128000ms> ok.
05-05 16:08:58.743  1965  2897 D LEMON   : 16:08:58.743 ZOS: INFO: fsm(SIP_IVT) dlg@[196612] state <MODIFY IN> run [SMM_RSP] event ok.
05-05 16:08:58.743  1965  2897 D LEMON   : 16:08:58.743 ZOS: INFO: fsm(SIP_IVT) dlg@[196612] state <MODIFY IN> to <CONFIRMED>.
05-05 16:08:58.743  1965  2897 D LEMON   : 16:08:58.743 SIP: INFO: trans @30007 process response <INVITE:200>.
05-05 16:08:58.743  1965  2897 D LEMON   : 16:08:58.743 SIP: INFO: module stop tmr<0xE0> [TIMER C] ok.
05-05 16:08:58.744  1965  2897 D LEMON   : SIP/2.0 200 OK
05-05 16:08:58.744  1965  2897 D LEMON   : From: "9953592787"<sip:9953592787@ims.mnc872.mcc405.3gppnetwork.org>;tag=aVDdYVe7fc3b7jfg
05-05 16:08:58.744  1965  2897 D LEMON   : To: <sip:+917011021754@ims.mnc872.mcc405.3gppnetwork.org>;tag=NcIbu99501.6v.eopCs3421Jtu
05-05 16:08:58.744  1965  2897 D LEMON   : P-Access-Network-Info: IEEE-802.11;i-wlan-node-id=4045da87d2be
05-05 16:08:58.744  1965  2897 D LEMON   : Supported: 100rel,join,norefersub,replaces,timer
05-05 16:08:58.744  1965  2897 D LEMON   : Allow: INVITE,ACK,BYE,CANCEL,UPDATE,REGISTER,INFO,PRACK,SUBSCRIBE,NOTIFY,MESSAGE,REFER,PUBLISH
05-05 16:08:58.744  1965  2897 D LEMON   : Session-Expires: 1800;refresher=uas
05-05 16:08:58.744  1965  2897 D LEMON   : Min-SE: 600
05-05 16:08:58.744  1965  2897 D LEMON   : Require: timer
05-05 16:08:58.744  1965  2897 D LEMON   : Contact: <sip:405872000010534@[2405:204:1a03:45c7::2aa3:38ac]:5410>;+sip.instance="<urn:gsma:imei:86740002-034179-2>";+g.3gpp.icsi-ref="urn%%3Aurn-7%%3A3gpp-service.ims.icsi.mmtel";video
05-05 16:08:58.744  1965  2897 D LEMON   : Call-ID: I2bu99501.6v.eopCs2421Cn.i@[2405:204:1a03:45c7::2aa3:38ac]
05-05 16:08:58.744  1965  2897 D LEMON   : CSeq: 4 INVITE
05-05 16:08:58.744  1965  2897 D LEMON   : Max-Forwards: 70
05-05 16:08:58.744  1965  2897 D LEMON   : Server: VoWIFI/WFC UA
05-05 16:08:58.744  1965  2897 D LEMON   : Via: SIP/2.0/UDP [2405:200:330:1581::18]:5067;branch=z9hG4bK_IMSCL1550631.000_a2ef49beb4cb23b8b2066fb504b0eae7;lskpmc=P72;received=2405:200:330:1581::18
05-05 16:08:58.744  1965  2897 D LEMON   : Content-Type: application/sdp
05-05 16:08:58.744  1965  2897 D LEMON   : Content-Length: 300
05-05 16:08:58.744  1965  2897 D LEMON   : 
05-05 16:08:58.744  1965  2897 D LEMON   : v=0
05-05 16:08:58.744  1965  2897 D LEMON   : o=405872000010534 1059103148 1059103159 IN IP6 2405:204:1a03:45c7::2aa3:38ac
05-05 16:08:58.744  1965  2897 D LEMON   : s=-
05-05 16:08:58.744  1965  2897 D LEMON   : c=IN IP6 2405:204:1a03:45c7::2aa3:38ac
05-05 16:08:58.744  1965  2897 D LEMON   : t=0 0
05-05 16:08:58.744  1965  2897 D LEMON   : m=audio 37076 RTP/AVP 104
05-05 16:08:58.744  1965  2897 D LEMON   : a=rtpmap:104 AMR-WB/16000
05-05 16:08:58.744  1965  2897 D LEMON   : a=fmtp:104 octet-align=1;mode-change-period=2;mode-change-capability=2
05-05 16:08:58.744  1965  2897 D LEMON   : a=ptime:20
05-05 16:08:58.744  1965  2897 D LEMON   : a=maxptime:80
05-05 16:08:58.744  1965  2897 D LEMON   : a=sendrecv
05-05 16:08:58.744  1965  2897 D LEMON   : 
05-05 16:08:58.745  1965  2897 D LEMON   : 16:08:58.744 UTPT: INFO: conn[0x4] send data[1293] to [2405:200:330:1581::18:5067] ok.
05-05 16:08:58.745  1965  2897 D LEMON   : 16:08:58.745 ZOS: INFO: fsm(SIP_IST) trans@[196615] state <PROCEEDING> run [SEND_2XX] event ok.
05-05 16:08:58.745  1965  2897 D LEMON   : 16:08:58.745 ZOS: INFO: fsm(SIP_IST) trans@[196615] state <PROCEEDING> to <TERMINATED>.
05-05 16:08:58.745  1965  2897 D LEMON   : 16:08:58.745 SIP: INFO: module delete tmr<0xDC> [TIMER G] ok.
05-05 16:08:58.745  1965  2897 D LEMON   : 16:08:58.745 SIP: INFO: module delete tmr<0xDD> [TIMER H] ok.
05-05 16:08:58.745  1965  2897 D LEMON   : 16:08:58.745 SIP: INFO: module delete tmr<0xDE> [TIMER I] ok.
05-05 16:08:58.745  1965  2897 D LEMON   : 16:08:58.745 SIP: INFO: module delete tmr<0xDF> [TIMER L] ok.
05-05 16:08:58.745  1965  2897 D LEMON   : 16:08:58.745 SIP: INFO: module delete tmr<0xE0> [TIMER C] ok.
05-05 16:08:58.848  1965  2141 D LEMON   : 16:08:58.848 UTPT: INFO: recv udp data(len:880) from [2405:200:330:1581::18:32920].
05-05 16:08:58.849  1965  2897 D LEMON   : ACK sip:405872000010534@[2405:204:1a03:45c7::2aa3:38ac]:5410 SIP/2.0
05-05 16:08:58.849  1965  2897 D LEMON   : v:SIP/2.0/UDP [2405:200:330:1581::18]:5067;branch=z9hG4bK_IMSCL1550631.000_3a19bdfab5548733b5333c132cb09a41;lskpmc=P72
05-05 16:08:58.849  1965  2897 D LEMON   : Record-Route:<sip:[2405:200:330:1581::18]:5067;routing_id=pcscf_b_side;lskpmc=P72;lr>
05-05 16:08:58.849  1965  2897 D LEMON   : l:259
05-05 16:08:58.849  1965  2897 D LEMON   : f:<sip:+917011021774@ims.mnc872.mcc405.3gppnetwork.org;user=phone>;tag=A8B1Wd9A4Dai8jbf
05-05 16:08:58.849  1965  2897 D LEMON   : t:<sip:+917011021754@ims.mnc872.mcc405.3gppnetwork.org;user=phone>;tag=11lFQcHauy914+GKv.ektO7742
05-05 16:08:58.849  1965  2897 D LEMON   : i:C009A6B34C0F7CE697615CE4@1270ffffffff
05-05 16:08:58.849  1965  2897 D LEMON   : CSeq:5 ACK
05-05 16:08:58.849  1965  2897 D LEMON   : Max-Forwards:61
05-05 16:08:58.849  1965  2897 D LEMON   : d:no-fork
05-05 16:08:58.849  1965  2897 D LEMON   : c:application/sdp
05-05 16:08:58.849  1965  2897 D LEMON   : Content-Disposition:session;handling=required
05-05 16:08:58.849  1965  2897 D LEMON   : 
05-05 16:08:58.849  1965  2897 D LEMON   : v=0
05-05 16:08:58.849  1965  2897 D LEMON   : o=- 0 6 IN IP6 ims.mnc872.mcc405.3gppnetwork.org
05-05 16:08:58.849  1965  2897 D LEMON   : s=media server session
05-05 16:08:58.849  1965  2897 D LEMON   : t=0 0
05-05 16:08:58.849  1965  2897 D LEMON   : m=audio 21536 RTP/AVP 104
05-05 16:08:58.849  1965  2897 D LEMON   : c=IN IP6 2405:200:330:1586::11
05-05 16:08:58.849  1965  2897 D LEMON   : a=rtpmap:104 AMR-WB/16000
05-05 16:08:58.849  1965  2897 D LEMON   : a=fmtp:104 octet-align=1; mode-change-capability=2
05-05 16:08:58.849  1965  2897 D LEMON   : a=rtcp-xr
05-05 16:08:58.849  1965  2897 D LEMON   : a=ptime:20
05-05 16:08:58.849  1965  2897 D LEMON   : a=recvonly
05-05 16:08:58.849  1965  2897 D LEMON   : 
05-05 16:08:58.850  1965  2897 D LEMON   : 16:08:58.850 SIP: INFO: dlg @30005 process request <ACK>.
05-05 16:08:58.850  1965  2897 D LEMON   : 16:08:58.850 SIP: INFO: module stop tmr<0x91> [TIMER SEND_2XX] ok.
05-05 16:08:58.850  1965  2897 D LEMON   : 16:08:58.850 SIP: INFO: module stop tmr<0x92> [TIMER STOP_2XX] ok.
05-05 16:08:58.853  1965  2897 D LEMON   : 16:08:58.853 ZOS: INFO: fsm(SIP_IVT) dlg@[196613] state <CONFIRMED> run [RECV_ACK] event ok.
05-05 16:08:58.853  1965  2138 D LEMON   : 16:08:58.853 ZOS: INFO: fsm(MTF_CALL) conn@[20] state <CONNECTED> run [SAM IND] event ok.
05-05 16:08:58.856  1965  1965 D LEMON   : 16:08:58.856 RSE: INFO: gui notify LeaveSessMdfyed.
05-05 16:08:59.110  1965  2141 D LEMON   : 16:08:59.110 UTPT: INFO: recv udp data(len:900) from [2405:200:330:1581::18:32920].
05-05 16:08:59.111  1965  2897 D LEMON   : ACK sip:405872000010534@[2405:204:1a03:45c7::2aa3:38ac]:5410 SIP/2.0
05-05 16:08:59.111  1965  2897 D LEMON   : v:SIP/2.0/UDP [2405:200:330:1581::18]:5067;branch=z9hG4bK_IMSCL1550631.000_671935ed47712b421c698784ac33cbc5;lskpmc=P72
05-05 16:08:59.111  1965  2897 D LEMON   : Record-Route:<sip:[2405:200:330:1581::18]:5067;routing_id=pcscf_a_side;lskpmc=P72;lr>
05-05 16:08:59.111  1965  2897 D LEMON   : l:271
05-05 16:08:59.111  1965  2897 D LEMON   : f:"9953592787"<sip:9953592787@ims.mnc872.mcc405.3gppnetwork.org>;tag=aVDdYVe7fc3b7jfg
05-05 16:08:59.111  1965  2897 D LEMON   : t:<sip:+917011021754@ims.mnc872.mcc405.3gppnetwork.org>;tag=NcIbu99501.6v.eopCs3421Jtu
05-05 16:08:59.111  1965  2897 D LEMON   : i:I2bu99501.6v.eopCs2421Cn.i@[2405:204:1a03:45c7::2aa3:38ac]
05-05 16:08:59.111  1965  2897 D LEMON   : CSeq:4 ACK
05-05 16:08:59.111  1965  2897 D LEMON   : Max-Forwards:66
05-05 16:08:59.111  1965  2897 D LEMON   : d:no-fork
05-05 16:08:59.111  1965  2897 D LEMON   : c:application/sdp
05-05 16:08:59.111  1965  2897 D LEMON   : Content-Disposition:session;handling=required
05-05 16:08:59.111  1965  2897 D LEMON   : 
05-05 16:08:59.111  1965  2897 D LEMON   : v=0
05-05 16:08:59.111  1965  2897 D LEMON   : o=- 0 8 IN IP6 ims.mnc872.mcc405.3gppnetwork.org
05-05 16:08:59.111  1965  2897 D LEMON   : s=-
05-05 16:08:59.111  1965  2897 D LEMON   : c=IN IP6 2405:200:330:1586::11
05-05 16:08:59.111  1965  2897 D LEMON   : t=0 0
05-05 16:08:59.111  1965  2897 D LEMON   : m=audio 21456 RTP/AVP 104
05-05 16:08:59.111  1965  2897 D LEMON   : a=sendrecv
05-05 16:08:59.111  1965  2897 D LEMON   : a=ptime:20
05-05 16:08:59.111  1965  2897 D LEMON   : a=maxptime:80
05-05 16:08:59.111  1965  2897 D LEMON   : a=rtpmap:104 AMR-WB/16000
05-05 16:08:59.111  1965  2897 D LEMON   : a=fmtp:104 octet-align=1; mode-change-capability=2
05-05 16:08:59.111  1965  2897 D LEMON   : a=silenceSupp:off - - - -
05-05 16:08:59.111  1965  2897 D LEMON   : 
05-05 16:08:59.112  1965  2897 D LEMON   : 16:08:59.112 SIP: INFO: dlg @30004 process request <ACK>.
05-05 16:08:59.112  1965  2897 D LEMON   : 16:08:59.112 SIP: INFO: module stop tmr<0x7F> [TIMER SEND_2XX] ok.
05-05 16:08:59.112  1965  2897 D LEMON   : 16:08:59.112 SIP: INFO: module stop tmr<0x80> [TIMER STOP_2XX] ok.
05-05 16:08:59.115  1965  2138 D LEMON   : 16:08:59.115 ZOS: INFO: fsm(MTF_CALL) conn@[19] state <CONNECTED> run [SAM IND] event ok.
05-05 16:08:59.115  1965  2897 D LEMON   : 16:08:59.115 ZOS: INFO: fsm(SIP_IVT) dlg@[196612] state <CONFIRMED> run [RECV_ACK] event ok.
05-05 16:08:59.118  1965  1965 D LEMON   : 16:08:59.118 RSE: INFO: gui notify LeaveSessMdfyed.
05-05 16:09:01.594  1965  2897 D LEMON   : 16:09:01.594 SIP: INFO: dlg @30004 process request <INVITE>.
05-05 16:09:01.594  1965  2897 D LEMON   : 16:09:01.594 SIP: INFO: module create tmr<0xE1> [TIMER A] ok.
05-05 16:09:01.594  1965  2897 D LEMON   : 16:09:01.594 SIP: INFO: module create tmr<0xE2> [TIMER B] ok.
05-05 16:09:01.594  1965  2897 D LEMON   : 16:09:01.594 SIP: INFO: module create tmr<0xE3> [TIMER D] ok.
05-05 16:09:01.594  1965  2897 D LEMON   : 16:09:01.594 SIP: INFO: module create tmr<0xE4> [TIMER WAIT_CONN] ok.
05-05 16:09:01.594  1965  2897 D LEMON   : 16:09:01.594 SIP: INFO: module create tmr<0xE5> [TIMER C] ok.
05-05 16:09:01.594  1965  2897 D LEMON   : 16:09:01.594 ZOS: INFO: fsm(SIP_IVT) dlg@[196612] state <CONFIRMED> run [SMM_REQ] event ok.
05-05 16:09:01.616  1965  2897 D LEMON   : 16:09:01.616 ZOS: INFO: fsm(SIP_IVT) dlg@[196612] state <CONFIRMED> to <MODIFY OUT>.
05-05 16:09:01.616  1965  2897 D LEMON   : 16:09:01.616 SIP: INFO: trans @30008 process request <INVITE>.
05-05 16:09:01.619  1965  2138 D LEMON   : 16:09:01.618 ZOS: INFO: fsm(MTF_CALL) conn@[19] state <CONNECTED> run [USER HOLD] event ok.
05-05 16:09:01.619  1965  2138 D LEMON   : 16:09:01.619 ZOS: INFO: fsm(MTF_CALL) conn@[19] state <CONNECTED> to <MODIFYOUT>.
05-05 16:09:01.618  1965  2897 D LEMON   : INVITE sip:+919953592787;npdi;rn=4108;rn-context=+91@10.56.4.27:5070;transport=tcp;yop=00.00.73162006.0000.7018;ccsId=65 SIP/2.0
05-05 16:09:01.618  1965  2897 D LEMON   : From: <sip:+917011021754@ims.mnc872.mcc405.3gppnetwork.org>;tag=NcIbu99501.6v.eopCs3421Jtu
05-05 16:09:01.618  1965  2897 D LEMON   : To: "9953592787"<sip:9953592787@ims.mnc872.mcc405.3gppnetwork.org>;tag=aVDdYVe7fc3b7jfg
05-05 16:09:01.618  1965  2897 D LEMON   : Contact: <sip:405872000010534@[2405:204:1a03:45c7::2aa3:38ac]:5410>;+sip.instance="<urn:gsma:imei:86740002-034179-2>";+g.3gpp.icsi-ref="urn%%3Aurn-7%%3A3gpp-service.ims.icsi.mmtel";video
05-05 16:09:01.618  1965  2897 D LEMON   : Supported: 100rel,join,norefersub,replaces,timer,sec-agree
05-05 16:09:01.618  1965  2897 D LEMON   : Allow: INVITE,ACK,BYE,CANCEL,UPDATE,REGISTER,INFO,PRACK,SUBSCRIBE,NOTIFY,MESSAGE,REFER,PUBLISH
05-05 16:09:01.618  1965  2897 D LEMON   : Session-Expires: 1800
05-05 16:09:01.618  1965  2897 D LEMON   : Min-SE: 600
05-05 16:09:01.618  1965  2897 D LEMON   : P-Access-Network-Info: IEEE-802.11;i-wlan-node-id=4045da87d2be
05-05 16:09:01.618  1965  2897 D LEMON   : Security-Verify: ipsec-3gpp;prot=esp;alg=hmac-md5-96;ealg=aes-cbc;mod=trans;spi-c=1460652955;spi-s=1460652956;port-c=32920;port-s=5067;q=0.6
05-05 16:09:01.618  1965  2897 D LEMON   : Security-Verify: ipsec-3gpp;prot=esp;alg=hmac-md5-96;ealg=des-ede3-cbc;mod=trans;spi-c=1460652955;spi-s=1460652956;port-c=32920;port-s=5067;q=0.4
05-05 16:09:01.618  1965  2897 D LEMON   : Security-Verify: ipsec-3gpp;prot=esp;alg=hmac-md5-96;ealg=null;mod=trans;spi-c=1460652955;spi-s=1460652956;port-c=32920;port-s=5067;q=0.3
05-05 16:09:01.618  1965  2897 D LEMON   : Security-Verify: ipsec-3gpp;prot=esp;alg=hmac-sha-1-96;ealg=des-ede3-cbc;mod=trans;spi-c=1460652955;spi-s=1460652956;port-c=32920;port-s=5067;q=0.1
05-05 16:09:01.618  1965  2897 D LEMON   : Security-Verify: ipsec-3gpp;prot=esp;alg=hmac-sha-1-96;ealg=aes-cbc;mod=trans;spi-c=1460652955;spi-s=1460652956;port-c=32920;port-s=5067;q=0.2
05-05 16:09:01.618  1965  2897 D LEMON   : Security-Verify: ipsec-3gpp;prot=esp;alg=hmac-sha-1-96;ealg=null;mod=trans;spi-c=1460652955;spi-s=1460652956;port-c=32920;port-s=5067;q=0.5
05-05 16:09:01.618  1965  2897 D LEMON   : Proxy-Require: sec-agree
05-05 16:09:01.618  1965  2897 D LEMON   : Require: sec-agree
05-05 16:09:01.618  1965  2897 D LEMON   : Route: <sip:[2405:200:330:1581::18]:5067;routing_id=pcscf_a_side;lskpmc=P72;lr>
05-05 16:09:01.618  1965  2897 D LEMON   : Call-ID: I2bu99501.6v.eopCs2421Cn.i@[2405:204:1a03:45c7::2aa3:38ac]
05-05 16:09:01.618  1965  2897 D LEMON   : CSeq: 7 INVITE
05-05 16:09:01.618  1965  2897 D LEMON   : Max-Forwards: 70
05-05 16:09:01.618  1965  2897 D LEMON   : User-Agent: VoWIFI/WFC UA
05-05 16:09:01.618  1965  2897 D LEMON   : Via: SIP/2.0/UDP [2405:204:1a03:45c7::2aa3:38ac]:5410;branch=z9hG4bK.p1iTv.euVCFg4215k0.IqdKE+;rport
05-05 16:09:01.618  1965  2897 D LEMON   : Content-Type: application/sdp
05-05 16:09:01.618  1965  2897 D LEMON   : Content-Length: 329
05-05 16:09:01.618  1965  2897 D LEMON   : 
05-05 16:09:01.618  1965  2897 D LEMON   : v=0
05-05 16:09:01.618  1965  2897 D LEMON   : o=405872000010534 1059103148 1059103161 IN IP6 2405:204:1a03:45c7::2aa3:38ac
05-05 16:09:01.618  1965  2897 D LEMON   : s=-
05-05 16:09:01.618  1965  2897 D LEMON   : c=IN IP6 2405:204:1a03:45c7::2aa3:38ac
05-05 16:09:01.618  1965  2897 D LEMON   : t=0 0
05-05 16:09:01.618  1965  2897 D LEMON   : m=audio 37076 RTP/AVP 104 103
05-05 16:09:01.618  1965  2897 D LEMON   : a=rtpmap:104 AMR-WB/16000
05-05 16:09:01.618  1965  2897 D LEMON   : a=fmtp:104 octet-align=1
05-05 16:09:01.618  1965  2897 D LEMON   : a=rtpmap:103 AMR/8000
05-05 16:09:01.618  1965  2897 D LEMON   : a=fmtp:103 mode-set=0,1,2,3,4,5;octet-align=1
05-05 16:09:01.618  1965  2897 D LEMON   : a=ptime:20
05-05 16:09:01.618  1965  2897 D LEMON   : a=maxptime:400
05-05 16:09:01.618  1965  2897 D LEMON   : a=sendonly
05-05 16:09:01.618  1965  2897 D LEMON   : 
05-05 16:09:01.621  1965  2897 D LEMON   : 16:09:01.621 UTPT: INFO: conn[0x4] send data[2357] to [2405:200:330:1581::18:5067] ok.
05-05 16:09:01.621  1965  2897 D LEMON   : 16:09:01.621 SIP: INFO: module start tmr<0xE1> [TIMER A] <2000ms> ok.
05-05 16:09:01.621  1965  2897 D LEMON   : 16:09:01.621 SIP: INFO: module start tmr<0xE2> [TIMER B] <128000ms> ok.
05-05 16:09:01.621  1965  2897 D LEMON   : 16:09:01.621 SIP: INFO: module start tmr<0xE5> [TIMER C] <200000ms> ok.
05-05 16:09:01.621  1965  2897 D LEMON   : 16:09:01.621 ZOS: INFO: fsm(SIP_ICT) trans@[196616] state <IDLE> run [SEND_INVITE] event ok.
05-05 16:09:01.621  1965  2897 D LEMON   : 16:09:01.621 ZOS: INFO: fsm(SIP_ICT) trans@[196616] state <IDLE> to <CALLING>.
05-05 16:09:01.669  1965  2141 D LEMON   : 16:09:01.669 UTPT: INFO: recv udp data(len:423) from [2405:200:330:1581::18:32920].
05-05 16:09:01.669  1965  2897 D LEMON   : SIP/2.0 100 Trying
05-05 16:09:01.669  1965  2897 D LEMON   : f:<sip:+917011021754@ims.mnc872.mcc405.3gppnetwork.org>;tag=NcIbu99501.6v.eopCs3421Jtu
05-05 16:09:01.669  1965  2897 D LEMON   : t:"9953592787"<sip:9953592787@ims.mnc872.mcc405.3gppnetwork.org>;tag=aVDdYVe7fc3b7jfg
05-05 16:09:01.669  1965  2897 D LEMON   : i:I2bu99501.6v.eopCs2421Cn.i@[2405:204:1a03:45c7::2aa3:38ac]
05-05 16:09:01.669  1965  2897 D LEMON   : CSeq:7 INVITE
05-05 16:09:01.669  1965  2897 D LEMON   : v:SIP/2.0/UDP [2405:204:1a03:45c7::2aa3:38ac]:5410;branch=z9hG4bK.p1iTv.euVCFg4215k0.IqdKE+;rport=35391;received=2405:204:1a03:45c7::2aa3:38ac
05-05 16:09:01.669  1965  2897 D LEMON   : l:0
05-05 16:09:01.669  1965  2897 D LEMON   : 
05-05 16:09:01.669  1965  2897 D LEMON   : 
05-05 16:09:01.670  1965  2897 D LEMON   : 16:09:01.670 SIP: INFO: trans @30008 process response <INVITE:100>.
05-05 16:09:01.670  1965  2897 D LEMON   : 16:09:01.670 SIP: INFO: module stop tmr<0xE1> [TIMER A] ok.
05-05 16:09:01.670  1965  2897 D LEMON   : 16:09:01.670 SIP: INFO: module stop tmr<0xE2> [TIMER B] ok.
05-05 16:09:01.670  1965  2897 D LEMON   : 16:09:01.670 SIP: INFO: module stop tmr<0xE5> [TIMER C] ok.
05-05 16:09:01.670  1965  2897 D LEMON   : 16:09:01.670 SIP: INFO: module start tmr<0xE5> [TIMER C] <200000ms> ok.
05-05 16:09:01.671  1965  2897 D LEMON   : 16:09:01.671 ZOS: INFO: fsm(SIP_ICT) trans@[196616] state <CALLING> run [RECV_1XX] event ok.
05-05 16:09:01.671  1965  2897 D LEMON   : 16:09:01.671 ZOS: INFO: fsm(SIP_ICT) trans@[196616] state <CALLING> to <PROCEEDING>.
05-05 16:09:01.671  1965  2897 D LEMON   : 16:09:01.671 SIP: INFO: dlg @30004 process response <INVITE:100>.
05-05 16:09:01.671  1965  2897 D LEMON   : 16:09:01.671 ZOS: INFO: fsm(SIP_IVT) dlg@[196612] state <MODIFY OUT> run [RECV_1XX] event ok.
05-05 16:09:01.982  1965  2141 D LEMON   : 16:09:01.982 UTPT: INFO: recv udp data(len:1288) from [2405:200:330:1581::18:32920].
05-05 16:09:01.983  1965  2897 D LEMON   : SIP/2.0 200 OK
05-05 16:09:01.983  1965  2897 D LEMON   : l:271
05-05 16:09:01.983  1965  2897 D LEMON   : f:<sip:+917011021754@ims.mnc872.mcc405.3gppnetwork.org>;tag=NcIbu99501.6v.eopCs3421Jtu
05-05 16:09:01.983  1965  2897 D LEMON   : t:"9953592787"<sip:9953592787@ims.mnc872.mcc405.3gppnetwork.org>;tag=aVDdYVe7fc3b7jfg
05-05 16:09:01.983  1965  2897 D LEMON   : v:SIP/2.0/UDP [2405:204:1a03:45c7::2aa3:38ac]:5410;branch=z9hG4bK.p1iTv.euVCFg4215k0.IqdKE+;rport=35391;received=2405:204:1a03:45c7::2aa3:38ac
05-05 16:09:01.983  1965  2897 D LEMON   : i:I2bu99501.6v.eopCs2421Cn.i@[2405:204:1a03:45c7::2aa3:38ac]
05-05 16:09:01.983  1965  2897 D LEMON   : CSeq:7 INVITE
05-05 16:09:01.983  1965  2897 D LEMON   : Record-Route:<sip:[2405:200:330:1581::18]:5067;routing_id=pcscf_a_side;lskpmc=P72;lr>
05-05 16:09:01.983  1965  2897 D LEMON   : x:1800;refresher=uac
05-05 16:09:01.983  1965  2897 D LEMON   : m:<sip:+919953592787;npdi;rn=4108;rn-context=+91@10.56.4.27:5070;transport=TCP;yop=00.00.73162006.0000.7018;ccsId=65>
05-05 16:09:01.983  1965  2897 D LEMON   : Require:timer
05-05 16:09:01.983  1965  2897 D LEMON   : k:100rel,path,precondition,replaces,timer,histinfo,eventlist,norefersub,tdialog
05-05 16:09:01.983  1965  2897 D LEMON   : Allow:ACK,BYE,CANCEL,INFO,INVITE,NOTIFY,OPTIONS,PRACK,REFER,UPDATE
05-05 16:09:01.983  1965  2897 D LEMON   : Feature-Caps:*;+g.3gpp.srvcc;+g.3gpp.icsi-ref="urn%%3Aurn-7%%3A3gpp-service.ims.icsi.mmtel"
05-05 16:09:01.983  1965  2897 D LEMON   : c:application/sdp
05-05 16:09:01.983  1965  2897 D LEMON   : Content-Disposition:session;handling=required
05-05 16:09:01.983  1965  2897 D LEMON   : Server:Alcatel-Lucent 5060 MGC-8 9.5.0.2.0.18
05-05 16:09:01.983  1965  2897 D LEMON   : 
05-05 16:09:01.983  1965  2897 D LEMON   : v=0
05-05 16:09:01.983  1965  2897 D LEMON   : o=- 0 9 IN IP6 ims.mnc872.mcc405.3gppnetwork.org
05-05 16:09:01.983  1965  2897 D LEMON   : s=-
05-05 16:09:01.983  1965  2897 D LEMON   : c=IN IP6 2405:200:330:1586::11
05-05 16:09:01.983  1965  2897 D LEMON   : t=0 0
05-05 16:09:01.983  1965  2897 D LEMON   : m=audio 21456 RTP/AVP 104
05-05 16:09:01.983  1965  2897 D LEMON   : a=recvonly
05-05 16:09:01.983  1965  2897 D LEMON   : a=ptime:20
05-05 16:09:01.983  1965  2897 D LEMON   : a=maxptime:80
05-05 16:09:01.983  1965  2897 D LEMON   : a=rtpmap:104 AMR-WB/16000
05-05 16:09:01.983  1965  2897 D LEMON   : a=fmtp:104 octet-align=1; mode-change-capability=2
05-05 16:09:01.983  1965  2897 D LEMON   : a=silenceSupp:off - - - -
05-05 16:09:01.983  1965  2897 D LEMON   : 
05-05 16:09:01.984  1965  2897 D LEMON   : 16:09:01.983 SIP: INFO: trans @30008 process response <INVITE:200>.
05-05 16:09:01.984  1965  2897 D LEMON   : 16:09:01.984 SIP: INFO: module stop tmr<0xE5> [TIMER C] ok.
05-05 16:09:01.984  1965  2897 D LEMON   : 16:09:01.984 ZOS: INFO: fsm(SIP_ICT) trans@[196616] state <PROCEEDING> run [RECV_2XX] event ok.
05-05 16:09:01.984  1965  2897 D LEMON   : 16:09:01.984 ZOS: INFO: fsm(SIP_ICT) trans@[196616] state <PROCEEDING> to <TERMINATED>.
05-05 16:09:01.984  1965  2897 D LEMON   : 16:09:01.984 SIP: INFO: dlg @30004 process response <INVITE:200>.
05-05 16:09:01.984  1965  2897 D LEMON   : 16:09:01.984 SIP: INFO: module start tmr<0x7E> [TIMER WAIT_SAM] <128000ms> ok.
05-05 16:09:01.987  1965  2897 D LEMON   : 16:09:01.987 ZOS: INFO: fsm(SIP_IVT) dlg@[196612] state <MODIFY OUT> run [RECV_2XX] event ok.
05-05 16:09:01.987  1965  2897 D LEMON   : 16:09:01.987 ZOS: INFO: fsm(SIP_IVT) dlg@[196612] state <MODIFY OUT> to <CONFIRMED>.
05-05 16:09:01.987  1965  2897 D LEMON   : 16:09:01.987 SIP: INFO: module delete tmr<0xE1> [TIMER A] ok.
05-05 16:09:01.987  1965  2897 D LEMON   : 16:09:01.987 SIP: INFO: module delete tmr<0xE2> [TIMER B] ok.
05-05 16:09:01.987  1965  2897 D LEMON   : 16:09:01.987 SIP: INFO: module delete tmr<0xE3> [TIMER D] ok.
05-05 16:09:01.987  1965  2897 D LEMON   : 16:09:01.987 SIP: INFO: module delete tmr<0xE4> [TIMER WAIT_CONN] ok.
05-05 16:09:01.988  1965  2897 D LEMON   : 16:09:01.987 SIP: INFO: module delete tmr<0xE5> [TIMER C] ok.
05-05 16:09:01.993  1965  2138 D LEMON   : 16:09:01.993 ZOS: INFO: fsm(MTF_CALL) conn@[19] state <MODIFYOUT> run [SMM CNF] event ok.
05-05 16:09:01.993  1965  2138 D LEMON   : 16:09:01.993 ZOS: INFO: fsm(MTF_CALL) conn@[19] state <MODIFYOUT> to <CONNECTED>.
05-05 16:09:01.996  1965  1965 D LEMON   : 16:09:01.996 RSE: INFO: gui notify LeaveSessHoldOk.
05-05 16:09:01.997  1965  2897 D LEMON   : 16:09:01.997 SIP: INFO: dlg @30004 process request <ACK>.
05-05 16:09:01.999  1965  2897 D LEMON   : ACK sip:+919953592787;npdi;rn=4108;rn-context=+91@10.56.4.27:5070;transport=tcp;yop=00.00.73162006.0000.7018;ccsId=65 SIP/2.0
05-05 16:09:01.999  1965  2897 D LEMON   : From: <sip:+917011021754@ims.mnc872.mcc405.3gppnetwork.org>;tag=NcIbu99501.6v.eopCs3421Jtu
05-05 16:09:01.999  1965  2897 D LEMON   : To: "9953592787"<sip:9953592787@ims.mnc872.mcc405.3gppnetwork.org>;tag=aVDdYVe7fc3b7jfg
05-05 16:09:01.999  1965  2897 D LEMON   : Contact: <sip:405872000010534@[2405:204:1a03:45c7::2aa3:38ac]:5410>;+sip.instance="<urn:gsma:imei:86740002-034179-2>";+g.3gpp.icsi-ref="urn%%3Aurn-7%%3A3gpp-service.ims.icsi.mmtel";video
05-05 16:09:01.999  1965  2897 D LEMON   : P-Access-Network-Info: IEEE-802.11;i-wlan-node-id=4045da87d2be
05-05 16:09:01.999  1965  2897 D LEMON   : Proxy-Require: sec-agree
05-05 16:09:01.999  1965  2897 D LEMON   : Require: sec-agree
05-05 16:09:01.999  1965  2897 D LEMON   : Supported: sec-agree
05-05 16:09:01.999  1965  2897 D LEMON   : Route: <sip:[2405:200:330:1581::18]:5067;routing_id=pcscf_a_side;lskpmc=P72;lr>
05-05 16:09:01.999  1965  2897 D LEMON   : Call-ID: I2bu99501.6v.eopCs2421Cn.i@[2405:204:1a03:45c7::2aa3:38ac]
05-05 16:09:01.999  1965  2897 D LEMON   : CSeq: 7 ACK
05-05 16:09:01.999  1965  2897 D LEMON   : Max-Forwards: 70
05-05 16:09:01.999  1965  2897 D LEMON   : User-Agent: VoWIFI/WFC UA
05-05 16:09:01.999  1965  2897 D LEMON   : Via: SIP/2.0/UDP [2405:204:1a03:45c7::2aa3:38ac]:35391;branch=z9hG4bK+.p1iTv.euVCFh4211lFQcGdKE;rport
05-05 16:09:01.999  1965  2897 D LEMON   : Content-Length: 0
05-05 16:09:01.999  1965  2897 D LEMON   : 
05-05 16:09:01.999  1965  2897 D LEMON   : 
05-05 16:09:02.000  1965  2897 D LEMON   : 16:09:02.000 UTPT: INFO: conn[0x4] send data[958] to [2405:200:330:1581::18:5067] ok.
05-05 16:09:02.000  1965  2897 D LEMON   : 16:09:02.000 SIP: INFO: module stop tmr<0x7E> [TIMER WAIT_SAM] ok.
05-05 16:09:02.000  1965  2897 D LEMON   : 16:09:02.000 ZOS: INFO: fsm(SIP_IVT) dlg@[196612] state <CONFIRMED> run [SAM_REQ] event ok.
05-05 16:09:02.024  1965  2897 D LEMON   : 16:09:02.024 SIP: INFO: dlg @30005 process request <INVITE>.
05-05 16:09:02.024  1965  2897 D LEMON   : 16:09:02.024 SIP: INFO: module create tmr<0xE6> [TIMER A] ok.
05-05 16:09:02.024  1965  2897 D LEMON   : 16:09:02.024 SIP: INFO: module create tmr<0xE7> [TIMER B] ok.
05-05 16:09:02.024  1965  2897 D LEMON   : 16:09:02.024 SIP: INFO: module create tmr<0xE8> [TIMER D] ok.
05-05 16:09:02.024  1965  2897 D LEMON   : 16:09:02.024 SIP: INFO: module create tmr<0xE9> [TIMER WAIT_CONN] ok.
05-05 16:09:02.024  1965  2897 D LEMON   : 16:09:02.024 SIP: INFO: module create tmr<0xEA> [TIMER C] ok.
05-05 16:09:02.024  1965  2897 D LEMON   : 16:09:02.024 ZOS: INFO: fsm(SIP_IVT) dlg@[196613] state <CONFIRMED> run [SMM_REQ] event ok.
05-05 16:09:02.024  1965  2897 D LEMON   : 16:09:02.024 ZOS: INFO: fsm(SIP_IVT) dlg@[196613] state <CONFIRMED> to <MODIFY OUT>.
05-05 16:09:02.025  1965  2897 D LEMON   : 16:09:02.025 SIP: INFO: trans @30006 process request <INVITE>.
05-05 16:09:02.027  1965  2138 D LEMON   : 16:09:02.027 ZOS: INFO: fsm(MTF_CALL) conn@[20] state <CONNECTED> run [USER UNHOLD] event ok.
05-05 16:09:02.027  1965  2138 D LEMON   : 16:09:02.027 ZOS: INFO: fsm(MTF_CALL) conn@[20] state <CONNECTED> to <MODIFYOUT>.
05-05 16:09:02.026  1965  2897 D LEMON   : INVITE sip:405872000010553@10.56.4.26:5070;yop=00.00.73162006.0000.7012 SIP/2.0
05-05 16:09:02.026  1965  2897 D LEMON   : From: <sip:+917011021754@ims.mnc872.mcc405.3gppnetwork.org;user=phone>;tag=11lFQcHauy914+GKv.ektO7742
05-05 16:09:02.026  1965  2897 D LEMON   : To: <sip:+917011021774@ims.mnc872.mcc405.3gppnetwork.org;user=phone>;tag=A8B1Wd9A4Dai8jbf
05-05 16:09:02.026  1965  2897 D LEMON   : Contact: <sip:405872000010534@[2405:204:1a03:45c7::2aa3:38ac]:5410>;+sip.instance="<urn:gsma:imei:86740002-034179-2>";+g.3gpp.icsi-ref="urn%%3Aurn-7%%3A3gpp-service.ims.icsi.mmtel";video
05-05 16:09:02.026  1965  2897 D LEMON   : Supported: 100rel,join,norefersub,replaces,timer,sec-agree
05-05 16:09:02.026  1965  2897 D LEMON   : Allow: INVITE,ACK,BYE,CANCEL,UPDATE,REGISTER,INFO,PRACK,SUBSCRIBE,NOTIFY,MESSAGE,REFER,PUBLISH
05-05 16:09:02.026  1965  2897 D LEMON   : Session-Expires: 1800
05-05 16:09:02.026  1965  2897 D LEMON   : Min-SE: 600
05-05 16:09:02.026  1965  2897 D LEMON   : P-Access-Network-Info: IEEE-802.11;i-wlan-node-id=4045da87d2be
05-05 16:09:02.026  1965  2897 D LEMON   : Proxy-Require: sec-agree
05-05 16:09:02.026  1965  2897 D LEMON   : Require: sec-agree
05-05 16:09:02.026  1965  2897 D LEMON   : Route: <sip:[2405:200:330:1581::18]:5067;routing_id=pcscf_b_side;lskpmc=P72;lr>
05-05 16:09:02.026  1965  2897 D LEMON   : Call-ID: C009A6B34C0F7CE697615CE4@1270ffffffff
05-05 16:09:02.026  1965  2897 D LEMON   : CSeq: 4 INVITE
05-05 16:09:02.026  1965  2897 D LEMON   : Max-Forwards: 70
05-05 16:09:02.026  1965  2897 D LEMON   : User-Agent: VoWIFI/WFC UA
05-05 16:09:02.026  1965  2897 D LEMON   : Via: SIP/2.0/UDP [2405:204:1a03:45c7::2aa3:38ac]:5410;branch=z9hG4bKE+.p1iTv.euVCFi421-kdiIqdK;rport
05-05 16:09:02.026  1965  2897 D LEMON   : Content-Type: application/sdp
05-05 16:09:02.026  1965  2897 D LEMON   : Content-Length: 327
05-05 16:09:02.026  1965  2897 D LEMON   : 
05-05 16:09:02.026  1965  2897 D LEMON   : v=0
05-05 16:09:02.026  1965  2897 D LEMON   : o=405872000010534 987213414 987213424 IN IP6 2405:204:1a03:45c7::2aa3:38ac
05-05 16:09:02.026  1965  2897 D LEMON   : s=-
05-05 16:09:02.026  1965  2897 D LEMON   : c=IN IP6 2405:204:1a03:45c7::2aa3:38ac
05-05 16:09:02.026  1965  2897 D LEMON   : t=0 0
05-05 16:09:02.026  1965  2897 D LEMON   : m=audio 37088 RTP/AVP 104 103
05-05 16:09:02.026  1965  2897 D LEMON   : a=rtpmap:104 AMR-WB/16000
05-05 16:09:02.026  1965  2897 D LEMON   : a=fmtp:104 octet-align=1
05-05 16:09:02.026  1965  2897 D LEMON   : a=rtpmap:103 AMR/8000
05-05 16:09:02.026  1965  2897 D LEMON   : a=fmtp:103 mode-set=0,1,2,3,4,5;octet-align=1
05-05 16:09:02.026  1965  2897 D LEMON   : a=ptime:20
05-05 16:09:02.026  1965  2897 D LEMON   : a=maxptime:400
05-05 16:09:02.026  1965  2897 D LEMON   : a=sendrecv
05-05 16:09:02.026  1965  2897 D LEMON   : 
05-05 16:09:02.028  1965  2897 D LEMON   : 16:09:02.028 UTPT: INFO: conn[0x4] send data[1436] to [2405:200:330:1581::18:5067] ok.
05-05 16:09:02.028  1965  2897 D LEMON   : 16:09:02.028 SIP: INFO: module start tmr<0xE6> [TIMER A] <2000ms> ok.
05-05 16:09:02.028  1965  2897 D LEMON   : 16:09:02.028 SIP: INFO: module start tmr<0xE7> [TIMER B] <128000ms> ok.
05-05 16:09:02.028  1965  2897 D LEMON   : 16:09:02.028 SIP: INFO: module start tmr<0xEA> [TIMER C] <200000ms> ok.
05-05 16:09:02.029  1965  2897 D LEMON   : 16:09:02.029 ZOS: INFO: fsm(SIP_ICT) trans@[196614] state <IDLE> run [SEND_INVITE] event ok.
05-05 16:09:02.029  1965  2897 D LEMON   : 16:09:02.029 ZOS: INFO: fsm(SIP_ICT) trans@[196614] state <IDLE> to <CALLING>.
05-05 16:09:02.076  1965  2141 D LEMON   : 16:09:02.076 UTPT: INFO: recv udp data(len:950) from [2405:200:330:1581::18:32920].
05-05 16:09:02.077  1965  2897 D LEMON   : INVITE sip:405872000010534@[2405:204:1a03:45c7::2aa3:38ac]:5410 SIP/2.0
05-05 16:09:02.077  1965  2897 D LEMON   : v:SIP/2.0/UDP [2405:200:330:1581::18]:5067;branch=z9hG4bK_IMSCL1550631.000_a12c9a8eb35dd1c626292132dccc567c;lskpmc=P72
05-05 16:09:02.077  1965  2897 D LEMON   : Record-Route:<sip:[2405:200:330:1581::18]:5067;routing_id=pcscf_a_side;lskpmc=P72;lr>
05-05 16:09:02.077  1965  2897 D LEMON   : l:0
05-05 16:09:02.077  1965  2897 D LEMON   : f:"9953592787"<sip:9953592787@ims.mnc872.mcc405.3gppnetwork.org>;tag=aVDdYVe7fc3b7jfg
05-05 16:09:02.077  1965  2897 D LEMON   : t:<sip:+917011021754@ims.mnc872.mcc405.3gppnetwork.org>;tag=NcIbu99501.6v.eopCs3421Jtu
