05-05 16:06:59.065  1965  2897 D LEMON   : 16:06:59.065 UTPT: INFO: conn[0x4] send data[4] to [2405:200:330:1581::18:5067] ok.
05-05 16:07:55.409  1965  2897 D LEMON   : 16:07:55.409 SIP: INFO: module create tmr<0x7E> [TIMER WAIT_SAM] ok.
05-05 16:07:55.409  1965  2897 D LEMON   : 16:07:55.409 SIP: INFO: module create tmr<0x7F> [TIMER SEND_2XX] ok.
05-05 16:07:55.409  1965  2897 D LEMON   : 16:07:55.409 SIP: INFO: module create tmr<0x80> [TIMER STOP_2XX] ok.
05-05 16:07:55.410  1965  2897 D LEMON   : 16:07:55.410 SIP: INFO: dlg @30004 process request <INVITE>.
05-05 16:07:55.410  1965  2897 D LEMON   : 16:07:55.410 SIP: INFO: module create tmr<0x81> [TIMER A] ok.
05-05 16:07:55.410  1965  2897 D LEMON   : 16:07:55.410 SIP: INFO: module create tmr<0x82> [TIMER B] ok.
05-05 16:07:55.410  1965  2897 D LEMON   : 16:07:55.410 SIP: INFO: module create tmr<0x83> [TIMER D] ok.
05-05 16:07:55.410  1965  2897 D LEMON   : 16:07:55.410 SIP: INFO: module create tmr<0x84> [TIMER WAIT_CONN] ok.
05-05 16:07:55.410  1965  2897 D LEMON   : 16:07:55.410 SIP: INFO: module create tmr<0x85> [TIMER C] ok.
05-05 16:07:55.410  1965  2897 D LEMON   : 16:07:55.410 ZOS: INFO: fsm(SIP_IVT) dlg@[196612] state <IDLE> run [SIM_REQ] event ok.
05-05 16:07:55.410  1965  2897 D LEMON   : 16:07:55.410 ZOS: INFO: fsm(SIP_IVT) dlg@[196612] state <IDLE> to <IVT_OUT>.
05-05 16:07:55.411  1965  2897 D LEMON   : 16:07:55.411 SIP: INFO: trans @30007 process request <INVITE>.
05-05 16:07:55.412  1965  2897 D LEMON   : INVITE sip:9953592787@ims.mnc872.mcc405.3gppnetwork.org SIP/2.0
05-05 16:07:55.412  1965  2897 D LEMON   : From: <sip:+917011021754@ims.mnc872.mcc405.3gppnetwork.org>;tag=NcIbu99501.6v.eopCs3421Jtu
05-05 16:07:55.412  1965  2897 D LEMON   : To: "9953592787"<sip:9953592787@ims.mnc872.mcc405.3gppnetwork.org>
05-05 16:07:55.412  1965  2897 D LEMON   : P-Preferred-Identity: <sip:+917011021754@ims.mnc872.mcc405.3gppnetwork.org>
05-05 16:07:55.412  1965  2897 D LEMON   : Contact: <sip:405872000010534@[2405:204:1a03:45c7::2aa3:38ac]:5410>;+sip.instance="<urn:gsma:imei:86740002-034179-2>";+g.3gpp.icsi-ref="urn%%3Aurn-7%%3A3gpp-service.ims.icsi.mmtel";video;+g.3gpp.icsi-ref="urn%%3Aurn-7%%3A3gpp-service.ims.icsi.mmtel"
05-05 16:07:55.412  1965  2897 D LEMON   : Accept-Contact: *;+g.3gpp.icsi-ref="urn%%3Aurn-7%%3A3gpp-service.ims.icsi.mmtel"
05-05 16:07:55.412  1965  2897 D LEMON   : P-Early-Media: supported
05-05 16:07:55.412  1965  2897 D LEMON   : Session-Expires: 1800
05-05 16:07:55.412  1965  2897 D LEMON   : Min-SE: 600
05-05 16:07:55.412  1965  2897 D LEMON   : Supported: 100rel,join,norefersub,replaces,timer,sec-agree
05-05 16:07:55.412  1965  2897 D LEMON   : Allow: INVITE,ACK,BYE,CANCEL,UPDATE,REGISTER,INFO,PRACK,SUBSCRIBE,NOTIFY,MESSAGE,REFER,PUBLISH
05-05 16:07:55.412  1965  2897 D LEMON   : P-Access-Network-Info: IEEE-802.11;i-wlan-node-id=4045da87d2be
05-05 16:07:55.412  1965  2897 D LEMON   : Security-Verify: ipsec-3gpp;prot=esp;alg=hmac-md5-96;ealg=aes-cbc;mod=trans;spi-c=1460652955;spi-s=1460652956;port-c=32920;port-s=5067;q=0.6
05-05 16:07:55.412  1965  2897 D LEMON   : Security-Verify: ipsec-3gpp;prot=esp;alg=hmac-md5-96;ealg=des-ede3-cbc;mod=trans;spi-c=1460652955;spi-s=1460652956;port-c=32920;port-s=5067;q=0.4
05-05 16:07:55.412  1965  2897 D LEMON   : Security-Verify: ipsec-3gpp;prot=esp;alg=hmac-md5-96;ealg=null;mod=trans;spi-c=1460652955;spi-s=1460652956;port-c=32920;port-s=5067;q=0.3
05-05 16:07:55.412  1965  2897 D LEMON   : Security-Verify: ipsec-3gpp;prot=esp;alg=hmac-sha-1-96;ealg=des-ede3-cbc;mod=trans;spi-c=1460652955;spi-s=1460652956;port-c=32920;port-s=5067;q=0.1
05-05 16:07:55.412  1965  2897 D LEMON   : Security-Verify: ipsec-3gpp;prot=esp;alg=hmac-sha-1-96;ealg=aes-cbc;mod=trans;spi-c=1460652955;spi-s=1460652956;port-c=32920;port-s=5067;q=0.2
05-05 16:07:55.412  1965  2897 D LEMON   : Security-Verify: ipsec-3gpp;prot=esp;alg=hmac-sha-1-96;ealg=null;mod=trans;spi-c=1460652955;spi-s=1460652956;port-c=32920;port-s=5067;q=0.5
05-05 16:07:55.412  1965  2897 D LEMON   : Proxy-Require: sec-agree
05-05 16:07:55.412  1965  2897 D LEMON   : Require: sec-agree
05-05 16:07:55.412  1965  2897 D LEMON   : Call-ID: I2bu99501.6v.eopCs2421Cn.i@[2405:204:1a03:45c7::2aa3:38ac]
05-05 16:07:55.412  1965  2897 D LEMON   : CSeq: 1 INVITE
05-05 16:07:55.412  1965  2897 D LEMON   : Max-Forwards: 70
05-05 16:07:55.412  1965  2897 D LEMON   : User-Agent: VoWIFI/WFC UA
05-05 16:07:55.412  1965  2897 D LEMON   : Via: SIP/2.0/UDP [2405:204:1a03:45c7::2aa3:38ac]:5410;branch=z9hG4bK.iI2bu99501.6v.eopCs4421Bn;rport
05-05 16:07:55.412  1965  2897 D LEMON   : Content-Type: application/sdp
05-05 16:07:55.412  1965  2897 D LEMON   : Content-Length: 368
05-05 16:07:55.412  1965  2897 D LEMON   : 
05-05 16:07:55.412  1965  2897 D LEMON   : v=0
05-05 16:07:55.412  1965  2897 D LEMON   : o=405872000010534 1059103148 1059103148 IN IP6 2405:204:1a03:45c7::2aa3:38ac
05-05 16:07:55.412  1965  2897 D LEMON   : s=-
05-05 16:07:55.412  1965  2897 D LEMON   : c=IN IP6 2405:204:1a03:45c7::2aa3:38ac
05-05 16:07:55.412  1965  2897 D LEMON   : t=0 0
05-05 16:07:55.412  1965  2897 D LEMON   : m=audio 37076 RTP/AVP 104 103 101
05-05 16:07:55.412  1965  2897 D LEMON   : a=rtpmap:104 AMR-WB/16000
05-05 16:07:55.412  1965  2897 D LEMON   : a=fmtp:104 octet-align=1
05-05 16:07:55.412  1965  2897 D LEMON   : a=rtpmap:103 AMR/8000
05-05 16:07:55.412  1965  2897 D LEMON   : a=fmtp:103 mode-set=0,1,2,3,4,5;octet-align=1
05-05 16:07:55.412  1965  2897 D LEMON   : a=ptime:20
05-05 16:07:55.412  1965  2897 D LEMON   : a=maxptime:400
05-05 16:07:55.412  1965  2897 D LEMON   : a=rtpmap:101 telephone-event/8000
05-05 16:07:55.412  1965  2897 D LEMON   : a=sendrecv
05-05 16:07:55.412  1965  2897 D LEMON   : 
05-05 16:07:55.414  1965  2897 D LEMON   : 16:07:55.414 UTPT: INFO: conn[0x4] send data[2473] to [2405:200:330:1581::18:5067] ok.
05-05 16:07:55.414  1965  2897 D LEMON   : 16:07:55.414 SIP: INFO: module start tmr<0x81> [TIMER A] <2000ms> ok.
05-05 16:07:55.414  1965  2897 D LEMON   : 16:07:55.414 SIP: INFO: module start tmr<0x82> [TIMER B] <128000ms> ok.
05-05 16:07:55.414  1965  2897 D LEMON   : 16:07:55.414 SIP: INFO: module start tmr<0x85> [TIMER C] <200000ms> ok.
05-05 16:07:55.415  1965  2897 D LEMON   : 16:07:55.414 ZOS: INFO: fsm(SIP_ICT) trans@[196615] state <IDLE> run [SEND_INVITE] event ok.
05-05 16:07:55.415  1965  2897 D LEMON   : 16:07:55.415 ZOS: INFO: fsm(SIP_ICT) trans@[196615] state <IDLE> to <CALLING>.
05-05 16:07:55.415  1965  2138 D LEMON   : 16:07:55.415 ZOS: INFO: fsm(MTF_CALL) conn@[19] state <IDLE> run [USER CALL] event ok.
05-05 16:07:55.415  1965  2138 D LEMON   : 16:07:55.415 ZOS: INFO: fsm(MTF_CALL) conn@[19] state <IDLE> to <CALLING>.
05-05 16:07:55.424  1965  1965 D LEMON   : 16:07:55.424 RSE: INFO: gui notify LeaveSessOutgoing.
05-05 16:07:55.465  1965  2141 D LEMON   : 16:07:55.465 UTPT: INFO: recv udp data(len:402) from [2405:200:330:1581::18:32920].
05-05 16:07:55.465  1965  2897 D LEMON   : SIP/2.0 100 Trying
05-05 16:07:55.465  1965  2897 D LEMON   : f:<sip:+917011021754@ims.mnc872.mcc405.3gppnetwork.org>;tag=NcIbu99501.6v.eopCs3421Jtu
05-05 16:07:55.465  1965  2897 D LEMON   : t:"9953592787"<sip:9953592787@ims.mnc872.mcc405.3gppnetwork.org>
05-05 16:07:55.465  1965  2897 D LEMON   : i:I2bu99501.6v.eopCs2421Cn.i@[2405:204:1a03:45c7::2aa3:38ac]
05-05 16:07:55.465  1965  2897 D LEMON   : CSeq:1 INVITE
05-05 16:07:55.465  1965  2897 D LEMON   : v:SIP/2.0/UDP [2405:204:1a03:45c7::2aa3:38ac]:5410;branch=z9hG4bK.iI2bu99501.6v.eopCs4421Bn;rport=35391;received=2405:204:1a03:45c7::2aa3:38ac
05-05 16:07:55.465  1965  2897 D LEMON   : l:0
05-05 16:07:55.465  1965  2897 D LEMON   : 
05-05 16:07:55.465  1965  2897 D LEMON   : 
05-05 16:07:55.466  1965  2897 D LEMON   : 16:07:55.466 SIP: INFO: trans @30007 process response <INVITE:100>.
05-05 16:07:55.466  1965  2897 D LEMON   : 16:07:55.466 SIP: INFO: module stop tmr<0x81> [TIMER A] ok.
05-05 16:07:55.466  1965  2897 D LEMON   : 16:07:55.466 SIP: INFO: module stop tmr<0x82> [TIMER B] ok.
05-05 16:07:55.466  1965  2897 D LEMON   : 16:07:55.466 SIP: INFO: module stop tmr<0x85> [TIMER C] ok.
05-05 16:07:55.466  1965  2897 D LEMON   : 16:07:55.466 SIP: INFO: module start tmr<0x85> [TIMER C] <200000ms> ok.
05-05 16:07:55.466  1965  2897 D LEMON   : 16:07:55.466 ZOS: INFO: fsm(SIP_ICT) trans@[196615] state <CALLING> run [RECV_1XX] event ok.
05-05 16:07:55.466  1965  2897 D LEMON   : 16:07:55.466 ZOS: INFO: fsm(SIP_ICT) trans@[196615] state <CALLING> to <PROCEEDING>.
05-05 16:07:55.467  1965  2897 D LEMON   : 16:07:55.467 SIP: INFO: dlg @30004 process response <INVITE:100>.
05-05 16:07:55.474  1965  2138 D LEMON   : 16:07:55.474 ZOS: INFO: fsm(MTF_CALL) conn@[19] state <CALLING> run [SIM CNF] event ok.
05-05 16:07:55.474  1965  2897 D LEMON   : 16:07:55.474 ZOS: INFO: fsm(SIP_IVT) dlg@[196612] state <IVT_OUT> run [RECV_1XX] event ok.
05-05 16:07:55.474  1965  2897 D LEMON   : 16:07:55.474 ZOS: INFO: fsm(SIP_IVT) dlg@[196612] state <IVT_OUT> to <EARLY UAC>.
05-05 16:07:59.878  1965  2141 D LEMON   : 16:07:59.878 UTPT: INFO: recv udp data(len:1287) from [2405:200:330:1581::18:32920].
05-05 16:07:59.881  1965  2897 D LEMON   : SIP/2.0 183 Session Progress
05-05 16:07:59.881  1965  2897 D LEMON   : l:259
05-05 16:07:59.881  1965  2897 D LEMON   : f:<sip:+917011021754@ims.mnc872.mcc405.3gppnetwork.org>;tag=NcIbu99501.6v.eopCs3421Jtu
05-05 16:07:59.881  1965  2897 D LEMON   : t:"9953592787"<sip:9953592787@ims.mnc872.mcc405.3gppnetwork.org>;tag=aVDdYVe7fc3b7jfg
05-05 16:07:59.881  1965  2897 D LEMON   : v:SIP/2.0/UDP [2405:204:1a03:45c7::2aa3:38ac]:5410;branch=z9hG4bK.iI2bu99501.6v.eopCs4421Bn;rport=35391;received=2405:204:1a03:45c7::2aa3:38ac
05-05 16:07:59.881  1965  2897 D LEMON   : i:I2bu99501.6v.eopCs2421Cn.i@[2405:204:1a03:45c7::2aa3:38ac]
05-05 16:07:59.881  1965  2897 D LEMON   : CSeq:1 INVITE
05-05 16:07:59.881  1965  2897 D LEMON   : Record-Route:<sip:[2405:200:330:1581::18]:5067;routing_id=pcscf_a_side;lskpmc=P72;lr>
05-05 16:07:59.881  1965  2897 D LEMON   : RSeq:1
05-05 16:07:59.881  1965  2897 D LEMON   : m:<sip:+919953592787;npdi;rn=4108;rn-context=+91@10.56.4.27:5070;transport=TCP;yop=00.00.73162006.0000.7018;ccsId=65>
05-05 16:07:59.881  1965  2897 D LEMON   : Require:100rel
05-05 16:07:59.881  1965  2897 D LEMON   : k:100rel,precondition,timer,histinfo,eventlist,norefersub,tdialog
05-05 16:07:59.881  1965  2897 D LEMON   : Allow:ACK,BYE,CANCEL,INFO,INVITE,NOTIFY,OPTIONS,PRACK,REFER,UPDATE
05-05 16:07:59.881  1965  2897 D LEMON   : Feature-Caps:*;+g.3gpp.srvcc;+g.3gpp.icsi-ref="urn%%3Aurn-7%%3A3gpp-service.ims.icsi.mmtel"
05-05 16:07:59.881  1965  2897 D LEMON   : c:application/sdp
05-05 16:07:59.881  1965  2897 D LEMON   : Content-Disposition:session;handling=required
05-05 16:07:59.881  1965  2897 D LEMON   : Server:Alcatel-Lucent 5060 MGC-8 9.5.0.2.0.18
05-05 16:07:59.881  1965  2897 D LEMON   : P-Early-Media:sendrecv
05-05 16:07:59.881  1965  2897 D LEMON   : 
05-05 16:07:59.881  1965  2897 D LEMON   : v=0
05-05 16:07:59.881  1965  2897 D LEMON   : o=- 0 0 IN IP6 ims.mnc872.mcc405.3gppnetwork.org
05-05 16:07:59.881  1965  2897 D LEMON   : s=-
05-05 16:07:59.881  1965  2897 D LEMON   : c=IN IP6 2405:200:330:1586::11
05-05 16:07:59.881  1965  2897 D LEMON   : t=0 0
05-05 16:07:59.881  1965  2897 D LEMON   : m=audio 21456 RTP/AVP 104
05-05 16:07:59.881  1965  2897 D LEMON   : a=ptime:20
05-05 16:07:59.881  1965  2897 D LEMON   : a=maxptime:80
05-05 16:07:59.881  1965  2897 D LEMON   : a=rtpmap:104 AMR-WB/16000
05-05 16:07:59.881  1965  2897 D LEMON   : a=fmtp:104 octet-align=1; mode-change-capability=2
05-05 16:07:59.881  1965  2897 D LEMON   : a=silenceSupp:off - - - -
05-05 16:07:59.881  1965  2897 D LEMON   : 
05-05 16:07:59.882  1965  2897 D LEMON   : 16:07:59.882 SIP: INFO: trans @30007 process response <INVITE:183>.
05-05 16:07:59.882  1965  2897 D LEMON   : 16:07:59.882 SIP: INFO: module stop tmr<0x85> [TIMER C] ok.
05-05 16:07:59.883  1965  2897 D LEMON   : 16:07:59.882 SIP: INFO: module start tmr<0x85> [TIMER C] <200000ms> ok.
05-05 16:07:59.883  1965  2897 D LEMON   : 16:07:59.883 ZOS: INFO: fsm(SIP_ICT) trans@[196615] state <PROCEEDING> run [RECV_1XX] event ok.
05-05 16:07:59.885  1965  2897 D LEMON   : 16:07:59.885 SIP: INFO: dlg @30004 process response <INVITE:183>.
05-05 16:07:59.903  1965  2897 D LEMON   : 16:07:59.903 ZOS: INFO: fsm(SIP_IVT) dlg@[196612] state <EARLY UAC> run [RECV_1XX] event ok.
05-05 16:07:59.935  1965  2897 D LEMON   : 16:07:59.935 SIP: INFO: dlg @30004 process request <PRACK>.
05-05 16:07:59.936  1965  2897 D LEMON   : 16:07:59.936 SIP: INFO: module create tmr<0x86> [TIMER E] ok.
05-05 16:07:59.936  1965  2897 D LEMON   : 16:07:59.936 SIP: INFO: module create tmr<0x87> [TIMER F] ok.
05-05 16:07:59.936  1965  2897 D LEMON   : 16:07:59.936 SIP: INFO: module create tmr<0x88> [TIMER K] ok.
05-05 16:07:59.936  1965  2897 D LEMON   : 16:07:59.936 SIP: INFO: module create tmr<0x89> [TIMER WAIT_CONN] ok.
05-05 16:07:59.936  1965  2897 D LEMON   : 16:07:59.936 SIP: INFO: module create tmr<0x8A> [TIMER C] ok.
05-05 16:07:59.936  1965  2897 D LEMON   : 16:07:59.936 ZOS: INFO: fsm(SIP_IVT) dlg@[196612] state <EARLY UAC> run [SSM_REQ] event ok.
05-05 16:07:59.936  1965  2897 D LEMON   : 16:07:59.936 SIP: INFO: trans @30008 process request <PRACK>.
05-05 16:07:59.937  1965  2897 D LEMON   : PRACK sip:+919953592787;npdi;rn=4108;rn-context=+91@10.56.4.27:5070;transport=tcp;yop=00.00.73162006.0000.7018;ccsId=65 SIP/2.0
05-05 16:07:59.937  1965  2897 D LEMON   : From: <sip:+917011021754@ims.mnc872.mcc405.3gppnetwork.org>;tag=NcIbu99501.6v.eopCs3421Jtu
05-05 16:07:59.937  1965  2897 D LEMON   : To: "9953592787"<sip:9953592787@ims.mnc872.mcc405.3gppnetwork.org>;tag=aVDdYVe7fc3b7jfg
05-05 16:07:59.937  1965  2897 D LEMON   : P-Access-Network-Info: IEEE-802.11;i-wlan-node-id=4045da87d2be
05-05 16:07:59.937  1965  2897 D LEMON   : Proxy-Require: sec-agree
05-05 16:07:59.937  1965  2897 D LEMON   : Require: sec-agree
05-05 16:07:59.937  1965  2897 D LEMON   : Supported: sec-agree
05-05 16:07:59.937  1965  2897 D LEMON   : Route: <sip:[2405:200:330:1581::18]:5067;routing_id=pcscf_a_side;lskpmc=P72;lr>
05-05 16:07:59.937  1965  2897 D LEMON   : Call-ID: I2bu99501.6v.eopCs2421Cn.i@[2405:204:1a03:45c7::2aa3:38ac]
05-05 16:07:59.937  1965  2897 D LEMON   : CSeq: 2 PRACK
05-05 16:07:59.937  1965  2897 D LEMON   : Max-Forwards: 70
05-05 16:07:59.937  1965  2897 D LEMON   : User-Agent: VoWIFI/WFC UA
05-05 16:07:59.937  1965  2897 D LEMON   : Via: SIP/2.0/UDP [2405:204:1a03:45c7::2aa3:38ac]:5410;branch=z9hG4bKtuNcIbu99501.6v.eopCs5421I;rport
05-05 16:07:59.937  1965  2897 D LEMON   : RAck: 1 1 INVITE
05-05 16:07:59.937  1965  2897 D LEMON   : Content-Length: 0
05-05 16:07:59.937  1965  2897 D LEMON   : 
05-05 16:07:59.937  1965  2897 D LEMON   : 
05-05 16:07:59.937  1965  2897 D LEMON   : 16:07:59.937 UTPT: INFO: conn[0x4] send data[793] to [2405:200:330:1581::18:5067] ok.
05-05 16:07:59.938  1965  2897 D LEMON   : 16:07:59.937 SIP: INFO: module start tmr<0x86> [TIMER E] <2000ms> ok.
05-05 16:07:59.938  1965  2897 D LEMON   : 16:07:59.938 SIP: INFO: module start tmr<0x87> [TIMER F] <128000ms> ok.
05-05 16:07:59.938  1965  2897 D LEMON   : 16:07:59.938 ZOS: INFO: fsm(SIP_NICT) trans@[196616] state <IDLE> run [SEND_NONINVITE] event ok.
05-05 16:07:59.938  1965  2897 D LEMON   : 16:07:59.938 ZOS: INFO: fsm(SIP_NICT) trans@[196616] state <IDLE> to <TRYING>.
05-05 16:07:59.939  1965  2138 D LEMON   : 16:07:59.939 ZOS: INFO: fsm(MTF_CALL) conn@[19] state <CALLING> run [SIM CNF] event ok.
05-05 16:07:59.943  1965  1965 D LEMON   : 16:07:59.943 RSE: INFO: gui notify LeaveSessAlerted.
05-05 16:08:00.003  1965  2141 D LEMON   : 16:08:00.003 UTPT: INFO: recv udp data(len:606) from [2405:200:330:1581::18:32920].
05-05 16:08:00.004  1965  2897 D LEMON   : SIP/2.0 200 OK
05-05 16:08:00.004  1965  2897 D LEMON   : l:0
05-05 16:08:00.004  1965  2897 D LEMON   : f:<sip:+917011021754@ims.mnc872.mcc405.3gppnetwork.org>;tag=NcIbu99501.6v.eopCs3421Jtu
05-05 16:08:00.004  1965  2897 D LEMON   : t:"9953592787"<sip:9953592787@ims.mnc872.mcc405.3gppnetwork.org>;tag=aVDdYVe7fc3b7jfg
05-05 16:08:00.004  1965  2897 D LEMON   : v:SIP/2.0/UDP [2405:204:1a03:45c7::2aa3:38ac]:5410;branch=z9hG4bKtuNcIbu99501.6v.eopCs5421I;rport=35391;received=2405:204:1a03:45c7::2aa3:38ac
05-05 16:08:00.004  1965  2897 D LEMON   : i:I2bu99501.6v.eopCs2421Cn.i@[2405:204:1a03:45c7::2aa3:38ac]
05-05 16:08:00.004  1965  2897 D LEMON   : CSeq:2 PRACK
05-05 16:08:00.004  1965  2897 D LEMON   : k:100rel,path,precondition,replaces,timer,histinfo,eventlist,norefersub
05-05 16:08:00.004  1965  2897 D LEMON   : Allow:ACK,BYE,CANCEL,INFO,INVITE,NOTIFY,OPTIONS,PRACK,REFER,UPDATE
05-05 16:08:00.004  1965  2897 D LEMON   : Server:Alcatel-Lucent 5060 MGC-8 9.5.0.2.0.18
05-05 16:08:00.004  1965  2897 D LEMON   : 
05-05 16:08:00.004  1965  2897 D LEMON   : 
05-05 16:08:00.004  1965  2897 D LEMON   : 16:08:00.004 SIP: INFO: trans @30008 process response <PRACK:200>.
05-05 16:08:00.004  1965  2897 D LEMON   : 16:08:00.004 SIP: INFO: module stop tmr<0x86> [TIMER E] ok.
05-05 16:08:00.004  1965  2897 D LEMON   : 16:08:00.004 SIP: INFO: module stop tmr<0x87> [TIMER F] ok.
05-05 16:08:00.004  1965  2897 D LEMON   : 16:08:00.004 SIP: INFO: module start tmr<0x88> [TIMER K] <17000ms> ok.
05-05 16:08:00.005  1965  2897 D LEMON   : 16:08:00.004 ZOS: INFO: fsm(SIP_NICT) trans@[196616] state <TRYING> run [RECV_2XX] event ok.
05-05 16:08:00.005  1965  2897 D LEMON   : 16:08:00.005 ZOS: INFO: fsm(SIP_NICT) trans@[196616] state <TRYING> to <COMPLETED>.
05-05 16:08:00.005  1965  2897 D LEMON   : 16:08:00.005 SIP: INFO: dlg @30004 process response <PRACK:200>.
05-05 16:08:00.006  1965  2138 D LEMON   : 16:08:00.006 ZOS: ERROR: fsm(MTF_CALL) conn@[19] state <CALLING> run [SSM CNF] unknown event.
05-05 16:08:00.007  1965  2897 D LEMON   : 16:08:00.007 ZOS: INFO: fsm(SIP_IVT) dlg@[196612] state <EARLY UAC> run [RECV_SSM_RSP] event ok.
05-05 16:08:10.765  1965  2141 D LEMON   : 16:08:10.765 UTPT: INFO: recv udp data(len:949) from [2405:200:330:1581::18:32920].
05-05 16:08:10.765  1965  2897 D LEMON   : SIP/2.0 200 OK
05-05 16:08:10.765  1965  2897 D LEMON   : l:0
05-05 16:08:10.765  1965  2897 D LEMON   : f:<sip:+917011021754@ims.mnc872.mcc405.3gppnetwork.org>;tag=NcIbu99501.6v.eopCs3421Jtu
05-05 16:08:10.765  1965  2897 D LEMON   : t:"9953592787"<sip:9953592787@ims.mnc872.mcc405.3gppnetwork.org>;tag=aVDdYVe7fc3b7jfg
05-05 16:08:10.765  1965  2897 D LEMON   : v:SIP/2.0/UDP [2405:204:1a03:45c7::2aa3:38ac]:5410;branch=z9hG4bK.iI2bu99501.6v.eopCs4421Bn;rport=35391;received=2405:204:1a03:45c7::2aa3:38ac
05-05 16:08:10.765  1965  2897 D LEMON   : i:I2bu99501.6v.eopCs2421Cn.i@[2405:204:1a03:45c7::2aa3:38ac]
05-05 16:08:10.765  1965  2897 D LEMON   : CSeq:1 INVITE
05-05 16:08:10.765  1965  2897 D LEMON   : Record-Route:<sip:[2405:200:330:1581::18]:5067;routing_id=pcscf_a_side;lskpmc=P72;lr>
05-05 16:08:10.765  1965  2897 D LEMON   : x:1800;refresher=uac
05-05 16:08:10.765  1965  2897 D LEMON   : m:<sip:+919953592787;npdi;rn=4108;rn-context=+91@10.56.4.27:5070;transport=TCP;yop=00.00.73162006.0000.7018;ccsId=65>
05-05 16:08:10.765  1965  2897 D LEMON   : Require:timer
05-05 16:08:10.765  1965  2897 D LEMON   : k:100rel,path,precondition,replaces,timer,histinfo,eventlist,norefersub,tdialog
05-05 16:08:10.765  1965  2897 D LEMON   : Allow:ACK,BYE,CANCEL,INFO,INVITE,NOTIFY,OPTIONS,PRACK,REFER,UPDATE
05-05 16:08:10.765  1965  2897 D LEMON   : Feature-Caps:*;+g.3gpp.srvcc;+g.3gpp.icsi-ref="urn%%3Aurn-7%%3A3gpp-service.ims.icsi.mmtel"
05-05 16:08:10.765  1965  2897 D LEMON   : Server:Alcatel-Lucent 5060 MGC-8 9.5.0.2.0.18
05-05 16:08:10.765  1965  2897 D LEMON   : 
05-05 16:08:10.765  1965  2897 D LEMON   : 
05-05 16:08:10.766  1965  2897 D LEMON   : 16:08:10.766 SIP: INFO: trans @30007 process response <INVITE:200>.
05-05 16:08:10.766  1965  2897 D LEMON   : 16:08:10.766 SIP: INFO: module stop tmr<0x85> [TIMER C] ok.
05-05 16:08:10.766  1965  2897 D LEMON   : 16:08:10.766 ZOS: INFO: fsm(SIP_ICT) trans@[196615] state <PROCEEDING> run [RECV_2XX] event ok.
05-05 16:08:10.767  1965  2897 D LEMON   : 16:08:10.767 ZOS: INFO: fsm(SIP_ICT) trans@[196615] state <PROCEEDING> to <TERMINATED>.
05-05 16:08:10.767  1965  2897 D LEMON   : 16:08:10.767 SIP: INFO: dlg @30004 process response <INVITE:200>.
05-05 16:08:10.767  1965  2897 D LEMON   : 16:08:10.767 SIP: INFO: module start tmr<0x7E> [TIMER WAIT_SAM] <128000ms> ok.
05-05 16:08:10.770  1965  2138 D LEMON   : 16:08:10.770 ZOS: INFO: fsm(MTF_CALL) conn@[19] state <CALLING> run [SIM CNF] event ok.
05-05 16:08:10.770  1965  2138 D LEMON   : 16:08:10.770 ZOS: INFO: fsm(MTF_CALL) conn@[19] state <CALLING> to <CONNECTED>.
05-05 16:08:10.777  1965  2897 D LEMON   : 16:08:10.777 ZOS: INFO: fsm(SIP_IVT) dlg@[196612] state <EARLY UAC> run [RECV_2XX] event ok.
05-05 16:08:10.777  1965  1965 D LEMON   : 16:08:10.777 RSE: INFO: gui notify LeaveSessTalking.
05-05 16:08:10.778  1965  2897 D LEMON   : 16:08:10.777 ZOS: INFO: fsm(SIP_IVT) dlg@[196612] state <EARLY UAC> to <CONFIRMED>.
05-05 16:08:10.778  1965  2897 D LEMON   : 16:08:10.778 SIP: INFO: module delete tmr<0x81> [TIMER A] ok.
05-05 16:08:10.778  1965  2897 D LEMON   : 16:08:10.778 SIP: INFO: module delete tmr<0x82> [TIMER B] ok.
05-05 16:08:10.778  1965  2897 D LEMON   : 16:08:10.778 SIP: INFO: module delete tmr<0x83> [TIMER D] ok.
05-05 16:08:10.778  1965  2897 D LEMON   : 16:08:10.778 SIP: INFO: module delete tmr<0x84> [TIMER WAIT_CONN] ok.
05-05 16:08:10.778  1965  2897 D LEMON   : 16:08:10.778 SIP: INFO: module delete tmr<0x85> [TIMER C] ok.
05-05 16:08:10.796  1965  2897 D LEMON   : 16:08:10.796 SIP: INFO: dlg @30004 process request <ACK>.
05-05 16:08:10.797  1965  2897 D LEMON   : ACK sip:+919953592787;npdi;rn=4108;rn-context=+91@10.56.4.27:5070;transport=tcp;yop=00.00.73162006.0000.7018;ccsId=65 SIP/2.0
05-05 16:08:10.797  1965  2897 D LEMON   : From: <sip:+917011021754@ims.mnc872.mcc405.3gppnetwork.org>;tag=NcIbu99501.6v.eopCs3421Jtu
05-05 16:08:10.797  1965  2897 D LEMON   : To: "9953592787"<sip:9953592787@ims.mnc872.mcc405.3gppnetwork.org>;tag=aVDdYVe7fc3b7jfg
05-05 16:08:10.797  1965  2897 D LEMON   : Contact: <sip:405872000010534@[2405:204:1a03:45c7::2aa3:38ac]:5410>;+sip.instance="<urn:gsma:imei:86740002-034179-2>";+g.3gpp.icsi-ref="urn%%3Aurn-7%%3A3gpp-service.ims.icsi.mmtel";video
05-05 16:08:10.797  1965  2897 D LEMON   : P-Access-Network-Info: IEEE-802.11;i-wlan-node-id=4045da87d2be
05-05 16:08:10.797  1965  2897 D LEMON   : Proxy-Require: sec-agree
05-05 16:08:10.797  1965  2897 D LEMON   : Require: sec-agree
05-05 16:08:10.797  1965  2897 D LEMON   : Supported: sec-agree
05-05 16:08:10.797  1965  2897 D LEMON   : Route: <sip:[2405:200:330:1581::18]:5067;routing_id=pcscf_a_side;lskpmc=P72;lr>
05-05 16:08:10.797  1965  2897 D LEMON   : Call-ID: I2bu99501.6v.eopCs2421Cn.i@[2405:204:1a03:45c7::2aa3:38ac]
05-05 16:08:10.797  1965  2897 D LEMON   : CSeq: 1 ACK
05-05 16:08:10.797  1965  2897 D LEMON   : Max-Forwards: 70
05-05 16:08:10.797  1965  2897 D LEMON   : User-Agent: VoWIFI/WFC UA
05-05 16:08:10.797  1965  2897 D LEMON   : Via: SIP/2.0/UDP [2405:204:1a03:45c7::2aa3:38ac]:35391;branch=z9hG4bKyn.iI2bu99501.6v.eopCs6421;rport
05-05 16:08:10.797  1965  2897 D LEMON   : Content-Length: 0
05-05 16:08:10.797  1965  2897 D LEMON   : 
05-05 16:08:10.797  1965  2897 D LEMON   : 
05-05 16:08:10.798  1965  2897 D LEMON   : 16:08:10.798 UTPT: INFO: conn[0x4] send data[958] to [2405:200:330:1581::18:5067] ok.
05-05 16:08:10.798  1965  2897 D LEMON   : 16:08:10.798 SIP: INFO: module stop tmr<0x7E> [TIMER WAIT_SAM] ok.
05-05 16:08:10.798  1965  2897 D LEMON   : 16:08:10.798 ZOS: INFO: fsm(SIP_IVT) dlg@[196612] state <CONFIRMED> run [SAM_REQ] event ok.
05-05 16:08:10.978  1965  2138 D LEMON   : 16:08:10.978 ZOS: INFO: fsm(MTF_CALL) conn@[19] state <CONNECTED> run [WAIT MEDIA] event ok.
05-05 16:08:17.013  1965  2897 D LEMON   : 16:08:17.013 SIP: INFO: core timer process trans event tmr<0x88> [TIMER K].
05-05 16:08:17.013  1965  2897 D LEMON   : 16:08:17.013 ZOS: INFO: fsm(SIP_NICT) trans@[196616] state <COMPLETED> run [TM_TK] event ok.
05-05 16:08:17.013  1965  2897 D LEMON   : 16:08:17.013 ZOS: INFO: fsm(SIP_NICT) trans@[196616] state <COMPLETED> to <TERMINATED>.
05-05 16:08:17.014  1965  2897 D LEMON   : 16:08:17.014 SIP: INFO: module delete tmr<0x86> [TIMER E] ok.
05-05 16:08:17.014  1965  2897 D LEMON   : 16:08:17.014 SIP: INFO: module delete tmr<0x87> [TIMER F] ok.
05-05 16:08:17.014  1965  2897 D LEMON   : 16:08:17.014 SIP: INFO: module delete tmr<0x88> [TIMER K] ok.
05-05 16:08:17.014  1965  2897 D LEMON   : 16:08:17.014 SIP: INFO: module delete tmr<0x89> [TIMER WAIT_CONN] ok.
05-05 16:08:17.014  1965  2897 D LEMON   : 16:08:17.014 SIP: INFO: module delete tmr<0x8A> [TIMER C] ok.
05-05 16:08:17.015  1965  2897 D LEMON   : 16:08:17.015 ZOS: INFO: fsm(SIP_IVT) dlg@[196612] state <CONFIRMED> run [TXN_TERMINATED] event ok.
05-05 16:08:17.325  1965  2141 D LEMON   : 16:08:17.325 UTPT: INFO: recv udp data(len:2051) from [2405:200:330:1581::18:32920].
05-05 16:08:17.326  1965  2897 D LEMON   : INVITE sip:405872000010534@[2405:204:1a03:45c7::2aa3:38ac]:5410;transport=udp SIP/2.0
05-05 16:08:17.326  1965  2897 D LEMON   : v:SIP/2.0/UDP [2405:200:330:1581::18]:5067;branch=z9hG4bK_IMSCL1550631.000_352c6e56905b24361e5ecc93ab77b193;lskpmc=P72
05-05 16:08:17.326  1965  2897 D LEMON   : Record-Route:<sip:[2405:200:330:1581::18]:5067;routing_id=pcscf_b_side;lskpmc=P72;lr>
05-05 16:08:17.326  1965  2897 D LEMON   : l:662
05-05 16:08:17.326  1965  2897 D LEMON   : f:<sip:+917011021774@ims.mnc872.mcc405.3gppnetwork.org;user=phone>;tag=A8B1Wd9A4Dai8jbf
05-05 16:08:17.326  1965  2897 D LEMON   : t:<sip:+917011021754@ims.mnc872.mcc405.3gppnetwork.org;user=phone>
05-05 16:08:17.326  1965  2897 D LEMON   : i:C009A6B34C0F7CE697615CE4@1270ffffffff
05-05 16:08:17.326  1965  2897 D LEMON   : CSeq:1 INVITE
05-05 16:08:17.326  1965  2897 D LEMON   : Max-Forwards:61
05-05 16:08:17.326  1965  2897 D LEMON   : P-Asserted-Identity:<sip:+917011021774@ims.mnc872.mcc405.3gppnetwork.org;user=phone>,<tel:+917011021774>
05-05 16:08:17.326  1965  2897 D LEMON   : x:1800;refresher=uac
05-05 16:08:17.326  1965  2897 D LEMON   : m:<sip:405872000010553@10.56.4.26:5070;yop=00.00.73162006.0000.7012>;+g.3gpp.icsi-ref="urn%%3Aurn-7%%3A3gpp-service.ims.icsi.mmtel";video;+g.3gpp.srvcc-alerting
05-05 16:08:17.326  1965  2897 D LEMON   : k:100rel,replaces,timer,histinfo,eventlist,norefersub,tdialog
05-05 16:08:17.326  1965  2897 D LEMON   : Allow:ACK,BYE,CANCEL,INFO,INVITE,NOTIFY,OPTIONS,PRACK,REFER,UPDATE
05-05 16:08:17.326  1965  2897 D LEMON   : a:*;require;+g.3gpp.icsi-ref="urn%%3Aurn-7%%3A3gpp-service.ims.icsi.mmtel";video
05-05 16:08:17.326  1965  2897 D LEMON   : Feature-Caps:*;+g.3gpp.srvcc;+g.3gpp.icsi-ref="urn%%3Aurn-7%%3A3gpp-service.ims.icsi.mmtel"
05-05 16:08:17.326  1965  2897 D LEMON   : c:application/sdp
05-05 16:08:17.326  1965  2897 D LEMON   : Content-Disposition:session;handling=required
05-05 16:08:17.326  1965  2897 D LEMON   : d:no-fork
05-05 16:08:17.326  1965  2897 D LEMON   : Accept:application/sdp,application/3gpp-ims+xml
05-05 16:08:17.326  1965  2897 D LEMON   : P-Visited-Network-ID:ims.mnc872.mcc405.3gppnetwork.org
05-05 16:08:17.326  1965  2897 D LEMON   : P-Called-Party-ID:<sip:+917011021754@ims.mnc872.mcc405.3gppnetwork.org;user=phone>
05-05 16:08:17.326  1965  2897 D LEMON   : 
05-05 16:08:17.326  1965  2897 D LEMON   : v=0
05-05 16:08:17.326  1965  2897 D LEMON   : o=+917011021774 0 0 IN IP6 ims.mnc872.mcc405.3gppnetwork.org
05-05 16:08:17.326  1965  2897 D LEMON   : s=-
05-05 16:08:17.326  1965  2897 D LEMON   : c=IN IP6 2405:200:330:1586::11
05-05 16:08:17.326  1965  2897 D LEMON   : b=AS:49
05-05 16:08:17.326  1965  2897 D LEMON   : t=0 0
05-05 16:08:17.326  1965  2897 D LEMON   : m=audio 21536 RTP/AVP 110 120 96 118 111 107
05-05 16:08:17.326  1965  2897 D LEMON   : b=AS:49
05-05 16:08:17.326  1965  2897 D LEMON   : b=RS:8000
05-05 16:08:17.326  1965  2897 D LEMON   : b=RR:6000
05-05 16:08:17.326  1965  2897 D LEMON   : a=rtpmap:110 AMR-WB/16000
05-05 16:08:17.326  1965  2897 D LEMON   : a=fmtp:110 octet-align=1; mode-change-capability=2; max-red=0
05-05 16:08:17.326  1965  2897 D LEMON   : a=rtpmap:120 AMR-WB/16000
05-05 16:08:17.326  1965  2897 D LEMON   : a=fmtp:120 mode-change-capability=2; max-red=0
05-05 16:08:17.326  1965  2897 D LEMON   : a=rtpmap:96 AMR/8000
05-05 16:08:17.326  1965  2897 D LEMON   : a=fmtp:96 octet-align=1; mode-change-capability=2; max-red=0
05-05 16:08:17.326  1965  2897 D LEMON   : a=rtpmap:118 AMR/8000
05-05 16:08:17.326  1965  2897 D LEMON   : a=fmtp:118 mode-change-capability=2; max-red=0
05-05 16:08:17.326  1965  2897 D LEMON   : a=rtpmap:111 telephone-event/16000
05-05 16:08:17.326  1965  2897 D LEMON   : a=fmtp:111 0-15
05-05 16:08:17.326  1965  2897 D LEMON   : a=rtpmap:107 telephone-event/8000
05-05 16:08:17.326  1965  2897 D LEMON   : a=fmtp:107 0-15
05-05 16:08:17.326  1965  2897 D LEMON   : a=ptime:20
05-05 16:08:17.326  1965  2897 D LEMON   : a=maxptime:240
05-05 16:08:17.326  1965  2897 D LEMON   : a=sendrecv
05-05 16:08:17.326  1965  2897 D LEMON   : 
05-05 16:08:17.332  1965  2897 D LEMON   : 16:08:17.332 SIP: INFO: module create tmr<0x8B> [TIMER G] ok.
05-05 16:08:17.332  1965  2897 D LEMON   : 16:08:17.332 SIP: INFO: module create tmr<0x8C> [TIMER H] ok.
05-05 16:08:17.332  1965  2897 D LEMON   : 16:08:17.332 SIP: INFO: module create tmr<0x8D> [TIMER I] ok.
05-05 16:08:17.332  1965  2897 D LEMON   : 16:08:17.332 SIP: INFO: module create tmr<0x8E> [TIMER L] ok.
05-05 16:08:17.332  1965  2897 D LEMON   : 16:08:17.332 SIP: INFO: module create tmr<0x8F> [TIMER C] ok.
05-05 16:08:17.333  1965  2897 D LEMON   : 16:08:17.333 SIP: INFO: trans @30006 process request <INVITE>.
05-05 16:08:17.333  1965  2897 D LEMON   : 16:08:17.333 SIP: INFO: module start tmr<0x8F> [TIMER C] <200000ms> ok.
05-05 16:08:17.333  1965  2897 D LEMON   : 16:08:17.333 ZOS: INFO: fsm(SIP_IST) trans@[196614] state <IDLE> run [RECV_INVITE] event ok.
05-05 16:08:17.333  1965  2897 D LEMON   : 16:08:17.333 ZOS: INFO: fsm(SIP_IST) trans@[196614] state <IDLE> to <PROCEEDING>.
05-05 16:08:17.334  1965  2897 D LEMON   : 16:08:17.334 SIP: INFO: module create tmr<0x90> [TIMER WAIT_SAM] ok.
05-05 16:08:17.334  1965  2897 D LEMON   : 16:08:17.334 SIP: INFO: module create tmr<0x91> [TIMER SEND_2XX] ok.
05-05 16:08:17.334  1965  2897 D LEMON   : 16:08:17.334 SIP: INFO: module create tmr<0x92> [TIMER STOP_2XX] ok.
05-05 16:08:17.335  1965  2897 D LEMON   : 16:08:17.335 SIP: INFO: dlg @30005 process request <INVITE>.
05-05 16:08:17.337  1965  2897 D LEMON   : SIP/2.0 100 Trying
05-05 16:08:17.337  1965  2897 D LEMON   : To: <sip:+917011021754@ims.mnc872.mcc405.3gppnetwork.org;user=phone>
05-05 16:08:17.337  1965  2897 D LEMON   : From: <sip:+917011021774@ims.mnc872.mcc405.3gppnetwork.org;user=phone>;tag=A8B1Wd9A4Dai8jbf
05-05 16:08:17.337  1965  2897 D LEMON   : CSeq: 1 INVITE
05-05 16:08:17.337  1965  2897 D LEMON   : Call-ID: C009A6B34C0F7CE697615CE4@1270ffffffff
05-05 16:08:17.337  1965  2897 D LEMON   : Via: SIP/2.0/UDP [2405:200:330:1581::18]:5067;branch=z9hG4bK_IMSCL1550631.000_352c6e56905b24361e5ecc93ab77b193;lskpmc=P72;received=2405:200:330:1581::18
05-05 16:08:17.337  1965  2897 D LEMON   : Content-Length: 0
05-05 16:08:17.337  1965  2897 D LEMON   : 
05-05 16:08:17.337  1965  2897 D LEMON   : 
05-05 16:08:17.338  1965  2897 D LEMON   : 16:08:17.338 UTPT: INFO: conn[0x4] send data[422] to [2405:200:330:1581::18:5067] ok.
05-05 16:08:17.343  1965  2897 D LEMON   : 16:08:17.343 ZOS: INFO: fsm(SIP_IVT) dlg@[196613] state <IDLE> run [RECV_INVITE] event ok.
05-05 16:08:17.343  1965  2897 D LEMON   : 16:08:17.343 ZOS: INFO: fsm(SIP_IVT) dlg@[196613] state <IDLE> to <IVT_IN>.
05-05 16:08:17.352  1965  2138 D LEMON   : 16:08:17.352 ZOS: INFO: fsm(MTF_CALL) conn@[20] state <IDLE> run [SIM IND] event ok.
05-05 16:08:17.352  1965  2138 D LEMON   : 16:08:17.352 ZOS: INFO: fsm(MTF_CALL) conn@[20] state <IDLE> to <ANSWERING>.
05-05 16:08:17.427  1965  2138 D LEMON   : 16:08:17.427 ZOS: INFO: fsm(MTF_CALL) conn@[20] state <ANSWERING> run [USER ALERT] event ok.
05-05 16:08:17.427  1965  2897 D LEMON   : 16:08:17.427 SIP: INFO: dlg @30005 process response <INVITE:183>.
05-05 16:08:17.427  1965  2897 D LEMON   : 16:08:17.427 ZOS: INFO: fsm(SIP_IVT) dlg@[196613] state <IVT_IN> run [SEND_1XX] event ok.
05-05 16:08:17.428  1965  2897 D LEMON   : 16:08:17.428 ZOS: INFO: fsm(SIP_IVT) dlg@[196613] state <IVT_IN> to <EARLY UAS>.
05-05 16:08:17.428  1965  2897 D LEMON   : 16:08:17.428 SIP: INFO: trans @30006 process response <INVITE:183>.
05-05 16:08:17.428  1965  2897 D LEMON   : SIP/2.0 183 Session Progress
05-05 16:08:17.428  1965  2897 D LEMON   : From: <sip:+917011021774@ims.mnc872.mcc405.3gppnetwork.org;user=phone>;tag=A8B1Wd9A4Dai8jbf
05-05 16:08:17.428  1965  2897 D LEMON   : To: <sip:+917011021754@ims.mnc872.mcc405.3gppnetwork.org;user=phone>;tag=11lFQcHauy914+GKv.ektO7742
05-05 16:08:17.428  1965  2897 D LEMON   : P-Preferred-Identity: <sip:+917011021754@ims.mnc872.mcc405.3gppnetwork.org>
05-05 16:08:17.428  1965  2897 D LEMON   : Supported: 100rel,join,norefersub,replaces,timer
05-05 16:08:17.428  1965  2897 D LEMON   : P-Access-Network-Info: IEEE-802.11;i-wlan-node-id=4045da87d2be
05-05 16:08:17.428  1965  2897 D LEMON   : Allow: INVITE,ACK,BYE,CANCEL,UPDATE,REGISTER,INFO,PRACK,SUBSCRIBE,NOTIFY,MESSAGE,REFER,PUBLISH
05-05 16:08:17.428  1965  2897 D LEMON   : Contact: <sip:405872000010534@[2405:204:1a03:45c7::2aa3:38ac]:5410>;+sip.instance="<urn:gsma:imei:86740002-034179-2>";+g.3gpp.icsi-ref="urn%%3Aurn-7%%3A3gpp-service.ims.icsi.mmtel";video
05-05 16:08:17.428  1965  2897 D LEMON   : Require: 100rel
05-05 16:08:17.428  1965  2897 D LEMON   : Record-Route: <sip:[2405:200:330:1581::18]:5067;routing_id=pcscf_b_side;lskpmc=P72;lr>
05-05 16:08:17.428  1965  2897 D LEMON   : Call-ID: C009A6B34C0F7CE697615CE4@1270ffffffff
05-05 16:08:17.428  1965  2897 D LEMON   : CSeq: 1 INVITE
05-05 16:08:17.428  1965  2897 D LEMON   : Max-Forwards: 70
05-05 16:08:17.428  1965  2897 D LEMON   : Server: VoWIFI/WFC UA
05-05 16:08:17.428  1965  2897 D LEMON   : Via: SIP/2.0/UDP [2405:200:330:1581::18]:5067;branch=z9hG4bK_IMSCL1550631.000_352c6e56905b24361e5ecc93ab77b193;lskpmc=P72;received=2405:200:330:1581::18
05-05 16:08:17.428  1965  2897 D LEMON   : RSeq: 1
05-05 16:08:17.428  1965  2897 D LEMON   : Content-Type: application/sdp
05-05 16:08:17.428  1965  2897 D LEMON   : Content-Length: 338
05-05 16:08:17.428  1965  2897 D LEMON   : 
05-05 16:08:17.428  1965  2897 D LEMON   : v=0
05-05 16:08:17.428  1965  2897 D LEMON   : o=405872000010534 987213414 987213414 IN IP6 2405:204:1a03:45c7::2aa3:38ac
05-05 16:08:17.428  1965  2897 D LEMON   : s=-
05-05 16:08:17.428  1965  2897 D LEMON   : c=IN IP6 2405:204:1a03:45c7::2aa3:38ac
05-05 16:08:17.428  1965  2897 D LEMON   : t=0 0
05-05 16:08:17.428  1965  2897 D LEMON   : m=audio 37088 RTP/AVP 110 111
05-05 16:08:17.428  1965  2897 D LEMON   : a=rtpmap:110 AMR-WB/16000
05-05 16:08:17.428  1965  2897 D LEMON   : a=fmtp:110 octet-align=1;mode-change-period=2;mode-change-capability=2
05-05 16:08:17.428  1965  2897 D LEMON   : a=ptime:20
05-05 16:08:17.428  1965  2897 D LEMON   : a=maxptime:240
05-05 16:08:17.428  1965  2897 D LEMON   : a=rtpmap:111 telephone-event/8000
05-05 16:08:17.428  1965  2897 D LEMON   : a=sendrecv
05-05 16:08:17.428  1965  2897 D LEMON   : 
05-05 16:08:17.429  1965  2897 D LEMON   : 16:08:17.429 UTPT: INFO: conn[0x4] send data[1462] to [2405:200:330:1581::18:5067] ok.
05-05 16:08:17.429  1965  2897 D LEMON   : 16:08:17.429 SIP: INFO: module start tmr<0x8E> [TIMER L] <2000ms> ok.
05-05 16:08:17.429  1965  2897 D LEMON   : 16:08:17.429 SIP: INFO: module stop tmr<0x8F> [TIMER C] ok.
05-05 16:08:17.429  1965  2897 D LEMON   : 16:08:17.429 SIP: INFO: module start tmr<0x8F> [TIMER C] <200000ms> ok.
05-05 16:08:17.430  1965  2897 D LEMON   : 16:08:17.429 ZOS: INFO: fsm(SIP_IST) trans@[196614] state <PROCEEDING> run [SEND_1XX] event ok.
05-05 16:08:17.713  1965  2141 D LEMON   : 16:08:17.713 UTPT: INFO: recv udp data(len:583) from [2405:200:330:1581::18:32920].
05-05 16:08:17.714  1965  2897 D LEMON   : PRACK sip:405872000010534@[2405:204:1a03:45c7::2aa3:38ac]:5410 SIP/2.0
05-05 16:08:17.714  1965  2897 D LEMON   : v:SIP/2.0/UDP [2405:200:330:1581::18]:5067;branch=z9hG4bK_IMSCL1550631.000_d3385707a88adc63261a017223bcb02d;lskpmc=P72
05-05 16:08:17.714  1965  2897 D LEMON   : Record-Route:<sip:[2405:200:330:1581::18]:5067;routing_id=pcscf_b_side;lskpmc=P72;lr>
05-05 16:08:17.714  1965  2897 D LEMON   : l:0
05-05 16:08:17.714  1965  2897 D LEMON   : f:<sip:+917011021774@ims.mnc872.mcc405.3gppnetwork.org;user=phone>;tag=A8B1Wd9A4Dai8jbf
05-05 16:08:17.714  1965  2897 D LEMON   : t:<sip:+917011021754@ims.mnc872.mcc405.3gppnetwork.org;user=phone>;tag=11lFQcHauy914+GKv.ektO7742
05-05 16:08:17.714  1965  2897 D LEMON   : i:C009A6B34C0F7CE697615CE4@1270ffffffff
05-05 16:08:17.714  1965  2897 D LEMON   : CSeq:2 PRACK
05-05 16:08:17.714  1965  2897 D LEMON   : Max-Forwards:61
05-05 16:08:17.714  1965  2897 D LEMON   : RAck:1 1 INVITE
05-05 16:08:17.714  1965  2897 D LEMON   : k:timer
05-05 16:08:17.714  1965  2897 D LEMON   : d:no-fork
05-05 16:08:17.714  1965  2897 D LEMON   : 
05-05 16:08:17.714  1965  2897 D LEMON   : 
05-05 16:08:17.714  1965  2897 D LEMON   : 16:08:17.714 SIP: INFO: module create tmr<0x99> [TIMER J] ok.
05-05 16:08:17.714  1965  2897 D LEMON   : 16:08:17.714 SIP: INFO: module create tmr<0x9A> [TIMER C] ok.
05-05 16:08:17.714  1965  2897 D LEMON   : 16:08:17.714 SIP: INFO: trans @30009 process request <PRACK>.
05-05 16:08:17.715  1965  2897 D LEMON   : 16:08:17.714 SIP: INFO: module start tmr<0x9A> [TIMER C] <200000ms> ok.
05-05 16:08:17.715  1965  2897 D LEMON   : 16:08:17.715 ZOS: INFO: fsm(SIP_NIST) trans@[196617] state <IDLE> run [RECV_NONINVITE] event ok.
05-05 16:08:17.715  1965  2897 D LEMON   : 16:08:17.715 ZOS: INFO: fsm(SIP_NIST) trans@[196617] state <IDLE> to <TRYING>.
05-05 16:08:17.715  1965  2897 D LEMON   : 16:08:17.715 SIP: INFO: dlg @30005 process request <PRACK>.
05-05 16:08:17.718  1965  2897 D LEMON   : 16:08:17.718 ZOS: INFO: fsm(SIP_IVT) dlg@[196613] state <EARLY UAS> run [RECV_SSM_REQ] event ok.
05-05 16:08:17.718  1965  2897 D LEMON   : 16:08:17.718 SIP: INFO: trans @30009 process response <PRACK:200>.
05-05 16:08:17.719  1965  2138 D LEMON   : 16:08:17.719 ZOS: INFO: fsm(MTF_CALL) conn@[20] state <ANSWERING> run [SSM IND] event ok.
05-05 16:08:17.719  1965  2897 D LEMON   : SIP/2.0 200 OK
05-05 16:08:17.719  1965  2897 D LEMON   : From: <sip:+917011021774@ims.mnc872.mcc405.3gppnetwork.org;user=phone>;tag=A8B1Wd9A4Dai8jbf
05-05 16:08:17.719  1965  2897 D LEMON   : To: <sip:+917011021754@ims.mnc872.mcc405.3gppnetwork.org;user=phone>;tag=11lFQcHauy914+GKv.ektO7742
05-05 16:08:17.719  1965  2897 D LEMON   : Record-Route: <sip:[2405:200:330:1581::18]:5067;routing_id=pcscf_b_side;lskpmc=P72;lr>
05-05 16:08:17.719  1965  2897 D LEMON   : Call-ID: C009A6B34C0F7CE697615CE4@1270ffffffff
05-05 16:08:17.719  1965  2897 D LEMON   : CSeq: 2 PRACK
05-05 16:08:17.719  1965  2897 D LEMON   : Max-Forwards: 70
05-05 16:08:17.719  1965  2897 D LEMON   : Server: VoWIFI/WFC UA
05-05 16:08:17.719  1965  2897 D LEMON   : Via: SIP/2.0/UDP [2405:200:330:1581::18]:5067;branch=z9hG4bK_IMSCL1550631.000_d3385707a88adc63261a017223bcb02d;lskpmc=P72;received=2405:200:330:1581::18
05-05 16:08:17.719  1965  2897 D LEMON   : Content-Length: 0
05-05 16:08:17.719  1965  2897 D LEMON   : 
05-05 16:08:17.719  1965  2897 D LEMON   : 
05-05 16:08:17.720  1965  2897 D LEMON   : 16:08:17.720 UTPT: INFO: conn[0x4] send data[577] to [2405:200:330:1581::18:5067] ok.
05-05 16:08:17.720  1965  2897 D LEMON   : 16:08:17.720 SIP: INFO: module stop tmr<0x9A> [TIMER C] ok.
05-05 16:08:17.720  1965  2897 D LEMON   : 16:08:17.720 SIP: INFO: module start tmr<0x99> [TIMER J] <128000ms> ok.
05-05 16:08:17.720  1965  2897 D LEMON   : 16:08:17.720 ZOS: INFO: fsm(SIP_NIST) trans@[196617] state <TRYING> run [SEND_2XX] event ok.
05-05 16:08:17.720  1965  2897 D LEMON   : 16:08:17.720 ZOS: INFO: fsm(SIP_NIST) trans@[196617] state <TRYING> to <COMPLETED>.
05-05 16:08:17.720  1965  2897 D LEMON   : 16:08:17.720 SIP: INFO: trans @30006 process response <INVITE:180>.
05-05 16:08:17.720  1965  2897 D LEMON   : 16:08:17.720 SIP: INFO: module stop tmr<0x8E> [TIMER L] ok.
05-05 16:08:17.721  1965  2897 D LEMON   : 16:08:17.721 ZOS: INFO: fsm(SIP_IST) trans@[196614] state <PROCEEDING> run [SEND_1XX] event ok.
05-05 16:08:17.733  1965  2897 D LEMON   : 16:08:17.733 SIP: INFO: dlg @30005 process response <INVITE:182>.
05-05 16:08:17.733  1965  2897 D LEMON   : 16:08:17.733 ZOS: INFO: fsm(SIP_IVT) dlg@[196613] state <EARLY UAS> run [SEND_1XX] event ok.
05-05 16:08:17.733  1965  2897 D LEMON   : 16:08:17.733 SIP: INFO: trans @30006 process response <INVITE:182>.
05-05 16:08:17.734  1965  2897 D LEMON   : SIP/2.0 182 Queued
05-05 16:08:17.734  1965  2897 D LEMON   : From: <sip:+917011021774@ims.mnc872.mcc405.3gppnetwork.org;user=phone>;tag=A8B1Wd9A4Dai8jbf
05-05 16:08:17.734  1965  2897 D LEMON   : To: <sip:+917011021754@ims.mnc872.mcc405.3gppnetwork.org;user=phone>;tag=11lFQcHauy914+GKv.ektO7742
05-05 16:08:17.734  1965  2897 D LEMON   : P-Preferred-Identity: <sip:+917011021754@ims.mnc872.mcc405.3gppnetwork.org>
05-05 16:08:17.734  1965  2897 D LEMON   : Supported: 100rel,join,norefersub,replaces,timer
05-05 16:08:17.734  1965  2897 D LEMON   : P-Access-Network-Info: IEEE-802.11;i-wlan-node-id=4045da87d2be
05-05 16:08:17.734  1965  2897 D LEMON   : Allow: INVITE,ACK,BYE,CANCEL,UPDATE,REGISTER,INFO,PRACK,SUBSCRIBE,NOTIFY,MESSAGE,REFER,PUBLISH
05-05 16:08:17.734  1965  2897 D LEMON   : Contact: <sip:405872000010534@[2405:204:1a03:45c7::2aa3:38ac]:5410>;+sip.instance="<urn:gsma:imei:86740002-034179-2>";+g.3gpp.icsi-ref="urn%%3Aurn-7%%3A3gpp-service.ims.icsi.mmtel";video
05-05 16:08:17.734  1965  2897 D LEMON   : Record-Route: <sip:[2405:200:330:1581::18]:5067;routing_id=pcscf_b_side;lskpmc=P72;lr>
05-05 16:08:17.734  1965  2897 D LEMON   : Call-ID: C009A6B34C0F7CE697615CE4@1270ffffffff
05-05 16:08:17.734  1965  2897 D LEMON   : CSeq: 1 INVITE
05-05 16:08:17.734  1965  2897 D LEMON   : Max-Forwards: 70
05-05 16:08:17.734  1965  2897 D LEMON   : Server: VoWIFI/WFC UA
05-05 16:08:17.734  1965  2897 D LEMON   : Via: SIP/2.0/UDP [2405:200:330:1581::18]:5067;branch=z9hG4bK_IMSCL1550631.000_352c6e56905b24361e5ecc93ab77b193;lskpmc=P72;received=2405:200:330:1581::18
05-05 16:08:17.734  1965  2897 D LEMON   : Content-Length: 0
05-05 16:08:17.734  1965  2897 D LEMON   : 
05-05 16:08:17.734  1965  2897 D LEMON   : 
05-05 16:08:17.735  1965  2897 D LEMON   : 16:08:17.734 UTPT: INFO: conn[0x4] send data[1055] to [2405:200:330:1581::18:5067] ok.
05-05 16:08:17.735  1965  2897 D LEMON   : 16:08:17.735 SIP: INFO: module stop tmr<0x8F> [TIMER C] ok.
05-05 16:08:17.735  1965  2897 D LEMON   : 16:08:17.735 SIP: INFO: module start tmr<0x8F> [TIMER C] <200000ms> ok.
05-05 16:08:17.735  1965  2897 D LEMON   : 16:08:17.735 ZOS: INFO: fsm(SIP_IST) trans@[196614] state <PROCEEDING> run [SEND_1XX] event ok.
05-05 16:08:17.735  1965  2138 D LEMON   : 16:08:17.732 ZOS: INFO: fsm(MTF_CALL) conn@[20] state <ANSWERING> run [USER ALERT] event ok.
05-05 16:08:23.461  1965  2897 D LEMON   : 16:08:23.461 SIP: INFO: dlg @30004 process request <INVITE>.
05-05 16:08:23.462  1965  2897 D LEMON   : 16:08:23.462 SIP: INFO: module create tmr<0x9B> [TIMER A] ok.
05-05 16:08:23.462  1965  2897 D LEMON   : 16:08:23.462 SIP: INFO: module create tmr<0x9C> [TIMER B] ok.
05-05 16:08:23.462  1965  2897 D LEMON   : 16:08:23.462 SIP: INFO: module create tmr<0x9D> [TIMER D] ok.
05-05 16:08:23.462  1965  2897 D LEMON   : 16:08:23.462 SIP: INFO: module create tmr<0x9E> [TIMER WAIT_CONN] ok.
05-05 16:08:23.462  1965  2897 D LEMON   : 16:08:23.462 SIP: INFO: module create tmr<0x9F> [TIMER C] ok.
05-05 16:08:23.462  1965  2897 D LEMON   : 16:08:23.462 ZOS: INFO: fsm(SIP_IVT) dlg@[196612] state <CONFIRMED> run [SMM_REQ] event ok.
05-05 16:08:23.462  1965  2897 D LEMON   : 16:08:23.462 ZOS: INFO: fsm(SIP_IVT) dlg@[196612] state <CONFIRMED> to <MODIFY OUT>.
05-05 16:08:23.462  1965  2897 D LEMON   : 16:08:23.462 SIP: INFO: trans @30007 process request <INVITE>.
05-05 16:08:23.464  1965  2138 D LEMON   : 16:08:23.463 ZOS: INFO: fsm(MTF_CALL) conn@[19] state <CONNECTED> run [USER HOLD] event ok.
05-05 16:08:23.464  1965  2138 D LEMON   : 16:08:23.464 ZOS: INFO: fsm(MTF_CALL) conn@[19] state <CONNECTED> to <MODIFYOUT>.
05-05 16:08:23.464  1965  2897 D LEMON   : INVITE sip:+919953592787;npdi;rn=4108;rn-context=+91@10.56.4.27:5070;transport=tcp;yop=00.00.73162006.0000.7018;ccsId=65 SIP/2.0
05-05 16:08:23.464  1965  2897 D LEMON   : From: <sip:+917011021754@ims.mnc872.mcc405.3gppnetwork.org>;tag=NcIbu99501.6v.eopCs3421Jtu
05-05 16:08:23.464  1965  2897 D LEMON   : To: "9953592787"<sip:9953592787@ims.mnc872.mcc405.3gppnetwork.org>;tag=aVDdYVe7fc3b7jfg
05-05 16:08:23.464  1965  2897 D LEMON   : Contact: <sip:405872000010534@[2405:204:1a03:45c7::2aa3:38ac]:5410>;+sip.instance="<urn:gsma:imei:86740002-034179-2>";+g.3gpp.icsi-ref="urn%%3Aurn-7%%3A3gpp-service.ims.icsi.mmtel";video
05-05 16:08:23.464  1965  2897 D LEMON   : Supported: 100rel,join,norefersub,replaces,timer,sec-agree
05-05 16:08:23.464  1965  2897 D LEMON   : Allow: INVITE,ACK,BYE,CANCEL,UPDATE,REGISTER,INFO,PRACK,SUBSCRIBE,NOTIFY,MESSAGE,REFER,PUBLISH
05-05 16:08:23.464  1965  2897 D LEMON   : Session-Expires: 1800
05-05 16:08:23.464  1965  2897 D LEMON   : Min-SE: 600
05-05 16:08:23.464  1965  2897 D LEMON   : P-Access-Network-Info: IEEE-802.11;i-wlan-node-id=4045da87d2be
05-05 16:08:23.464  1965  2897 D LEMON   : Security-Verify: ipsec-3gpp;prot=esp;alg=hmac-md5-96;ealg=aes-cbc;mod=trans;spi-c=1460652955;spi-s=1460652956;port-c=32920;port-s=5067;q=0.6
05-05 16:08:23.464  1965  2897 D LEMON   : Security-Verify: ipsec-3gpp;prot=esp;alg=hmac-md5-96;ealg=des-ede3-cbc;mod=trans;spi-c=1460652955;spi-s=1460652956;port-c=32920;port-s=5067;q=0.4
05-05 16:08:23.464  1965  2897 D LEMON   : Security-Verify: ipsec-3gpp;prot=esp;alg=hmac-md5-96;ealg=null;mod=trans;spi-c=1460652955;spi-s=1460652956;port-c=32920;port-s=5067;q=0.3
05-05 16:08:23.464  1965  2897 D LEMON   : Security-Verify: ipsec-3gpp;prot=esp;alg=hmac-sha-1-96;ealg=des-ede3-cbc;mod=trans;spi-c=1460652955;spi-s=1460652956;port-c=32920;port-s=5067;q=0.1
05-05 16:08:23.464  1965  2897 D LEMON   : Security-Verify: ipsec-3gpp;prot=esp;alg=hmac-sha-1-96;ealg=aes-cbc;mod=trans;spi-c=1460652955;spi-s=1460652956;port-c=32920;port-s=5067;q=0.2
05-05 16:08:23.464  1965  2897 D LEMON   : Security-Verify: ipsec-3gpp;prot=esp;alg=hmac-sha-1-96;ealg=null;mod=trans;spi-c=1460652955;spi-s=1460652956;port-c=32920;port-s=5067;q=0.5
05-05 16:08:23.464  1965  2897 D LEMON   : Proxy-Require: sec-agree
05-05 16:08:23.464  1965  2897 D LEMON   : Require: sec-agree
05-05 16:08:23.464  1965  2897 D LEMON   : Route: <sip:[2405:200:330:1581::18]:5067;routing_id=pcscf_a_side;lskpmc=P72;lr>
05-05 16:08:23.464  1965  2897 D LEMON   : Call-ID: I2bu99501.6v.eopCs2421Cn.i@[2405:204:1a03:45c7::2aa3:38ac]
05-05 16:08:23.464  1965  2897 D LEMON   : CSeq: 3 INVITE
05-05 16:08:23.464  1965  2897 D LEMON   : Max-Forwards: 70
05-05 16:08:23.464  1965  2897 D LEMON   : User-Agent: VoWIFI/WFC UA
05-05 16:08:23.464  1965  2897 D LEMON   : Via: SIP/2.0/UDP [2405:204:1a03:45c7::2aa3:38ac]:5410;branch=z9hG4bK21xni.I1auy914+GKv.ektO784;rport
05-05 16:08:23.464  1965  2897 D LEMON   : Content-Type: application/sdp
05-05 16:08:23.464  1965  2897 D LEMON   : Content-Length: 329
05-05 16:08:23.464  1965  2897 D LEMON   : 
05-05 16:08:23.464  1965  2897 D LEMON   : v=0
05-05 16:08:23.464  1965  2897 D LEMON   : o=405872000010534 1059103148 1059103149 IN IP6 2405:204:1a03:45c7::2aa3:38ac
05-05 16:08:23.464  1965  2897 D LEMON   : s=-
05-05 16:08:23.464  1965  2897 D LEMON   : c=IN IP6 2405:204:1a03:45c7::2aa3:38ac
05-05 16:08:23.464  1965  2897 D LEMON   : t=0 0
05-05 16:08:23.464  1965  2897 D LEMON   : m=audio 37076 RTP/AVP 104 103
05-05 16:08:23.464  1965  2897 D LEMON   : a=rtpmap:104 AMR-WB/16000
05-05 16:08:23.464  1965  2897 D LEMON   : a=fmtp:104 octet-align=1
05-05 16:08:23.464  1965  2897 D LEMON   : a=rtpmap:103 AMR/8000
05-05 16:08:23.464  1965  2897 D LEMON   : a=fmtp:103 mode-set=0,1,2,3,4,5;octet-align=1
05-05 16:08:23.464  1965  2897 D LEMON   : a=ptime:20
05-05 16:08:23.464  1965  2897 D LEMON   : a=maxptime:400
05-05 16:08:23.464  1965  2897 D LEMON   : a=sendonly
05-05 16:08:23.464  1965  2897 D LEMON   : 
05-05 16:08:23.465  1965  2897 D LEMON   : 16:08:23.465 UTPT: INFO: conn[0x4] send data[2357] to [2405:200:330:1581::18:5067] ok.
05-05 16:08:23.465  1965  2897 D LEMON   : 16:08:23.465 SIP: INFO: module start tmr<0x9B> [TIMER A] <2000ms> ok.
05-05 16:08:23.465  1965  2897 D LEMON   : 16:08:23.465 SIP: INFO: module start tmr<0x9C> [TIMER B] <128000ms> ok.
05-05 16:08:23.465  1965  2897 D LEMON   : 16:08:23.465 SIP: INFO: module start tmr<0x9F> [TIMER C] <200000ms> ok.
05-05 16:08:23.465  1965  2897 D LEMON   : 16:08:23.465 ZOS: INFO: fsm(SIP_ICT) trans@[196615] state <IDLE> run [SEND_INVITE] event ok.
05-05 16:08:23.465  1965  2897 D LEMON   : 16:08:23.465 ZOS: INFO: fsm(SIP_ICT) trans@[196615] state <IDLE> to <CALLING>.
05-05 16:08:23.513  1965  2141 D LEMON   : 16:08:23.513 UTPT: INFO: recv udp data(len:423) from [2405:200:330:1581::18:32920].
05-05 16:08:23.513  1965  2897 D LEMON   : SIP/2.0 100 Trying
05-05 16:08:23.513  1965  2897 D LEMON   : f:<sip:+917011021754@ims.mnc872.mcc405.3gppnetwork.org>;tag=NcIbu99501.6v.eopCs3421Jtu
05-05 16:08:23.513  1965  2897 D LEMON   : t:"9953592787"<sip:9953592787@ims.mnc872.mcc405.3gppnetwork.org>;tag=aVDdYVe7fc3b7jfg
