04-17 23:33:01.392  1681  1826 D LEMON   : 23:33:01.392 ZOS: INFO: fsm(MTF_CALL) conn@[17] state <IDLE> run [SIM IND] event ok.
04-17 23:33:01.392  1681  1826 D LEMON   : 23:33:01.392 ZOS: INFO: fsm(MTF_CALL) conn@[17] state <IDLE> to <ANSWERING>.
04-17 23:33:01.395  1681  2968 D LEMON   : 23:33:01.395 ZOS: INFO: fsm(SIP_IVT) dlg@[131077] state <IDLE> run [RECV_INVITE] event ok.
04-17 23:33:01.395  1681  2968 D LEMON   : 23:33:01.395 ZOS: INFO: fsm(SIP_IVT) dlg@[131077] state <IDLE> to <IVT_IN>.
04-17 23:33:02.782  1681  1833 D LEMON   : 23:33:02.782 UTPT: INFO: recv udp data(len:908) from [10.56.5.85:32920].
04-17 23:33:02.783  1681  2968 D LEMON   : PRACK sip:405872000010353@100.80.131.52:5503 SIP/2.0
04-17 23:33:02.783  1681  2968 D LEMON   : v:SIP/2.0/UDP 10.56.5.85:5067;branch=z9hG4bK_IMSCL1550631.000_38692c6421ea48ec9959c9660d3b8d32;lskpmc=P97
04-17 23:33:02.783  1681  2968 D LEMON   : Record-Route:<sip:10.56.5.85:5067;routing_id=pcscf_b_side;lskpmc=P97;lr>
04-17 23:33:02.783  1681  2968 D LEMON   : v:SIP/2.0/UDP 10.56.0.37:5090;branch=z9hG4bK_IMSCL1550631.000_9b4c30d4a4665a530d5d36b7d0b55a52;lskpmc=S97
04-17 23:33:02.783  1681  2968 D LEMON   : l:0
04-17 23:33:02.783  1681  2968 D LEMON   : f:<sip:+917011021641@ims.mnc872.mcc405.3gppnetwork.org;user=phone>;tag=a01UdedjZABbZbdW
04-17 23:33:02.783  1681  2968 D LEMON   : t:<sip:+917011021568@ims.mnc872.mcc405.3gppnetwork.org;user=phone>;tag=219tijG1c0EL7JRoKE6ePn_LE3
04-17 23:33:02.783  1681  2968 D LEMON   : v:SIP/2.0/UDP 10.56.4.26:5070;branch=z9hG4bKc9ff9b4aX5DUb3A5;yop=00.00.73162006.0000.7013
04-17 23:33:02.783  1681  2968 D LEMON   : i:CAAF438FE7D8F8B0D054DD5B@1370ffffffff
04-17 23:33:02.783  1681  2968 D LEMON   : CSeq:2 PRACK
04-17 23:33:02.783  1681  2968 D LEMON   : Max-Forwards:61
04-17 23:33:02.783  1681  2968 D LEMON   : RAck:1 1 INVITE
04-17 23:33:02.783  1681  2968 D LEMON   : k:timer
04-17 23:33:02.783  1681  2968 D LEMON   : d:no-fork
04-17 23:33:02.783  1681  2968 D LEMON   : User-Agent:VoWIFI/WFC UA
04-17 23:33:02.783  1681  2968 D LEMON   : Record-Route:<sip:dl1scfx0202mw.ims.mnc872.mcc405.3gppnetwork.org:5090;lr;interface=isc;lskpmc=S97;routing_id=7f4f5015b98f93c74be1a801e380a188>
04-17 23:33:02.783  1681  2968 D LEMON   : 
04-17 23:33:02.783  1681  2968 D LEMON   : 
04-17 23:33:02.783  1681  2968 D LEMON   : 23:33:02.783 SIP: INFO: module create tmr<0x32> [TIMER J] ok.
04-17 23:33:02.783  1681  2968 D LEMON   : 23:33:02.783 SIP: INFO: module create tmr<0x33> [TIMER C] ok.
04-17 23:33:02.784  1681  2968 D LEMON   : 23:33:02.784 SIP: INFO: trans @10007 process request <PRACK>.
04-17 23:33:02.784  1681  2968 D LEMON   : 23:33:02.784 SIP: INFO: module start tmr<0x33> [TIMER C] <200000ms> ok.
04-17 23:33:02.784  1681  2968 D LEMON   : 23:33:02.784 ZOS: INFO: fsm(SIP_NIST) trans@[65543] state <IDLE> run [RECV_NONINVITE] event ok.
04-17 23:33:02.784  1681  2968 D LEMON   : 23:33:02.784 ZOS: INFO: fsm(SIP_NIST) trans@[65543] state <IDLE> to <TRYING>.
04-17 23:33:02.785  1681  2968 D LEMON   : 23:33:02.785 SIP: INFO: dlg @20005 process request <PRACK>.
04-17 23:33:02.786  1681  1826 D LEMON   : 23:33:02.786 ZOS: INFO: fsm(MTF_CALL) conn@[17] state <ANSWERING> run [SSM IND] event ok.
04-17 23:33:02.789  1681  2968 D LEMON   : 23:33:02.789 ZOS: INFO: fsm(SIP_IVT) dlg@[131077] state <EARLY UAS> run [RECV_SSM_REQ] event ok.
04-17 23:33:02.789  1681  2968 D LEMON   : 23:33:02.789 SIP: INFO: trans @10007 process response <PRACK:200>.
04-17 23:33:02.790  1681  2968 D LEMON   : SIP/2.0 200 OK
04-17 23:33:02.790  1681  2968 D LEMON   : From: <sip:+917011021641@ims.mnc872.mcc405.3gppnetwork.org;user=phone>;tag=a01UdedjZABbZbdW
04-17 23:33:02.790  1681  2968 D LEMON   : To: <sip:+917011021568@ims.mnc872.mcc405.3gppnetwork.org;user=phone>;tag=219tijG1c0EL7JRoKE6ePn_LE3
04-17 23:33:02.790  1681  2968 D LEMON   : Record-Route: <sip:10.56.5.85:5067;routing_id=pcscf_b_side;lskpmc=P97;lr>
04-17 23:33:02.790  1681  2968 D LEMON   : Record-Route: <sip:dl1scfx0202mw.ims.mnc872.mcc405.3gppnetwork.org:5090;lr;interface=isc;lskpmc=S97;reg-id=971460903928823043;routing_id=7f4f5015b98f93c74be1a801e380a188>
04-17 23:33:02.790  1681  2968 D LEMON   : Record-Route: <sip:AAQACE71wAAD/AAAAuAAAfYUK@10.56.4.26:5070;yop=00.00.73162006.0000.7013;lr>
04-17 23:33:02.790  1681  2968 D LEMON   : Call-ID: CAAF438FE7D8F8B0D054DD5B@1370ffffffff
04-17 23:33:02.790  1681  2968 D LEMON   : CSeq: 2 PRACK
04-17 23:33:02.790  1681  2968 D LEMON   : Max-Forwards: 70
04-17 23:33:02.790  1681  2968 D LEMON   : Server: VoWIFI/WFC UA
04-17 23:33:02.790  1681  2968 D LEMON   : Via: SIP/2.0/UDP 10.56.5.85:5067;branch=z9hG4bK_IMSCL1550631.000_38692c6421ea48ec9959c9660d3b8d32;lskpmc=P97;received=10.56.5.85
04-17 23:33:02.790  1681  2968 D LEMON   : Via: SIP/2.0/UDP 10.56.0.37:5090;branch=z9hG4bK_IMSCL1550631.000_9b4c30d4a4665a530d5d36b7d0b55a52;lskpmc=S97
04-17 23:33:02.790  1681  2968 D LEMON   : Via: SIP/2.0/UDP 10.56.4.26:5070;branch=z9hG4bKc9ff9b4aX5DUb3A5;yop=00.00.73162006.0000.7013
04-17 23:33:02.790  1681  2968 D LEMON   : Content-Length: 0
04-17 23:33:02.790  1681  2968 D LEMON   : 
04-17 23:33:02.790  1681  2968 D LEMON   : 
04-17 23:33:02.790  1681  2968 D LEMON   : 23:33:02.790 UTPT: INFO: conn[0x4] send data[1011] to [10.56.5.85:5067] ok.
04-17 23:33:02.790  1681  2968 D LEMON   : 23:33:02.790 SIP: INFO: module stop tmr<0x33> [TIMER C] ok.
04-17 23:33:02.790  1681  2968 D LEMON   : 23:33:02.790 SIP: INFO: module start tmr<0x32> [TIMER J] <128000ms> ok.
04-17 23:33:02.790  1681  2968 D LEMON   : 23:33:02.790 ZOS: INFO: fsm(SIP_NIST) trans@[65543] state <TRYING> run [SEND_2XX] event ok.
04-17 23:33:02.791  1681  2968 D LEMON   : 23:33:02.790 ZOS: INFO: fsm(SIP_NIST) trans@[65543] state <TRYING> to <COMPLETED>.
04-17 23:33:02.791  1681  2968 D LEMON   : 23:33:02.791 SIP: INFO: trans @10006 process response <INVITE:180>.
04-17 23:33:02.791  1681  2968 D LEMON   : 23:33:02.791 SIP: INFO: module stop tmr<0x27> [TIMER L] ok.
04-17 23:33:02.791  1681  2968 D LEMON   : 23:33:02.791 ZOS: INFO: fsm(SIP_IST) trans@[65542] state <PROCEEDING> run [SEND_1XX] event ok.
04-17 23:33:02.796  1681  1826 D LEMON   : 23:33:02.796 ZOS: INFO: fsm(MTF_CALL) conn@[17] state <ANSWERING> run [USER ALERT] event ok.
04-17 23:33:02.797  1681  2968 D LEMON   : 23:33:02.797 SIP: INFO: dlg @20005 process response <INVITE:180>.
04-17 23:33:02.797  1681  2968 D LEMON   : 23:33:02.797 ZOS: INFO: fsm(SIP_IVT) dlg@[131077] state <EARLY UAS> run [SEND_1XX] event ok.
04-17 23:33:02.797  1681  2968 D LEMON   : 23:33:02.797 SIP: INFO: trans @10006 process response <INVITE:180>.
04-17 23:33:02.798  1681  2968 D LEMON   : SIP/2.0 180 Ringing
04-17 23:33:02.798  1681  2968 D LEMON   : From: <sip:+917011021641@ims.mnc872.mcc405.3gppnetwork.org;user=phone>;tag=a01UdedjZABbZbdW
04-17 23:33:02.798  1681  2968 D LEMON   : To: <sip:+917011021568@ims.mnc872.mcc405.3gppnetwork.org;user=phone>;tag=219tijG1c0EL7JRoKE6ePn_LE3
04-17 23:33:02.798  1681  2968 D LEMON   : P-Preferred-Identity: <sip:+917011021568@ims.mnc872.mcc405.3gppnetwork.org>
04-17 23:33:02.798  1681  2968 D LEMON   : Supported: 100rel,join,norefersub,replaces,timer
04-17 23:33:02.798  1681  2968 D LEMON   : Allow: INVITE,ACK,BYE,CANCEL,UPDATE,REGISTER,INFO,PRACK,SUBSCRIBE,NOTIFY,MESSAGE,REFER,PUBLISH
04-17 23:33:02.798  1681  2968 D LEMON   : Contact: <sip:405872000010353@100.80.131.52:5503>;+sip.instance="<urn:gsma:imei:86740002-050381-3>";+g.3gpp.icsi-ref="urn%%3Aurn-7%%3A3gpp-service.ims.icsi.mmtel";video
04-17 23:33:02.798  1681  2968 D LEMON   : Record-Route: <sip:10.56.5.85:5067;routing_id=pcscf_b_side;lskpmc=P97;lr>
04-17 23:33:02.798  1681  2968 D LEMON   : Record-Route: <sip:dl1scfx0202mw.ims.mnc872.mcc405.3gppnetwork.org:5090;lr;interface=isc;lskpmc=S97;reg-id=971460903928823043;routing_id=7f4f5015b98f93c74be1a801e380a188>
04-17 23:33:02.798  1681  2968 D LEMON   : Record-Route: <sip:AAQACE71wAAD/AAAAuAAAfYUK@10.56.4.26:5070;yop=00.00.73162006.0000.7013;lr>
04-17 23:33:02.798  1681  2968 D LEMON   : Call-ID: CAAF438FE7D8F8B0D054DD5B@1370ffffffff
04-17 23:33:02.798  1681  2968 D LEMON   : CSeq: 1 INVITE
04-17 23:33:02.798  1681  2968 D LEMON   : Max-Forwards: 70
04-17 23:33:02.798  1681  2968 D LEMON   : Server: VoWIFI/WFC UA
04-17 23:33:02.798  1681  2968 D LEMON   : Via: SIP/2.0/UDP 10.56.5.85:5067;branch=z9hG4bK_IMSCL1550631.000_e8e308eb9ec64b9bcf4ce91997cfa484;lskpmc=P97;received=10.56.5.85
04-17 23:33:02.798  1681  2968 D LEMON   : Via: SIP/2.0/TCP 10.56.0.37:5090;branch=z9hG4bK_IMSCL1550631.000_41e2f6aeee3fb5547f0b6ad6c44e8f1b;lskpmc=S97
04-17 23:33:02.798  1681  2968 D LEMON   : Via: SIP/2.0/TCP 10.56.4.26:5070;branch=z9hG4bKC6.C45VY9ZVgh9c_;yop=00.00.73162006.0000.7013
04-17 23:33:02.798  1681  2968 D LEMON   : Content-Length: 0
04-17 23:33:02.798  1681  2968 D LEMON   : 
04-17 23:33:02.798  1681  2968 D LEMON   : 
04-17 23:33:02.799  1681  2968 D LEMON   : 23:33:02.799 UTPT: INFO: conn[0x4] send data[1408] to [10.56.5.85:5067] ok.
04-17 23:33:02.799  1681  2968 D LEMON   : 23:33:02.799 SIP: INFO: module stop tmr<0x28> [TIMER C] ok.
04-17 23:33:02.799  1681  2968 D LEMON   : 23:33:02.799 SIP: INFO: module start tmr<0x28> [TIMER C] <200000ms> ok.
04-17 23:33:02.799  1681  2968 D LEMON   : 23:33:02.799 ZOS: INFO: fsm(SIP_IST) trans@[65542] state <PROCEEDING> run [SEND_1XX] event ok.
04-17 23:33:05.484  1681  1826 D LEMON   : 23:33:05.484 ZOS: INFO: fsm(MTF_CALL) conn@[17] state <ANSWERING> run [USER ANSWER] event ok.
04-17 23:33:05.484  1681  1826 D LEMON   : 23:33:05.484 ZOS: INFO: fsm(MTF_CALL) conn@[17] state <ANSWERING> to <CONNECTED>.
04-17 23:33:05.484  1681  2968 D LEMON   : 23:33:05.484 SIP: INFO: dlg @20005 process response <INVITE:200>.
04-17 23:33:05.484  1681  2968 D LEMON   : 23:33:05.484 SIP: INFO: module start tmr<0x2A> [TIMER SEND_2XX] <2000ms> ok.
04-17 23:33:05.484  1681  2968 D LEMON   : 23:33:05.484 SIP: INFO: module start tmr<0x2B> [TIMER STOP_2XX] <128000ms> ok.
04-17 23:33:05.485  1681  2968 D LEMON   : 23:33:05.485 ZOS: INFO: fsm(SIP_IVT) dlg@[131077] state <EARLY UAS> run [SEND_2XX] event ok.
04-17 23:33:05.485  1681  2968 D LEMON   : 23:33:05.485 ZOS: INFO: fsm(SIP_IVT) dlg@[131077] state <EARLY UAS> to <CONFIRMED>.
04-17 23:33:05.485  1681  2968 D LEMON   : 23:33:05.485 SIP: INFO: trans @10006 process response <INVITE:200>.
04-17 23:33:05.485  1681  2968 D LEMON   : 23:33:05.485 SIP: INFO: module stop tmr<0x28> [TIMER C] ok.
04-17 23:33:05.485  1681  2968 D LEMON   : SIP/2.0 200 OK
04-17 23:33:05.485  1681  2968 D LEMON   : From: <sip:+917011021641@ims.mnc872.mcc405.3gppnetwork.org;user=phone>;tag=a01UdedjZABbZbdW
04-17 23:33:05.485  1681  2968 D LEMON   : To: <sip:+917011021568@ims.mnc872.mcc405.3gppnetwork.org;user=phone>;tag=219tijG1c0EL7JRoKE6ePn_LE3
04-17 23:33:05.485  1681  2968 D LEMON   : P-Preferred-Identity: <sip:+917011021568@ims.mnc872.mcc405.3gppnetwork.org>
04-17 23:33:05.485  1681  2968 D LEMON   : Supported: 100rel,join,norefersub,replaces,timer
04-17 23:33:05.485  1681  2968 D LEMON   : Allow: INVITE,ACK,BYE,CANCEL,UPDATE,REGISTER,INFO,PRACK,SUBSCRIBE,NOTIFY,MESSAGE,REFER,PUBLISH
04-17 23:33:05.485  1681  2968 D LEMON   : Session-Expires: 1800;refresher=uac
04-17 23:33:05.485  1681  2968 D LEMON   : Min-SE: 600
04-17 23:33:05.485  1681  2968 D LEMON   : Require: timer
04-17 23:33:05.485  1681  2968 D LEMON   : Contact: <sip:405872000010353@100.80.131.52:5503>;+sip.instance="<urn:gsma:imei:86740002-050381-3>";+g.3gpp.icsi-ref="urn%%3Aurn-7%%3A3gpp-service.ims.icsi.mmtel";video
04-17 23:33:05.485  1681  2968 D LEMON   : Record-Route: <sip:10.56.5.85:5067;routing_id=pcscf_b_side;lskpmc=P97;lr>
04-17 23:33:05.485  1681  2968 D LEMON   : Record-Route: <sip:dl1scfx0202mw.ims.mnc872.mcc405.3gppnetwork.org:5090;lr;interface=isc;lskpmc=S97;reg-id=971460903928823043;routing_id=7f4f5015b98f93c74be1a801e380a188>
04-17 23:33:05.485  1681  2968 D LEMON   : Record-Route: <sip:AAQACE71wAAD/AAAAuAAAfYUK@10.56.4.26:5070;yop=00.00.73162006.0000.7013;lr>
04-17 23:33:05.485  1681  2968 D LEMON   : Call-ID: CAAF438FE7D8F8B0D054DD5B@1370ffffffff
04-17 23:33:05.485  1681  2968 D LEMON   : CSeq: 1 INVITE
04-17 23:33:05.485  1681  2968 D LEMON   : Max-Forwards: 70
04-17 23:33:05.485  1681  2968 D LEMON   : Server: VoWIFI/WFC UA
04-17 23:33:05.485  1681  2968 D LEMON   : Via: SIP/2.0/UDP 10.56.5.85:5067;branch=z9hG4bK_IMSCL1550631.000_e8e308eb9ec64b9bcf4ce91997cfa484;lskpmc=P97;received=10.56.5.85
04-17 23:33:05.485  1681  2968 D LEMON   : Via: SIP/2.0/TCP 10.56.0.37:5090;branch=z9hG4bK_IMSCL1550631.000_41e2f6aeee3fb5547f0b6ad6c44e8f1b;lskpmc=S97
04-17 23:33:05.485  1681  2968 D LEMON   : Via: SIP/2.0/TCP 10.56.4.26:5070;branch=z9hG4bKC6.C45VY9ZVgh9c_;yop=00.00.73162006.0000.7013
04-17 23:33:05.485  1681  2968 D LEMON   : Content-Type: application/sdp
04-17 23:33:05.485  1681  2968 D LEMON   : Content-Length: 262
04-17 23:33:05.485  1681  2968 D LEMON   : 
04-17 23:33:05.485  1681  2968 D LEMON   : v=0
04-17 23:33:05.485  1681  2968 D LEMON   : o=405872000010353 4258686320 4258686320 IN IP4 100.80.131.52
04-17 23:33:05.485  1681  2968 D LEMON   : s=-
04-17 23:33:05.485  1681  2968 D LEMON   : c=IN IP4 100.80.131.52
04-17 23:33:05.485  1681  2968 D LEMON   : t=0 0
04-17 23:33:05.485  1681  2968 D LEMON   : m=audio 37090 RTP/AVP 104 101
04-17 23:33:05.485  1681  2968 D LEMON   : a=rtpmap:104 AMR-WB/16000
04-17 23:33:05.485  1681  2968 D LEMON   : a=fmtp:104 octet-align=1
04-17 23:33:05.485  1681  2968 D LEMON   : a=ptime:20
04-17 23:33:05.485  1681  2968 D LEMON   : a=maxptime:144
04-17 23:33:05.485  1681  2968 D LEMON   : a=rtpmap:101 telephone-event/8000
04-17 23:33:05.485  1681  2968 D LEMON   : a=sendrecv
04-17 23:33:05.485  1681  2968 D LEMON   : 
04-17 23:33:05.486  1681  2968 D LEMON   : 23:33:05.486 UTPT: INFO: conn[0x4] send data[1764] to [10.56.5.85:5067] ok.
04-17 23:33:05.487  1681  2968 D LEMON   : 23:33:05.487 ZOS: INFO: fsm(SIP_IST) trans@[65542] state <PROCEEDING> run [SEND_2XX] event ok.
04-17 23:33:05.487  1681  2968 D LEMON   : 23:33:05.487 ZOS: INFO: fsm(SIP_IST) trans@[65542] state <PROCEEDING> to <TERMINATED>.
04-17 23:33:05.487  1681  2968 D LEMON   : 23:33:05.487 SIP: INFO: module delete tmr<0x24> [TIMER G] ok.
04-17 23:33:05.487  1681  1681 D LEMON   : 23:33:05.487 RSE: INFO: gui notify LeaveSessTalking.
04-17 23:33:05.488  1681  2968 D LEMON   : 23:33:05.488 SIP: INFO: module delete tmr<0x25> [TIMER H] ok.
04-17 23:33:05.488  1681  2968 D LEMON   : 23:33:05.488 SIP: INFO: module delete tmr<0x26> [TIMER I] ok.
04-17 23:33:05.488  1681  2968 D LEMON   : 23:33:05.488 SIP: INFO: module delete tmr<0x27> [TIMER L] ok.
04-17 23:33:05.488  1681  2968 D LEMON   : 23:33:05.488 SIP: INFO: module delete tmr<0x28> [TIMER C] ok.
04-17 23:33:07.485  1681  2968 D LEMON   : 23:33:07.485 SIP: INFO: core timer process dialog event tmr<0x2A> [TIMER SEND_2XX].
04-17 23:33:07.485  1681  2968 D LEMON   : 23:33:07.485 SIP: INFO: dlg @20005 process event [TIMER SEND_2XX].
04-17 23:33:07.486  1681  2968 D LEMON   : SIP/2.0 200 OK
04-17 23:33:07.486  1681  2968 D LEMON   : From: <sip:+917011021641@ims.mnc872.mcc405.3gppnetwork.org;user=phone>;tag=a01UdedjZABbZbdW
04-17 23:33:07.486  1681  2968 D LEMON   : To: <sip:+917011021568@ims.mnc872.mcc405.3gppnetwork.org;user=phone>;tag=219tijG1c0EL7JRoKE6ePn_LE3
04-17 23:33:07.486  1681  2968 D LEMON   : P-Preferred-Identity: <sip:+917011021568@ims.mnc872.mcc405.3gppnetwork.org>
04-17 23:33:07.486  1681  2968 D LEMON   : Supported: 100rel,join,norefersub,replaces,timer
04-17 23:33:07.486  1681  2968 D LEMON   : Allow: INVITE,ACK,BYE,CANCEL,UPDATE,REGISTER,INFO,PRACK,SUBSCRIBE,NOTIFY,MESSAGE,REFER,PUBLISH
04-17 23:33:07.486  1681  2968 D LEMON   : Session-Expires: 1800;refresher=uac
04-17 23:33:07.486  1681  2968 D LEMON   : Min-SE: 600
04-17 23:33:07.486  1681  2968 D LEMON   : Require: timer
04-17 23:33:07.486  1681  2968 D LEMON   : Contact: <sip:405872000010353@100.80.131.52:5503>;+sip.instance="<urn:gsma:imei:86740002-050381-3>";+g.3gpp.icsi-ref="urn%%3Aurn-7%%3A3gpp-service.ims.icsi.mmtel";video
04-17 23:33:07.486  1681  2968 D LEMON   : Record-Route: <sip:10.56.5.85:5067;routing_id=pcscf_b_side;lskpmc=P97;lr>
04-17 23:33:07.486  1681  2968 D LEMON   : Record-Route: <sip:dl1scfx0202mw.ims.mnc872.mcc405.3gppnetwork.org:5090;lr;interface=isc;lskpmc=S97;reg-id=971460903928823043;routing_id=7f4f5015b98f93c74be1a801e380a188>
04-17 23:33:07.486  1681  2968 D LEMON   : Record-Route: <sip:AAQACE71wAAD/AAAAuAAAfYUK@10.56.4.26:5070;yop=00.00.73162006.0000.7013;lr>
04-17 23:33:07.486  1681  2968 D LEMON   : Call-ID: CAAF438FE7D8F8B0D054DD5B@1370ffffffff
04-17 23:33:07.486  1681  2968 D LEMON   : CSeq: 1 INVITE
04-17 23:33:07.486  1681  2968 D LEMON   : Max-Forwards: 70
04-17 23:33:07.486  1681  2968 D LEMON   : Server: VoWIFI/WFC UA
04-17 23:33:07.486  1681  2968 D LEMON   : Via: SIP/2.0/UDP 10.56.5.85:5067;branch=z9hG4bK_IMSCL1550631.000_e8e308eb9ec64b9bcf4ce91997cfa484;lskpmc=P97;received=10.56.5.85
04-17 23:33:07.486  1681  2968 D LEMON   : Via: SIP/2.0/TCP 10.56.0.37:5090;branch=z9hG4bK_IMSCL1550631.000_41e2f6aeee3fb5547f0b6ad6c44e8f1b;lskpmc=S97
04-17 23:33:07.486  1681  2968 D LEMON   : Via: SIP/2.0/TCP 10.56.4.26:5070;branch=z9hG4bKC6.C45VY9ZVgh9c_;yop=00.00.73162006.0000.7013
04-17 23:33:07.486  1681  2968 D LEMON   : Content-Type: application/sdp
04-17 23:33:07.486  1681  2968 D LEMON   : Content-Length: 262
04-17 23:33:07.486  1681  2968 D LEMON   : 
04-17 23:33:07.486  1681  2968 D LEMON   : v=0
04-17 23:33:07.486  1681  2968 D LEMON   : o=405872000010353 4258686320 4258686320 IN IP4 100.80.131.52
04-17 23:33:07.486  1681  2968 D LEMON   : s=-
04-17 23:33:07.486  1681  2968 D LEMON   : c=IN IP4 100.80.131.52
04-17 23:33:07.486  1681  2968 D LEMON   : t=0 0
04-17 23:33:07.486  1681  2968 D LEMON   : m=audio 37090 RTP/AVP 104 101
04-17 23:33:07.486  1681  2968 D LEMON   : a=rtpmap:104 AMR-WB/16000
04-17 23:33:07.486  1681  2968 D LEMON   : a=fmtp:104 octet-align=1
04-17 23:33:07.486  1681  2968 D LEMON   : a=ptime:20
04-17 23:33:07.486  1681  2968 D LEMON   : a=maxptime:144
04-17 23:33:07.486  1681  2968 D LEMON   : a=rtpmap:101 telephone-event/8000
04-17 23:33:07.486  1681  2968 D LEMON   : a=sendrecv
04-17 23:33:07.486  1681  2968 D LEMON   : 
04-17 23:33:07.487  1681  2968 D LEMON   : 23:33:07.487 UTPT: INFO: conn[0x4] send data[1764] to [10.56.5.85:5067] ok.
04-17 23:33:07.487  1681  2968 D LEMON   : 23:33:07.487 SIP: INFO: module start tmr<0x2A> [TIMER SEND_2XX] <4000ms> ok.
04-17 23:33:07.487  1681  2968 D LEMON   : 23:33:07.487 ZOS: INFO: fsm(SIP_IVT) dlg@[131077] state <CONFIRMED> run [TMR_SEND_2XX] event ok.
04-17 23:33:10.498  1681  1826 D LEMON   : 23:33:10.498 ZOS: INFO: fsm(MTF_CALL) conn@[17] state <CONNECTED> run [WAIT MEDIA] event ok.
04-17 23:33:11.490  1681  2968 D LEMON   : 23:33:11.490 SIP: INFO: core timer process dialog event tmr<0x2A> [TIMER SEND_2XX].
04-17 23:33:11.490  1681  2968 D LEMON   : 23:33:11.490 SIP: INFO: dlg @20005 process event [TIMER SEND_2XX].
04-17 23:33:11.490  1681  2968 D LEMON   : SIP/2.0 200 OK
04-17 23:33:11.490  1681  2968 D LEMON   : From: <sip:+917011021641@ims.mnc872.mcc405.3gppnetwork.org;user=phone>;tag=a01UdedjZABbZbdW
04-17 23:33:11.490  1681  2968 D LEMON   : To: <sip:+917011021568@ims.mnc872.mcc405.3gppnetwork.org;user=phone>;tag=219tijG1c0EL7JRoKE6ePn_LE3
04-17 23:33:11.490  1681  2968 D LEMON   : P-Preferred-Identity: <sip:+917011021568@ims.mnc872.mcc405.3gppnetwork.org>
04-17 23:33:11.490  1681  2968 D LEMON   : Supported: 100rel,join,norefersub,replaces,timer
04-17 23:33:11.490  1681  2968 D LEMON   : Allow: INVITE,ACK,BYE,CANCEL,UPDATE,REGISTER,INFO,PRACK,SUBSCRIBE,NOTIFY,MESSAGE,REFER,PUBLISH
04-17 23:33:11.490  1681  2968 D LEMON   : Session-Expires: 1800;refresher=uac
04-17 23:33:11.490  1681  2968 D LEMON   : Min-SE: 600
04-17 23:33:11.490  1681  2968 D LEMON   : Require: timer
04-17 23:33:11.490  1681  2968 D LEMON   : Contact: <sip:405872000010353@100.80.131.52:5503>;+sip.instance="<urn:gsma:imei:86740002-050381-3>";+g.3gpp.icsi-ref="urn%%3Aurn-7%%3A3gpp-service.ims.icsi.mmtel";video
04-17 23:33:11.490  1681  2968 D LEMON   : Record-Route: <sip:10.56.5.85:5067;routing_id=pcscf_b_side;lskpmc=P97;lr>
04-17 23:33:11.490  1681  2968 D LEMON   : Record-Route: <sip:dl1scfx0202mw.ims.mnc872.mcc405.3gppnetwork.org:5090;lr;interface=isc;lskpmc=S97;reg-id=971460903928823043;routing_id=7f4f5015b98f93c74be1a801e380a188>
04-17 23:33:11.490  1681  2968 D LEMON   : Record-Route: <sip:AAQACE71wAAD/AAAAuAAAfYUK@10.56.4.26:5070;yop=00.00.73162006.0000.7013;lr>
04-17 23:33:11.490  1681  2968 D LEMON   : Call-ID: CAAF438FE7D8F8B0D054DD5B@1370ffffffff
04-17 23:33:11.490  1681  2968 D LEMON   : CSeq: 1 INVITE
04-17 23:33:11.490  1681  2968 D LEMON   : Max-Forwards: 70
04-17 23:33:11.490  1681  2968 D LEMON   : Server: VoWIFI/WFC UA
04-17 23:33:11.490  1681  2968 D LEMON   : Via: SIP/2.0/UDP 10.56.5.85:5067;branch=z9hG4bK_IMSCL1550631.000_e8e308eb9ec64b9bcf4ce91997cfa484;lskpmc=P97;received=10.56.5.85
04-17 23:33:11.490  1681  2968 D LEMON   : Via: SIP/2.0/TCP 10.56.0.37:5090;branch=z9hG4bK_IMSCL1550631.000_41e2f6aeee3fb5547f0b6ad6c44e8f1b;lskpmc=S97
04-17 23:33:11.490  1681  2968 D LEMON   : Via: SIP/2.0/TCP 10.56.4.26:5070;branch=z9hG4bKC6.C45VY9ZVgh9c_;yop=00.00.73162006.0000.7013
04-17 23:33:11.490  1681  2968 D LEMON   : Content-Type: application/sdp
04-17 23:33:11.490  1681  2968 D LEMON   : Content-Length: 262
04-17 23:33:11.490  1681  2968 D LEMON   : 
04-17 23:33:11.490  1681  2968 D LEMON   : v=0
04-17 23:33:11.490  1681  2968 D LEMON   : o=405872000010353 4258686320 4258686320 IN IP4 100.80.131.52
04-17 23:33:11.490  1681  2968 D LEMON   : s=-
04-17 23:33:11.490  1681  2968 D LEMON   : c=IN IP4 100.80.131.52
04-17 23:33:11.490  1681  2968 D LEMON   : t=0 0
04-17 23:33:11.490  1681  2968 D LEMON   : m=audio 37090 RTP/AVP 104 101
04-17 23:33:11.490  1681  2968 D LEMON   : a=rtpmap:104 AMR-WB/16000
04-17 23:33:11.490  1681  2968 D LEMON   : a=fmtp:104 octet-align=1
04-17 23:33:11.490  1681  2968 D LEMON   : a=ptime:20
04-17 23:33:11.490  1681  2968 D LEMON   : a=maxptime:144
04-17 23:33:11.490  1681  2968 D LEMON   : a=rtpmap:101 telephone-event/8000
04-17 23:33:11.490  1681  2968 D LEMON   : a=sendrecv
04-17 23:33:11.490  1681  2968 D LEMON   : 
04-17 23:33:11.491  1681  2968 D LEMON   : 23:33:11.491 UTPT: INFO: conn[0x4] send data[1764] to [10.56.5.85:5067] ok.
04-17 23:33:11.491  1681  2968 D LEMON   : 23:33:11.491 SIP: INFO: module start tmr<0x2A> [TIMER SEND_2XX] <8000ms> ok.
04-17 23:33:11.491  1681  2968 D LEMON   : 23:33:11.491 ZOS: INFO: fsm(SIP_IVT) dlg@[131077] state <CONFIRMED> run [TMR_SEND_2XX] event ok.
04-17 23:33:19.495  1681  2968 D LEMON   : 23:33:19.495 SIP: INFO: core timer process dialog event tmr<0x2A> [TIMER SEND_2XX].
04-17 23:33:19.495  1681  2968 D LEMON   : 23:33:19.495 SIP: INFO: dlg @20005 process event [TIMER SEND_2XX].
04-17 23:33:19.495  1681  2968 D LEMON   : SIP/2.0 200 OK
04-17 23:33:19.495  1681  2968 D LEMON   : From: <sip:+917011021641@ims.mnc872.mcc405.3gppnetwork.org;user=phone>;tag=a01UdedjZABbZbdW
04-17 23:33:19.495  1681  2968 D LEMON   : To: <sip:+917011021568@ims.mnc872.mcc405.3gppnetwork.org;user=phone>;tag=219tijG1c0EL7JRoKE6ePn_LE3
04-17 23:33:19.495  1681  2968 D LEMON   : P-Preferred-Identity: <sip:+917011021568@ims.mnc872.mcc405.3gppnetwork.org>
04-17 23:33:19.495  1681  2968 D LEMON   : Supported: 100rel,join,norefersub,replaces,timer
04-17 23:33:19.495  1681  2968 D LEMON   : Allow: INVITE,ACK,BYE,CANCEL,UPDATE,REGISTER,INFO,PRACK,SUBSCRIBE,NOTIFY,MESSAGE,REFER,PUBLISH
04-17 23:33:19.495  1681  2968 D LEMON   : Session-Expires: 1800;refresher=uac
04-17 23:33:19.495  1681  2968 D LEMON   : Min-SE: 600
04-17 23:33:19.495  1681  2968 D LEMON   : Require: timer
04-17 23:33:19.495  1681  2968 D LEMON   : Contact: <sip:405872000010353@100.80.131.52:5503>;+sip.instance="<urn:gsma:imei:86740002-050381-3>";+g.3gpp.icsi-ref="urn%%3Aurn-7%%3A3gpp-service.ims.icsi.mmtel";video
04-17 23:33:19.495  1681  2968 D LEMON   : Record-Route: <sip:10.56.5.85:5067;routing_id=pcscf_b_side;lskpmc=P97;lr>
04-17 23:33:19.495  1681  2968 D LEMON   : Record-Route: <sip:dl1scfx0202mw.ims.mnc872.mcc405.3gppnetwork.org:5090;lr;interface=isc;lskpmc=S97;reg-id=971460903928823043;routing_id=7f4f5015b98f93c74be1a801e380a188>
04-17 23:33:19.495  1681  2968 D LEMON   : Record-Route: <sip:AAQACE71wAAD/AAAAuAAAfYUK@10.56.4.26:5070;yop=00.00.73162006.0000.7013;lr>
04-17 23:33:19.495  1681  2968 D LEMON   : Call-ID: CAAF438FE7D8F8B0D054DD5B@1370ffffffff
04-17 23:33:19.495  1681  2968 D LEMON   : CSeq: 1 INVITE
04-17 23:33:19.495  1681  2968 D LEMON   : Max-Forwards: 70
04-17 23:33:19.495  1681  2968 D LEMON   : Server: VoWIFI/WFC UA
04-17 23:33:19.495  1681  2968 D LEMON   : Via: SIP/2.0/UDP 10.56.5.85:5067;branch=z9hG4bK_IMSCL1550631.000_e8e308eb9ec64b9bcf4ce91997cfa484;lskpmc=P97;received=10.56.5.85
04-17 23:33:19.495  1681  2968 D LEMON   : Via: SIP/2.0/TCP 10.56.0.37:5090;branch=z9hG4bK_IMSCL1550631.000_41e2f6aeee3fb5547f0b6ad6c44e8f1b;lskpmc=S97
04-17 23:33:19.495  1681  2968 D LEMON   : Via: SIP/2.0/TCP 10.56.4.26:5070;branch=z9hG4bKC6.C45VY9ZVgh9c_;yop=00.00.73162006.0000.7013
04-17 23:33:19.495  1681  2968 D LEMON   : Content-Type: application/sdp
04-17 23:33:19.495  1681  2968 D LEMON   : Content-Length: 262
04-17 23:33:19.495  1681  2968 D LEMON   : 
04-17 23:33:19.495  1681  2968 D LEMON   : v=0
04-17 23:33:19.495  1681  2968 D LEMON   : o=405872000010353 4258686320 4258686320 IN IP4 100.80.131.52
04-17 23:33:19.495  1681  2968 D LEMON   : s=-
04-17 23:33:19.495  1681  2968 D LEMON   : c=IN IP4 100.80.131.52
04-17 23:33:19.495  1681  2968 D LEMON   : t=0 0
04-17 23:33:19.495  1681  2968 D LEMON   : m=audio 37090 RTP/AVP 104 101
04-17 23:33:19.495  1681  2968 D LEMON   : a=rtpmap:104 AMR-WB/16000
04-17 23:33:19.495  1681  2968 D LEMON   : a=fmtp:104 octet-align=1
04-17 23:33:19.495  1681  2968 D LEMON   : a=ptime:20
04-17 23:33:19.495  1681  2968 D LEMON   : a=maxptime:144
04-17 23:33:19.495  1681  2968 D LEMON   : a=rtpmap:101 telephone-event/8000
04-17 23:33:19.495  1681  2968 D LEMON   : a=sendrecv
04-17 23:33:19.495  1681  2968 D LEMON   : 
04-17 23:33:19.496  1681  2968 D LEMON   : 23:33:19.496 UTPT: INFO: conn[0x4] send data[1764] to [10.56.5.85:5067] ok.
04-17 23:33:19.497  1681  2968 D LEMON   : 23:33:19.496 SIP: INFO: module start tmr<0x2A> [TIMER SEND_2XX] <16000ms> ok.
04-17 23:33:19.497  1681  2968 D LEMON   : 23:33:19.497 ZOS: INFO: fsm(SIP_IVT) dlg@[131077] state <CONFIRMED> run [TMR_SEND_2XX] event ok.
04-17 23:33:21.771  1681  1833 D LEMON   : 23:33:21.771 UTPT: INFO: recv udp data(len:878) from [10.56.5.85:32920].
04-17 23:33:21.772  1681  2968 D LEMON   : ACK sip:405872000010353@100.80.131.52:5503 SIP/2.0
04-17 23:33:21.772  1681  2968 D LEMON   : v:SIP/2.0/UDP 10.56.5.85:5067;branch=z9hG4bK_IMSCL1550631.000_d80a0bdb840ea9367d5acfbf9861b33f;lskpmc=P97
04-17 23:33:21.772  1681  2968 D LEMON   : Record-Route:<sip:10.56.5.85:5067;routing_id=pcscf_b_side;lskpmc=P97;lr>
04-17 23:33:21.772  1681  2968 D LEMON   : v:SIP/2.0/UDP 10.56.0.37:5090;branch=z9hG4bK_IMSCL1550631.000_9f3d8fa5aa9dc02526342d79bcb189a0;lskpmc=S97
04-17 23:33:21.772  1681  2968 D LEMON   : l:0
04-17 23:33:21.772  1681  2968 D LEMON   : f:<sip:+917011021641@ims.mnc872.mcc405.3gppnetwork.org;user=phone>;tag=a01UdedjZABbZbdW
04-17 23:33:21.772  1681  2968 D LEMON   : t:<sip:+917011021568@ims.mnc872.mcc405.3gppnetwork.org;user=phone>;tag=219tijG1c0EL7JRoKE6ePn_LE3
04-17 23:33:21.772  1681  2968 D LEMON   : v:SIP/2.0/UDP 10.56.4.26:5070;branch=z9hG4bKW62Zb1i..e5Dfd33;yop=00.00.73162006.0000.7013
04-17 23:33:21.772  1681  2968 D LEMON   : i:CAAF438FE7D8F8B0D054DD5B@1370ffffffff
04-17 23:33:21.772  1681  2968 D LEMON   : CSeq:1 ACK
04-17 23:33:21.772  1681  2968 D LEMON   : Max-Forwards:61
04-17 23:33:21.772  1681  2968 D LEMON   : d:no-fork
04-17 23:33:21.772  1681  2968 D LEMON   : User-Agent:VoWIFI/WFC UA
04-17 23:33:21.772  1681  2968 D LEMON   : Record-Route:<sip:dl1scfx0202mw.ims.mnc872.mcc405.3gppnetwork.org:5090;lr;interface=isc;lskpmc=S97;routing_id=7f4f5015b98f93c74be1a801e380a188>
04-17 23:33:21.772  1681  2968 D LEMON   : 
04-17 23:33:21.772  1681  2968 D LEMON   : 
04-17 23:33:21.773  1681  2968 D LEMON   : 23:33:21.773 SIP: INFO: dlg @20005 process request <ACK>.
04-17 23:33:21.773  1681  2968 D LEMON   : 23:33:21.773 SIP: INFO: module stop tmr<0x2A> [TIMER SEND_2XX] ok.
04-17 23:33:21.774  1681  2968 D LEMON   : 23:33:21.773 SIP: INFO: module stop tmr<0x2B> [TIMER STOP_2XX] ok.
04-17 23:33:21.778  1681  1826 D LEMON   : 23:33:21.778 ZOS: INFO: fsm(MTF_CALL) conn@[17] state <CONNECTED> run [SAM IND] event ok.
04-17 23:33:21.782  1681  2968 D LEMON   : 23:33:21.782 ZOS: INFO: fsm(SIP_IVT) dlg@[131077] state <CONFIRMED> run [RECV_ACK] event ok.
04-17 23:33:27.123  1681  1833 D LEMON   : 23:33:27.123 UTPT: INFO: recv udp data(len:1819) from [10.56.5.85:32920].
04-17 23:33:27.125  1681  2968 D LEMON   : INVITE sip:405872000010353@100.80.131.52:5503 SIP/2.0
04-17 23:33:27.125  1681  2968 D LEMON   : v:SIP/2.0/UDP 10.56.5.85:5067;branch=z9hG4bK_IMSCL1550631.000_22133dfffeaf12dcdbc834ae0cb3989f;lskpmc=P97
04-17 23:33:27.125  1681  2968 D LEMON   : Record-Route:<sip:10.56.5.85:5067;routing_id=pcscf_b_side;lskpmc=P97;lr>
04-17 23:33:27.125  1681  2968 D LEMON   : v:SIP/2.0/TCP 10.56.0.37:5090;branch=z9hG4bK_IMSCL1550631.000_2f763073ead76f1c156a9ed6285d59f8;lskpmc=S97
04-17 23:33:27.125  1681  2968 D LEMON   : l:296
04-17 23:33:27.125  1681  2968 D LEMON   : f:<sip:+917011021641@ims.mnc872.mcc405.3gppnetwork.org;user=phone>;tag=a01UdedjZABbZbdW
04-17 23:33:27.125  1681  2968 D LEMON   : t:<sip:+917011021568@ims.mnc872.mcc405.3gppnetwork.org;user=phone>;tag=219tijG1c0EL7JRoKE6ePn_LE3
04-17 23:33:27.125  1681  2968 D LEMON   : v:SIP/2.0/TCP 10.56.4.26:5070;branch=z9hG4bKW_10h_U6cfUeaWdA;yop=00.00.73162006.0000.7013
04-17 23:33:27.125  1681  2968 D LEMON   : i:CAAF438FE7D8F8B0D054DD5B@1370ffffffff
04-17 23:33:27.125  1681  2968 D LEMON   : CSeq:3 INVITE
04-17 23:33:27.125  1681  2968 D LEMON   : Max-Forwards:62
04-17 23:33:27.125  1681  2968 D LEMON   : Record-Route:<sip:dl1scfx0202mw.ims.mnc872.mcc405.3gppnetwork.org:5090;lr;interface=isc;lskpmc=S97;routing_id=7f4f5015b98f93c74be1a801e380a188>
04-17 23:33:27.125  1681  2968 D LEMON   : Record-Route:<sip:AAQACE71wAAD/AAAAuAAAfYUK@10.56.4.26:5070;yop=00.00.73162006.0000.7013;lr>
04-17 23:33:27.125  1681  2968 D LEMON   : x:1800;refresher=uac
04-17 23:33:27.125  1681  2968 D LEMON   : Min-SE:600
04-17 23:33:27.125  1681  2968 D LEMON   : m:<sip:405872000010425@10.56.4.26:5070;yop=00.00.73162006.0000.7013>;+g.3gpp.icsi-ref="urn%%3Aurn-7%%3A3gpp-service.ims.icsi.mmtel";video;+sip.instance="<urn:gsma:imei:86740002-050413-0>"
04-17 23:33:27.125  1681  2968 D LEMON   : k:join,replaces,sec-agree,timer,norefersub,tdialog
04-17 23:33:27.125  1681  2968 D LEMON   : Allow:ACK,BYE,CANCEL,INFO,INVITE,NOTIFY,OPTIONS,PRACK,REFER,UPDATE
04-17 23:33:27.125  1681  2968 D LEMON   : Feature-Caps:*;+g.3gpp.srvcc;+g.3gpp.icsi-ref="urn%%3Aurn-7%%3A3gpp-service.ims.icsi.mmtel"
04-17 23:33:27.125  1681  2968 D LEMON   : c:application/sdp
04-17 23:33:27.125  1681  2968 D LEMON   : Content-Disposition:session;handling=required
04-17 23:33:27.125  1681  2968 D LEMON   : User-Agent:VoWIFI/WFC UA
04-17 23:33:27.125  1681  2968 D LEMON   : P-Visited-Network-ID:ims.mnc872.mcc405.3gppnetwork.org
04-17 23:33:27.125  1681  2968 D LEMON   : 
04-17 23:33:27.125  1681  2968 D LEMON   : v=0
04-17 23:33:27.125  1681  2968 D LEMON   : o=405872000010425 0 1 IN IP4 ims.mnc872.mcc405.3gppnetwork.org
04-17 23:33:27.125  1681  2968 D LEMON   : s=-
04-17 23:33:27.125  1681  2968 D LEMON   : c=IN IP4 10.56.5.5
04-17 23:33:27.125  1681  2968 D LEMON   : t=0 0
04-17 23:33:27.125  1681  2968 D LEMON   : m=audio 50792 RTP/AVP 104 103
04-17 23:33:27.125  1681  2968 D LEMON   : a=rtpmap:104 AMR-WB/16000
04-17 23:33:27.125  1681  2968 D LEMON   : a=fmtp:104 octet-align=1
04-17 23:33:27.125  1681  2968 D LEMON   : a=rtpmap:103 AMR/8000
04-17 23:33:27.125  1681  2968 D LEMON   : a=fmtp:103 mode-set=0,1,2,3,4,5; octet-align=1
04-17 23:33:27.125  1681  2968 D LEMON   : a=ptime:20
04-17 23:33:27.125  1681  2968 D LEMON   : a=maxptime:144
04-17 23:33:27.125  1681  2968 D LEMON   : a=sendonly
04-17 23:33:27.125  1681  2968 D LEMON   : 
04-17 23:33:27.126  1681  2968 D LEMON   : 23:33:27.126 SIP: INFO: module create tmr<0x34> [TIMER G] ok.
04-17 23:33:27.126  1681  2968 D LEMON   : 23:33:27.126 SIP: INFO: module create tmr<0x35> [TIMER H] ok.
04-17 23:33:27.126  1681  2968 D LEMON   : 23:33:27.126 SIP: INFO: module create tmr<0x36> [TIMER I] ok.
04-17 23:33:27.127  1681  2968 D LEMON   : 23:33:27.127 SIP: INFO: module create tmr<0x37> [TIMER L] ok.
04-17 23:33:27.127  1681  2968 D LEMON   : 23:33:27.127 SIP: INFO: module create tmr<0x38> [TIMER C] ok.
04-17 23:33:27.127  1681  2968 D LEMON   : 23:33:27.127 SIP: INFO: trans @10008 process request <INVITE>.
04-17 23:33:27.128  1681  2968 D LEMON   : 23:33:27.127 SIP: INFO: module start tmr<0x38> [TIMER C] <200000ms> ok.
04-17 23:33:27.128  1681  2968 D LEMON   : 23:33:27.128 ZOS: INFO: fsm(SIP_IST) trans@[65544] state <IDLE> run [RECV_INVITE] event ok.
04-17 23:33:27.129  1681  2968 D LEMON   : 23:33:27.128 ZOS: INFO: fsm(SIP_IST) trans@[65544] state <IDLE> to <PROCEEDING>.
04-17 23:33:27.131  1681  2968 D LEMON   : 23:33:27.130 SIP: INFO: dlg @20005 process request <INVITE>.
04-17 23:33:27.131  1681  2968 D LEMON   : SIP/2.0 100 Trying
04-17 23:33:27.131  1681  2968 D LEMON   : To: <sip:+917011021568@ims.mnc872.mcc405.3gppnetwork.org;user=phone>;tag=219tijG1c0EL7JRoKE6ePn_LE3
04-17 23:33:27.131  1681  2968 D LEMON   : From: <sip:+917011021641@ims.mnc872.mcc405.3gppnetwork.org;user=phone>;tag=a01UdedjZABbZbdW
04-17 23:33:27.131  1681  2968 D LEMON   : CSeq: 3 INVITE
04-17 23:33:27.131  1681  2968 D LEMON   : Call-ID: CAAF438FE7D8F8B0D054DD5B@1370ffffffff
04-17 23:33:27.131  1681  2968 D LEMON   : Via: SIP/2.0/UDP 10.56.5.85:5067;branch=z9hG4bK_IMSCL1550631.000_22133dfffeaf12dcdbc834ae0cb3989f;lskpmc=P97;received=10.56.5.85
04-17 23:33:27.131  1681  2968 D LEMON   : Via: SIP/2.0/TCP 10.56.0.37:5090;branch=z9hG4bK_IMSCL1550631.000_2f763073ead76f1c156a9ed6285d59f8;lskpmc=S97
04-17 23:33:27.131  1681  2968 D LEMON   : Via: SIP/2.0/TCP 10.56.4.26:5070;branch=z9hG4bKW_10h_U6cfUeaWdA;yop=00.00.73162006.0000.7013
04-17 23:33:27.131  1681  2968 D LEMON   : Content-Length: 0
04-17 23:33:27.131  1681  2968 D LEMON   : 
04-17 23:33:27.131  1681  2968 D LEMON   : 
04-17 23:33:27.134  1681  2968 D LEMON   : 23:33:27.134 UTPT: INFO: conn[0x4] send data[633] to [10.56.5.85:5067] ok.
04-17 23:33:27.143  1681  1826 D LEMON   : 23:33:27.142 ZOS: INFO: fsm(MTF_CALL) conn@[17] state <CONNECTED> run [SMM IND] event ok.
04-17 23:33:27.149  1681  2968 D LEMON   : 23:33:27.149 ZOS: INFO: fsm(SIP_IVT) dlg@[131077] state <CONFIRMED> run [RECV_INVITE] event ok.
04-17 23:33:27.149  1681  2968 D LEMON   : 23:33:27.149 ZOS: INFO: fsm(SIP_IVT) dlg@[131077] state <CONFIRMED> to <MODIFY IN>.
04-17 23:33:27.151  1681  1681 D LEMON   : 23:33:27.150 RSE: INFO: gui notify LeaveSessHeld.
04-17 23:33:27.153  1681  2968 D LEMON   : 23:33:27.153 SIP: INFO: dlg @20005 process response <INVITE:200>.
04-17 23:33:27.153  1681  2968 D LEMON   : 23:33:27.153 SIP: INFO: module start tmr<0x2A> [TIMER SEND_2XX] <2000ms> ok.
04-17 23:33:27.153  1681  2968 D LEMON   : 23:33:27.153 SIP: INFO: module start tmr<0x2B> [TIMER STOP_2XX] <128000ms> ok.
04-17 23:33:27.154  1681  2968 D LEMON   : 23:33:27.154 ZOS: INFO: fsm(SIP_IVT) dlg@[131077] state <MODIFY IN> run [SMM_RSP] event ok.
04-17 23:33:27.154  1681  2968 D LEMON   : 23:33:27.154 ZOS: INFO: fsm(SIP_IVT) dlg@[131077] state <MODIFY IN> to <CONFIRMED>.
04-17 23:33:27.154  1681  2968 D LEMON   : 23:33:27.154 SIP: INFO: trans @10008 process response <INVITE:200>.
04-17 23:33:27.154  1681  2968 D LEMON   : 23:33:27.154 SIP: INFO: module stop tmr<0x38> [TIMER C] ok.
04-17 23:33:27.156  1681  2968 D LEMON   : SIP/2.0 200 OK
04-17 23:33:27.156  1681  2968 D LEMON   : From: <sip:+917011021641@ims.mnc872.mcc405.3gppnetwork.org;user=phone>;tag=a01UdedjZABbZbdW
04-17 23:33:27.156  1681  2968 D LEMON   : To: <sip:+917011021568@ims.mnc872.mcc405.3gppnetwork.org;user=phone>;tag=219tijG1c0EL7JRoKE6ePn_LE3
04-17 23:33:27.156  1681  2968 D LEMON   : Supported: 100rel,join,norefersub,replaces,timer
04-17 23:33:27.156  1681  2968 D LEMON   : Allow: INVITE,ACK,BYE,CANCEL,UPDATE,REGISTER,INFO,PRACK,SUBSCRIBE,NOTIFY,MESSAGE,REFER,PUBLISH
04-17 23:33:27.156  1681  2968 D LEMON   : Session-Expires: 1800;refresher=uac
04-17 23:33:27.156  1681  2968 D LEMON   : Min-SE: 600
04-17 23:33:27.156  1681  2968 D LEMON   : Require: timer
04-17 23:33:27.156  1681  2968 D LEMON   : Contact: <sip:405872000010353@100.80.131.52:5503>;+sip.instance="<urn:gsma:imei:86740002-050381-3>";+g.3gpp.icsi-ref="urn%%3Aurn-7%%3A3gpp-service.ims.icsi.mmtel";video
04-17 23:33:27.156  1681  2968 D LEMON   : Record-Route: <sip:10.56.5.85:5067;routing_id=pcscf_b_side;lskpmc=P97;lr>
04-17 23:33:27.156  1681  2968 D LEMON   : Record-Route: <sip:dl1scfx0202mw.ims.mnc872.mcc405.3gppnetwork.org:5090;lr;interface=isc;lskpmc=S97;reg-id=971460903928823043;routing_id=7f4f5015b98f93c74be1a801e380a188>
04-17 23:33:27.156  1681  2968 D LEMON   : Record-Route: <sip:AAQACE71wAAD/AAAAuAAAfYUK@10.56.4.26:5070;yop=00.00.73162006.0000.7013;lr>
04-17 23:33:27.156  1681  2968 D LEMON   : Call-ID: CAAF438FE7D8F8B0D054DD5B@1370ffffffff
04-17 23:33:27.156  1681  2968 D LEMON   : CSeq: 3 INVITE
04-17 23:33:27.156  1681  2968 D LEMON   : Max-Forwards: 70
04-17 23:33:27.156  1681  2968 D LEMON   : Server: VoWIFI/WFC UA
04-17 23:33:27.156  1681  2968 D LEMON   : Record-Route: <sip:10.56.5.85:5067;routing_id=pcscf_b_side;lskpmc=P97;lr>
04-17 23:33:27.156  1681  2968 D LEMON   : Record-Route: <sip:dl1scfx0202mw.ims.mnc872.mcc405.3gppnetwork.org:5090;lr;interface=isc;lskpmc=S97;reg-id=971460903928823043;routing_id=7f4f5015b98f93c74be1a801e380a188>
04-17 23:33:27.156  1681  2968 D LEMON   : Record-Route: <sip:AAQACE71wAAD/AAAAuAAAfYUK@10.56.4.26:5070;yop=00.00.73162006.0000.7013;lr>
04-17 23:33:27.156  1681  2968 D LEMON   : Via: SIP/2.0/UDP 10.56.5.85:5067;branch=z9hG4bK_IMSCL1550631.000_22133dfffeaf12dcdbc834ae0cb3989f;lskpmc=P97;received=10.56.5.85
04-17 23:33:27.156  1681  2968 D LEMON   : Via: SIP/2.0/TCP 10.56.0.37:5090;branch=z9hG4bK_IMSCL1550631.000_2f763073ead76f1c156a9ed6285d59f8;lskpmc=S97
04-17 23:33:27.156  1681  2968 D LEMON   : Via: SIP/2.0/TCP 10.56.4.26:5070;branch=z9hG4bKW_10h_U6cfUeaWdA;yop=00.00.73162006.0000.7013
04-17 23:33:27.156  1681  2968 D LEMON   : Content-Type: application/sdp
04-17 23:33:27.156  1681  2968 D LEMON   : Content-Length: 223
04-17 23:33:27.156  1681  2968 D LEMON   : 
04-17 23:33:27.156  1681  2968 D LEMON   : v=0
04-17 23:33:27.156  1681  2968 D LEMON   : o=405872000010353 4258686320 4258686321 IN IP4 100.80.131.52
04-17 23:33:27.156  1681  2968 D LEMON   : s=-
04-17 23:33:27.156  1681  2968 D LEMON   : c=IN IP4 100.80.131.52
04-17 23:33:27.156  1681  2968 D LEMON   : t=0 0
04-17 23:33:27.156  1681  2968 D LEMON   : m=audio 37090 RTP/AVP 104
04-17 23:33:27.156  1681  2968 D LEMON   : a=rtpmap:104 AMR-WB/16000
04-17 23:33:27.156  1681  2968 D LEMON   : a=fmtp:104 octet-align=1
04-17 23:33:27.156  1681  2968 D LEMON   : a=ptime:20
04-17 23:33:27.156  1681  2968 D LEMON   : a=maxptime:144
04-17 23:33:27.156  1681  2968 D LEMON   : a=recvonly
04-17 23:33:27.156  1681  2968 D LEMON   : 
04-17 23:33:27.160  1681  2968 D LEMON   : 23:33:27.160 UTPT: INFO: conn[0x4] send data[1990] to [10.56.5.85:5067] ok.
04-17 23:33:27.161  1681  2968 D LEMON   : 23:33:27.160 ZOS: INFO: fsm(SIP_IST) trans@[65544] state <PROCEEDING> run [SEND_2XX] event ok.
04-17 23:33:27.161  1681  2968 D LEMON   : 23:33:27.161 ZOS: INFO: fsm(SIP_IST) trans@[65544] state <PROCEEDING> to <TERMINATED>.
04-17 23:33:27.161  1681  2968 D LEMON   : 23:33:27.161 SIP: INFO: module delete tmr<0x34> [TIMER G] ok.
04-17 23:33:27.161  1681  2968 D LEMON   : 23:33:27.161 SIP: INFO: module delete tmr<0x35> [TIMER H] ok.
04-17 23:33:27.161  1681  2968 D LEMON   : 23:33:27.161 SIP: INFO: module delete tmr<0x36> [TIMER I] ok.
04-17 23:33:27.161  1681  2968 D LEMON   : 23:33:27.161 SIP: INFO: module delete tmr<0x37> [TIMER L] ok.
04-17 23:33:27.162  1681  2968 D LEMON   : 23:33:27.162 SIP: INFO: module delete tmr<0x38> [TIMER C] ok.
04-17 23:33:28.520  1681  1833 D LEMON   : 23:33:28.520 UTPT: INFO: recv udp data(len:878) from [10.56.5.85:32920].
04-17 23:33:28.523  1681  2968 D LEMON   : ACK sip:405872000010353@100.80.131.52:5503 SIP/2.0
04-17 23:33:28.523  1681  2968 D LEMON   : v:SIP/2.0/UDP 10.56.5.85:5067;branch=z9hG4bK_IMSCL1550631.000_526675ead13803f6012c33f8147e9d0f;lskpmc=P97
04-17 23:33:28.523  1681  2968 D LEMON   : Record-Route:<sip:10.56.5.85:5067;routing_id=pcscf_b_side;lskpmc=P97;lr>
04-17 23:33:28.523  1681  2968 D LEMON   : v:SIP/2.0/UDP 10.56.0.37:5090;branch=z9hG4bK_IMSCL1550631.000_10d43969e725790e054f9bdabca8262a;lskpmc=S97
04-17 23:33:28.523  1681  2968 D LEMON   : l:0
04-17 23:33:28.523  1681  2968 D LEMON   : f:<sip:+917011021641@ims.mnc872.mcc405.3gppnetwork.org;user=phone>;tag=a01UdedjZABbZbdW
04-17 23:33:28.523  1681  2968 D LEMON   : t:<sip:+917011021568@ims.mnc872.mcc405.3gppnetwork.org;user=phone>;tag=219tijG1c0EL7JRoKE6ePn_LE3
04-17 23:33:28.523  1681  2968 D LEMON   : v:SIP/2.0/UDP 10.56.4.26:5070;branch=z9hG4bK77hjWbab_AgX5AhX;yop=00.00.73162006.0000.7013
04-17 23:33:28.523  1681  2968 D LEMON   : i:CAAF438FE7D8F8B0D054DD5B@1370ffffffff
04-17 23:33:28.523  1681  2968 D LEMON   : CSeq:3 ACK
04-17 23:33:28.523  1681  2968 D LEMON   : Max-Forwards:62
04-17 23:33:28.523  1681  2968 D LEMON   : d:no-fork
04-17 23:33:28.523  1681  2968 D LEMON   : User-Agent:VoWIFI/WFC UA
04-17 23:33:28.523  1681  2968 D LEMON   : Record-Route:<sip:dl1scfx0202mw.ims.mnc872.mcc405.3gppnetwork.org:5090;lr;interface=isc;lskpmc=S97;routing_id=7f4f5015b98f93c74be1a801e380a188>
04-17 23:33:28.523  1681  2968 D LEMON   : 
04-17 23:33:28.523  1681  2968 D LEMON   : 
04-17 23:33:28.524  1681  2968 D LEMON   : 23:33:28.524 SIP: INFO: dlg @20005 process request <ACK>.
04-17 23:33:28.524  1681  2968 D LEMON   : 23:33:28.524 SIP: INFO: module stop tmr<0x2A> [TIMER SEND_2XX] ok.
04-17 23:33:28.524  1681  2968 D LEMON   : 23:33:28.524 SIP: INFO: module stop tmr<0x2B> [TIMER STOP_2XX] ok.
04-17 23:33:28.526  1681  1826 D LEMON   : 23:33:28.526 ZOS: INFO: fsm(MTF_CALL) conn@[17] state <CONNECTED> run [SAM IND] event ok.
04-17 23:33:28.530  1681  2968 D LEMON   : 23:33:28.530 ZOS: INFO: fsm(SIP_IVT) dlg@[131077] state <CONFIRMED> run [RECV_ACK] event ok.
04-17 23:33:28.562  1681  1833 D LEMON   : 23:33:28.562 UTPT: INFO: recv udp data(len:1325) from [10.56.5.85:32920].
04-17 23:33:28.563  1681  2968 D LEMON   : INVITE sip:405872000010353@100.80.131.52:5503 SIP/2.0
04-17 23:33:28.563  1681  2968 D LEMON   : v:SIP/2.0/UDP 10.56.5.85:5067;branch=z9hG4bK_IMSCL1550631.000_1bd9f1239c57babda780b679bdc4a5c2;lskpmc=P97
04-17 23:33:28.563  1681  2968 D LEMON   : Record-Route:<sip:10.56.5.85:5067;routing_id=pcscf_b_side;lskpmc=P97;lr>
04-17 23:33:28.563  1681  2968 D LEMON   : v:SIP/2.0/TCP 10.56.0.37:5090;branch=z9hG4bK_IMSCL1550631.000_6a7585847cc2392fc20732b4ec41fa52;lskpmc=S97
04-17 23:33:28.563  1681  2968 D LEMON   : l:0
04-17 23:33:28.563  1681  2968 D LEMON   : f:<sip:+917011021641@ims.mnc872.mcc405.3gppnetwork.org;user=phone>;tag=a01UdedjZABbZbdW
04-17 23:33:28.563  1681  2968 D LEMON   : t:<sip:+917011021568@ims.mnc872.mcc405.3gppnetwork.org;user=phone>;tag=219tijG1c0EL7JRoKE6ePn_LE3
04-17 23:33:28.563  1681  2968 D LEMON   : v:SIP/2.0/TCP 10.56.4.26:5070;branch=z9hG4bKbZ2Acc.AbC8cBaW8;yop=00.00.73162006.0000.7013
04-17 23:33:28.563  1681  2968 D LEMON   : i:CAAF438FE7D8F8B0D054DD5B@1370ffffffff
04-17 23:33:28.563  1681  2968 D LEMON   : CSeq:4 INVITE
04-17 23:33:28.563  1681  2968 D LEMON   : Max-Forwards:62
04-17 23:33:28.563  1681  2968 D LEMON   : Record-Route:<sip:dl1scfx0202mw.ims.mnc872.mcc405.3gppnetwork.org:5090;lr;interface=isc;lskpmc=S97;routing_id=7f4f5015b98f93c74be1a801e380a188>
04-17 23:33:28.563  1681  2968 D LEMON   : Record-Route:<sip:AAQACE71wAAD/AAAAuAAAfYUK@10.56.4.26:5070;yop=00.00.73162006.0000.7013;lr>
04-17 23:33:28.563  1681  2968 D LEMON   : x:1800;refresher=uac
04-17 23:33:28.563  1681  2968 D LEMON   : Min-SE:600
04-17 23:33:28.563  1681  2968 D LEMON   : m:<sip:405872000010425@10.56.4.26:5070;yop=00.00.73162006.0000.7013>;+g.3gpp.icsi-ref="urn%%3Aurn-7%%3A3gpp-service.ims.icsi.mmtel";video;+sip.instance="<urn:gsma:imei:86740002-050413-0>"
04-17 23:33:28.563  1681  2968 D LEMON   : k:timer,tdialog
04-17 23:33:28.563  1681  2968 D LEMON   : Allow:ACK,BYE,CANCEL,INFO,INVITE,NOTIFY,OPTIONS,REFER
04-17 23:33:28.563  1681  2968 D LEMON   : Feature-Caps:*;+g.3gpp.srvcc;+g.3gpp.icsi-ref="urn%%3Aurn-7%%3A3gpp-service.ims.icsi.mmtel"
04-17 23:33:28.563  1681  2968 D LEMON   : 
04-17 23:33:28.563  1681  2968 D LEMON   : 
04-17 23:33:28.565  1681  2968 D LEMON   : 23:33:28.565 SIP: INFO: module create tmr<0x39> [TIMER G] ok.
04-17 23:33:28.565  1681  2968 D LEMON   : 23:33:28.565 SIP: INFO: module create tmr<0x3A> [TIMER H] ok.
04-17 23:33:28.565  1681  2968 D LEMON   : 23:33:28.565 SIP: INFO: module create tmr<0x3B> [TIMER I] ok.
04-17 23:33:28.565  1681  2968 D LEMON   : 23:33:28.565 SIP: INFO: module create tmr<0x3C> [TIMER L] ok.
04-17 23:33:28.565  1681  2968 D LEMON   : 23:33:28.565 SIP: INFO: module create tmr<0x3D> [TIMER C] ok.
04-17 23:33:28.566  1681  2968 D LEMON   : 23:33:28.565 SIP: INFO: trans @10009 process request <INVITE>.
04-17 23:33:28.566  1681  2968 D LEMON   : 23:33:28.566 SIP: INFO: module start tmr<0x3D> [TIMER C] <200000ms> ok.
04-17 23:33:28.566  1681  2968 D LEMON   : 23:33:28.566 ZOS: INFO: fsm(SIP_IST) trans@[65545] state <IDLE> run [RECV_INVITE] event ok.
04-17 23:33:28.566  1681  2968 D LEMON   : 23:33:28.566 ZOS: INFO: fsm(SIP_IST) trans@[65545] state <IDLE> to <PROCEEDING>.
04-17 23:33:28.566  1681  2968 D LEMON   : 23:33:28.566 SIP: INFO: dlg @20005 process request <INVITE>.
04-17 23:33:28.567  1681  2968 D LEMON   : SIP/2.0 100 Trying
04-17 23:33:28.567  1681  2968 D LEMON   : To: <sip:+917011021568@ims.mnc872.mcc405.3gppnetwork.org;user=phone>;tag=219tijG1c0EL7JRoKE6ePn_LE3
04-17 23:33:28.567  1681  2968 D LEMON   : From: <sip:+917011021641@ims.mnc872.mcc405.3gppnetwork.org;user=phone>;tag=a01UdedjZABbZbdW
04-17 23:33:28.567  1681  2968 D LEMON   : CSeq: 4 INVITE
04-17 23:33:28.567  1681  2968 D LEMON   : Call-ID: CAAF438FE7D8F8B0D054DD5B@1370ffffffff
04-17 23:33:28.567  1681  2968 D LEMON   : Via: SIP/2.0/UDP 10.56.5.85:5067;branch=z9hG4bK_IMSCL1550631.000_1bd9f1239c57babda780b679bdc4a5c2;lskpmc=P97;received=10.56.5.85
04-17 23:33:28.567  1681  2968 D LEMON   : Via: SIP/2.0/TCP 10.56.0.37:5090;branch=z9hG4bK_IMSCL1550631.000_6a7585847cc2392fc20732b4ec41fa52;lskpmc=S97
04-17 23:33:28.567  1681  2968 D LEMON   : Via: SIP/2.0/TCP 10.56.4.26:5070;branch=z9hG4bKbZ2Acc.AbC8cBaW8;yop=00.00.73162006.0000.7013
04-17 23:33:28.567  1681  2968 D LEMON   : Content-Length: 0
04-17 23:33:28.567  1681  2968 D LEMON   : 
04-17 23:33:28.567  1681  2968 D LEMON   : 
04-17 23:33:28.569  1681  2968 D LEMON   : 23:33:28.569 UTPT: INFO: conn[0x4] send data[633] to [10.56.5.85:5067] ok.
04-17 23:33:28.573  1681  1826 D LEMON   : 23:33:28.573 ZOS: INFO: fsm(MTF_CALL) conn@[17] state <CONNECTED> run [SMM IND] event ok.
04-17 23:33:28.575  1681  2968 D LEMON   : 23:33:28.575 ZOS: INFO: fsm(SIP_IVT) dlg@[131077] state <CONFIRMED> run [RECV_INVITE] event ok.
04-17 23:33:28.576  1681  2968 D LEMON   : 23:33:28.576 ZOS: INFO: fsm(SIP_IVT) dlg@[131077] state <CONFIRMED> to <MODIFY IN>.
04-17 23:33:28.577  1681  2968 D LEMON   : 23:33:28.577 SIP: INFO: dlg @20005 process response <INVITE:200>.
04-17 23:33:28.577  1681  2968 D LEMON   : 23:33:28.577 SIP: INFO: module start tmr<0x2A> [TIMER SEND_2XX] <2000ms> ok.
04-17 23:33:28.578  1681  2968 D LEMON   : 23:33:28.578 SIP: INFO: module start tmr<0x2B> [TIMER STOP_2XX] <128000ms> ok.
04-17 23:33:28.578  1681  2968 D LEMON   : 23:33:28.578 ZOS: INFO: fsm(SIP_IVT) dlg@[131077] state <MODIFY IN> run [SMM_RSP] event ok.
04-17 23:33:28.578  1681  2968 D LEMON   : 23:33:28.578 ZOS: INFO: fsm(SIP_IVT) dlg@[131077] state <MODIFY IN> to <CONFIRMED>.
04-17 23:33:28.578  1681  2968 D LEMON   : 23:33:28.578 SIP: INFO: trans @10009 process response <INVITE:200>.
04-17 23:33:28.579  1681  2968 D LEMON   : 23:33:28.578 SIP: INFO: module stop tmr<0x3D> [TIMER C] ok.
04-17 23:33:28.580  1681  2968 D LEMON   : SIP/2.0 200 OK
04-17 23:33:28.580  1681  2968 D LEMON   : From: <sip:+917011021641@ims.mnc872.mcc405.3gppnetwork.org;user=phone>;tag=a01UdedjZABbZbdW
04-17 23:33:28.580  1681  2968 D LEMON   : To: <sip:+917011021568@ims.mnc872.mcc405.3gppnetwork.org;user=phone>;tag=219tijG1c0EL7JRoKE6ePn_LE3
04-17 23:33:28.580  1681  2968 D LEMON   : Supported: 100rel,join,norefersub,replaces,timer
04-17 23:33:28.580  1681  2968 D LEMON   : Allow: INVITE,ACK,BYE,CANCEL,UPDATE,REGISTER,INFO,PRACK,SUBSCRIBE,NOTIFY,MESSAGE,REFER,PUBLISH
04-17 23:33:28.580  1681  2968 D LEMON   : Session-Expires: 1800;refresher=uac
04-17 23:33:28.580  1681  2968 D LEMON   : Min-SE: 600
04-17 23:33:28.580  1681  2968 D LEMON   : Require: timer
04-17 23:33:28.580  1681  2968 D LEMON   : Contact: <sip:405872000010353@100.80.131.52:5503>;+sip.instance="<urn:gsma:imei:86740002-050381-3>";+g.3gpp.icsi-ref="urn%%3Aurn-7%%3A3gpp-service.ims.icsi.mmtel";video
04-17 23:33:28.580  1681  2968 D LEMON   : Record-Route: <sip:10.56.5.85:5067;routing_id=pcscf_b_side;lskpmc=P97;lr>
04-17 23:33:28.580  1681  2968 D LEMON   : Record-Route: <sip:dl1scfx0202mw.ims.mnc872.mcc405.3gppnetwork.org:5090;lr;interface=isc;lskpmc=S97;reg-id=971460903928823043;routing_id=7f4f5015b98f93c74be1a801e380a188>
04-17 23:33:28.580  1681  2968 D LEMON   : Record-Route: <sip:AAQACE71wAAD/AAAAuAAAfYUK@10.56.4.26:5070;yop=00.00.73162006.0000.7013;lr>
