05-05 16:09:20.482  1965  2897 D LEMON   : Call-ID: C009A6B34C0F7CE697615CE4@1270ffffffff
05-05 16:09:20.482  1965  2897 D LEMON   : CSeq: 7 ACK
05-05 16:09:20.482  1965  2897 D LEMON   : Max-Forwards: 70
05-05 16:09:20.482  1965  2897 D LEMON   : User-Agent: VoWIFI/WFC UA
05-05 16:09:20.482  1965  2897 D LEMON   : Via: SIP/2.0/UDP [2405:204:1a03:45c7::2aa3:38ac]:5410;branch=z9hG4bK4213khK2saas1RPNHVv.eeis8t;rport
05-05 16:09:20.482  1965  2897 D LEMON   : Content-Length: 0
05-05 16:09:20.482  1965  2897 D LEMON   : 
05-05 16:09:20.482  1965  2897 D LEMON   : 
05-05 16:09:20.483  1965  2897 D LEMON   : 16:09:20.483 UTPT: INFO: conn[0x4] send data[900] to [2405:200:330:1581::18:5067] ok.
05-05 16:09:20.484  1965  2897 D LEMON   : 16:09:20.484 SIP: INFO: module stop tmr<0x90> [TIMER WAIT_SAM] ok.
05-05 16:09:20.484  1965  2897 D LEMON   : 16:09:20.484 ZOS: INFO: fsm(SIP_IVT) dlg@[196613] state <CONFIRMED> run [SAM_REQ] event ok.
05-05 16:09:20.484  1965  1965 D LEMON   : 16:09:20.484 RSE: INFO: gui notify LeaveSessHoldOk.
05-05 16:09:20.502  1965  2138 D LEMON   : 16:09:20.502 ZOS: INFO: fsm(MTF_CALL) conn@[19] state <CONNECTED> run [USER UNHOLD] event ok.
05-05 16:09:20.502  1965  2138 D LEMON   : 16:09:20.502 ZOS: INFO: fsm(MTF_CALL) conn@[19] state <CONNECTED> to <MODIFYOUT>.
05-05 16:09:20.504  1965  2897 D LEMON   : 16:09:20.504 SIP: INFO: dlg @30004 process request <INVITE>.
05-05 16:09:20.505  1965  2897 D LEMON   : 16:09:20.504 SIP: INFO: module create tmr<0x122> [TIMER A] ok.
05-05 16:09:20.505  1965  2897 D LEMON   : 16:09:20.505 SIP: INFO: module create tmr<0x123> [TIMER B] ok.
05-05 16:09:20.506  1965  2897 D LEMON   : 16:09:20.506 SIP: INFO: module create tmr<0x124> [TIMER D] ok.
05-05 16:09:20.507  1965  2897 D LEMON   : 16:09:20.506 SIP: INFO: module create tmr<0x125> [TIMER WAIT_CONN] ok.
05-05 16:09:20.507  1965  2897 D LEMON   : 16:09:20.507 SIP: INFO: module create tmr<0x126> [TIMER C] ok.
05-05 16:09:20.508  1965  2897 D LEMON   : 16:09:20.508 ZOS: INFO: fsm(SIP_IVT) dlg@[196612] state <CONFIRMED> run [SMM_REQ] event ok.
05-05 16:09:20.508  1965  2897 D LEMON   : 16:09:20.508 ZOS: INFO: fsm(SIP_IVT) dlg@[196612] state <CONFIRMED> to <MODIFY OUT>.
05-05 16:09:20.508  1965  2897 D LEMON   : 16:09:20.508 SIP: INFO: trans @30006 process request <INVITE>.
05-05 16:09:20.509  1965  2897 D LEMON   : INVITE sip:+919953592787;npdi;rn=4108;rn-context=+91@10.56.4.27:5070;transport=tcp;yop=00.00.73162006.0000.7018;ccsId=65 SIP/2.0
05-05 16:09:20.509  1965  2897 D LEMON   : From: <sip:+917011021754@ims.mnc872.mcc405.3gppnetwork.org>;tag=NcIbu99501.6v.eopCs3421Jtu
05-05 16:09:20.509  1965  2897 D LEMON   : To: "9953592787"<sip:9953592787@ims.mnc872.mcc405.3gppnetwork.org>;tag=aVDdYVe7fc3b7jfg
05-05 16:09:20.509  1965  2897 D LEMON   : Contact: <sip:405872000010534@[2405:204:1a03:45c7::2aa3:38ac]:5410>;+sip.instance="<urn:gsma:imei:86740002-034179-2>";+g.3gpp.icsi-ref="urn%%3Aurn-7%%3A3gpp-service.ims.icsi.mmtel";video
05-05 16:09:20.509  1965  2897 D LEMON   : Supported: 100rel,join,norefersub,replaces,timer,sec-agree
05-05 16:09:20.509  1965  2897 D LEMON   : Allow: INVITE,ACK,BYE,CANCEL,UPDATE,REGISTER,INFO,PRACK,SUBSCRIBE,NOTIFY,MESSAGE,REFER,PUBLISH
05-05 16:09:20.509  1965  2897 D LEMON   : Session-Expires: 1800
05-05 16:09:20.509  1965  2897 D LEMON   : Min-SE: 600
05-05 16:09:20.509  1965  2897 D LEMON   : P-Access-Network-Info: IEEE-802.11;i-wlan-node-id=4045da87d2be
05-05 16:09:20.509  1965  2897 D LEMON   : Security-Verify: ipsec-3gpp;prot=esp;alg=hmac-md5-96;ealg=aes-cbc;mod=trans;spi-c=1460652955;spi-s=1460652956;port-c=32920;port-s=5067;q=0.6
05-05 16:09:20.509  1965  2897 D LEMON   : Security-Verify: ipsec-3gpp;prot=esp;alg=hmac-md5-96;ealg=des-ede3-cbc;mod=trans;spi-c=1460652955;spi-s=1460652956;port-c=32920;port-s=5067;q=0.4
05-05 16:09:20.509  1965  2897 D LEMON   : Security-Verify: ipsec-3gpp;prot=esp;alg=hmac-md5-96;ealg=null;mod=trans;spi-c=1460652955;spi-s=1460652956;port-c=32920;port-s=5067;q=0.3
05-05 16:09:20.509  1965  2897 D LEMON   : Security-Verify: ipsec-3gpp;prot=esp;alg=hmac-sha-1-96;ealg=des-ede3-cbc;mod=trans;spi-c=1460652955;spi-s=1460652956;port-c=32920;port-s=5067;q=0.1
05-05 16:09:20.509  1965  2897 D LEMON   : Security-Verify: ipsec-3gpp;prot=esp;alg=hmac-sha-1-96;ealg=aes-cbc;mod=trans;spi-c=1460652955;spi-s=1460652956;port-c=32920;port-s=5067;q=0.2
05-05 16:09:20.509  1965  2897 D LEMON   : Security-Verify: ipsec-3gpp;prot=esp;alg=hmac-sha-1-96;ealg=null;mod=trans;spi-c=1460652955;spi-s=1460652956;port-c=32920;port-s=5067;q=0.5
05-05 16:09:20.509  1965  2897 D LEMON   : Proxy-Require: sec-agree
05-05 16:09:20.509  1965  2897 D LEMON   : Require: sec-agree
05-05 16:09:20.509  1965  2897 D LEMON   : Route: <sip:[2405:200:330:1581::18]:5067;routing_id=pcscf_a_side;lskpmc=P72;lr>
05-05 16:09:20.509  1965  2897 D LEMON   : Call-ID: I2bu99501.6v.eopCs2421Cn.i@[2405:204:1a03:45c7::2aa3:38ac]
05-05 16:09:20.509  1965  2897 D LEMON   : CSeq: 10 INVITE
05-05 16:09:20.509  1965  2897 D LEMON   : Max-Forwards: 70
05-05 16:09:20.509  1965  2897 D LEMON   : User-Agent: VoWIFI/WFC UA
05-05 16:09:20.509  1965  2897 D LEMON   : Via: SIP/2.0/UDP [2405:204:1a03:45c7::2aa3:38ac]:5410;branch=z9hG4bKu421Mk0.Isaas1RPNHVv.eeis8;rport
05-05 16:09:20.509  1965  2897 D LEMON   : Content-Type: application/sdp
05-05 16:09:20.509  1965  2897 D LEMON   : Content-Length: 329
05-05 16:09:20.509  1965  2897 D LEMON   : 
05-05 16:09:20.509  1965  2897 D LEMON   : v=0
05-05 16:09:20.509  1965  2897 D LEMON   : o=405872000010534 1059103148 1059103170 IN IP6 2405:204:1a03:45c7::2aa3:38ac
05-05 16:09:20.509  1965  2897 D LEMON   : s=-
05-05 16:09:20.509  1965  2897 D LEMON   : c=IN IP6 2405:204:1a03:45c7::2aa3:38ac
05-05 16:09:20.509  1965  2897 D LEMON   : t=0 0
05-05 16:09:20.509  1965  2897 D LEMON   : m=audio 37076 RTP/AVP 104 103
05-05 16:09:20.509  1965  2897 D LEMON   : a=rtpmap:104 AMR-WB/16000
05-05 16:09:20.509  1965  2897 D LEMON   : a=fmtp:104 octet-align=1
05-05 16:09:20.509  1965  2897 D LEMON   : a=rtpmap:103 AMR/8000
05-05 16:09:20.509  1965  2897 D LEMON   : a=fmtp:103 mode-set=0,1,2,3,4,5;octet-align=1
05-05 16:09:20.509  1965  2897 D LEMON   : a=ptime:20
05-05 16:09:20.509  1965  2897 D LEMON   : a=maxptime:400
05-05 16:09:20.509  1965  2897 D LEMON   : a=sendrecv
05-05 16:09:20.509  1965  2897 D LEMON   : 
05-05 16:09:20.512  1965  2897 D LEMON   : 16:09:20.512 UTPT: INFO: conn[0x4] send data[2358] to [2405:200:330:1581::18:5067] ok.
05-05 16:09:20.513  1965  2897 D LEMON   : 16:09:20.513 SIP: INFO: module start tmr<0x122> [TIMER A] <2000ms> ok.
05-05 16:09:20.513  1965  2897 D LEMON   : 16:09:20.513 SIP: INFO: module start tmr<0x123> [TIMER B] <128000ms> ok.
05-05 16:09:20.513  1965  2897 D LEMON   : 16:09:20.513 SIP: INFO: module start tmr<0x126> [TIMER C] <200000ms> ok.
05-05 16:09:20.513  1965  2897 D LEMON   : 16:09:20.513 ZOS: INFO: fsm(SIP_ICT) trans@[196614] state <IDLE> run [SEND_INVITE] event ok.
05-05 16:09:20.513  1965  2897 D LEMON   : 16:09:20.513 ZOS: INFO: fsm(SIP_ICT) trans@[196614] state <IDLE> to <CALLING>.
05-05 16:09:20.560  1965  2141 D LEMON   : 16:09:20.560 UTPT: INFO: recv udp data(len:424) from [2405:200:330:1581::18:32920].
05-05 16:09:20.561  1965  2897 D LEMON   : SIP/2.0 100 Trying
05-05 16:09:20.561  1965  2897 D LEMON   : f:<sip:+917011021754@ims.mnc872.mcc405.3gppnetwork.org>;tag=NcIbu99501.6v.eopCs3421Jtu
05-05 16:09:20.561  1965  2897 D LEMON   : t:"9953592787"<sip:9953592787@ims.mnc872.mcc405.3gppnetwork.org>;tag=aVDdYVe7fc3b7jfg
05-05 16:09:20.561  1965  2897 D LEMON   : i:I2bu99501.6v.eopCs2421Cn.i@[2405:204:1a03:45c7::2aa3:38ac]
05-05 16:09:20.561  1965  2897 D LEMON   : CSeq:10 INVITE
05-05 16:09:20.561  1965  2897 D LEMON   : v:SIP/2.0/UDP [2405:204:1a03:45c7::2aa3:38ac]:5410;branch=z9hG4bKu421Mk0.Isaas1RPNHVv.eeis8;rport=35391;received=2405:204:1a03:45c7::2aa3:38ac
05-05 16:09:20.561  1965  2897 D LEMON   : l:0
05-05 16:09:20.561  1965  2897 D LEMON   : 
05-05 16:09:20.561  1965  2897 D LEMON   : 
05-05 16:09:20.562  1965  2897 D LEMON   : 16:09:20.562 SIP: INFO: trans @30006 process response <INVITE:100>.
05-05 16:09:20.562  1965  2897 D LEMON   : 16:09:20.562 SIP: INFO: module stop tmr<0x122> [TIMER A] ok.
05-05 16:09:20.562  1965  2897 D LEMON   : 16:09:20.562 SIP: INFO: module stop tmr<0x123> [TIMER B] ok.
05-05 16:09:20.562  1965  2897 D LEMON   : 16:09:20.562 SIP: INFO: module stop tmr<0x126> [TIMER C] ok.
05-05 16:09:20.562  1965  2897 D LEMON   : 16:09:20.562 SIP: INFO: module start tmr<0x126> [TIMER C] <200000ms> ok.
05-05 16:09:20.562  1965  2897 D LEMON   : 16:09:20.562 ZOS: INFO: fsm(SIP_ICT) trans@[196614] state <CALLING> run [RECV_1XX] event ok.
05-05 16:09:20.562  1965  2897 D LEMON   : 16:09:20.562 ZOS: INFO: fsm(SIP_ICT) trans@[196614] state <CALLING> to <PROCEEDING>.
05-05 16:09:20.562  1965  2897 D LEMON   : 16:09:20.562 SIP: INFO: dlg @30004 process response <INVITE:100>.
05-05 16:09:20.562  1965  2897 D LEMON   : 16:09:20.562 ZOS: INFO: fsm(SIP_IVT) dlg@[196612] state <MODIFY OUT> run [RECV_1XX] event ok.
05-05 16:09:20.696  1965  2141 D LEMON   : 16:09:20.696 UTPT: INFO: recv udp data(len:963) from [2405:200:330:1581::18:32920].
05-05 16:09:20.696  1965  2897 D LEMON   : INVITE sip:405872000010534@[2405:204:1a03:45c7::2aa3:38ac]:5410 SIP/2.0
05-05 16:09:20.696  1965  2897 D LEMON   : v:SIP/2.0/UDP [2405:200:330:1581::18]:5067;branch=z9hG4bK_IMSCL1550631.000_a4e5ea7dd8ee464d59af849332503c95;lskpmc=P72
05-05 16:09:20.696  1965  2897 D LEMON   : Record-Route:<sip:[2405:200:330:1581::18]:5067;routing_id=pcscf_b_side;lskpmc=P72;lr>
05-05 16:09:20.696  1965  2897 D LEMON   : l:0
05-05 16:09:20.696  1965  2897 D LEMON   : f:<sip:+917011021774@ims.mnc872.mcc405.3gppnetwork.org;user=phone>;tag=A8B1Wd9A4Dai8jbf
05-05 16:09:20.696  1965  2897 D LEMON   : t:<sip:+917011021754@ims.mnc872.mcc405.3gppnetwork.org;user=phone>;tag=11lFQcHauy914+GKv.ektO7742
05-05 16:09:20.696  1965  2897 D LEMON   : i:C009A6B34C0F7CE697615CE4@1270ffffffff
05-05 16:09:20.696  1965  2897 D LEMON   : CSeq:9 INVITE
05-05 16:09:20.696  1965  2897 D LEMON   : Max-Forwards:61
05-05 16:09:20.696  1965  2897 D LEMON   : x:1800;refresher=uac
05-05 16:09:20.696  1965  2897 D LEMON   : Min-SE:600
05-05 16:09:20.696  1965  2897 D LEMON   : m:<sip:405872000010553@10.56.4.26:5070;yop=00.00.73162006.0000.7012>;+g.3gpp.icsi-ref="urn%%3Aurn-7%%3A3gpp-service.ims.icsi.mmtel";video;+sip.instance="<urn:gsma:imei:86543502-990110-0>"
05-05 16:09:20.696  1965  2897 D LEMON   : k:timer,tdialog
05-05 16:09:20.696  1965  2897 D LEMON   : Allow:ACK,BYE,CANCEL,INFO,INVITE,NOTIFY,OPTIONS,REFER
05-05 16:09:20.696  1965  2897 D LEMON   : Feature-Caps:*;+g.3gpp.srvcc;+g.3gpp.icsi-ref="urn%%3Aurn-7%%3A3gpp-service.ims.icsi.mmtel"
05-05 16:09:20.696  1965  2897 D LEMON   : P-Com.Nokia.B2BUA-Involved:no
05-05 16:09:20.696  1965  2897 D LEMON   : 
05-05 16:09:20.696  1965  2897 D LEMON   : 
05-05 16:09:20.697  1965  2897 D LEMON   : 16:09:20.697 SIP: INFO: module create tmr<0x127> [TIMER G] ok.
05-05 16:09:20.697  1965  2897 D LEMON   : 16:09:20.697 SIP: INFO: module create tmr<0x128> [TIMER H] ok.
05-05 16:09:20.698  1965  2897 D LEMON   : 16:09:20.698 SIP: INFO: module create tmr<0x129> [TIMER I] ok.
05-05 16:09:20.698  1965  2897 D LEMON   : 16:09:20.698 SIP: INFO: module create tmr<0x12A> [TIMER L] ok.
05-05 16:09:20.698  1965  2897 D LEMON   : 16:09:20.698 SIP: INFO: module create tmr<0x12B> [TIMER C] ok.
05-05 16:09:20.698  1965  2897 D LEMON   : 16:09:20.698 SIP: INFO: trans @30008 process request <INVITE>.
05-05 16:09:20.698  1965  2897 D LEMON   : 16:09:20.698 SIP: INFO: module start tmr<0x12B> [TIMER C] <200000ms> ok.
05-05 16:09:20.698  1965  2897 D LEMON   : 16:09:20.698 ZOS: INFO: fsm(SIP_IST) trans@[196616] state <IDLE> run [RECV_INVITE] event ok.
05-05 16:09:20.698  1965  2897 D LEMON   : 16:09:20.698 ZOS: INFO: fsm(SIP_IST) trans@[196616] state <IDLE> to <PROCEEDING>.
05-05 16:09:20.698  1965  2897 D LEMON   : 16:09:20.698 SIP: INFO: dlg @30005 process request <INVITE>.
05-05 16:09:20.699  1965  2897 D LEMON   : SIP/2.0 100 Trying
05-05 16:09:20.699  1965  2897 D LEMON   : To: <sip:+917011021754@ims.mnc872.mcc405.3gppnetwork.org;user=phone>;tag=11lFQcHauy914+GKv.ektO7742
05-05 16:09:20.699  1965  2897 D LEMON   : From: <sip:+917011021774@ims.mnc872.mcc405.3gppnetwork.org;user=phone>;tag=A8B1Wd9A4Dai8jbf
05-05 16:09:20.699  1965  2897 D LEMON   : CSeq: 9 INVITE
05-05 16:09:20.699  1965  2897 D LEMON   : Call-ID: C009A6B34C0F7CE697615CE4@1270ffffffff
05-05 16:09:20.699  1965  2897 D LEMON   : Via: SIP/2.0/UDP [2405:200:330:1581::18]:5067;branch=z9hG4bK_IMSCL1550631.000_a4e5ea7dd8ee464d59af849332503c95;lskpmc=P72;received=2405:200:330:1581::18
05-05 16:09:20.699  1965  2897 D LEMON   : Content-Length: 0
05-05 16:09:20.699  1965  2897 D LEMON   : 
05-05 16:09:20.699  1965  2897 D LEMON   : 
05-05 16:09:20.699  1965  2897 D LEMON   : 16:09:20.699 UTPT: INFO: conn[0x4] send data[453] to [2405:200:330:1581::18:5067] ok.
05-05 16:09:20.701  1965  2138 D LEMON   : 16:09:20.701 ZOS: INFO: fsm(MTF_CALL) conn@[20] state <CONNECTED> run [SMM IND] event ok.
05-05 16:09:20.702  1965  2897 D LEMON   : 16:09:20.702 ZOS: INFO: fsm(SIP_IVT) dlg@[196613] state <CONFIRMED> run [RECV_INVITE] event ok.
05-05 16:09:20.702  1965  2897 D LEMON   : 16:09:20.702 ZOS: INFO: fsm(SIP_IVT) dlg@[196613] state <CONFIRMED> to <MODIFY IN>.
05-05 16:09:20.704  1965  2897 D LEMON   : 16:09:20.703 SIP: INFO: dlg @30005 process response <INVITE:200>.
05-05 16:09:20.704  1965  2897 D LEMON   : 16:09:20.704 SIP: INFO: module start tmr<0x91> [TIMER SEND_2XX] <2000ms> ok.
05-05 16:09:20.704  1965  2897 D LEMON   : 16:09:20.704 SIP: INFO: module start tmr<0x92> [TIMER STOP_2XX] <128000ms> ok.
05-05 16:09:20.704  1965  2897 D LEMON   : 16:09:20.704 ZOS: INFO: fsm(SIP_IVT) dlg@[196613] state <MODIFY IN> run [SMM_RSP] event ok.
05-05 16:09:20.704  1965  2897 D LEMON   : 16:09:20.704 ZOS: INFO: fsm(SIP_IVT) dlg@[196613] state <MODIFY IN> to <CONFIRMED>.
05-05 16:09:20.704  1965  2897 D LEMON   : 16:09:20.704 SIP: INFO: trans @30008 process response <INVITE:200>.
05-05 16:09:20.704  1965  2897 D LEMON   : 16:09:20.704 SIP: INFO: module stop tmr<0x12B> [TIMER C] ok.
05-05 16:09:20.705  1965  2897 D LEMON   : SIP/2.0 200 OK
05-05 16:09:20.705  1965  2897 D LEMON   : From: <sip:+917011021774@ims.mnc872.mcc405.3gppnetwork.org;user=phone>;tag=A8B1Wd9A4Dai8jbf
05-05 16:09:20.705  1965  2897 D LEMON   : To: <sip:+917011021754@ims.mnc872.mcc405.3gppnetwork.org;user=phone>;tag=11lFQcHauy914+GKv.ektO7742
05-05 16:09:20.705  1965  2897 D LEMON   : P-Access-Network-Info: IEEE-802.11;i-wlan-node-id=4045da87d2be
05-05 16:09:20.705  1965  2897 D LEMON   : Supported: 100rel,join,norefersub,replaces,timer
05-05 16:09:20.705  1965  2897 D LEMON   : Allow: INVITE,ACK,BYE,CANCEL,UPDATE,REGISTER,INFO,PRACK,SUBSCRIBE,NOTIFY,MESSAGE,REFER,PUBLISH
05-05 16:09:20.705  1965  2897 D LEMON   : Session-Expires: 1800;refresher=uac
05-05 16:09:20.705  1965  2897 D LEMON   : Min-SE: 600
05-05 16:09:20.705  1965  2897 D LEMON   : Require: timer
05-05 16:09:20.705  1965  2897 D LEMON   : Contact: <sip:405872000010534@[2405:204:1a03:45c7::2aa3:38ac]:5410>;+sip.instance="<urn:gsma:imei:86740002-034179-2>";+g.3gpp.icsi-ref="urn%%3Aurn-7%%3A3gpp-service.ims.icsi.mmtel";video
05-05 16:09:20.705  1965  2897 D LEMON   : Record-Route: <sip:[2405:200:330:1581::18]:5067;routing_id=pcscf_b_side;lskpmc=P72;lr>
05-05 16:09:20.705  1965  2897 D LEMON   : Call-ID: C009A6B34C0F7CE697615CE4@1270ffffffff
05-05 16:09:20.705  1965  2897 D LEMON   : CSeq: 9 INVITE
05-05 16:09:20.705  1965  2897 D LEMON   : Max-Forwards: 70
05-05 16:09:20.705  1965  2897 D LEMON   : Server: VoWIFI/WFC UA
05-05 16:09:20.705  1965  2897 D LEMON   : Record-Route: <sip:[2405:200:330:1581::18]:5067;routing_id=pcscf_b_side;lskpmc=P72;lr>
05-05 16:09:20.705  1965  2897 D LEMON   : Via: SIP/2.0/UDP [2405:200:330:1581::18]:5067;branch=z9hG4bK_IMSCL1550631.000_a4e5ea7dd8ee464d59af849332503c95;lskpmc=P72;received=2405:200:330:1581::18
05-05 16:09:20.705  1965  2897 D LEMON   : Content-Type: application/sdp
05-05 16:09:20.705  1965  2897 D LEMON   : Content-Length: 299
05-05 16:09:20.705  1965  2897 D LEMON   : 
05-05 16:09:20.705  1965  2897 D LEMON   : v=0
05-05 16:09:20.705  1965  2897 D LEMON   : o=405872000010534 987213414 987213434 IN IP6 2405:204:1a03:45c7::2aa3:38ac
05-05 16:09:20.705  1965  2897 D LEMON   : s=-
05-05 16:09:20.705  1965  2897 D LEMON   : c=IN IP6 2405:204:1a03:45c7::2aa3:38ac
05-05 16:09:20.705  1965  2897 D LEMON   : t=0 0
05-05 16:09:20.705  1965  2897 D LEMON   : m=audio 37088 RTP/AVP 104
05-05 16:09:20.705  1965  2897 D LEMON   : a=rtpmap:104 AMR-WB/16000
05-05 16:09:20.705  1965  2897 D LEMON   : a=fmtp:104 octet-align=1;mode-change-period=2;mode-change-capability=2
05-05 16:09:20.705  1965  2897 D LEMON   : a=ptime:20
05-05 16:09:20.705  1965  2897 D LEMON   : a=maxptime:240
05-05 16:09:20.705  1965  2897 D LEMON   : a=sendonly
05-05 16:09:20.705  1965  2897 D LEMON   : 
05-05 16:09:20.706  1965  2897 D LEMON   : 16:09:20.706 UTPT: INFO: conn[0x4] send data[1460] to [2405:200:330:1581::18:5067] ok.
05-05 16:09:20.707  1965  2141 D LEMON   : 16:09:20.706 UTPT: INFO: recv udp data(len:1217) from [2405:200:330:1581::18:32920].
05-05 16:09:20.709  1965  2897 D LEMON   : SIP/2.0 200 OK
05-05 16:09:20.709  1965  2897 D LEMON   : l:260
05-05 16:09:20.709  1965  2897 D LEMON   : f:<sip:+917011021754@ims.mnc872.mcc405.3gppnetwork.org>;tag=NcIbu99501.6v.eopCs3421Jtu
05-05 16:09:20.709  1965  2897 D LEMON   : t:"9953592787"<sip:9953592787@ims.mnc872.mcc405.3gppnetwork.org>;tag=aVDdYVe7fc3b7jfg
05-05 16:09:20.709  1965  2897 D LEMON   : v:SIP/2.0/UDP [2405:204:1a03:45c7::2aa3:38ac]:5410;branch=z9hG4bKu421Mk0.Isaas1RPNHVv.eeis8;rport=35391;received=2405:204:1a03:45c7::2aa3:38ac
05-05 16:09:20.709  1965  2897 D LEMON   : i:I2bu99501.6v.eopCs2421Cn.i@[2405:204:1a03:45c7::2aa3:38ac]
05-05 16:09:20.709  1965  2897 D LEMON   : CSeq:10 INVITE
05-05 16:09:20.709  1965  2897 D LEMON   : Record-Route:<sip:[2405:200:330:1581::18]:5067;routing_id=pcscf_a_side;lskpmc=P72;lr>
05-05 16:09:20.709  1965  2897 D LEMON   : x:1800;refresher=uac
05-05 16:09:20.709  1965  2897 D LEMON   : m:<sip:+919953592787;npdi;rn=4108;rn-context=+91@10.56.4.27:5070;transport=TCP;yop=00.00.73162006.0000.7018;ccsId=65>
05-05 16:09:20.709  1965  2897 D LEMON   : Require:timer
05-05 16:09:20.709  1965  2897 D LEMON   : k:100rel,precondition,timer,histinfo,eventlist,norefersub,tdialog
05-05 16:09:20.709  1965  2897 D LEMON   : Allow:ACK,BYE,CANCEL,INFO,INVITE,NOTIFY,OPTIONS,PRACK,REFER,UPDATE
05-05 16:09:20.709  1965  2897 D LEMON   : Feature-Caps:*;+g.3gpp.srvcc;+g.3gpp.icsi-ref="urn%%3Aurn-7%%3A3gpp-service.ims.icsi.mmtel"
05-05 16:09:20.709  1965  2897 D LEMON   : c:application/sdp
05-05 16:09:20.709  1965  2897 D LEMON   : Content-Disposition:session;handling=required
05-05 16:09:20.709  1965  2897 D LEMON   : 
05-05 16:09:20.709  1965  2897 D LEMON   : v=0
05-05 16:09:20.709  1965  2897 D LEMON   : o=- 0 15 IN IP6 ims.mnc872.mcc405.3gppnetwork.org
05-05 16:09:20.709  1965  2897 D LEMON   : s=media server session
05-05 16:09:20.709  1965  2897 D LEMON   : t=0 0
05-05 16:09:20.709  1965  2897 D LEMON   : m=audio 21456 RTP/AVP 104
05-05 16:09:20.709  1965  2897 D LEMON   : c=IN IP6 2405:200:330:1586::11
05-05 16:09:20.709  1965  2897 D LEMON   : a=rtpmap:104 AMR-WB/16000
05-05 16:09:20.709  1965  2897 D LEMON   : a=fmtp:104 octet-align=1; mode-change-capability=2
05-05 16:09:20.709  1965  2897 D LEMON   : a=rtcp-xr
05-05 16:09:20.709  1965  2897 D LEMON   : a=ptime:20
05-05 16:09:20.709  1965  2897 D LEMON   : a=sendrecv
05-05 16:09:20.709  1965  2897 D LEMON   : 
05-05 16:09:20.707  1965  2897 D LEMON   : 16:09:20.706 ZOS: INFO: fsm(SIP_IST) trans@[196616] state <PROCEEDING> run [SEND_2XX] event ok.
05-05 16:09:20.707  1965  2897 D LEMON   : 16:09:20.707 ZOS: INFO: fsm(SIP_IST) trans@[196616] state <PROCEEDING> to <TERMINATED>.
05-05 16:09:20.707  1965  2897 D LEMON   : 16:09:20.707 SIP: INFO: module delete tmr<0x127> [TIMER G] ok.
05-05 16:09:20.707  1965  2897 D LEMON   : 16:09:20.707 SIP: INFO: module delete tmr<0x128> [TIMER H] ok.
05-05 16:09:20.707  1965  2897 D LEMON   : 16:09:20.707 SIP: INFO: module delete tmr<0x129> [TIMER I] ok.
05-05 16:09:20.707  1965  2897 D LEMON   : 16:09:20.707 SIP: INFO: module delete tmr<0x12A> [TIMER L] ok.
05-05 16:09:20.709  1965  2897 D LEMON   : 16:09:20.709 SIP: INFO: module delete tmr<0x12B> [TIMER C] ok.
05-05 16:09:20.712  1965  2897 D LEMON   : 16:09:20.712 SIP: INFO: trans @30006 process response <INVITE:200>.
05-05 16:09:20.712  1965  2897 D LEMON   : 16:09:20.712 SIP: INFO: module stop tmr<0x126> [TIMER C] ok.
05-05 16:09:20.712  1965  2897 D LEMON   : 16:09:20.712 ZOS: INFO: fsm(SIP_ICT) trans@[196614] state <PROCEEDING> run [RECV_2XX] event ok.
05-05 16:09:20.712  1965  2897 D LEMON   : 16:09:20.712 ZOS: INFO: fsm(SIP_ICT) trans@[196614] state <PROCEEDING> to <TERMINATED>.
05-05 16:09:20.712  1965  2897 D LEMON   : 16:09:20.712 SIP: INFO: dlg @30004 process response <INVITE:200>.
05-05 16:09:20.712  1965  2897 D LEMON   : 16:09:20.712 SIP: INFO: module start tmr<0x7E> [TIMER WAIT_SAM] <128000ms> ok.
05-05 16:09:20.716  1965  2138 D LEMON   : 16:09:20.716 ZOS: INFO: fsm(MTF_CALL) conn@[19] state <MODIFYOUT> run [SMM CNF] event ok.
05-05 16:09:20.716  1965  2138 D LEMON   : 16:09:20.716 ZOS: INFO: fsm(MTF_CALL) conn@[19] state <MODIFYOUT> to <CONNECTED>.
05-05 16:09:20.720  1965  1965 D LEMON   : 16:09:20.720 RSE: INFO: gui notify LeaveSessUnHoldOk.
05-05 16:09:20.725  1965  2897 D LEMON   : 16:09:20.725 ZOS: INFO: fsm(SIP_IVT) dlg@[196612] state <MODIFY OUT> run [RECV_2XX] event ok.
05-05 16:09:20.726  1965  2897 D LEMON   : 16:09:20.726 ZOS: INFO: fsm(SIP_IVT) dlg@[196612] state <MODIFY OUT> to <CONFIRMED>.
05-05 16:09:20.726  1965  2897 D LEMON   : 16:09:20.726 SIP: INFO: module delete tmr<0x122> [TIMER A] ok.
05-05 16:09:20.726  1965  2897 D LEMON   : 16:09:20.726 SIP: INFO: module delete tmr<0x123> [TIMER B] ok.
05-05 16:09:20.726  1965  2897 D LEMON   : 16:09:20.726 SIP: INFO: module delete tmr<0x124> [TIMER D] ok.
05-05 16:09:20.726  1965  2897 D LEMON   : 16:09:20.726 SIP: INFO: module delete tmr<0x125> [TIMER WAIT_CONN] ok.
05-05 16:09:20.726  1965  2897 D LEMON   : 16:09:20.726 SIP: INFO: module delete tmr<0x126> [TIMER C] ok.
05-05 16:09:20.733  1965  2897 D LEMON   : 16:09:20.733 SIP: INFO: dlg @30004 process request <ACK>.
05-05 16:09:20.733  1965  2897 D LEMON   : ACK sip:+919953592787;npdi;rn=4108;rn-context=+91@10.56.4.27:5070;transport=tcp;yop=00.00.73162006.0000.7018;ccsId=65 SIP/2.0
05-05 16:09:20.733  1965  2897 D LEMON   : From: <sip:+917011021754@ims.mnc872.mcc405.3gppnetwork.org>;tag=NcIbu99501.6v.eopCs3421Jtu
05-05 16:09:20.733  1965  2897 D LEMON   : To: "9953592787"<sip:9953592787@ims.mnc872.mcc405.3gppnetwork.org>;tag=aVDdYVe7fc3b7jfg
05-05 16:09:20.733  1965  2897 D LEMON   : Contact: <sip:405872000010534@[2405:204:1a03:45c7::2aa3:38ac]:5410>;+sip.instance="<urn:gsma:imei:86740002-034179-2>";+g.3gpp.icsi-ref="urn%%3Aurn-7%%3A3gpp-service.ims.icsi.mmtel";video
05-05 16:09:20.733  1965  2897 D LEMON   : P-Access-Network-Info: IEEE-802.11;i-wlan-node-id=4045da87d2be
05-05 16:09:20.733  1965  2897 D LEMON   : Proxy-Require: sec-agree
05-05 16:09:20.733  1965  2897 D LEMON   : Require: sec-agree
05-05 16:09:20.733  1965  2897 D LEMON   : Supported: sec-agree
05-05 16:09:20.733  1965  2897 D LEMON   : Route: <sip:[2405:200:330:1581::18]:5067;routing_id=pcscf_a_side;lskpmc=P72;lr>
05-05 16:09:20.733  1965  2897 D LEMON   : Call-ID: I2bu99501.6v.eopCs2421Cn.i@[2405:204:1a03:45c7::2aa3:38ac]
05-05 16:09:20.733  1965  2897 D LEMON   : CSeq: 10 ACK
05-05 16:09:20.733  1965  2897 D LEMON   : Max-Forwards: 70
05-05 16:09:20.733  1965  2897 D LEMON   : User-Agent: VoWIFI/WFC UA
05-05 16:09:20.733  1965  2897 D LEMON   : Via: SIP/2.0/UDP [2405:204:1a03:45c7::2aa3:38ac]:35391;branch=z9hG4bK8v4212khK2saas1RPNHVv.eeis;rport
05-05 16:09:20.733  1965  2897 D LEMON   : Content-Length: 0
05-05 16:09:20.733  1965  2897 D LEMON   : 
05-05 16:09:20.733  1965  2897 D LEMON   : 
05-05 16:09:20.734  1965  2897 D LEMON   : 16:09:20.734 UTPT: INFO: conn[0x4] send data[959] to [2405:200:330:1581::18:5067] ok.
05-05 16:09:20.734  1965  2897 D LEMON   : 16:09:20.734 SIP: INFO: module stop tmr<0x7E> [TIMER WAIT_SAM] ok.
05-05 16:09:20.734  1965  2897 D LEMON   : 16:09:20.734 ZOS: INFO: fsm(SIP_IVT) dlg@[196612] state <CONFIRMED> run [SAM_REQ] event ok.
05-05 16:09:20.905  1965  2141 D LEMON   : 16:09:20.905 UTPT: INFO: recv udp data(len:950) from [2405:200:330:1581::18:32920].
05-05 16:09:20.906  1965  2897 D LEMON   : INVITE sip:405872000010534@[2405:204:1a03:45c7::2aa3:38ac]:5410 SIP/2.0
05-05 16:09:20.906  1965  2897 D LEMON   : v:SIP/2.0/UDP [2405:200:330:1581::18]:5067;branch=z9hG4bK_IMSCL1550631.000_bbd5788d67cd4140cdd049e15c38685e;lskpmc=P72
05-05 16:09:20.906  1965  2897 D LEMON   : Record-Route:<sip:[2405:200:330:1581::18]:5067;routing_id=pcscf_a_side;lskpmc=P72;lr>
05-05 16:09:20.906  1965  2897 D LEMON   : l:0
05-05 16:09:20.906  1965  2897 D LEMON   : f:"9953592787"<sip:9953592787@ims.mnc872.mcc405.3gppnetwork.org>;tag=aVDdYVe7fc3b7jfg
05-05 16:09:20.906  1965  2897 D LEMON   : t:<sip:+917011021754@ims.mnc872.mcc405.3gppnetwork.org>;tag=NcIbu99501.6v.eopCs3421Jtu
05-05 16:09:20.906  1965  2897 D LEMON   : i:I2bu99501.6v.eopCs2421Cn.i@[2405:204:1a03:45c7::2aa3:38ac]
05-05 16:09:20.906  1965  2897 D LEMON   : CSeq:8 INVITE
05-05 16:09:20.906  1965  2897 D LEMON   : Max-Forwards:66
05-05 16:09:20.906  1965  2897 D LEMON   : x:1800;refresher=uas
05-05 16:09:20.906  1965  2897 D LEMON   : Min-SE:600
05-05 16:09:20.906  1965  2897 D LEMON   : m:<sip:+919953592787;npdi;rn=4108;rn-context=+91@10.56.4.27:5070;transport=TCP;yop=00.00.73162006.0000.7018;ccsId=65>
05-05 16:09:20.906  1965  2897 D LEMON   : k:timer,tdialog
05-05 16:09:20.906  1965  2897 D LEMON   : Allow:ACK,BYE,CANCEL,INFO,INVITE,NOTIFY,OPTIONS,REFER
05-05 16:09:20.906  1965  2897 D LEMON   : Feature-Caps:*;+g.3gpp.srvcc;+g.3gpp.icsi-ref="urn%%3Aurn-7%%3A3gpp-service.ims.icsi.mmtel"
05-05 16:09:20.906  1965  2897 D LEMON   : Server:Alcatel-Lucent 5060 MGC-8 9.5.0.2.0.18
05-05 16:09:20.906  1965  2897 D LEMON   : P-Com.Nokia.B2BUA-Involved:no
05-05 16:09:20.906  1965  2897 D LEMON   : 
05-05 16:09:20.906  1965  2897 D LEMON   : 
05-05 16:09:20.906  1965  2897 D LEMON   : 16:09:20.906 SIP: INFO: module create tmr<0x12C> [TIMER G] ok.
05-05 16:09:20.906  1965  2897 D LEMON   : 16:09:20.906 SIP: INFO: module create tmr<0x12D> [TIMER H] ok.
05-05 16:09:20.906  1965  2897 D LEMON   : 16:09:20.906 SIP: INFO: module create tmr<0x12E> [TIMER I] ok.
05-05 16:09:20.907  1965  2897 D LEMON   : 16:09:20.906 SIP: INFO: module create tmr<0x12F> [TIMER L] ok.
05-05 16:09:20.907  1965  2897 D LEMON   : 16:09:20.907 SIP: INFO: module create tmr<0x130> [TIMER C] ok.
05-05 16:09:20.907  1965  2897 D LEMON   : 16:09:20.907 SIP: INFO: trans @30007 process request <INVITE>.
05-05 16:09:20.907  1965  2897 D LEMON   : 16:09:20.907 SIP: INFO: module start tmr<0x130> [TIMER C] <200000ms> ok.
05-05 16:09:20.907  1965  2897 D LEMON   : 16:09:20.907 ZOS: INFO: fsm(SIP_IST) trans@[196615] state <IDLE> run [RECV_INVITE] event ok.
05-05 16:09:20.907  1965  2897 D LEMON   : 16:09:20.907 ZOS: INFO: fsm(SIP_IST) trans@[196615] state <IDLE> to <PROCEEDING>.
05-05 16:09:20.908  1965  2897 D LEMON   : 16:09:20.908 SIP: INFO: dlg @30004 process request <INVITE>.
05-05 16:09:20.908  1965  2897 D LEMON   : SIP/2.0 100 Trying
05-05 16:09:20.908  1965  2897 D LEMON   : To: <sip:+917011021754@ims.mnc872.mcc405.3gppnetwork.org>;tag=NcIbu99501.6v.eopCs3421Jtu
05-05 16:09:20.908  1965  2897 D LEMON   : From: "9953592787"<sip:9953592787@ims.mnc872.mcc405.3gppnetwork.org>;tag=aVDdYVe7fc3b7jfg
05-05 16:09:20.908  1965  2897 D LEMON   : CSeq: 8 INVITE
05-05 16:09:20.908  1965  2897 D LEMON   : Call-ID: I2bu99501.6v.eopCs2421Cn.i@[2405:204:1a03:45c7::2aa3:38ac]
05-05 16:09:20.908  1965  2897 D LEMON   : Via: SIP/2.0/UDP [2405:200:330:1581::18]:5067;branch=z9hG4bK_IMSCL1550631.000_bbd5788d67cd4140cdd049e15c38685e;lskpmc=P72;received=2405:200:330:1581::18
05-05 16:09:20.908  1965  2897 D LEMON   : Content-Length: 0
05-05 16:09:20.908  1965  2897 D LEMON   : 
05-05 16:09:20.908  1965  2897 D LEMON   : 
05-05 16:09:20.909  1965  2897 D LEMON   : 16:09:20.909 UTPT: INFO: conn[0x4] send data[461] to [2405:200:330:1581::18:5067] ok.
05-05 16:09:20.911  1965  2138 D LEMON   : 16:09:20.911 ZOS: INFO: fsm(MTF_CALL) conn@[19] state <CONNECTED> run [SMM IND] event ok.
05-05 16:09:20.912  1965  2897 D LEMON   : 16:09:20.912 ZOS: INFO: fsm(SIP_IVT) dlg@[196612] state <CONFIRMED> run [RECV_INVITE] event ok.
05-05 16:09:20.913  1965  2897 D LEMON   : 16:09:20.912 ZOS: INFO: fsm(SIP_IVT) dlg@[196612] state <CONFIRMED> to <MODIFY IN>.
05-05 16:09:20.914  1965  2897 D LEMON   : 16:09:20.914 SIP: INFO: dlg @30004 process response <INVITE:200>.
05-05 16:09:20.915  1965  2897 D LEMON   : 16:09:20.915 SIP: INFO: module start tmr<0x7F> [TIMER SEND_2XX] <2000ms> ok.
05-05 16:09:20.915  1965  2897 D LEMON   : 16:09:20.915 SIP: INFO: module start tmr<0x80> [TIMER STOP_2XX] <128000ms> ok.
05-05 16:09:20.915  1965  2897 D LEMON   : 16:09:20.915 ZOS: INFO: fsm(SIP_IVT) dlg@[196612] state <MODIFY IN> run [SMM_RSP] event ok.
05-05 16:09:20.915  1965  2897 D LEMON   : 16:09:20.915 ZOS: INFO: fsm(SIP_IVT) dlg@[196612] state <MODIFY IN> to <CONFIRMED>.
05-05 16:09:20.916  1965  2897 D LEMON   : 16:09:20.916 SIP: INFO: trans @30007 process response <INVITE:200>.
05-05 16:09:20.916  1965  2897 D LEMON   : 16:09:20.916 SIP: INFO: module stop tmr<0x130> [TIMER C] ok.
05-05 16:09:20.916  1965  2897 D LEMON   : SIP/2.0 200 OK
05-05 16:09:20.916  1965  2897 D LEMON   : From: "9953592787"<sip:9953592787@ims.mnc872.mcc405.3gppnetwork.org>;tag=aVDdYVe7fc3b7jfg
05-05 16:09:20.916  1965  2897 D LEMON   : To: <sip:+917011021754@ims.mnc872.mcc405.3gppnetwork.org>;tag=NcIbu99501.6v.eopCs3421Jtu
05-05 16:09:20.916  1965  2897 D LEMON   : P-Access-Network-Info: IEEE-802.11;i-wlan-node-id=4045da87d2be
05-05 16:09:20.916  1965  2897 D LEMON   : Supported: 100rel,join,norefersub,replaces,timer
05-05 16:09:20.916  1965  2897 D LEMON   : Allow: INVITE,ACK,BYE,CANCEL,UPDATE,REGISTER,INFO,PRACK,SUBSCRIBE,NOTIFY,MESSAGE,REFER,PUBLISH
05-05 16:09:20.916  1965  2897 D LEMON   : Session-Expires: 1800;refresher=uas
05-05 16:09:20.916  1965  2897 D LEMON   : Min-SE: 600
05-05 16:09:20.916  1965  2897 D LEMON   : Require: timer
05-05 16:09:20.916  1965  2897 D LEMON   : Contact: <sip:405872000010534@[2405:204:1a03:45c7::2aa3:38ac]:5410>;+sip.instance="<urn:gsma:imei:86740002-034179-2>";+g.3gpp.icsi-ref="urn%%3Aurn-7%%3A3gpp-service.ims.icsi.mmtel";video
05-05 16:09:20.916  1965  2897 D LEMON   : Call-ID: I2bu99501.6v.eopCs2421Cn.i@[2405:204:1a03:45c7::2aa3:38ac]
05-05 16:09:20.916  1965  2897 D LEMON   : CSeq: 8 INVITE
05-05 16:09:20.916  1965  2897 D LEMON   : Max-Forwards: 70
05-05 16:09:20.916  1965  2897 D LEMON   : Server: VoWIFI/WFC UA
05-05 16:09:20.916  1965  2897 D LEMON   : Via: SIP/2.0/UDP [2405:200:330:1581::18]:5067;branch=z9hG4bK_IMSCL1550631.000_bbd5788d67cd4140cdd049e15c38685e;lskpmc=P72;received=2405:200:330:1581::18
05-05 16:09:20.916  1965  2897 D LEMON   : Content-Type: application/sdp
05-05 16:09:20.916  1965  2897 D LEMON   : Content-Length: 300
05-05 16:09:20.916  1965  2897 D LEMON   : 
05-05 16:09:20.916  1965  2897 D LEMON   : v=0
05-05 16:09:20.916  1965  2897 D LEMON   : o=405872000010534 1059103148 1059103171 IN IP6 2405:204:1a03:45c7::2aa3:38ac
05-05 16:09:20.916  1965  2897 D LEMON   : s=-
05-05 16:09:20.916  1965  2897 D LEMON   : c=IN IP6 2405:204:1a03:45c7::2aa3:38ac
05-05 16:09:20.916  1965  2897 D LEMON   : t=0 0
05-05 16:09:20.916  1965  2897 D LEMON   : m=audio 37076 RTP/AVP 104
05-05 16:09:20.916  1965  2897 D LEMON   : a=rtpmap:104 AMR-WB/16000
05-05 16:09:20.916  1965  2897 D LEMON   : a=fmtp:104 octet-align=1;mode-change-period=2;mode-change-capability=2
05-05 16:09:20.916  1965  2897 D LEMON   : a=ptime:20
05-05 16:09:20.916  1965  2897 D LEMON   : a=maxptime:80
05-05 16:09:20.916  1965  2897 D LEMON   : a=sendrecv
05-05 16:09:20.916  1965  2897 D LEMON   : 
05-05 16:09:20.917  1965  2897 D LEMON   : 16:09:20.917 UTPT: INFO: conn[0x4] send data[1293] to [2405:200:330:1581::18:5067] ok.
05-05 16:09:20.917  1965  2897 D LEMON   : 16:09:20.917 ZOS: INFO: fsm(SIP_IST) trans@[196615] state <PROCEEDING> run [SEND_2XX] event ok.
05-05 16:09:20.917  1965  2897 D LEMON   : 16:09:20.917 ZOS: INFO: fsm(SIP_IST) trans@[196615] state <PROCEEDING> to <TERMINATED>.
05-05 16:09:20.917  1965  2897 D LEMON   : 16:09:20.917 SIP: INFO: module delete tmr<0x12C> [TIMER G] ok.
05-05 16:09:20.918  1965  2897 D LEMON   : 16:09:20.918 SIP: INFO: module delete tmr<0x12D> [TIMER H] ok.
05-05 16:09:20.918  1965  2897 D LEMON   : 16:09:20.918 SIP: INFO: module delete tmr<0x12E> [TIMER I] ok.
05-05 16:09:20.918  1965  2897 D LEMON   : 16:09:20.918 SIP: INFO: module delete tmr<0x12F> [TIMER L] ok.
05-05 16:09:20.919  1965  2897 D LEMON   : 16:09:20.918 SIP: INFO: module delete tmr<0x130> [TIMER C] ok.
05-05 16:09:20.957  1965  2141 D LEMON   : 16:09:20.957 UTPT: INFO: recv udp data(len:881) from [2405:200:330:1581::18:32920].
05-05 16:09:20.957  1965  2897 D LEMON   : ACK sip:405872000010534@[2405:204:1a03:45c7::2aa3:38ac]:5410 SIP/2.0
05-05 16:09:20.957  1965  2897 D LEMON   : v:SIP/2.0/UDP [2405:200:330:1581::18]:5067;branch=z9hG4bK_IMSCL1550631.000_a11ae234bbf9816774810d7389b96aa5;lskpmc=P72
05-05 16:09:20.957  1965  2897 D LEMON   : Record-Route:<sip:[2405:200:330:1581::18]:5067;routing_id=pcscf_b_side;lskpmc=P72;lr>
05-05 16:09:20.957  1965  2897 D LEMON   : l:260
05-05 16:09:20.957  1965  2897 D LEMON   : f:<sip:+917011021774@ims.mnc872.mcc405.3gppnetwork.org;user=phone>;tag=A8B1Wd9A4Dai8jbf
05-05 16:09:20.957  1965  2897 D LEMON   : t:<sip:+917011021754@ims.mnc872.mcc405.3gppnetwork.org;user=phone>;tag=11lFQcHauy914+GKv.ektO7742
05-05 16:09:20.957  1965  2897 D LEMON   : i:C009A6B34C0F7CE697615CE4@1270ffffffff
05-05 16:09:20.957  1965  2897 D LEMON   : CSeq:9 ACK
05-05 16:09:20.957  1965  2897 D LEMON   : Max-Forwards:61
05-05 16:09:20.957  1965  2897 D LEMON   : d:no-fork
05-05 16:09:20.957  1965  2897 D LEMON   : c:application/sdp
05-05 16:09:20.957  1965  2897 D LEMON   : Content-Disposition:session;handling=required
05-05 16:09:20.957  1965  2897 D LEMON   : 
05-05 16:09:20.957  1965  2897 D LEMON   : v=0
05-05 16:09:20.957  1965  2897 D LEMON   : o=- 0 14 IN IP6 ims.mnc872.mcc405.3gppnetwork.org
05-05 16:09:20.957  1965  2897 D LEMON   : s=media server session
05-05 16:09:20.957  1965  2897 D LEMON   : t=0 0
05-05 16:09:20.957  1965  2897 D LEMON   : m=audio 21536 RTP/AVP 104
05-05 16:09:20.957  1965  2897 D LEMON   : c=IN IP6 2405:200:330:1586::11
05-05 16:09:20.957  1965  2897 D LEMON   : a=rtpmap:104 AMR-WB/16000
05-05 16:09:20.957  1965  2897 D LEMON   : a=fmtp:104 octet-align=1; mode-change-capability=2
05-05 16:09:20.957  1965  2897 D LEMON   : a=rtcp-xr
05-05 16:09:20.957  1965  2897 D LEMON   : a=ptime:20
05-05 16:09:20.957  1965  2897 D LEMON   : a=recvonly
05-05 16:09:20.957  1965  2897 D LEMON   : 
05-05 16:09:20.958  1965  2897 D LEMON   : 16:09:20.958 SIP: INFO: dlg @30005 process request <ACK>.
05-05 16:09:20.958  1965  2897 D LEMON   : 16:09:20.958 SIP: INFO: module stop tmr<0x91> [TIMER SEND_2XX] ok.
05-05 16:09:20.958  1965  2897 D LEMON   : 16:09:20.958 SIP: INFO: module stop tmr<0x92> [TIMER STOP_2XX] ok.
05-05 16:09:20.966  1965  2138 D LEMON   : 16:09:20.966 ZOS: INFO: fsm(MTF_CALL) conn@[20] state <CONNECTED> run [SAM IND] event ok.
05-05 16:09:20.971  1965  2897 D LEMON   : 16:09:20.971 ZOS: INFO: fsm(SIP_IVT) dlg@[196613] state <CONFIRMED> run [RECV_ACK] event ok.
05-05 16:09:20.972  1965  1965 D LEMON   : 16:09:20.972 RSE: INFO: gui notify LeaveSessMdfyed.
05-05 16:09:21.189  1965  2141 D LEMON   : 16:09:21.189 UTPT: INFO: recv udp data(len:901) from [2405:200:330:1581::18:32920].
05-05 16:09:21.190  1965  2897 D LEMON   : ACK sip:405872000010534@[2405:204:1a03:45c7::2aa3:38ac]:5410 SIP/2.0
05-05 16:09:21.190  1965  2897 D LEMON   : v:SIP/2.0/UDP [2405:200:330:1581::18]:5067;branch=z9hG4bK_IMSCL1550631.000_139d8470eabb149d597d3fdfa02ec4cf;lskpmc=P72
05-05 16:09:21.190  1965  2897 D LEMON   : Record-Route:<sip:[2405:200:330:1581::18]:5067;routing_id=pcscf_a_side;lskpmc=P72;lr>
05-05 16:09:21.190  1965  2897 D LEMON   : l:272
05-05 16:09:21.190  1965  2897 D LEMON   : f:"9953592787"<sip:9953592787@ims.mnc872.mcc405.3gppnetwork.org>;tag=aVDdYVe7fc3b7jfg
05-05 16:09:21.190  1965  2897 D LEMON   : t:<sip:+917011021754@ims.mnc872.mcc405.3gppnetwork.org>;tag=NcIbu99501.6v.eopCs3421Jtu
05-05 16:09:21.190  1965  2897 D LEMON   : i:I2bu99501.6v.eopCs2421Cn.i@[2405:204:1a03:45c7::2aa3:38ac]
05-05 16:09:21.190  1965  2897 D LEMON   : CSeq:8 ACK
05-05 16:09:21.190  1965  2897 D LEMON   : Max-Forwards:66
05-05 16:09:21.190  1965  2897 D LEMON   : d:no-fork
05-05 16:09:21.190  1965  2897 D LEMON   : c:application/sdp
05-05 16:09:21.190  1965  2897 D LEMON   : Content-Disposition:session;handling=required
05-05 16:09:21.190  1965  2897 D LEMON   : 
05-05 16:09:21.190  1965  2897 D LEMON   : v=0
05-05 16:09:21.190  1965  2897 D LEMON   : o=- 0 16 IN IP6 ims.mnc872.mcc405.3gppnetwork.org
05-05 16:09:21.190  1965  2897 D LEMON   : s=-
05-05 16:09:21.190  1965  2897 D LEMON   : c=IN IP6 2405:200:330:1586::11
05-05 16:09:21.190  1965  2897 D LEMON   : t=0 0
05-05 16:09:21.190  1965  2897 D LEMON   : m=audio 21456 RTP/AVP 104
05-05 16:09:21.190  1965  2897 D LEMON   : a=sendrecv
05-05 16:09:21.190  1965  2897 D LEMON   : a=ptime:20
05-05 16:09:21.190  1965  2897 D LEMON   : a=maxptime:80
05-05 16:09:21.190  1965  2897 D LEMON   : a=rtpmap:104 AMR-WB/16000
05-05 16:09:21.190  1965  2897 D LEMON   : a=fmtp:104 octet-align=1; mode-change-capability=2
05-05 16:09:21.190  1965  2897 D LEMON   : a=silenceSupp:off - - - -
05-05 16:09:21.190  1965  2897 D LEMON   : 
05-05 16:09:21.191  1965  2897 D LEMON   : 16:09:21.191 SIP: INFO: dlg @30004 process request <ACK>.
05-05 16:09:21.191  1965  2897 D LEMON   : 16:09:21.191 SIP: INFO: module stop tmr<0x7F> [TIMER SEND_2XX] ok.
05-05 16:09:21.191  1965  2897 D LEMON   : 16:09:21.191 SIP: INFO: module stop tmr<0x80> [TIMER STOP_2XX] ok.
05-05 16:09:21.194  1965  2897 D LEMON   : 16:09:21.193 ZOS: INFO: fsm(SIP_IVT) dlg@[196612] state <CONFIRMED> run [RECV_ACK] event ok.
05-05 16:09:21.195  1965  2138 D LEMON   : 16:09:21.194 ZOS: INFO: fsm(MTF_CALL) conn@[19] state <CONNECTED> run [SAM IND] event ok.
05-05 16:09:21.197  1965  1965 D LEMON   : 16:09:21.197 RSE: INFO: gui notify LeaveSessMdfyed.
05-05 16:09:22.398  1965  2138 D LEMON   : 16:09:22.398 ZOS: INFO: fsm(MTF_CALL) conn@[19] state <CONNECTED> run [USER HOLD] event ok.
05-05 16:09:22.399  1965  2138 D LEMON   : 16:09:22.398 ZOS: INFO: fsm(MTF_CALL) conn@[19] state <CONNECTED> to <MODIFYOUT>.
05-05 16:09:22.400  1965  2897 D LEMON   : 16:09:22.400 SIP: INFO: dlg @30004 process request <INVITE>.
05-05 16:09:22.406  1965  2897 D LEMON   : 16:09:22.406 SIP: INFO: module create tmr<0x131> [TIMER A] ok.
05-05 16:09:22.407  1965  2897 D LEMON   : 16:09:22.406 SIP: INFO: module create tmr<0x132> [TIMER B] ok.
05-05 16:09:22.407  1965  2897 D LEMON   : 16:09:22.407 SIP: INFO: module create tmr<0x133> [TIMER D] ok.
05-05 16:09:22.411  1965  2897 D LEMON   : 16:09:22.411 SIP: INFO: module create tmr<0x134> [TIMER WAIT_CONN] ok.
05-05 16:09:22.412  1965  2897 D LEMON   : 16:09:22.412 SIP: INFO: module create tmr<0x135> [TIMER C] ok.
05-05 16:09:22.412  1965  2897 D LEMON   : 16:09:22.412 ZOS: INFO: fsm(SIP_IVT) dlg@[196612] state <CONFIRMED> run [SMM_REQ] event ok.
05-05 16:09:22.412  1965  2897 D LEMON   : 16:09:22.412 ZOS: INFO: fsm(SIP_IVT) dlg@[196612] state <CONFIRMED> to <MODIFY OUT>.
05-05 16:09:22.413  1965  2897 D LEMON   : 16:09:22.412 SIP: INFO: trans @30008 process request <INVITE>.
05-05 16:09:22.415  1965  2897 D LEMON   : INVITE sip:+919953592787;npdi;rn=4108;rn-context=+91@10.56.4.27:5070;transport=tcp;yop=00.00.73162006.0000.7018;ccsId=65 SIP/2.0
05-05 16:09:22.415  1965  2897 D LEMON   : From: <sip:+917011021754@ims.mnc872.mcc405.3gppnetwork.org>;tag=NcIbu99501.6v.eopCs3421Jtu
05-05 16:09:22.415  1965  2897 D LEMON   : To: "9953592787"<sip:9953592787@ims.mnc872.mcc405.3gppnetwork.org>;tag=aVDdYVe7fc3b7jfg
05-05 16:09:22.415  1965  2897 D LEMON   : Contact: <sip:405872000010534@[2405:204:1a03:45c7::2aa3:38ac]:5410>;+sip.instance="<urn:gsma:imei:86740002-034179-2>";+g.3gpp.icsi-ref="urn%%3Aurn-7%%3A3gpp-service.ims.icsi.mmtel";video
05-05 16:09:22.415  1965  2897 D LEMON   : Supported: 100rel,join,norefersub,replaces,timer,sec-agree
05-05 16:09:22.415  1965  2897 D LEMON   : Allow: INVITE,ACK,BYE,CANCEL,UPDATE,REGISTER,INFO,PRACK,SUBSCRIBE,NOTIFY,MESSAGE,REFER,PUBLISH
05-05 16:09:22.415  1965  2897 D LEMON   : Session-Expires: 1800
05-05 16:09:22.415  1965  2897 D LEMON   : Min-SE: 600
05-05 16:09:22.415  1965  2897 D LEMON   : P-Access-Network-Info: IEEE-802.11;i-wlan-node-id=4045da87d2be
05-05 16:09:22.415  1965  2897 D LEMON   : Security-Verify: ipsec-3gpp;prot=esp;alg=hmac-md5-96;ealg=aes-cbc;mod=trans;spi-c=1460652955;spi-s=1460652956;port-c=32920;port-s=5067;q=0.6
05-05 16:09:22.415  1965  2897 D LEMON   : Security-Verify: ipsec-3gpp;prot=esp;alg=hmac-md5-96;ealg=des-ede3-cbc;mod=trans;spi-c=1460652955;spi-s=1460652956;port-c=32920;port-s=5067;q=0.4
05-05 16:09:22.415  1965  2897 D LEMON   : Security-Verify: ipsec-3gpp;prot=esp;alg=hmac-md5-96;ealg=null;mod=trans;spi-c=1460652955;spi-s=1460652956;port-c=32920;port-s=5067;q=0.3
05-05 16:09:22.415  1965  2897 D LEMON   : Security-Verify: ipsec-3gpp;prot=esp;alg=hmac-sha-1-96;ealg=des-ede3-cbc;mod=trans;spi-c=1460652955;spi-s=1460652956;port-c=32920;port-s=5067;q=0.1
05-05 16:09:22.415  1965  2897 D LEMON   : Security-Verify: ipsec-3gpp;prot=esp;alg=hmac-sha-1-96;ealg=aes-cbc;mod=trans;spi-c=1460652955;spi-s=1460652956;port-c=32920;port-s=5067;q=0.2
05-05 16:09:22.415  1965  2897 D LEMON   : Security-Verify: ipsec-3gpp;prot=esp;alg=hmac-sha-1-96;ealg=null;mod=trans;spi-c=1460652955;spi-s=1460652956;port-c=32920;port-s=5067;q=0.5
05-05 16:09:22.415  1965  2897 D LEMON   : Proxy-Require: sec-agree
05-05 16:09:22.415  1965  2897 D LEMON   : Require: sec-agree
05-05 16:09:22.415  1965  2897 D LEMON   : Route: <sip:[2405:200:330:1581::18]:5067;routing_id=pcscf_a_side;lskpmc=P72;lr>
05-05 16:09:22.415  1965  2897 D LEMON   : Call-ID: I2bu99501.6v.eopCs2421Cn.i@[2405:204:1a03:45c7::2aa3:38ac]
05-05 16:09:22.415  1965  2897 D LEMON   : CSeq: 11 INVITE
05-05 16:09:22.415  1965  2897 D LEMON   : Max-Forwards: 70
05-05 16:09:22.415  1965  2897 D LEMON   : User-Agent: VoWIFI/WFC UA
05-05 16:09:22.415  1965  2897 D LEMON   : Via: SIP/2.0/UDP [2405:204:1a03:45c7::2aa3:38ac]:5410;branch=z9hG4bKs8w421Lk0.Isaas1RPNHVv.eei;rport
05-05 16:09:22.415  1965  2897 D LEMON   : Content-Type: application/sdp
05-05 16:09:22.415  1965  2897 D LEMON   : Content-Length: 329
05-05 16:09:22.415  1965  2897 D LEMON   : 
05-05 16:09:22.415  1965  2897 D LEMON   : v=0
05-05 16:09:22.415  1965  2897 D LEMON   : o=405872000010534 1059103148 1059103173 IN IP6 2405:204:1a03:45c7::2aa3:38ac
05-05 16:09:22.415  1965  2897 D LEMON   : s=-
05-05 16:09:22.415  1965  2897 D LEMON   : c=IN IP6 2405:204:1a03:45c7::2aa3:38ac
05-05 16:09:22.415  1965  2897 D LEMON   : t=0 0
05-05 16:09:22.415  1965  2897 D LEMON   : m=audio 37076 RTP/AVP 104 103
05-05 16:09:22.415  1965  2897 D LEMON   : a=rtpmap:104 AMR-WB/16000
05-05 16:09:22.415  1965  2897 D LEMON   : a=fmtp:104 octet-align=1
05-05 16:09:22.415  1965  2897 D LEMON   : a=rtpmap:103 AMR/8000
05-05 16:09:22.415  1965  2897 D LEMON   : a=fmtp:103 mode-set=0,1,2,3,4,5;octet-align=1
05-05 16:09:22.415  1965  2897 D LEMON   : a=ptime:20
05-05 16:09:22.415  1965  2897 D LEMON   : a=maxptime:400
05-05 16:09:22.415  1965  2897 D LEMON   : a=sendonly
05-05 16:09:22.415  1965  2897 D LEMON   : 
05-05 16:09:22.417  1965  2897 D LEMON   : 16:09:22.417 UTPT: INFO: conn[0x4] send data[2358] to [2405:200:330:1581::18:5067] ok.
05-05 16:09:22.417  1965  2897 D LEMON   : 16:09:22.417 SIP: INFO: module start tmr<0x131> [TIMER A] <2000ms> ok.
05-05 16:09:22.417  1965  2897 D LEMON   : 16:09:22.417 SIP: INFO: module start tmr<0x132> [TIMER B] <128000ms> ok.
05-05 16:09:22.418  1965  2897 D LEMON   : 16:09:22.418 SIP: INFO: module start tmr<0x135> [TIMER C] <200000ms> ok.
05-05 16:09:22.418  1965  2897 D LEMON   : 16:09:22.418 ZOS: INFO: fsm(SIP_ICT) trans@[196616] state <IDLE> run [SEND_INVITE] event ok.
05-05 16:09:22.418  1965  2897 D LEMON   : 16:09:22.418 ZOS: INFO: fsm(SIP_ICT) trans@[196616] state <IDLE> to <CALLING>.
05-05 16:09:22.466  1965  2141 D LEMON   : 16:09:22.466 UTPT: INFO: recv udp data(len:424) from [2405:200:330:1581::18:32920].
05-05 16:09:22.466  1965  2897 D LEMON   : SIP/2.0 100 Trying
05-05 16:09:22.466  1965  2897 D LEMON   : f:<sip:+917011021754@ims.mnc872.mcc405.3gppnetwork.org>;tag=NcIbu99501.6v.eopCs3421Jtu
05-05 16:09:22.466  1965  2897 D LEMON   : t:"9953592787"<sip:9953592787@ims.mnc872.mcc405.3gppnetwork.org>;tag=aVDdYVe7fc3b7jfg
05-05 16:09:22.466  1965  2897 D LEMON   : i:I2bu99501.6v.eopCs2421Cn.i@[2405:204:1a03:45c7::2aa3:38ac]
05-05 16:09:22.466  1965  2897 D LEMON   : CSeq:11 INVITE
05-05 16:09:22.466  1965  2897 D LEMON   : v:SIP/2.0/UDP [2405:204:1a03:45c7::2aa3:38ac]:5410;branch=z9hG4bKs8w421Lk0.Isaas1RPNHVv.eei;rport=35391;received=2405:204:1a03:45c7::2aa3:38ac
05-05 16:09:22.466  1965  2897 D LEMON   : l:0
05-05 16:09:22.466  1965  2897 D LEMON   : 
05-05 16:09:22.466  1965  2897 D LEMON   : 
05-05 16:09:22.467  1965  2897 D LEMON   : 16:09:22.467 SIP: INFO: trans @30008 process response <INVITE:100>.
05-05 16:09:22.467  1965  2897 D LEMON   : 16:09:22.467 SIP: INFO: module stop tmr<0x131> [TIMER A] ok.
05-05 16:09:22.467  1965  2897 D LEMON   : 16:09:22.467 SIP: INFO: module stop tmr<0x132> [TIMER B] ok.
05-05 16:09:22.467  1965  2897 D LEMON   : 16:09:22.467 SIP: INFO: module stop tmr<0x135> [TIMER C] ok.
05-05 16:09:22.467  1965  2897 D LEMON   : 16:09:22.467 SIP: INFO: module start tmr<0x135> [TIMER C] <200000ms> ok.
05-05 16:09:22.467  1965  2897 D LEMON   : 16:09:22.467 ZOS: INFO: fsm(SIP_ICT) trans@[196616] state <CALLING> run [RECV_1XX] event ok.
05-05 16:09:22.467  1965  2897 D LEMON   : 16:09:22.467 ZOS: INFO: fsm(SIP_ICT) trans@[196616] state <CALLING> to <PROCEEDING>.
05-05 16:09:22.467  1965  2897 D LEMON   : 16:09:22.467 SIP: INFO: dlg @30004 process response <INVITE:100>.
05-05 16:09:22.467  1965  2897 D LEMON   : 16:09:22.467 ZOS: INFO: fsm(SIP_IVT) dlg@[196612] state <MODIFY OUT> run [RECV_1XX] event ok.
05-05 16:09:22.743  1965  2141 D LEMON   : 16:09:22.743 UTPT: INFO: recv udp data(len:1290) from [2405:200:330:1581::18:32920].
05-05 16:09:22.744  1965  2897 D LEMON   : SIP/2.0 200 OK
05-05 16:09:22.744  1965  2897 D LEMON   : l:272
05-05 16:09:22.744  1965  2897 D LEMON   : f:<sip:+917011021754@ims.mnc872.mcc405.3gppnetwork.org>;tag=NcIbu99501.6v.eopCs3421Jtu
05-05 16:09:22.744  1965  2897 D LEMON   : t:"9953592787"<sip:9953592787@ims.mnc872.mcc405.3gppnetwork.org>;tag=aVDdYVe7fc3b7jfg
05-05 16:09:22.744  1965  2897 D LEMON   : v:SIP/2.0/UDP [2405:204:1a03:45c7::2aa3:38ac]:5410;branch=z9hG4bKs8w421Lk0.Isaas1RPNHVv.eei;rport=35391;received=2405:204:1a03:45c7::2aa3:38ac
05-05 16:09:22.744  1965  2897 D LEMON   : i:I2bu99501.6v.eopCs2421Cn.i@[2405:204:1a03:45c7::2aa3:38ac]
05-05 16:09:22.744  1965  2897 D LEMON   : CSeq:11 INVITE
05-05 16:09:22.744  1965  2897 D LEMON   : Record-Route:<sip:[2405:200:330:1581::18]:5067;routing_id=pcscf_a_side;lskpmc=P72;lr>
05-05 16:09:22.744  1965  2897 D LEMON   : x:1800;refresher=uac
05-05 16:09:22.744  1965  2897 D LEMON   : m:<sip:+919953592787;npdi;rn=4108;rn-context=+91@10.56.4.27:5070;transport=TCP;yop=00.00.73162006.0000.7018;ccsId=65>
05-05 16:09:22.744  1965  2897 D LEMON   : Require:timer
05-05 16:09:22.744  1965  2897 D LEMON   : k:100rel,path,precondition,replaces,timer,histinfo,eventlist,norefersub,tdialog
05-05 16:09:22.744  1965  2897 D LEMON   : Allow:ACK,BYE,CANCEL,INFO,INVITE,NOTIFY,OPTIONS,PRACK,REFER,UPDATE
05-05 16:09:22.744  1965  2897 D LEMON   : Feature-Caps:*;+g.3gpp.srvcc;+g.3gpp.icsi-ref="urn%%3Aurn-7%%3A3gpp-service.ims.icsi.mmtel"
05-05 16:09:22.744  1965  2897 D LEMON   : c:application/sdp
05-05 16:09:22.744  1965  2897 D LEMON   : Content-Disposition:session;handling=required
05-05 16:09:22.744  1965  2897 D LEMON   : Server:Alcatel-Lucent 5060 MGC-8 9.5.0.2.0.18
05-05 16:09:22.744  1965  2897 D LEMON   : 
05-05 16:09:22.744  1965  2897 D LEMON   : v=0
05-05 16:09:22.744  1965  2897 D LEMON   : o=- 0 17 IN IP6 ims.mnc872.mcc405.3gppnetwork.org
05-05 16:09:22.744  1965  2897 D LEMON   : s=-
05-05 16:09:22.744  1965  2897 D LEMON   : c=IN IP6 2405:200:330:1586::11
05-05 16:09:22.744  1965  2897 D LEMON   : t=0 0
05-05 16:09:22.744  1965  2897 D LEMON   : m=audio 21456 RTP/AVP 104
05-05 16:09:22.744  1965  2897 D LEMON   : a=recvonly
05-05 16:09:22.744  1965  2897 D LEMON   : a=ptime:20
05-05 16:09:22.744  1965  2897 D LEMON   : a=maxptime:80
05-05 16:09:22.744  1965  2897 D LEMON   : a=rtpmap:104 AMR-WB/16000
05-05 16:09:22.744  1965  2897 D LEMON   : a=fmtp:104 octet-align=1; mode-change-capability=2
05-05 16:09:22.744  1965  2897 D LEMON   : a=silenceSupp:off - - - -
05-05 16:09:22.744  1965  2897 D LEMON   : 
05-05 16:09:22.746  1965  2897 D LEMON   : 16:09:22.746 SIP: INFO: trans @30008 process response <INVITE:200>.
05-05 16:09:22.746  1965  2897 D LEMON   : 16:09:22.746 SIP: INFO: module stop tmr<0x135> [TIMER C] ok.
05-05 16:09:22.746  1965  2897 D LEMON   : 16:09:22.746 ZOS: INFO: fsm(SIP_ICT) trans@[196616] state <PROCEEDING> run [RECV_2XX] event ok.
