04-29 15:56:04.680  1933  2891 D LEMON   : k:100rel,join,precondition,replaces,timer,histinfo,eventlist,norefersub,tdialog
04-29 15:56:04.680  1933  2891 D LEMON   : Allow:ACK,BYE,CANCEL,INFO,INVITE,NOTIFY,OPTIONS,PRACK,REFER,UPDATE
04-29 15:56:04.680  1933  2891 D LEMON   : Feature-Caps:*;+g.3gpp.srvcc;+g.3gpp.icsi-ref="urn%%3Aurn-7%%3A3gpp-service.ims.icsi.mmtel"
04-29 15:56:04.680  1933  2891 D LEMON   : c:application/sdp
04-29 15:56:04.680  1933  2891 D LEMON   : Content-Disposition:session;handling=required
04-29 15:56:04.680  1933  2891 D LEMON   : Server:VoWIFI/WFC UA
04-29 15:56:04.680  1933  2891 D LEMON   : 
04-29 15:56:04.680  1933  2891 D LEMON   : v=0
04-29 15:56:04.680  1933  2891 D LEMON   : o=405872000010425 0 3 IN IP6 ims.mnc872.mcc405.3gppnetwork.org
04-29 15:56:04.680  1933  2891 D LEMON   : s=-
04-29 15:56:04.680  1933  2891 D LEMON   : c=IN IP6 2405:200:330:1587::11
04-29 15:56:04.680  1933  2891 D LEMON   : t=0 0
04-29 15:56:04.680  1933  2891 D LEMON   : m=audio 37774 RTP/AVP 104
04-29 15:56:04.680  1933  2891 D LEMON   : a=rtpmap:104 AMR-WB/16000
04-29 15:56:04.680  1933  2891 D LEMON   : a=fmtp:104 octet-align=1
04-29 15:56:04.680  1933  2891 D LEMON   : a=ptime:20
04-29 15:56:04.680  1933  2891 D LEMON   : a=maxptime:144
04-29 15:56:04.680  1933  2891 D LEMON   : a=recvonly
04-29 15:56:04.680  1933  2891 D LEMON   : 
04-29 15:56:04.682  1933  2891 D LEMON   : 15:56:04.682 SIP: INFO: trans @20007 process response <INVITE:200>.
04-29 15:56:04.682  1933  2891 D LEMON   : 15:56:04.682 SIP: INFO: module stop tmr<0x41> [TIMER C] ok.
04-29 15:56:04.682  1933  2891 D LEMON   : 15:56:04.682 ZOS: INFO: fsm(SIP_ICT) trans@[131079] state <PROCEEDING> run [RECV_2XX] event ok.
04-29 15:56:04.682  1933  2891 D LEMON   : 15:56:04.682 ZOS: INFO: fsm(SIP_ICT) trans@[131079] state <PROCEEDING> to <TERMINATED>.
04-29 15:56:04.683  1933  2891 D LEMON   : 15:56:04.683 SIP: INFO: dlg @20005 process response <INVITE:200>.
04-29 15:56:04.683  1933  2891 D LEMON   : 15:56:04.683 SIP: INFO: module start tmr<0x2A> [TIMER WAIT_SAM] <128000ms> ok.
04-29 15:56:04.690  1933  2056 D LEMON   : 15:56:04.690 ZOS: INFO: fsm(MTF_CALL) conn@[17] state <MODIFYOUT> run [SMM CNF] event ok.
04-29 15:56:04.690  1933  2056 D LEMON   : 15:56:04.690 ZOS: INFO: fsm(MTF_CALL) conn@[17] state <MODIFYOUT> to <CONNECTED>.
04-29 15:56:04.697  1933  2891 D LEMON   : 15:56:04.697 ZOS: INFO: fsm(SIP_IVT) dlg@[131077] state <MODIFY OUT> run [RECV_2XX] event ok.
04-29 15:56:04.698  1933  2891 D LEMON   : 15:56:04.697 ZOS: INFO: fsm(SIP_IVT) dlg@[131077] state <MODIFY OUT> to <CONFIRMED>.
04-29 15:56:04.698  1933  2891 D LEMON   : 15:56:04.698 SIP: INFO: module delete tmr<0x3D> [TIMER A] ok.
04-29 15:56:04.698  1933  2891 D LEMON   : 15:56:04.698 SIP: INFO: module delete tmr<0x3E> [TIMER B] ok.
04-29 15:56:04.698  1933  2891 D LEMON   : 15:56:04.698 SIP: INFO: module delete tmr<0x3F> [TIMER D] ok.
04-29 15:56:04.700  1933  2891 D LEMON   : 15:56:04.700 SIP: INFO: module delete tmr<0x40> [TIMER WAIT_CONN] ok.
04-29 15:56:04.700  1933  2891 D LEMON   : 15:56:04.700 SIP: INFO: module delete tmr<0x41> [TIMER C] ok.
04-29 15:56:04.703  1933  1933 D LEMON   : 15:56:04.703 RSE: INFO: gui notify LeaveSessHoldOk.
04-29 15:56:04.710  1933  2891 D LEMON   : 15:56:04.709 SIP: INFO: dlg @20005 process request <ACK>.
04-29 15:56:04.711  1933  2891 D LEMON   : ACK sip:405872000010425@10.56.4.19:5070;transport=tcp;yop=00.00.04111090.0000.7014 SIP/2.0
04-29 15:56:04.711  1933  2891 D LEMON   : From: <sip:+917011021569@ims.mnc872.mcc405.3gppnetwork.org>;tag=321ibgx3adeoMhinod59eRC0LF
04-29 15:56:04.711  1933  2891 D LEMON   : To: "+917011021641"<sip:+917011021641@ims.mnc872.mcc405.3gppnetwork.org>;tag=VU0iBUW4hc8jbe6a
04-29 15:56:04.711  1933  2891 D LEMON   : Contact: <sip:405872000010354@[2405:204:1803:1f53::251a:e0ad]:5255>;+sip.instance="<urn:gsma:imei:86740002-050381-3>";+g.3gpp.icsi-ref="urn%%3Aurn-7%%3A3gpp-service.ims.icsi.mmtel";video
04-29 15:56:04.711  1933  2891 D LEMON   : P-Access-Network-Info: IEEE-802.11;i-wlan-node-id=4045da1352c7
04-29 15:56:04.711  1933  2891 D LEMON   : Proxy-Require: sec-agree
04-29 15:56:04.711  1933  2891 D LEMON   : Require: sec-agree
04-29 15:56:04.711  1933  2891 D LEMON   : Supported: sec-agree
04-29 15:56:04.711  1933  2891 D LEMON   : Route: <sip:[2405:200:330:1581::1b]:5067;routing_id=pcscf_a_side;lskpmc=P9J;lr>
04-29 15:56:04.711  1933  2891 D LEMON   : Call-ID: 219t.-J0deoMhinod59eRC0LE3@[2405:204:1803:1f53::251a:e0ad]
04-29 15:56:04.711  1933  2891 D LEMON   : CSeq: 3 ACK
04-29 15:56:04.711  1933  2891 D LEMON   : Max-Forwards: 70
04-29 15:56:04.711  1933  2891 D LEMON   : User-Agent: VoWIFI/WFC UA
04-29 15:56:04.711  1933  2891 D LEMON   : Via: SIP/2.0/UDP [2405:204:1803:1f53::251a:e0ad]:36862;branch=z9hG4bKouhCK321ct.-J2aCjOQbKem59e;rport
04-29 15:56:04.711  1933  2891 D LEMON   : Content-Length: 0
04-29 15:56:04.711  1933  2891 D LEMON   : 
04-29 15:56:04.711  1933  2891 D LEMON   : 
04-29 15:56:04.711  1933  2891 D LEMON   : 15:56:04.711 UTPT: INFO: conn[0x4] send data[929] to [2405:200:330:1581::1b:5067] ok.
04-29 15:56:04.712  1933  2891 D LEMON   : 15:56:04.712 SIP: INFO: module stop tmr<0x2A> [TIMER WAIT_SAM] ok.
04-29 15:56:04.712  1933  2891 D LEMON   : 15:56:04.712 ZOS: INFO: fsm(SIP_IVT) dlg@[131077] state <CONFIRMED> run [SAM_REQ] event ok.
04-29 15:56:05.271  1933  2058 D LEMON   : 15:56:05.271 UTPT: INFO: recv udp data(len:1013) from [2405:200:330:1581::1b:32920].
04-29 15:56:05.272  1933  2891 D LEMON   : INVITE sip:405872000010354@[2405:204:1803:1f53::251a:e0ad]:5255 SIP/2.0
04-29 15:56:05.272  1933  2891 D LEMON   : v:SIP/2.0/UDP [2405:200:330:1581::1b]:5067;branch=z9hG4bK_IMSCL1550631.000_c56207a4045505c20c7f71f12d7cee9b;lskpmc=P9J
04-29 15:56:05.272  1933  2891 D LEMON   : Record-Route:<sip:[2405:200:330:1581::1b]:5067;routing_id=pcscf_a_side;lskpmc=P9J;lr>
04-29 15:56:05.272  1933  2891 D LEMON   : l:0
04-29 15:56:05.272  1933  2891 D LEMON   : f:"+917011021641"<sip:+917011021641@ims.mnc872.mcc405.3gppnetwork.org>;tag=VU0iBUW4hc8jbe6a
04-29 15:56:05.272  1933  2891 D LEMON   : t:<sip:+917011021569@ims.mnc872.mcc405.3gppnetwork.org>;tag=321ibgx3adeoMhinod59eRC0LF
04-29 15:56:05.272  1933  2891 D LEMON   : i:219t.-J0deoMhinod59eRC0LE3@[2405:204:1803:1f53::251a:e0ad]
04-29 15:56:05.272  1933  2891 D LEMON   : CSeq:3 INVITE
04-29 15:56:05.272  1933  2891 D LEMON   : Max-Forwards:59
04-29 15:56:05.272  1933  2891 D LEMON   : x:1800;refresher=uas
04-29 15:56:05.272  1933  2891 D LEMON   : Min-SE:600
04-29 15:56:05.272  1933  2891 D LEMON   : m:<sip:405872000010425@10.56.4.19:5070;transport=TCP;yop=00.00.04111090.0000.7014>;+g.3gpp.icsi-ref="urn%%3Aurn-7%%3A3gpp-service.ims.icsi.mmtel";video;+sip.instance="<urn:gsma:imei:86740002-050413-0>"
04-29 15:56:05.272  1933  2891 D LEMON   : k:timer,tdialog
04-29 15:56:05.272  1933  2891 D LEMON   : Allow:ACK,BYE,CANCEL,INFO,INVITE,NOTIFY,OPTIONS,REFER
04-29 15:56:05.272  1933  2891 D LEMON   : Feature-Caps:*;+g.3gpp.srvcc;+g.3gpp.icsi-ref="urn%%3Aurn-7%%3A3gpp-service.ims.icsi.mmtel"
04-29 15:56:05.272  1933  2891 D LEMON   : Server:VoWIFI/WFC UA
04-29 15:56:05.272  1933  2891 D LEMON   : P-Com.Nokia.B2BUA-Involved:no
04-29 15:56:05.272  1933  2891 D LEMON   : 
04-29 15:56:05.272  1933  2891 D LEMON   : 
04-29 15:56:05.273  1933  2891 D LEMON   : 15:56:05.273 SIP: INFO: module create tmr<0x42> [TIMER G] ok.
04-29 15:56:05.273  1933  2891 D LEMON   : 15:56:05.273 SIP: INFO: module create tmr<0x43> [TIMER H] ok.
04-29 15:56:05.273  1933  2891 D LEMON   : 15:56:05.273 SIP: INFO: module create tmr<0x44> [TIMER I] ok.
04-29 15:56:05.273  1933  2891 D LEMON   : 15:56:05.273 SIP: INFO: module create tmr<0x45> [TIMER L] ok.
04-29 15:56:05.273  1933  2891 D LEMON   : 15:56:05.273 SIP: INFO: module create tmr<0x46> [TIMER C] ok.
04-29 15:56:05.273  1933  2891 D LEMON   : 15:56:05.273 SIP: INFO: trans @20008 process request <INVITE>.
04-29 15:56:05.274  1933  2891 D LEMON   : 15:56:05.274 SIP: INFO: module start tmr<0x46> [TIMER C] <200000ms> ok.
04-29 15:56:05.275  1933  2891 D LEMON   : 15:56:05.275 ZOS: INFO: fsm(SIP_IST) trans@[131080] state <IDLE> run [RECV_INVITE] event ok.
04-29 15:56:05.275  1933  2891 D LEMON   : 15:56:05.275 ZOS: INFO: fsm(SIP_IST) trans@[131080] state <IDLE> to <PROCEEDING>.
04-29 15:56:05.275  1933  2891 D LEMON   : 15:56:05.275 SIP: INFO: dlg @20005 process request <INVITE>.
04-29 15:56:05.276  1933  2891 D LEMON   : SIP/2.0 100 Trying
04-29 15:56:05.276  1933  2891 D LEMON   : To: <sip:+917011021569@ims.mnc872.mcc405.3gppnetwork.org>;tag=321ibgx3adeoMhinod59eRC0LF
04-29 15:56:05.276  1933  2891 D LEMON   : From: "+917011021641"<sip:+917011021641@ims.mnc872.mcc405.3gppnetwork.org>;tag=VU0iBUW4hc8jbe6a
04-29 15:56:05.276  1933  2891 D LEMON   : CSeq: 3 INVITE
04-29 15:56:05.276  1933  2891 D LEMON   : Call-ID: 219t.-J0deoMhinod59eRC0LE3@[2405:204:1803:1f53::251a:e0ad]
04-29 15:56:05.276  1933  2891 D LEMON   : Via: SIP/2.0/UDP [2405:200:330:1581::1b]:5067;branch=z9hG4bK_IMSCL1550631.000_c56207a4045505c20c7f71f12d7cee9b;lskpmc=P9J;received=2405:200:330:1581::1b
04-29 15:56:05.276  1933  2891 D LEMON   : Content-Length: 0
04-29 15:56:05.276  1933  2891 D LEMON   : 
04-29 15:56:05.276  1933  2891 D LEMON   : 
04-29 15:56:05.277  1933  2891 D LEMON   : 15:56:05.276 UTPT: INFO: conn[0x4] send data[467] to [2405:200:330:1581::1b:5067] ok.
04-29 15:56:05.282  1933  2056 D LEMON   : 15:56:05.280 ZOS: INFO: fsm(MTF_CALL) conn@[17] state <CONNECTED> run [SMM IND] event ok.
04-29 15:56:05.293  1933  2891 D LEMON   : 15:56:05.293 ZOS: INFO: fsm(SIP_IVT) dlg@[131077] state <CONFIRMED> run [RECV_INVITE] event ok.
04-29 15:56:05.293  1933  2891 D LEMON   : 15:56:05.293 ZOS: INFO: fsm(SIP_IVT) dlg@[131077] state <CONFIRMED> to <MODIFY IN>.
04-29 15:56:05.296  1933  2891 D LEMON   : 15:56:05.296 SIP: INFO: dlg @20005 process response <INVITE:200>.
04-29 15:56:05.301  1933  2891 D LEMON   : 15:56:05.296 SIP: INFO: module start tmr<0x2B> [TIMER SEND_2XX] <2000ms> ok.
04-29 15:56:05.301  1933  2891 D LEMON   : 15:56:05.301 SIP: INFO: module start tmr<0x2C> [TIMER STOP_2XX] <128000ms> ok.
04-29 15:56:05.301  1933  2891 D LEMON   : 15:56:05.301 ZOS: INFO: fsm(SIP_IVT) dlg@[131077] state <MODIFY IN> run [SMM_RSP] event ok.
04-29 15:56:05.301  1933  2891 D LEMON   : 15:56:05.301 ZOS: INFO: fsm(SIP_IVT) dlg@[131077] state <MODIFY IN> to <CONFIRMED>.
04-29 15:56:05.302  1933  2891 D LEMON   : 15:56:05.302 SIP: INFO: trans @20008 process response <INVITE:200>.
04-29 15:56:05.302  1933  2891 D LEMON   : 15:56:05.302 SIP: INFO: module stop tmr<0x46> [TIMER C] ok.
04-29 15:56:05.302  1933  2891 D LEMON   : SIP/2.0 200 OK
04-29 15:56:05.302  1933  2891 D LEMON   : From: "+917011021641"<sip:+917011021641@ims.mnc872.mcc405.3gppnetwork.org>;tag=VU0iBUW4hc8jbe6a
04-29 15:56:05.302  1933  2891 D LEMON   : To: <sip:+917011021569@ims.mnc872.mcc405.3gppnetwork.org>;tag=321ibgx3adeoMhinod59eRC0LF
04-29 15:56:05.302  1933  2891 D LEMON   : P-Access-Network-Info: IEEE-802.11;i-wlan-node-id=4045da1352c7
04-29 15:56:05.302  1933  2891 D LEMON   : Supported: 100rel,join,norefersub,replaces,timer
04-29 15:56:05.302  1933  2891 D LEMON   : Allow: INVITE,ACK,BYE,CANCEL,UPDATE,REGISTER,INFO,PRACK,SUBSCRIBE,NOTIFY,MESSAGE,REFER,PUBLISH
04-29 15:56:05.302  1933  2891 D LEMON   : Session-Expires: 1800;refresher=uas
04-29 15:56:05.302  1933  2891 D LEMON   : Min-SE: 600
04-29 15:56:05.302  1933  2891 D LEMON   : Require: timer
04-29 15:56:05.302  1933  2891 D LEMON   : Contact: <sip:405872000010354@[2405:204:1803:1f53::251a:e0ad]:5255>;+sip.instance="<urn:gsma:imei:86740002-050381-3>";+g.3gpp.icsi-ref="urn%%3Aurn-7%%3A3gpp-service.ims.icsi.mmtel";video
04-29 15:56:05.302  1933  2891 D LEMON   : Record-Route: <sip:[2405:200:330:1581::1b]:5067;routing_id=pcscf_a_side;lskpmc=P9J;lr>
04-29 15:56:05.302  1933  2891 D LEMON   : Call-ID: 219t.-J0deoMhinod59eRC0LE3@[2405:204:1803:1f53::251a:e0ad]
04-29 15:56:05.302  1933  2891 D LEMON   : CSeq: 3 INVITE
04-29 15:56:05.302  1933  2891 D LEMON   : Max-Forwards: 70
04-29 15:56:05.302  1933  2891 D LEMON   : Server: VoWIFI/WFC UA
04-29 15:56:05.302  1933  2891 D LEMON   : Record-Route: <sip:[2405:200:330:1581::1b]:5067;routing_id=pcscf_a_side;lskpmc=P9J;lr>
04-29 15:56:05.302  1933  2891 D LEMON   : Via: SIP/2.0/UDP [2405:200:330:1581::1b]:5067;branch=z9hG4bK_IMSCL1550631.000_c56207a4045505c20c7f71f12d7cee9b;lskpmc=P9J;received=2405:200:330:1581::1b
04-29 15:56:05.302  1933  2891 D LEMON   : Content-Type: application/sdp
04-29 15:56:05.302  1933  2891 D LEMON   : Content-Length: 301
04-29 15:56:05.302  1933  2891 D LEMON   : 
04-29 15:56:05.302  1933  2891 D LEMON   : v=0
04-29 15:56:05.302  1933  2891 D LEMON   : o=405872000010354 2688247764 2688247768 IN IP6 2405:204:1803:1f53::251a:e0ad
04-29 15:56:05.302  1933  2891 D LEMON   : s=-
04-29 15:56:05.302  1933  2891 D LEMON   : c=IN IP6 2405:204:1803:1f53::251a:e0ad
04-29 15:56:05.302  1933  2891 D LEMON   : t=0 0
04-29 15:56:05.302  1933  2891 D LEMON   : m=audio 37086 RTP/AVP 104
04-29 15:56:05.302  1933  2891 D LEMON   : a=rtpmap:104 AMR-WB/16000
04-29 15:56:05.302  1933  2891 D LEMON   : a=fmtp:104 octet-align=1;mode-change-period=2;mode-change-capability=2
04-29 15:56:05.302  1933  2891 D LEMON   : a=ptime:20
04-29 15:56:05.302  1933  2891 D LEMON   : a=maxptime:144
04-29 15:56:05.302  1933  2891 D LEMON   : a=sendonly
04-29 15:56:05.302  1933  2891 D LEMON   : 
04-29 15:56:05.304  1933  2891 D LEMON   : 15:56:05.304 UTPT: INFO: conn[0x4] send data[1476] to [2405:200:330:1581::1b:5067] ok.
04-29 15:56:05.305  1933  2891 D LEMON   : 15:56:05.305 ZOS: INFO: fsm(SIP_IST) trans@[131080] state <PROCEEDING> run [SEND_2XX] event ok.
04-29 15:56:05.305  1933  2891 D LEMON   : 15:56:05.305 ZOS: INFO: fsm(SIP_IST) trans@[131080] state <PROCEEDING> to <TERMINATED>.
04-29 15:56:05.305  1933  2891 D LEMON   : 15:56:05.305 SIP: INFO: module delete tmr<0x42> [TIMER G] ok.
04-29 15:56:05.305  1933  2891 D LEMON   : 15:56:05.305 SIP: INFO: module delete tmr<0x43> [TIMER H] ok.
04-29 15:56:05.305  1933  2891 D LEMON   : 15:56:05.305 SIP: INFO: module delete tmr<0x44> [TIMER I] ok.
04-29 15:56:05.305  1933  2891 D LEMON   : 15:56:05.305 SIP: INFO: module delete tmr<0x45> [TIMER L] ok.
04-29 15:56:05.305  1933  2891 D LEMON   : 15:56:05.305 SIP: INFO: module delete tmr<0x46> [TIMER C] ok.
04-29 15:56:05.817  1933  2058 D LEMON   : 15:56:05.817 UTPT: INFO: recv udp data(len:894) from [2405:200:330:1581::1b:32920].
04-29 15:56:05.817  1933  2891 D LEMON   : ACK sip:405872000010354@[2405:204:1803:1f53::251a:e0ad]:5255 SIP/2.0
04-29 15:56:05.817  1933  2891 D LEMON   : v:SIP/2.0/UDP [2405:200:330:1581::1b]:5067;branch=z9hG4bK_IMSCL1550631.000_e4c3f00d3b76ff647940ae0b897e1e19;lskpmc=P9J
04-29 15:56:05.817  1933  2891 D LEMON   : Record-Route:<sip:[2405:200:330:1581::1b]:5067;routing_id=pcscf_a_side;lskpmc=P9J;lr>
04-29 15:56:05.817  1933  2891 D LEMON   : l:259
04-29 15:56:05.817  1933  2891 D LEMON   : f:"+917011021641"<sip:+917011021641@ims.mnc872.mcc405.3gppnetwork.org>;tag=VU0iBUW4hc8jbe6a
04-29 15:56:05.817  1933  2891 D LEMON   : t:<sip:+917011021569@ims.mnc872.mcc405.3gppnetwork.org>;tag=321ibgx3adeoMhinod59eRC0LF
04-29 15:56:05.817  1933  2891 D LEMON   : i:219t.-J0deoMhinod59eRC0LE3@[2405:204:1803:1f53::251a:e0ad]
04-29 15:56:05.817  1933  2891 D LEMON   : CSeq:3 ACK
04-29 15:56:05.817  1933  2891 D LEMON   : Max-Forwards:59
04-29 15:56:05.817  1933  2891 D LEMON   : d:no-fork
04-29 15:56:05.817  1933  2891 D LEMON   : c:application/sdp
04-29 15:56:05.817  1933  2891 D LEMON   : Content-Disposition:session;handling=required
04-29 15:56:05.817  1933  2891 D LEMON   : 
04-29 15:56:05.817  1933  2891 D LEMON   : v=0
04-29 15:56:05.817  1933  2891 D LEMON   : o=- 0 4 IN IP6 ims.mnc872.mcc405.3gppnetwork.org
04-29 15:56:05.817  1933  2891 D LEMON   : s=media server session
04-29 15:56:05.817  1933  2891 D LEMON   : t=0 0
04-29 15:56:05.817  1933  2891 D LEMON   : m=audio 37774 RTP/AVP 104
04-29 15:56:05.817  1933  2891 D LEMON   : c=IN IP6 2405:200:330:1587::11
04-29 15:56:05.817  1933  2891 D LEMON   : a=rtpmap:104 AMR-WB/16000
04-29 15:56:05.817  1933  2891 D LEMON   : a=fmtp:104 octet-align=1; mode-change-capability=2
04-29 15:56:05.817  1933  2891 D LEMON   : a=rtcp-xr
04-29 15:56:05.817  1933  2891 D LEMON   : a=ptime:20
04-29 15:56:05.817  1933  2891 D LEMON   : a=recvonly
04-29 15:56:05.817  1933  2891 D LEMON   : 
04-29 15:56:05.819  1933  2891 D LEMON   : 15:56:05.819 SIP: INFO: dlg @20005 process request <ACK>.
04-29 15:56:05.819  1933  2891 D LEMON   : 15:56:05.819 SIP: INFO: module stop tmr<0x2B> [TIMER SEND_2XX] ok.
04-29 15:56:05.819  1933  2891 D LEMON   : 15:56:05.819 SIP: INFO: module stop tmr<0x2C> [TIMER STOP_2XX] ok.
04-29 15:56:05.825  1933  2056 D LEMON   : 15:56:05.825 ZOS: INFO: fsm(MTF_CALL) conn@[17] state <CONNECTED> run [SAM IND] event ok.
04-29 15:56:05.829  1933  2891 D LEMON   : 15:56:05.829 ZOS: INFO: fsm(SIP_IVT) dlg@[131077] state <CONFIRMED> run [RECV_ACK] event ok.
04-29 15:56:05.831  1933  1933 D LEMON   : 15:56:05.831 RSE: INFO: gui notify LeaveSessMdfyed.
04-29 15:56:11.696  1933  2891 D LEMON   : 15:56:11.696 SIP: INFO: dlg @20005 process request <INVITE>.
04-29 15:56:11.697  1933  2891 D LEMON   : 15:56:11.697 SIP: INFO: module create tmr<0x47> [TIMER A] ok.
04-29 15:56:11.697  1933  2891 D LEMON   : 15:56:11.697 SIP: INFO: module create tmr<0x48> [TIMER B] ok.
04-29 15:56:11.698  1933  2891 D LEMON   : 15:56:11.698 SIP: INFO: module create tmr<0x49> [TIMER D] ok.
04-29 15:56:11.698  1933  2891 D LEMON   : 15:56:11.698 SIP: INFO: module create tmr<0x4A> [TIMER WAIT_CONN] ok.
04-29 15:56:11.699  1933  2891 D LEMON   : 15:56:11.699 SIP: INFO: module create tmr<0x4B> [TIMER C] ok.
04-29 15:56:11.699  1933  2891 D LEMON   : 15:56:11.699 ZOS: INFO: fsm(SIP_IVT) dlg@[131077] state <CONFIRMED> run [SMM_REQ] event ok.
04-29 15:56:11.699  1933  2891 D LEMON   : 15:56:11.699 ZOS: INFO: fsm(SIP_IVT) dlg@[131077] state <CONFIRMED> to <MODIFY OUT>.
04-29 15:56:11.700  1933  2891 D LEMON   : 15:56:11.699 SIP: INFO: trans @20009 process request <INVITE>.
04-29 15:56:11.701  1933  2891 D LEMON   : INVITE sip:405872000010425@10.56.4.19:5070;transport=tcp;yop=00.00.04111090.0000.7014 SIP/2.0
04-29 15:56:11.701  1933  2891 D LEMON   : From: <sip:+917011021569@ims.mnc872.mcc405.3gppnetwork.org>;tag=321ibgx3adeoMhinod59eRC0LF
04-29 15:56:11.701  1933  2891 D LEMON   : To: "+917011021641"<sip:+917011021641@ims.mnc872.mcc405.3gppnetwork.org>;tag=VU0iBUW4hc8jbe6a
04-29 15:56:11.701  1933  2891 D LEMON   : Contact: <sip:405872000010354@[2405:204:1803:1f53::251a:e0ad]:5255>;+sip.instance="<urn:gsma:imei:86740002-050381-3>";+g.3gpp.icsi-ref="urn%%3Aurn-7%%3A3gpp-service.ims.icsi.mmtel";video
04-29 15:56:11.701  1933  2891 D LEMON   : Supported: 100rel,join,norefersub,replaces,timer,sec-agree
04-29 15:56:11.701  1933  2891 D LEMON   : Allow: INVITE,ACK,BYE,CANCEL,UPDATE,REGISTER,INFO,PRACK,SUBSCRIBE,NOTIFY,MESSAGE,REFER,PUBLISH
04-29 15:56:11.701  1933  2891 D LEMON   : Session-Expires: 1800
04-29 15:56:11.701  1933  2891 D LEMON   : Min-SE: 600
04-29 15:56:11.701  1933  2891 D LEMON   : P-Access-Network-Info: IEEE-802.11;i-wlan-node-id=4045da1352c7
04-29 15:56:11.701  1933  2891 D LEMON   : Security-Verify: ipsec-3gpp;prot=esp;alg=hmac-md5-96;ealg=aes-cbc;mod=trans;spi-c=1460503848;spi-s=1460503849;port-c=32920;port-s=5067;q=0.6
04-29 15:56:11.701  1933  2891 D LEMON   : Security-Verify: ipsec-3gpp;prot=esp;alg=hmac-md5-96;ealg=des-ede3-cbc;mod=trans;spi-c=1460503848;spi-s=1460503849;port-c=32920;port-s=5067;q=0.4
04-29 15:56:11.701  1933  2891 D LEMON   : Security-Verify: ipsec-3gpp;prot=esp;alg=hmac-md5-96;ealg=null;mod=trans;spi-c=1460503848;spi-s=1460503849;port-c=32920;port-s=5067;q=0.3
04-29 15:56:11.701  1933  2891 D LEMON   : Security-Verify: ipsec-3gpp;prot=esp;alg=hmac-sha-1-96;ealg=des-ede3-cbc;mod=trans;spi-c=1460503848;spi-s=1460503849;port-c=32920;port-s=5067;q=0.1
04-29 15:56:11.701  1933  2891 D LEMON   : Security-Verify: ipsec-3gpp;prot=esp;alg=hmac-sha-1-96;ealg=aes-cbc;mod=trans;spi-c=1460503848;spi-s=1460503849;port-c=32920;port-s=5067;q=0.2
04-29 15:56:11.701  1933  2891 D LEMON   : Security-Verify: ipsec-3gpp;prot=esp;alg=hmac-sha-1-96;ealg=null;mod=trans;spi-c=1460503848;spi-s=1460503849;port-c=32920;port-s=5067;q=0.5
04-29 15:56:11.701  1933  2891 D LEMON   : Proxy-Require: sec-agree
04-29 15:56:11.701  1933  2891 D LEMON   : Require: sec-agree
04-29 15:56:11.701  1933  2891 D LEMON   : Route: <sip:[2405:200:330:1581::1b]:5067;routing_id=pcscf_a_side;lskpmc=P9J;lr>
04-29 15:56:11.701  1933  2891 D LEMON   : Call-ID: 219t.-J0deoMhinod59eRC0LE3@[2405:204:1803:1f53::251a:e0ad]
04-29 15:56:11.701  1933  2891 D LEMON   : CSeq: 4 INVITE
04-29 15:56:11.701  1933  2891 D LEMON   : Max-Forwards: 70
04-29 15:56:11.701  1933  2891 D LEMON   : User-Agent: VoWIFI/WFC UA
04-29 15:56:11.701  1933  2891 D LEMON   : Via: SIP/2.0/UDP [2405:204:1803:1f53::251a:e0ad]:5255;branch=z9hG4bKeouhCL321oayK32aCjOQbKem59;rport
04-29 15:56:11.701  1933  2891 D LEMON   : Content-Type: application/sdp
04-29 15:56:11.701  1933  2891 D LEMON   : Content-Length: 329
04-29 15:56:11.701  1933  2891 D LEMON   : 
04-29 15:56:11.701  1933  2891 D LEMON   : v=0
04-29 15:56:11.701  1933  2891 D LEMON   : o=405872000010354 2688247764 2688247770 IN IP6 2405:204:1803:1f53::251a:e0ad
04-29 15:56:11.701  1933  2891 D LEMON   : s=-
04-29 15:56:11.701  1933  2891 D LEMON   : c=IN IP6 2405:204:1803:1f53::251a:e0ad
04-29 15:56:11.701  1933  2891 D LEMON   : t=0 0
04-29 15:56:11.701  1933  2891 D LEMON   : m=audio 37086 RTP/AVP 104 103
04-29 15:56:11.701  1933  2891 D LEMON   : a=rtpmap:104 AMR-WB/16000
04-29 15:56:11.701  1933  2891 D LEMON   : a=fmtp:104 octet-align=1
04-29 15:56:11.701  1933  2891 D LEMON   : a=rtpmap:103 AMR/8000
04-29 15:56:11.701  1933  2891 D LEMON   : a=fmtp:103 mode-set=0,1,2,3,4,5;octet-align=1
04-29 15:56:11.701  1933  2891 D LEMON   : a=ptime:20
04-29 15:56:11.701  1933  2891 D LEMON   : a=maxptime:400
04-29 15:56:11.701  1933  2891 D LEMON   : a=sendrecv
04-29 15:56:11.701  1933  2891 D LEMON   : 
04-29 15:56:11.702  1933  2891 D LEMON   : 15:56:11.702 UTPT: INFO: conn[0x4] send data[2328] to [2405:200:330:1581::1b:5067] ok.
04-29 15:56:11.702  1933  2891 D LEMON   : 15:56:11.702 SIP: INFO: module start tmr<0x47> [TIMER A] <2000ms> ok.
04-29 15:56:11.702  1933  2891 D LEMON   : 15:56:11.702 SIP: INFO: module start tmr<0x48> [TIMER B] <128000ms> ok.
04-29 15:56:11.702  1933  2891 D LEMON   : 15:56:11.702 SIP: INFO: module start tmr<0x4B> [TIMER C] <200000ms> ok.
04-29 15:56:11.703  1933  2056 D LEMON   : 15:56:11.698 ZOS: INFO: fsm(MTF_CALL) conn@[17] state <CONNECTED> run [USER UNHOLD] event ok.
04-29 15:56:11.703  1933  2056 D LEMON   : 15:56:11.703 ZOS: INFO: fsm(MTF_CALL) conn@[17] state <CONNECTED> to <MODIFYOUT>.
04-29 15:56:11.707  1933  2891 D LEMON   : 15:56:11.702 ZOS: INFO: fsm(SIP_ICT) trans@[131081] state <IDLE> run [SEND_INVITE] event ok.
04-29 15:56:11.707  1933  2891 D LEMON   : 15:56:11.707 ZOS: INFO: fsm(SIP_ICT) trans@[131081] state <IDLE> to <CALLING>.
04-29 15:56:11.901  1933  2891 D LEMON   : 15:56:11.901 SIP: INFO: core timer process trans event tmr<0x34> [TIMER K].
04-29 15:56:11.901  1933  2891 D LEMON   : 15:56:11.901 ZOS: INFO: fsm(SIP_NICT) trans@[65543] state <COMPLETED> run [TM_TK] event ok.
04-29 15:56:11.901  1933  2891 D LEMON   : 15:56:11.901 ZOS: INFO: fsm(SIP_NICT) trans@[65543] state <COMPLETED> to <TERMINATED>.
04-29 15:56:11.902  1933  2891 D LEMON   : 15:56:11.902 SIP: INFO: module delete tmr<0x32> [TIMER E] ok.
04-29 15:56:11.902  1933  2891 D LEMON   : 15:56:11.902 SIP: INFO: module delete tmr<0x33> [TIMER F] ok.
04-29 15:56:11.902  1933  2891 D LEMON   : 15:56:11.902 SIP: INFO: module delete tmr<0x34> [TIMER K] ok.
04-29 15:56:11.902  1933  2891 D LEMON   : 15:56:11.902 SIP: INFO: module delete tmr<0x35> [TIMER WAIT_CONN] ok.
04-29 15:56:11.902  1933  2891 D LEMON   : 15:56:11.902 SIP: INFO: module delete tmr<0x36> [TIMER C] ok.
04-29 15:56:11.903  1933  2891 D LEMON   : 15:56:11.903 ZOS: INFO: fsm(SIP_IVT) dlg@[131077] state <MODIFY OUT> run [TXN_TERMINATED] event ok.
04-29 15:56:12.068  1933  2058 D LEMON   : 15:56:12.068 UTPT: INFO: recv udp data(len:429) from [2405:200:330:1581::1b:32920].
04-29 15:56:12.069  1933  2891 D LEMON   : SIP/2.0 100 Trying
04-29 15:56:12.069  1933  2891 D LEMON   : f:<sip:+917011021569@ims.mnc872.mcc405.3gppnetwork.org>;tag=321ibgx3adeoMhinod59eRC0LF
04-29 15:56:12.069  1933  2891 D LEMON   : t:"+917011021641"<sip:+917011021641@ims.mnc872.mcc405.3gppnetwork.org>;tag=VU0iBUW4hc8jbe6a
04-29 15:56:12.069  1933  2891 D LEMON   : i:219t.-J0deoMhinod59eRC0LE3@[2405:204:1803:1f53::251a:e0ad]
04-29 15:56:12.069  1933  2891 D LEMON   : CSeq:4 INVITE
04-29 15:56:12.069  1933  2891 D LEMON   : v:SIP/2.0/UDP [2405:204:1803:1f53::251a:e0ad]:5255;branch=z9hG4bKeouhCL321oayK32aCjOQbKem59;rport=36862;received=2405:204:1803:1f53::251a:e0ad
04-29 15:56:12.069  1933  2891 D LEMON   : l:0
04-29 15:56:12.069  1933  2891 D LEMON   : 
04-29 15:56:12.069  1933  2891 D LEMON   : 
04-29 15:56:12.070  1933  2891 D LEMON   : 15:56:12.070 SIP: INFO: trans @20009 process response <INVITE:100>.
04-29 15:56:12.070  1933  2891 D LEMON   : 15:56:12.070 SIP: INFO: module stop tmr<0x47> [TIMER A] ok.
04-29 15:56:12.070  1933  2891 D LEMON   : 15:56:12.070 SIP: INFO: module stop tmr<0x48> [TIMER B] ok.
04-29 15:56:12.071  1933  2891 D LEMON   : 15:56:12.070 SIP: INFO: module stop tmr<0x4B> [TIMER C] ok.
04-29 15:56:12.071  1933  2891 D LEMON   : 15:56:12.071 SIP: INFO: module start tmr<0x4B> [TIMER C] <200000ms> ok.
04-29 15:56:12.071  1933  2891 D LEMON   : 15:56:12.071 ZOS: INFO: fsm(SIP_ICT) trans@[131081] state <CALLING> run [RECV_1XX] event ok.
04-29 15:56:12.071  1933  2891 D LEMON   : 15:56:12.071 ZOS: INFO: fsm(SIP_ICT) trans@[131081] state <CALLING> to <PROCEEDING>.
04-29 15:56:12.071  1933  2891 D LEMON   : 15:56:12.071 SIP: INFO: dlg @20005 process response <INVITE:100>.
04-29 15:56:12.072  1933  2891 D LEMON   : 15:56:12.072 ZOS: INFO: fsm(SIP_IVT) dlg@[131077] state <MODIFY OUT> run [RECV_1XX] event ok.
04-29 15:56:12.170  1933  2058 D LEMON   : 15:56:12.170 UTPT: INFO: recv udp data(len:1303) from [2405:200:330:1581::1b:32920].
04-29 15:56:12.171  1933  2891 D LEMON   : SIP/2.0 200 OK
04-29 15:56:12.171  1933  2891 D LEMON   : l:259
04-29 15:56:12.171  1933  2891 D LEMON   : f:<sip:+917011021569@ims.mnc872.mcc405.3gppnetwork.org>;tag=321ibgx3adeoMhinod59eRC0LF
04-29 15:56:12.171  1933  2891 D LEMON   : t:"+917011021641"<sip:+917011021641@ims.mnc872.mcc405.3gppnetwork.org>;tag=VU0iBUW4hc8jbe6a
04-29 15:56:12.171  1933  2891 D LEMON   : v:SIP/2.0/UDP [2405:204:1803:1f53::251a:e0ad]:5255;branch=z9hG4bKeouhCL321oayK32aCjOQbKem59;rport=36862;received=2405:204:1803:1f53::251a:e0ad
04-29 15:56:12.171  1933  2891 D LEMON   : i:219t.-J0deoMhinod59eRC0LE3@[2405:204:1803:1f53::251a:e0ad]
04-29 15:56:12.171  1933  2891 D LEMON   : CSeq:4 INVITE
04-29 15:56:12.171  1933  2891 D LEMON   : Record-Route:<sip:[2405:200:330:1581::1b]:5067;routing_id=pcscf_a_side;lskpmc=P9J;lr>
04-29 15:56:12.171  1933  2891 D LEMON   : x:1800;refresher=uac
04-29 15:56:12.171  1933  2891 D LEMON   : m:<sip:405872000010425@10.56.4.19:5070;transport=TCP;yop=00.00.04111090.0000.7014>;+g.3gpp.icsi-ref="urn%%3Aurn-7%%3A3gpp-service.ims.icsi.mmtel";video;+sip.instance="<urn:gsma:imei:86740002-050413-0>"
04-29 15:56:12.171  1933  2891 D LEMON   : Require:timer
04-29 15:56:12.171  1933  2891 D LEMON   : k:100rel,precondition,timer,histinfo,eventlist,norefersub,tdialog
04-29 15:56:12.171  1933  2891 D LEMON   : Allow:ACK,BYE,CANCEL,INFO,INVITE,NOTIFY,OPTIONS,PRACK,REFER,UPDATE
04-29 15:56:12.171  1933  2891 D LEMON   : Feature-Caps:*;+g.3gpp.srvcc;+g.3gpp.icsi-ref="urn%%3Aurn-7%%3A3gpp-service.ims.icsi.mmtel"
04-29 15:56:12.171  1933  2891 D LEMON   : c:application/sdp
04-29 15:56:12.171  1933  2891 D LEMON   : Content-Disposition:session;handling=required
04-29 15:56:12.171  1933  2891 D LEMON   : 
04-29 15:56:12.171  1933  2891 D LEMON   : v=0
04-29 15:56:12.171  1933  2891 D LEMON   : o=- 0 5 IN IP6 ims.mnc872.mcc405.3gppnetwork.org
04-29 15:56:12.171  1933  2891 D LEMON   : s=media server session
04-29 15:56:12.171  1933  2891 D LEMON   : t=0 0
04-29 15:56:12.171  1933  2891 D LEMON   : m=audio 37774 RTP/AVP 104
04-29 15:56:12.171  1933  2891 D LEMON   : c=IN IP6 2405:200:330:1587::11
04-29 15:56:12.171  1933  2891 D LEMON   : a=rtpmap:104 AMR-WB/16000
04-29 15:56:12.171  1933  2891 D LEMON   : a=fmtp:104 octet-align=1; mode-change-capability=2
04-29 15:56:12.171  1933  2891 D LEMON   : a=rtcp-xr
04-29 15:56:12.171  1933  2891 D LEMON   : a=ptime:20
04-29 15:56:12.171  1933  2891 D LEMON   : a=sendrecv
04-29 15:56:12.171  1933  2891 D LEMON   : 
04-29 15:56:12.172  1933  2891 D LEMON   : 15:56:12.172 SIP: INFO: trans @20009 process response <INVITE:200>.
04-29 15:56:12.172  1933  2891 D LEMON   : 15:56:12.172 SIP: INFO: module stop tmr<0x4B> [TIMER C] ok.
04-29 15:56:12.173  1933  2891 D LEMON   : 15:56:12.173 ZOS: INFO: fsm(SIP_ICT) trans@[131081] state <PROCEEDING> run [RECV_2XX] event ok.
04-29 15:56:12.173  1933  2891 D LEMON   : 15:56:12.173 ZOS: INFO: fsm(SIP_ICT) trans@[131081] state <PROCEEDING> to <TERMINATED>.
04-29 15:56:12.174  1933  2891 D LEMON   : 15:56:12.174 SIP: INFO: dlg @20005 process response <INVITE:200>.
04-29 15:56:12.174  1933  2891 D LEMON   : 15:56:12.174 SIP: INFO: module start tmr<0x2A> [TIMER WAIT_SAM] <128000ms> ok.
04-29 15:56:12.181  1933  2891 D LEMON   : 15:56:12.181 ZOS: INFO: fsm(SIP_IVT) dlg@[131077] state <MODIFY OUT> run [RECV_2XX] event ok.
04-29 15:56:12.181  1933  2891 D LEMON   : 15:56:12.181 ZOS: INFO: fsm(SIP_IVT) dlg@[131077] state <MODIFY OUT> to <CONFIRMED>.
04-29 15:56:12.182  1933  2891 D LEMON   : 15:56:12.182 SIP: INFO: module delete tmr<0x47> [TIMER A] ok.
04-29 15:56:12.182  1933  2891 D LEMON   : 15:56:12.182 SIP: INFO: module delete tmr<0x48> [TIMER B] ok.
04-29 15:56:12.182  1933  2891 D LEMON   : 15:56:12.182 SIP: INFO: module delete tmr<0x49> [TIMER D] ok.
04-29 15:56:12.182  1933  2891 D LEMON   : 15:56:12.182 SIP: INFO: module delete tmr<0x4A> [TIMER WAIT_CONN] ok.
04-29 15:56:12.183  1933  2056 D LEMON   : 15:56:12.183 ZOS: INFO: fsm(MTF_CALL) conn@[17] state <MODIFYOUT> run [SMM CNF] event ok.
04-29 15:56:12.183  1933  2056 D LEMON   : 15:56:12.183 ZOS: INFO: fsm(MTF_CALL) conn@[17] state <MODIFYOUT> to <CONNECTED>.
04-29 15:56:12.186  1933  2891 D LEMON   : 15:56:12.186 SIP: INFO: module delete tmr<0x4B> [TIMER C] ok.
04-29 15:56:12.188  1933  1933 D LEMON   : 15:56:12.188 RSE: INFO: gui notify LeaveSessUnHoldOk.
04-29 15:56:12.190  1933  2891 D LEMON   : 15:56:12.190 SIP: INFO: dlg @20005 process request <ACK>.
04-29 15:56:12.190  1933  2891 D LEMON   : ACK sip:405872000010425@10.56.4.19:5070;transport=tcp;yop=00.00.04111090.0000.7014 SIP/2.0
04-29 15:56:12.190  1933  2891 D LEMON   : From: <sip:+917011021569@ims.mnc872.mcc405.3gppnetwork.org>;tag=321ibgx3adeoMhinod59eRC0LF
04-29 15:56:12.190  1933  2891 D LEMON   : To: "+917011021641"<sip:+917011021641@ims.mnc872.mcc405.3gppnetwork.org>;tag=VU0iBUW4hc8jbe6a
04-29 15:56:12.190  1933  2891 D LEMON   : Contact: <sip:405872000010354@[2405:204:1803:1f53::251a:e0ad]:5255>;+sip.instance="<urn:gsma:imei:86740002-050381-3>";+g.3gpp.icsi-ref="urn%%3Aurn-7%%3A3gpp-service.ims.icsi.mmtel";video
04-29 15:56:12.190  1933  2891 D LEMON   : P-Access-Network-Info: IEEE-802.11;i-wlan-node-id=4045da1352c7
04-29 15:56:12.190  1933  2891 D LEMON   : Proxy-Require: sec-agree
04-29 15:56:12.190  1933  2891 D LEMON   : Require: sec-agree
04-29 15:56:12.190  1933  2891 D LEMON   : Supported: sec-agree
04-29 15:56:12.190  1933  2891 D LEMON   : Route: <sip:[2405:200:330:1581::1b]:5067;routing_id=pcscf_a_side;lskpmc=P9J;lr>
04-29 15:56:12.190  1933  2891 D LEMON   : Call-ID: 219t.-J0deoMhinod59eRC0LE3@[2405:204:1803:1f53::251a:e0ad]
04-29 15:56:12.190  1933  2891 D LEMON   : CSeq: 4 ACK
04-29 15:56:12.190  1933  2891 D LEMON   : Max-Forwards: 70
04-29 15:56:12.190  1933  2891 D LEMON   : User-Agent: VoWIFI/WFC UA
04-29 15:56:12.190  1933  2891 D LEMON   : Via: SIP/2.0/UDP [2405:204:1803:1f53::251a:e0ad]:36862;branch=z9hG4bK9eouhCM321bt.-J2aCjOQbKem5;rport
04-29 15:56:12.190  1933  2891 D LEMON   : Content-Length: 0
04-29 15:56:12.190  1933  2891 D LEMON   : 
04-29 15:56:12.190  1933  2891 D LEMON   : 
04-29 15:56:12.191  1933  2891 D LEMON   : 15:56:12.191 UTPT: INFO: conn[0x4] send data[929] to [2405:200:330:1581::1b:5067] ok.
04-29 15:56:12.191  1933  2891 D LEMON   : 15:56:12.191 SIP: INFO: module stop tmr<0x2A> [TIMER WAIT_SAM] ok.
04-29 15:56:12.191  1933  2891 D LEMON   : 15:56:12.191 ZOS: INFO: fsm(SIP_IVT) dlg@[131077] state <CONFIRMED> run [SAM_REQ] event ok.
04-29 15:56:13.182  1933  2058 D LEMON   : 15:56:13.182 UTPT: INFO: recv udp data(len:1013) from [2405:200:330:1581::1b:32920].
04-29 15:56:13.183  1933  2891 D LEMON   : INVITE sip:405872000010354@[2405:204:1803:1f53::251a:e0ad]:5255 SIP/2.0
04-29 15:56:13.183  1933  2891 D LEMON   : v:SIP/2.0/UDP [2405:200:330:1581::1b]:5067;branch=z9hG4bK_IMSCL1550631.000_bb193ba21d69b9606fad47c09608790f;lskpmc=P9J
04-29 15:56:13.183  1933  2891 D LEMON   : Record-Route:<sip:[2405:200:330:1581::1b]:5067;routing_id=pcscf_a_side;lskpmc=P9J;lr>
04-29 15:56:13.183  1933  2891 D LEMON   : l:0
04-29 15:56:13.183  1933  2891 D LEMON   : f:"+917011021641"<sip:+917011021641@ims.mnc872.mcc405.3gppnetwork.org>;tag=VU0iBUW4hc8jbe6a
04-29 15:56:13.183  1933  2891 D LEMON   : t:<sip:+917011021569@ims.mnc872.mcc405.3gppnetwork.org>;tag=321ibgx3adeoMhinod59eRC0LF
04-29 15:56:13.183  1933  2891 D LEMON   : i:219t.-J0deoMhinod59eRC0LE3@[2405:204:1803:1f53::251a:e0ad]
04-29 15:56:13.183  1933  2891 D LEMON   : CSeq:4 INVITE
04-29 15:56:13.183  1933  2891 D LEMON   : Max-Forwards:59
04-29 15:56:13.183  1933  2891 D LEMON   : x:1800;refresher=uas
04-29 15:56:13.183  1933  2891 D LEMON   : Min-SE:600
04-29 15:56:13.183  1933  2891 D LEMON   : m:<sip:405872000010425@10.56.4.19:5070;transport=TCP;yop=00.00.04111090.0000.7014>;+g.3gpp.icsi-ref="urn%%3Aurn-7%%3A3gpp-service.ims.icsi.mmtel";video;+sip.instance="<urn:gsma:imei:86740002-050413-0>"
04-29 15:56:13.183  1933  2891 D LEMON   : k:timer,tdialog
04-29 15:56:13.183  1933  2891 D LEMON   : Allow:ACK,BYE,CANCEL,INFO,INVITE,NOTIFY,OPTIONS,REFER
04-29 15:56:13.183  1933  2891 D LEMON   : Feature-Caps:*;+g.3gpp.srvcc;+g.3gpp.icsi-ref="urn%%3Aurn-7%%3A3gpp-service.ims.icsi.mmtel"
04-29 15:56:13.183  1933  2891 D LEMON   : Server:VoWIFI/WFC UA
04-29 15:56:13.183  1933  2891 D LEMON   : P-Com.Nokia.B2BUA-Involved:no
04-29 15:56:13.183  1933  2891 D LEMON   : 
04-29 15:56:13.183  1933  2891 D LEMON   : 
04-29 15:56:13.183  1933  2891 D LEMON   : 15:56:13.183 SIP: INFO: module create tmr<0x4C> [TIMER G] ok.
04-29 15:56:13.184  1933  2891 D LEMON   : 15:56:13.184 SIP: INFO: module create tmr<0x4D> [TIMER H] ok.
04-29 15:56:13.184  1933  2891 D LEMON   : 15:56:13.184 SIP: INFO: module create tmr<0x4E> [TIMER I] ok.
04-29 15:56:13.184  1933  2891 D LEMON   : 15:56:13.184 SIP: INFO: module create tmr<0x4F> [TIMER L] ok.
04-29 15:56:13.184  1933  2891 D LEMON   : 15:56:13.184 SIP: INFO: module create tmr<0x50> [TIMER C] ok.
04-29 15:56:13.184  1933  2891 D LEMON   : 15:56:13.184 SIP: INFO: trans @20007 process request <INVITE>.
04-29 15:56:13.185  1933  2891 D LEMON   : 15:56:13.184 SIP: INFO: module start tmr<0x50> [TIMER C] <200000ms> ok.
04-29 15:56:13.185  1933  2891 D LEMON   : 15:56:13.185 ZOS: INFO: fsm(SIP_IST) trans@[131079] state <IDLE> run [RECV_INVITE] event ok.
04-29 15:56:13.185  1933  2891 D LEMON   : 15:56:13.185 ZOS: INFO: fsm(SIP_IST) trans@[131079] state <IDLE> to <PROCEEDING>.
04-29 15:56:13.185  1933  2891 D LEMON   : 15:56:13.185 SIP: INFO: dlg @20005 process request <INVITE>.
04-29 15:56:13.185  1933  2891 D LEMON   : SIP/2.0 100 Trying
04-29 15:56:13.185  1933  2891 D LEMON   : To: <sip:+917011021569@ims.mnc872.mcc405.3gppnetwork.org>;tag=321ibgx3adeoMhinod59eRC0LF
04-29 15:56:13.185  1933  2891 D LEMON   : From: "+917011021641"<sip:+917011021641@ims.mnc872.mcc405.3gppnetwork.org>;tag=VU0iBUW4hc8jbe6a
04-29 15:56:13.185  1933  2891 D LEMON   : CSeq: 4 INVITE
04-29 15:56:13.185  1933  2891 D LEMON   : Call-ID: 219t.-J0deoMhinod59eRC0LE3@[2405:204:1803:1f53::251a:e0ad]
04-29 15:56:13.185  1933  2891 D LEMON   : Via: SIP/2.0/UDP [2405:200:330:1581::1b]:5067;branch=z9hG4bK_IMSCL1550631.000_bb193ba21d69b9606fad47c09608790f;lskpmc=P9J;received=2405:200:330:1581::1b
04-29 15:56:13.185  1933  2891 D LEMON   : Content-Length: 0
04-29 15:56:13.185  1933  2891 D LEMON   : 
04-29 15:56:13.185  1933  2891 D LEMON   : 
04-29 15:56:13.186  1933  2891 D LEMON   : 15:56:13.186 UTPT: INFO: conn[0x4] send data[467] to [2405:200:330:1581::1b:5067] ok.
04-29 15:56:13.190  1933  2056 D LEMON   : 15:56:13.190 ZOS: INFO: fsm(MTF_CALL) conn@[17] state <CONNECTED> run [SMM IND] event ok.
04-29 15:56:13.193  1933  2891 D LEMON   : 15:56:13.193 ZOS: INFO: fsm(SIP_IVT) dlg@[131077] state <CONFIRMED> run [RECV_INVITE] event ok.
04-29 15:56:13.193  1933  2891 D LEMON   : 15:56:13.193 ZOS: INFO: fsm(SIP_IVT) dlg@[131077] state <CONFIRMED> to <MODIFY IN>.
04-29 15:56:13.195  1933  2891 D LEMON   : 15:56:13.195 SIP: INFO: dlg @20005 process response <INVITE:200>.
04-29 15:56:13.195  1933  2891 D LEMON   : 15:56:13.195 SIP: INFO: module start tmr<0x2B> [TIMER SEND_2XX] <2000ms> ok.
04-29 15:56:13.195  1933  2891 D LEMON   : 15:56:13.195 SIP: INFO: module start tmr<0x2C> [TIMER STOP_2XX] <128000ms> ok.
04-29 15:56:13.195  1933  2891 D LEMON   : 15:56:13.195 ZOS: INFO: fsm(SIP_IVT) dlg@[131077] state <MODIFY IN> run [SMM_RSP] event ok.
04-29 15:56:13.195  1933  2891 D LEMON   : 15:56:13.195 ZOS: INFO: fsm(SIP_IVT) dlg@[131077] state <MODIFY IN> to <CONFIRMED>.
04-29 15:56:13.196  1933  2891 D LEMON   : 15:56:13.195 SIP: INFO: trans @20007 process response <INVITE:200>.
04-29 15:56:13.196  1933  2891 D LEMON   : 15:56:13.196 SIP: INFO: module stop tmr<0x50> [TIMER C] ok.
04-29 15:56:13.197  1933  2891 D LEMON   : SIP/2.0 200 OK
04-29 15:56:13.197  1933  2891 D LEMON   : From: "+917011021641"<sip:+917011021641@ims.mnc872.mcc405.3gppnetwork.org>;tag=VU0iBUW4hc8jbe6a
04-29 15:56:13.197  1933  2891 D LEMON   : To: <sip:+917011021569@ims.mnc872.mcc405.3gppnetwork.org>;tag=321ibgx3adeoMhinod59eRC0LF
04-29 15:56:13.197  1933  2891 D LEMON   : P-Access-Network-Info: IEEE-802.11;i-wlan-node-id=4045da1352c7
04-29 15:56:13.197  1933  2891 D LEMON   : Supported: 100rel,join,norefersub,replaces,timer
04-29 15:56:13.197  1933  2891 D LEMON   : Allow: INVITE,ACK,BYE,CANCEL,UPDATE,REGISTER,INFO,PRACK,SUBSCRIBE,NOTIFY,MESSAGE,REFER,PUBLISH
04-29 15:56:13.197  1933  2891 D LEMON   : Session-Expires: 1800;refresher=uas
04-29 15:56:13.197  1933  2891 D LEMON   : Min-SE: 600
04-29 15:56:13.197  1933  2891 D LEMON   : Require: timer
04-29 15:56:13.197  1933  2891 D LEMON   : Contact: <sip:405872000010354@[2405:204:1803:1f53::251a:e0ad]:5255>;+sip.instance="<urn:gsma:imei:86740002-050381-3>";+g.3gpp.icsi-ref="urn%%3Aurn-7%%3A3gpp-service.ims.icsi.mmtel";video
04-29 15:56:13.197  1933  2891 D LEMON   : Record-Route: <sip:[2405:200:330:1581::1b]:5067;routing_id=pcscf_a_side;lskpmc=P9J;lr>
04-29 15:56:13.197  1933  2891 D LEMON   : Call-ID: 219t.-J0deoMhinod59eRC0LE3@[2405:204:1803:1f53::251a:e0ad]
04-29 15:56:13.197  1933  2891 D LEMON   : CSeq: 4 INVITE
04-29 15:56:13.197  1933  2891 D LEMON   : Max-Forwards: 70
04-29 15:56:13.197  1933  2891 D LEMON   : Server: VoWIFI/WFC UA
04-29 15:56:13.197  1933  2891 D LEMON   : Record-Route: <sip:[2405:200:330:1581::1b]:5067;routing_id=pcscf_a_side;lskpmc=P9J;lr>
04-29 15:56:13.197  1933  2891 D LEMON   : Via: SIP/2.0/UDP [2405:200:330:1581::1b]:5067;branch=z9hG4bK_IMSCL1550631.000_bb193ba21d69b9606fad47c09608790f;lskpmc=P9J;received=2405:200:330:1581::1b
04-29 15:56:13.197  1933  2891 D LEMON   : Content-Type: application/sdp
04-29 15:56:13.197  1933  2891 D LEMON   : Content-Length: 301
04-29 15:56:13.197  1933  2891 D LEMON   : 
04-29 15:56:13.197  1933  2891 D LEMON   : v=0
04-29 15:56:13.197  1933  2891 D LEMON   : o=405872000010354 2688247764 2688247771 IN IP6 2405:204:1803:1f53::251a:e0ad
04-29 15:56:13.197  1933  2891 D LEMON   : s=-
04-29 15:56:13.197  1933  2891 D LEMON   : c=IN IP6 2405:204:1803:1f53::251a:e0ad
04-29 15:56:13.197  1933  2891 D LEMON   : t=0 0
04-29 15:56:13.197  1933  2891 D LEMON   : m=audio 37086 RTP/AVP 104
04-29 15:56:13.197  1933  2891 D LEMON   : a=rtpmap:104 AMR-WB/16000
04-29 15:56:13.197  1933  2891 D LEMON   : a=fmtp:104 octet-align=1;mode-change-period=2;mode-change-capability=2
04-29 15:56:13.197  1933  2891 D LEMON   : a=ptime:20
04-29 15:56:13.197  1933  2891 D LEMON   : a=maxptime:144
04-29 15:56:13.197  1933  2891 D LEMON   : a=sendrecv
04-29 15:56:13.197  1933  2891 D LEMON   : 
04-29 15:56:13.198  1933  2891 D LEMON   : 15:56:13.198 UTPT: INFO: conn[0x4] send data[1476] to [2405:200:330:1581::1b:5067] ok.
04-29 15:56:13.199  1933  2891 D LEMON   : 15:56:13.199 ZOS: INFO: fsm(SIP_IST) trans@[131079] state <PROCEEDING> run [SEND_2XX] event ok.
04-29 15:56:13.199  1933  2891 D LEMON   : 15:56:13.199 ZOS: INFO: fsm(SIP_IST) trans@[131079] state <PROCEEDING> to <TERMINATED>.
04-29 15:56:13.199  1933  2891 D LEMON   : 15:56:13.199 SIP: INFO: module delete tmr<0x4C> [TIMER G] ok.
04-29 15:56:13.199  1933  2891 D LEMON   : 15:56:13.199 SIP: INFO: module delete tmr<0x4D> [TIMER H] ok.
04-29 15:56:13.199  1933  2891 D LEMON   : 15:56:13.199 SIP: INFO: module delete tmr<0x4E> [TIMER I] ok.
04-29 15:56:13.199  1933  2891 D LEMON   : 15:56:13.199 SIP: INFO: module delete tmr<0x4F> [TIMER L] ok.
04-29 15:56:13.200  1933  2891 D LEMON   : 15:56:13.200 SIP: INFO: module delete tmr<0x50> [TIMER C] ok.
04-29 15:56:14.381  1933  2058 D LEMON   : 15:56:14.380 UTPT: INFO: recv udp data(len:916) from [2405:200:330:1581::1b:32920].
04-29 15:56:14.382  1933  2891 D LEMON   : ACK sip:405872000010354@[2405:204:1803:1f53::251a:e0ad]:5255 SIP/2.0
04-29 15:56:14.382  1933  2891 D LEMON   : v:SIP/2.0/UDP [2405:200:330:1581::1b]:5067;branch=z9hG4bK_IMSCL1550631.000_8569235d96cf1f7337fe6a17eafd0b0e;lskpmc=P9J
04-29 15:56:14.382  1933  2891 D LEMON   : Record-Route:<sip:[2405:200:330:1581::1b]:5067;routing_id=pcscf_a_side;lskpmc=P9J;lr>
04-29 15:56:14.382  1933  2891 D LEMON   : l:281
04-29 15:56:14.382  1933  2891 D LEMON   : f:"+917011021641"<sip:+917011021641@ims.mnc872.mcc405.3gppnetwork.org>;tag=VU0iBUW4hc8jbe6a
04-29 15:56:14.382  1933  2891 D LEMON   : t:<sip:+917011021569@ims.mnc872.mcc405.3gppnetwork.org>;tag=321ibgx3adeoMhinod59eRC0LF
04-29 15:56:14.382  1933  2891 D LEMON   : i:219t.-J0deoMhinod59eRC0LE3@[2405:204:1803:1f53::251a:e0ad]
04-29 15:56:14.382  1933  2891 D LEMON   : CSeq:4 ACK
04-29 15:56:14.382  1933  2891 D LEMON   : Max-Forwards:59
04-29 15:56:14.382  1933  2891 D LEMON   : d:no-fork
04-29 15:56:14.382  1933  2891 D LEMON   : c:application/sdp
04-29 15:56:14.382  1933  2891 D LEMON   : Content-Disposition:session;handling=required
04-29 15:56:14.382  1933  2891 D LEMON   : 
04-29 15:56:14.382  1933  2891 D LEMON   : v=0
04-29 15:56:14.382  1933  2891 D LEMON   : o=405872000010425 0 6 IN IP6 ims.mnc872.mcc405.3gppnetwork.org
04-29 15:56:14.382  1933  2891 D LEMON   : s=-
04-29 15:56:14.382  1933  2891 D LEMON   : c=IN IP6 2405:200:330:1587::11
04-29 15:56:14.382  1933  2891 D LEMON   : t=0 0
04-29 15:56:14.382  1933  2891 D LEMON   : m=audio 37774 RTP/AVP 104
04-29 15:56:14.382  1933  2891 D LEMON   : a=rtpmap:104 AMR-WB/16000
04-29 15:56:14.382  1933  2891 D LEMON   : a=fmtp:104 octet-align=1; mode-change-period=2; mode-change-capability=2
04-29 15:56:14.382  1933  2891 D LEMON   : a=ptime:20
04-29 15:56:14.382  1933  2891 D LEMON   : a=maxptime:144
04-29 15:56:14.382  1933  2891 D LEMON   : a=sendrecv
04-29 15:56:14.382  1933  2891 D LEMON   : 
04-29 15:56:14.386  1933  2891 D LEMON   : 15:56:14.386 SIP: INFO: dlg @20005 process request <ACK>.
04-29 15:56:14.386  1933  2891 D LEMON   : 15:56:14.386 SIP: INFO: module stop tmr<0x2B> [TIMER SEND_2XX] ok.
04-29 15:56:14.386  1933  2891 D LEMON   : 15:56:14.386 SIP: INFO: module stop tmr<0x2C> [TIMER STOP_2XX] ok.
04-29 15:56:14.391  1933  2056 D LEMON   : 15:56:14.391 ZOS: INFO: fsm(MTF_CALL) conn@[17] state <CONNECTED> run [SAM IND] event ok.
04-29 15:56:14.398  1933  2891 D LEMON   : 15:56:14.392 ZOS: INFO: fsm(SIP_IVT) dlg@[131077] state <CONFIRMED> run [RECV_ACK] event ok.
04-29 15:56:14.398  1933  1933 D LEMON   : 15:56:14.398 RSE: INFO: gui notify LeaveSessMdfyed.
04-29 15:56:49.638  1933  2056 D LEMON   : 15:56:49.638 ZOS: INFO: fsm(MTF_CALL) conn@[17] state <CONNECTED> run [USER TERMINATE] event ok.
04-29 15:56:49.638  1933  2056 D LEMON   : 15:56:49.638 ZOS: INFO: fsm(MTF_CALL) conn@[17] state <CONNECTED> to <TERMINATING>.
04-29 15:56:49.640  1933  2891 D LEMON   : 15:56:49.640 SIP: INFO: dlg @20005 process request <BYE>.
04-29 15:56:49.640  1933  2891 D LEMON   : 15:56:49.640 SIP: INFO: module create tmr<0x51> [TIMER E] ok.
04-29 15:56:49.640  1933  2891 D LEMON   : 15:56:49.640 SIP: INFO: module create tmr<0x52> [TIMER F] ok.
04-29 15:56:49.640  1933  2891 D LEMON   : 15:56:49.640 SIP: INFO: module create tmr<0x53> [TIMER K] ok.
04-29 15:56:49.641  1933  2891 D LEMON   : 15:56:49.641 SIP: INFO: module create tmr<0x54> [TIMER WAIT_CONN] ok.
04-29 15:56:49.641  1933  2891 D LEMON   : 15:56:49.641 SIP: INFO: module create tmr<0x55> [TIMER C] ok.
04-29 15:56:49.641  1933  2891 D LEMON   : 15:56:49.641 ZOS: INFO: fsm(SIP_IVT) dlg@[131077] state <CONFIRMED> run [STM_REQ] event ok.
04-29 15:56:49.641  1933  2891 D LEMON   : 15:56:49.641 ZOS: INFO: fsm(SIP_IVT) dlg@[131077] state <CONFIRMED> to <TERMINATING>.
04-29 15:56:49.641  1933  2891 D LEMON   : 15:56:49.641 SIP: INFO: trans @20008 process request <BYE>.
04-29 15:56:49.642  1933  2891 D LEMON   : BYE sip:405872000010425@10.56.4.19:5070;transport=tcp;yop=00.00.04111090.0000.7014 SIP/2.0
04-29 15:56:49.642  1933  2891 D LEMON   : From: <sip:+917011021569@ims.mnc872.mcc405.3gppnetwork.org>;tag=321ibgx3adeoMhinod59eRC0LF
04-29 15:56:49.642  1933  2891 D LEMON   : To: "+917011021641"<sip:+917011021641@ims.mnc872.mcc405.3gppnetwork.org>;tag=VU0iBUW4hc8jbe6a
04-29 15:56:49.642  1933  2891 D LEMON   : P-Access-Network-Info: IEEE-802.11;i-wlan-node-id=4045da1352c7
04-29 15:56:49.642  1933  2891 D LEMON   : Security-Verify: ipsec-3gpp;prot=esp;alg=hmac-md5-96;ealg=aes-cbc;mod=trans;spi-c=1460503848;spi-s=1460503849;port-c=32920;port-s=5067;q=0.6
04-29 15:56:49.642  1933  2891 D LEMON   : Security-Verify: ipsec-3gpp;prot=esp;alg=hmac-md5-96;ealg=des-ede3-cbc;mod=trans;spi-c=1460503848;spi-s=1460503849;port-c=32920;port-s=5067;q=0.4
04-29 15:56:49.642  1933  2891 D LEMON   : Security-Verify: ipsec-3gpp;prot=esp;alg=hmac-md5-96;ealg=null;mod=trans;spi-c=1460503848;spi-s=1460503849;port-c=32920;port-s=5067;q=0.3
04-29 15:56:49.642  1933  2891 D LEMON   : Security-Verify: ipsec-3gpp;prot=esp;alg=hmac-sha-1-96;ealg=des-ede3-cbc;mod=trans;spi-c=1460503848;spi-s=1460503849;port-c=32920;port-s=5067;q=0.1
04-29 15:56:49.642  1933  2891 D LEMON   : Security-Verify: ipsec-3gpp;prot=esp;alg=hmac-sha-1-96;ealg=aes-cbc;mod=trans;spi-c=1460503848;spi-s=1460503849;port-c=32920;port-s=5067;q=0.2
04-29 15:56:49.642  1933  2891 D LEMON   : Security-Verify: ipsec-3gpp;prot=esp;alg=hmac-sha-1-96;ealg=null;mod=trans;spi-c=1460503848;spi-s=1460503849;port-c=32920;port-s=5067;q=0.5
04-29 15:56:49.642  1933  2891 D LEMON   : Proxy-Require: sec-agree
04-29 15:56:49.642  1933  2891 D LEMON   : Require: sec-agree
04-29 15:56:49.642  1933  2891 D LEMON   : Supported: sec-agree
04-29 15:56:49.642  1933  2891 D LEMON   : Route: <sip:[2405:200:330:1581::1b]:5067;routing_id=pcscf_a_side;lskpmc=P9J;lr>
04-29 15:56:49.642  1933  2891 D LEMON   : Call-ID: 219t.-J0deoMhinod59eRC0LE3@[2405:204:1803:1f53::251a:e0ad]
04-29 15:56:49.642  1933  2891 D LEMON   : CSeq: 5 BYE
04-29 15:56:49.642  1933  2891 D LEMON   : Max-Forwards: 70
04-29 15:56:49.642  1933  2891 D LEMON   : User-Agent: VoWIFI/WFC UA
04-29 15:56:49.642  1933  2891 D LEMON   : Via: SIP/2.0/UDP [2405:204:1803:1f53::251a:e0ad]:5255;branch=z9hG4bK59eouhCN321payK32aCjOQbKem;rport
04-29 15:56:49.642  1933  2891 D LEMON   : Content-Length: 0
04-29 15:56:49.642  1933  2891 D LEMON   : 
04-29 15:56:49.642  1933  2891 D LEMON   : 
04-29 15:56:49.643  1933  2891 D LEMON   : 15:56:49.643 UTPT: INFO: conn[0x4] send data[1604] to [2405:200:330:1581::1b:5067] ok.
04-29 15:56:49.643  1933  2891 D LEMON   : 15:56:49.643 SIP: INFO: module start tmr<0x51> [TIMER E] <2000ms> ok.
04-29 15:56:49.644  1933  2891 D LEMON   : 15:56:49.644 SIP: INFO: module start tmr<0x52> [TIMER F] <128000ms> ok.
04-29 15:56:49.644  1933  2891 D LEMON   : 15:56:49.644 ZOS: INFO: fsm(SIP_NICT) trans@[131080] state <IDLE> run [SEND_NONINVITE] event ok.
04-29 15:56:49.644  1933  2891 D LEMON   : 15:56:49.644 ZOS: INFO: fsm(SIP_NICT) trans@[131080] state <IDLE> to <TRYING>.
04-29 15:56:49.653  1933  1933 D LEMON   : 15:56:49.653 RSE: INFO: gui notify LeaveSessTerming.
04-29 15:56:50.778  1933  2058 D LEMON   : 15:56:50.778 UTPT: INFO: recv udp data(len:685) from [2405:200:330:1581::1b:32920].
04-29 15:56:50.780  1933  2891 D LEMON   : BYE sip:405872000010354@[2405:204:1803:1f53::251a:e0ad]:5255 SIP/2.0
04-29 15:56:50.780  1933  2891 D LEMON   : v:SIP/2.0/UDP [2405:200:330:1581::1b]:5067;branch=z9hG4bK_IMSCL1550631.000_fa7053872c506bd6d1f4e097bac886ba;lskpmc=P9J
04-29 15:56:50.780  1933  2891 D LEMON   : Record-Route:<sip:[2405:200:330:1581::1b]:5067;routing_id=pcscf_a_side;lskpmc=P9J;lr>
04-29 15:56:50.780  1933  2891 D LEMON   : l:0
04-29 15:56:50.780  1933  2891 D LEMON   : f:"+917011021641"<sip:+917011021641@ims.mnc872.mcc405.3gppnetwork.org>;tag=VU0iBUW4hc8jbe6a
04-29 15:56:50.780  1933  2891 D LEMON   : t:<sip:+917011021569@ims.mnc872.mcc405.3gppnetwork.org>;tag=321ibgx3adeoMhinod59eRC0LF
