04-17 23:34:30.912  1681  2968 D LEMON   : To: <sip:+917011021641@ims.mnc872.mcc405.3gppnetwork.org;user=phone>;tag=a01UdedjZABbZbdW
04-17 23:34:30.912  1681  2968 D LEMON   : Contact: <sip:405872000010353@100.80.131.52:5503>;+sip.instance="<urn:gsma:imei:86740002-050381-3>";+g.3gpp.icsi-ref="urn%%3Aurn-7%%3A3gpp-service.ims.icsi.mmtel";video
04-17 23:34:30.912  1681  2968 D LEMON   : Proxy-Require: sec-agree
04-17 23:34:30.912  1681  2968 D LEMON   : Require: sec-agree
04-17 23:34:30.912  1681  2968 D LEMON   : Supported: sec-agree
04-17 23:34:30.912  1681  2968 D LEMON   : Route: <sip:10.56.5.85:5067;routing_id=pcscf_b_side;lskpmc=P97;lr>,<sip:dl1scfx0202mw.ims.mnc872.mcc405.3gppnetwork.org:5090;lr;interface=isc;lskpmc=S97;reg-id=971460903928823043;routing_id=7f4f5015b98f93c74be1a801e380a188>,<sip:AAQACE71wAAD/AAAAuAAAfYUK@10.56.4.26:5070;yop=00.00.73162006.0000.7013;lr>
04-17 23:34:30.912  1681  2968 D LEMON   : Call-ID: CAAF438FE7D8F8B0D054DD5B@1370ffffffff
04-17 23:34:30.912  1681  2968 D LEMON   : CSeq: 2 ACK
04-17 23:34:30.912  1681  2968 D LEMON   : Max-Forwards: 70
04-17 23:34:30.912  1681  2968 D LEMON   : User-Agent: VoWIFI/WFC UA
04-17 23:34:30.912  1681  2968 D LEMON   : Via: SIP/2.0/UDP 100.80.131.52:5503;branch=z9hG4bKtaI321ftijG3dmhVa0_PBF6e2A;rport
04-17 23:34:30.912  1681  2968 D LEMON   : Content-Length: 0
04-17 23:34:30.912  1681  2968 D LEMON   : 
04-17 23:34:30.912  1681  2968 D LEMON   : 
04-17 23:34:30.913  1681  2968 D LEMON   : 23:34:30.913 UTPT: INFO: conn[0x4] send data[1024] to [10.56.5.85:5067] ok.
04-17 23:34:30.913  1681  2968 D LEMON   : 23:34:30.913 SIP: INFO: module stop tmr<0x29> [TIMER WAIT_SAM] ok.
04-17 23:34:30.913  1681  2968 D LEMON   : 23:34:30.913 ZOS: INFO: fsm(SIP_IVT) dlg@[131077] state <CONFIRMED> run [SAM_REQ] event ok.
04-17 23:34:30.914  1681  1681 D LEMON   : 23:34:30.914 RSE: INFO: gui notify LeaveSessUnHoldOk.
04-17 23:34:31.119  1681  1833 D LEMON   : 23:34:31.119 UTPT: INFO: recv udp data(len:1682) from [10.56.5.85:32920].
04-17 23:34:31.120  1681  2968 D LEMON   : SIP/2.0 200 OK
04-17 23:34:31.120  1681  2968 D LEMON   : l:489
04-17 23:34:31.120  1681  2968 D LEMON   : f:<sip:+917011021568@ims.mnc872.mcc405.3gppnetwork.org;user=phone>;tag=219tijG1c0EL7JRoKE6ePn_LE3
04-17 23:34:31.120  1681  2968 D LEMON   : t:<sip:+917011021641@ims.mnc872.mcc405.3gppnetwork.org;user=phone>;tag=a01UdedjZABbZbdW
04-17 23:34:31.120  1681  2968 D LEMON   : v:SIP/2.0/UDP 100.80.131.52:5503;branch=z9hG4bKaH321ovyvatdmhVa0_PBF6e2At;rport=33245;received=100.80.131.52
04-17 23:34:31.120  1681  2968 D LEMON   : i:CAAF438FE7D8F8B0D054DD5B@1370ffffffff
04-17 23:34:31.120  1681  2968 D LEMON   : CSeq:2 INVITE
04-17 23:34:31.120  1681  2968 D LEMON   : Record-Route:<sip:AAQACE71wAAD/AAAAuAAAfYUK@10.56.4.26:5070;yop=00.00.73162006.0000.7013;lr>,<sip:dl1scfx0202mw.ims.mnc872.mcc405.3gppnetwork.org:5090;lr;interface=isc;lskpmc=S97;reg-id=971460903928823043;routing_id=7f4f5015b98f93c74be1a801e380a188>,<sip:10.56.5.85:5067;routing_id=pcscf_b_side;lskpmc=P97;lr>
04-17 23:34:31.120  1681  2968 D LEMON   : x:1800;refresher=uas
04-17 23:34:31.120  1681  2968 D LEMON   : m:<sip:405872000010425@10.56.4.26:5070;yop=00.00.73162006.0000.7013>;+g.3gpp.icsi-ref="urn%%3Aurn-7%%3A3gpp-service.ims.icsi.mmtel";video;+sip.instance="<urn:gsma:imei:86740002-050413-0>"
04-17 23:34:31.120  1681  2968 D LEMON   : Require:timer
04-17 23:34:31.120  1681  2968 D LEMON   : k:100rel,timer,histinfo,eventlist,norefersub,tdialog
04-17 23:34:31.120  1681  2968 D LEMON   : Allow:ACK,BYE,CANCEL,INFO,INVITE,NOTIFY,OPTIONS,PRACK,REFER,UPDATE
04-17 23:34:31.120  1681  2968 D LEMON   : Feature-Caps:*;+g.3gpp.srvcc;+g.3gpp.icsi-ref="urn%%3Aurn-7%%3A3gpp-service.ims.icsi.mmtel"
04-17 23:34:31.120  1681  2968 D LEMON   : c:application/sdp
04-17 23:34:31.120  1681  2968 D LEMON   : Content-Disposition:session;handling=required
04-17 23:34:31.120  1681  2968 D LEMON   : 
04-17 23:34:31.120  1681  2968 D LEMON   : v=0
04-17 23:34:31.120  1681  2968 D LEMON   : o=- 0 8 IN IP4 ims.mnc872.mcc405.3gppnetwork.org
04-17 23:34:31.120  1681  2968 D LEMON   : s=media server session
04-17 23:34:31.120  1681  2968 D LEMON   : t=0 0
04-17 23:34:31.120  1681  2968 D LEMON   : m=audio 50792 RTP/AVP 104
04-17 23:34:31.120  1681  2968 D LEMON   : c=IN IP4 10.56.5.5
04-17 23:34:31.120  1681  2968 D LEMON   : a=rtpmap:104 AMR-WB/16000
04-17 23:34:31.120  1681  2968 D LEMON   : a=fmtp:104 octet-align=1; mode-change-capability=2
04-17 23:34:31.120  1681  2968 D LEMON   : a=rtcp-xr
04-17 23:34:31.120  1681  2968 D LEMON   : a=ptime:20
04-17 23:34:31.120  1681  2968 D LEMON   : a=sendrecv
04-17 23:34:31.120  1681  2968 D LEMON   : m=video 50968 RTP/AVPF 121
04-17 23:34:31.120  1681  2968 D LEMON   : c=IN IP4 10.56.5.5
04-17 23:34:31.120  1681  2968 D LEMON   : b=AS:384
04-17 23:34:31.120  1681  2968 D LEMON   : a=rtpmap:121 H264/90000
04-17 23:34:31.120  1681  2968 D LEMON   : a=fmtp:121 profile-level-id=42800C; packetization-mode=1; parameter-add=0
04-17 23:34:31.120  1681  2968 D LEMON   : a=rtcp-fb:121 nack pli
04-17 23:34:31.120  1681  2968 D LEMON   : a=rtcp-fb:121 ccm fir
04-17 23:34:31.120  1681  2968 D LEMON   : a=rtcp-fb:121 ccm tmmbr
04-17 23:34:31.120  1681  2968 D LEMON   : a=sendrecv
04-17 23:34:31.120  1681  2968 D LEMON   : 
04-17 23:34:31.121  1681  2968 D LEMON   : 23:34:31.121 SIP: INFO: dlg @20005 process response <INVITE:200>.
04-17 23:34:31.121  1681  2968 D LEMON   : ACK sip:405872000010425@10.56.4.26:5070;yop=00.00.73162006.0000.7013 SIP/2.0
04-17 23:34:31.121  1681  2968 D LEMON   : From: <sip:+917011021568@ims.mnc872.mcc405.3gppnetwork.org;user=phone>;tag=219tijG1c0EL7JRoKE6ePn_LE3
04-17 23:34:31.121  1681  2968 D LEMON   : To: <sip:+917011021641@ims.mnc872.mcc405.3gppnetwork.org;user=phone>;tag=a01UdedjZABbZbdW
04-17 23:34:31.121  1681  2968 D LEMON   : Contact: <sip:405872000010353@100.80.131.52:5503>;+sip.instance="<urn:gsma:imei:86740002-050381-3>";+g.3gpp.icsi-ref="urn%%3Aurn-7%%3A3gpp-service.ims.icsi.mmtel";video
04-17 23:34:31.121  1681  2968 D LEMON   : Proxy-Require: sec-agree
04-17 23:34:31.121  1681  2968 D LEMON   : Require: sec-agree
04-17 23:34:31.121  1681  2968 D LEMON   : Supported: sec-agree
04-17 23:34:31.121  1681  2968 D LEMON   : Route: <sip:10.56.5.85:5067;routing_id=pcscf_b_side;lskpmc=P97;lr>,<sip:dl1scfx0202mw.ims.mnc872.mcc405.3gppnetwork.org:5090;lr;interface=isc;lskpmc=S97;reg-id=971460903928823043;routing_id=7f4f5015b98f93c74be1a801e380a188>,<sip:AAQACE71wAAD/AAAAuAAAfYUK@10.56.4.26:5070;yop=00.00.73162006.0000.7013;lr>
04-17 23:34:31.121  1681  2968 D LEMON   : Call-ID: CAAF438FE7D8F8B0D054DD5B@1370ffffffff
04-17 23:34:31.121  1681  2968 D LEMON   : CSeq: 2 ACK
04-17 23:34:31.121  1681  2968 D LEMON   : Max-Forwards: 70
04-17 23:34:31.121  1681  2968 D LEMON   : User-Agent: VoWIFI/WFC UA
04-17 23:34:31.121  1681  2968 D LEMON   : Via: SIP/2.0/UDP 100.80.131.52:5503;branch=z9hG4bKtaI321ftijG3dmhVa0_PBF6e2A;rport
04-17 23:34:31.121  1681  2968 D LEMON   : Content-Length: 0
04-17 23:34:31.121  1681  2968 D LEMON   : 
04-17 23:34:31.121  1681  2968 D LEMON   : 
04-17 23:34:31.122  1681  2968 D LEMON   : 23:34:31.122 UTPT: INFO: conn[0x4] send data[1024] to [10.56.5.85:5067] ok.
04-17 23:34:31.122  1681  2968 D LEMON   : 23:34:31.122 ZOS: INFO: fsm(SIP_IVT) dlg@[131077] state <CONFIRMED> run [RECV_2XX] event ok.
04-17 23:34:31.536  1681  1833 D LEMON   : 23:34:31.536 UTPT: INFO: recv udp data(len:1378) from [10.56.5.85:32920].
04-17 23:34:31.539  1681  2968 D LEMON   : INVITE sip:405872000010353@100.80.131.52:5503 SIP/2.0
04-17 23:34:31.539  1681  2968 D LEMON   : v:SIP/2.0/UDP 10.56.5.85:5067;branch=z9hG4bK_IMSCL1550631.000_57dcc48ff383749d6f52dfa7c4036df2;lskpmc=P97
04-17 23:34:31.539  1681  2968 D LEMON   : Record-Route:<sip:10.56.5.85:5067;routing_id=pcscf_b_side;lskpmc=P97;lr>
04-17 23:34:31.539  1681  2968 D LEMON   : v:SIP/2.0/TCP 10.56.0.37:5090;branch=z9hG4bK_IMSCL1550631.000_20ae06bd414e923644d841c6cd0540e6;lskpmc=S97
04-17 23:34:31.539  1681  2968 D LEMON   : l:0
04-17 23:34:31.539  1681  2968 D LEMON   : f:<sip:+917011021641@ims.mnc872.mcc405.3gppnetwork.org;user=phone>;tag=a01UdedjZABbZbdW
04-17 23:34:31.539  1681  2968 D LEMON   : t:<sip:+917011021568@ims.mnc872.mcc405.3gppnetwork.org;user=phone>;tag=219tijG1c0EL7JRoKE6ePn_LE3
04-17 23:34:31.539  1681  2968 D LEMON   : v:SIP/2.0/TCP 10.56.4.26:5070;branch=z9hG4bKaC1Abbc6bCCXDWW5;yop=00.00.73162006.0000.7013
04-17 23:34:31.539  1681  2968 D LEMON   : i:CAAF438FE7D8F8B0D054DD5B@1370ffffffff
04-17 23:34:31.539  1681  2968 D LEMON   : CSeq:9 INVITE
04-17 23:34:31.539  1681  2968 D LEMON   : Max-Forwards:62
04-17 23:34:31.539  1681  2968 D LEMON   : Record-Route:<sip:dl1scfx0202mw.ims.mnc872.mcc405.3gppnetwork.org:5090;lr;interface=isc;lskpmc=S97;routing_id=7f4f5015b98f93c74be1a801e380a188>
04-17 23:34:31.539  1681  2968 D LEMON   : Record-Route:<sip:AAQACE71wAAD/AAAAuAAAfYUK@10.56.4.26:5070;yop=00.00.73162006.0000.7013;lr>
04-17 23:34:31.539  1681  2968 D LEMON   : x:1800;refresher=uac
04-17 23:34:31.539  1681  2968 D LEMON   : Min-SE:600
04-17 23:34:31.539  1681  2968 D LEMON   : m:<sip:405872000010425@10.56.4.26:5070;yop=00.00.73162006.0000.7013>;+g.3gpp.icsi-ref="urn%%3Aurn-7%%3A3gpp-service.ims.icsi.mmtel";video;+sip.instance="<urn:gsma:imei:86740002-050413-0>"
04-17 23:34:31.539  1681  2968 D LEMON   : k:timer,tdialog
04-17 23:34:31.539  1681  2968 D LEMON   : Allow:ACK,BYE,CANCEL,INFO,INVITE,NOTIFY,OPTIONS,REFER
04-17 23:34:31.539  1681  2968 D LEMON   : Feature-Caps:*;+g.3gpp.srvcc;+g.3gpp.icsi-ref="urn%%3Aurn-7%%3A3gpp-service.ims.icsi.mmtel"
04-17 23:34:31.539  1681  2968 D LEMON   : Server:VoWIFI/WFC UA
04-17 23:34:31.539  1681  2968 D LEMON   : P-Com.Nokia.B2BUA-Involved:no
04-17 23:34:31.539  1681  2968 D LEMON   : 
04-17 23:34:31.539  1681  2968 D LEMON   : 
04-17 23:34:31.540  1681  2968 D LEMON   : 23:34:31.540 SIP: INFO: module create tmr<0x66> [TIMER G] ok.
04-17 23:34:31.541  1681  2968 D LEMON   : 23:34:31.541 SIP: INFO: module create tmr<0x67> [TIMER H] ok.
04-17 23:34:31.541  1681  2968 D LEMON   : 23:34:31.541 SIP: INFO: module create tmr<0x68> [TIMER I] ok.
04-17 23:34:31.541  1681  2968 D LEMON   : 23:34:31.541 SIP: INFO: module create tmr<0x69> [TIMER L] ok.
04-17 23:34:31.541  1681  2968 D LEMON   : 23:34:31.541 SIP: INFO: module create tmr<0x6A> [TIMER C] ok.
04-17 23:34:31.542  1681  2968 D LEMON   : 23:34:31.542 SIP: INFO: trans @10006 process request <INVITE>.
04-17 23:34:31.542  1681  2968 D LEMON   : 23:34:31.542 SIP: INFO: module start tmr<0x6A> [TIMER C] <200000ms> ok.
04-17 23:34:31.542  1681  2968 D LEMON   : 23:34:31.542 ZOS: INFO: fsm(SIP_IST) trans@[65542] state <IDLE> run [RECV_INVITE] event ok.
04-17 23:34:31.542  1681  2968 D LEMON   : 23:34:31.542 ZOS: INFO: fsm(SIP_IST) trans@[65542] state <IDLE> to <PROCEEDING>.
04-17 23:34:31.542  1681  2968 D LEMON   : 23:34:31.542 SIP: INFO: dlg @20005 process request <INVITE>.
04-17 23:34:31.544  1681  2968 D LEMON   : SIP/2.0 100 Trying
04-17 23:34:31.544  1681  2968 D LEMON   : To: <sip:+917011021568@ims.mnc872.mcc405.3gppnetwork.org;user=phone>;tag=219tijG1c0EL7JRoKE6ePn_LE3
04-17 23:34:31.544  1681  2968 D LEMON   : From: <sip:+917011021641@ims.mnc872.mcc405.3gppnetwork.org;user=phone>;tag=a01UdedjZABbZbdW
04-17 23:34:31.544  1681  2968 D LEMON   : CSeq: 9 INVITE
04-17 23:34:31.544  1681  2968 D LEMON   : Call-ID: CAAF438FE7D8F8B0D054DD5B@1370ffffffff
04-17 23:34:31.544  1681  2968 D LEMON   : Via: SIP/2.0/UDP 10.56.5.85:5067;branch=z9hG4bK_IMSCL1550631.000_57dcc48ff383749d6f52dfa7c4036df2;lskpmc=P97;received=10.56.5.85
04-17 23:34:31.544  1681  2968 D LEMON   : Via: SIP/2.0/TCP 10.56.0.37:5090;branch=z9hG4bK_IMSCL1550631.000_20ae06bd414e923644d841c6cd0540e6;lskpmc=S97
04-17 23:34:31.544  1681  2968 D LEMON   : Via: SIP/2.0/TCP 10.56.4.26:5070;branch=z9hG4bKaC1Abbc6bCCXDWW5;yop=00.00.73162006.0000.7013
04-17 23:34:31.544  1681  2968 D LEMON   : Content-Length: 0
04-17 23:34:31.544  1681  2968 D LEMON   : 
04-17 23:34:31.544  1681  2968 D LEMON   : 
04-17 23:34:31.545  1681  2968 D LEMON   : 23:34:31.545 UTPT: INFO: conn[0x4] send data[633] to [10.56.5.85:5067] ok.
04-17 23:34:31.551  1681  1826 D LEMON   : 23:34:31.551 ZOS: INFO: fsm(MTF_CALL) conn@[17] state <CONNECTED> run [SMM IND] event ok.
04-17 23:34:31.554  1681  2968 D LEMON   : 23:34:31.554 ZOS: INFO: fsm(SIP_IVT) dlg@[131077] state <CONFIRMED> run [RECV_INVITE] event ok.
04-17 23:34:31.554  1681  2968 D LEMON   : 23:34:31.554 ZOS: INFO: fsm(SIP_IVT) dlg@[131077] state <CONFIRMED> to <MODIFY IN>.
04-17 23:34:31.556  1681  2968 D LEMON   : 23:34:31.556 SIP: INFO: dlg @20005 process response <INVITE:200>.
04-17 23:34:31.556  1681  2968 D LEMON   : 23:34:31.556 SIP: INFO: module start tmr<0x2A> [TIMER SEND_2XX] <2000ms> ok.
04-17 23:34:31.556  1681  2968 D LEMON   : 23:34:31.556 SIP: INFO: module start tmr<0x2B> [TIMER STOP_2XX] <128000ms> ok.
04-17 23:34:31.556  1681  2968 D LEMON   : 23:34:31.556 ZOS: INFO: fsm(SIP_IVT) dlg@[131077] state <MODIFY IN> run [SMM_RSP] event ok.
04-17 23:34:31.556  1681  2968 D LEMON   : 23:34:31.556 ZOS: INFO: fsm(SIP_IVT) dlg@[131077] state <MODIFY IN> to <CONFIRMED>.
04-17 23:34:31.557  1681  2968 D LEMON   : 23:34:31.557 SIP: INFO: trans @10006 process response <INVITE:200>.
04-17 23:34:31.557  1681  2968 D LEMON   : 23:34:31.557 SIP: INFO: module stop tmr<0x6A> [TIMER C] ok.
04-17 23:34:31.559  1681  2968 D LEMON   : SIP/2.0 200 OK
04-17 23:34:31.559  1681  2968 D LEMON   : From: <sip:+917011021641@ims.mnc872.mcc405.3gppnetwork.org;user=phone>;tag=a01UdedjZABbZbdW
04-17 23:34:31.559  1681  2968 D LEMON   : To: <sip:+917011021568@ims.mnc872.mcc405.3gppnetwork.org;user=phone>;tag=219tijG1c0EL7JRoKE6ePn_LE3
04-17 23:34:31.559  1681  2968 D LEMON   : Supported: 100rel,join,norefersub,replaces,timer
04-17 23:34:31.559  1681  2968 D LEMON   : Allow: INVITE,ACK,BYE,CANCEL,UPDATE,REGISTER,INFO,PRACK,SUBSCRIBE,NOTIFY,MESSAGE,REFER,PUBLISH
04-17 23:34:31.559  1681  2968 D LEMON   : Session-Expires: 1800;refresher=uac
04-17 23:34:31.559  1681  2968 D LEMON   : Min-SE: 600
04-17 23:34:31.559  1681  2968 D LEMON   : Require: timer
04-17 23:34:31.559  1681  2968 D LEMON   : Contact: <sip:405872000010353@100.80.131.52:5503>;+sip.instance="<urn:gsma:imei:86740002-050381-3>";+g.3gpp.icsi-ref="urn%%3Aurn-7%%3A3gpp-service.ims.icsi.mmtel";video
04-17 23:34:31.559  1681  2968 D LEMON   : Record-Route: <sip:10.56.5.85:5067;routing_id=pcscf_b_side;lskpmc=P97;lr>
04-17 23:34:31.559  1681  2968 D LEMON   : Record-Route: <sip:dl1scfx0202mw.ims.mnc872.mcc405.3gppnetwork.org:5090;lr;interface=isc;lskpmc=S97;reg-id=971460903928823043;routing_id=7f4f5015b98f93c74be1a801e380a188>
04-17 23:34:31.559  1681  2968 D LEMON   : Record-Route: <sip:AAQACE71wAAD/AAAAuAAAfYUK@10.56.4.26:5070;yop=00.00.73162006.0000.7013;lr>
04-17 23:34:31.559  1681  2968 D LEMON   : Call-ID: CAAF438FE7D8F8B0D054DD5B@1370ffffffff
04-17 23:34:31.559  1681  2968 D LEMON   : CSeq: 9 INVITE
04-17 23:34:31.559  1681  2968 D LEMON   : Max-Forwards: 70
04-17 23:34:31.559  1681  2968 D LEMON   : Server: VoWIFI/WFC UA
04-17 23:34:31.559  1681  2968 D LEMON   : Record-Route: <sip:10.56.5.85:5067;routing_id=pcscf_b_side;lskpmc=P97;lr>
04-17 23:34:31.559  1681  2968 D LEMON   : Record-Route: <sip:dl1scfx0202mw.ims.mnc872.mcc405.3gppnetwork.org:5090;lr;interface=isc;lskpmc=S97;reg-id=971460903928823043;routing_id=7f4f5015b98f93c74be1a801e380a188>
04-17 23:34:31.559  1681  2968 D LEMON   : Record-Route: <sip:AAQACE71wAAD/AAAAuAAAfYUK@10.56.4.26:5070;yop=00.00.73162006.0000.7013;lr>
04-17 23:34:31.559  1681  2968 D LEMON   : Via: SIP/2.0/UDP 10.56.5.85:5067;branch=z9hG4bK_IMSCL1550631.000_57dcc48ff383749d6f52dfa7c4036df2;lskpmc=P97;received=10.56.5.85
04-17 23:34:31.559  1681  2968 D LEMON   : Via: SIP/2.0/TCP 10.56.0.37:5090;branch=z9hG4bK_IMSCL1550631.000_20ae06bd414e923644d841c6cd0540e6;lskpmc=S97
04-17 23:34:31.559  1681  2968 D LEMON   : Via: SIP/2.0/TCP 10.56.4.26:5070;branch=z9hG4bKaC1Abbc6bCCXDWW5;yop=00.00.73162006.0000.7013
04-17 23:34:31.559  1681  2968 D LEMON   : Content-Type: application/sdp
04-17 23:34:31.559  1681  2968 D LEMON   : Content-Length: 536
04-17 23:34:31.559  1681  2968 D LEMON   : 
04-17 23:34:31.559  1681  2968 D LEMON   : v=0
04-17 23:34:31.559  1681  2968 D LEMON   : o=405872000010353 4258686320 4258686331 IN IP4 100.80.131.52
04-17 23:34:31.559  1681  2968 D LEMON   : s=-
04-17 23:34:31.559  1681  2968 D LEMON   : c=IN IP4 100.80.131.52
04-17 23:34:31.559  1681  2968 D LEMON   : t=0 0
04-17 23:34:31.559  1681  2968 D LEMON   : m=audio 37090 RTP/AVP 104
04-17 23:34:31.559  1681  2968 D LEMON   : a=rtpmap:104 AMR-WB/16000
04-17 23:34:31.559  1681  2968 D LEMON   : a=fmtp:104 octet-align=1;mode-change-period=2;mode-change-capability=2
04-17 23:34:31.559  1681  2968 D LEMON   : a=ptime:20
04-17 23:34:31.559  1681  2968 D LEMON   : a=maxptime:144
04-17 23:34:31.559  1681  2968 D LEMON   : a=sendrecv
04-17 23:34:31.559  1681  2968 D LEMON   : m=video 37184 RTP/AVPF 121
04-17 23:34:31.559  1681  2968 D LEMON   : a=rtpmap:121 H264/90000
04-17 23:34:31.559  1681  2968 D LEMON   : a=fmtp:121 profile-level-id=42C00C; packetization-mode=1; sprop-parameter-sets=Z0LAKekHhSQCwiEagA==,aM48gA==
04-17 23:34:31.559  1681  2968 D LEMON   : a=rtcp-fb:121 nack
04-17 23:34:31.559  1681  2968 D LEMON   : a=rtcp-fb:121 nack pli
04-17 23:34:31.559  1681  2968 D LEMON   : a=rtcp-fb:121 ccm tmmbr
04-17 23:34:31.559  1681  2968 D LEMON   : a=rtcp-fb:121 ccm fir
04-17 23:34:31.559  1681  2968 D LEMON   : a=sendrecv
04-17 23:34:31.559  1681  2968 D LEMON   : 
04-17 23:34:31.560  1681  2968 D LEMON   : 23:34:31.560 UTPT: INFO: conn[0x4] send data[2303] to [10.56.5.85:5067] ok.
04-17 23:34:31.561  1681  2968 D LEMON   : 23:34:31.561 ZOS: INFO: fsm(SIP_IST) trans@[65542] state <PROCEEDING> run [SEND_2XX] event ok.
04-17 23:34:31.561  1681  2968 D LEMON   : 23:34:31.561 ZOS: INFO: fsm(SIP_IST) trans@[65542] state <PROCEEDING> to <TERMINATED>.
04-17 23:34:31.561  1681  2968 D LEMON   : 23:34:31.561 SIP: INFO: module delete tmr<0x66> [TIMER G] ok.
04-17 23:34:31.561  1681  2968 D LEMON   : 23:34:31.561 SIP: INFO: module delete tmr<0x67> [TIMER H] ok.
04-17 23:34:31.561  1681  2968 D LEMON   : 23:34:31.561 SIP: INFO: module delete tmr<0x68> [TIMER I] ok.
04-17 23:34:31.562  1681  2968 D LEMON   : 23:34:31.562 SIP: INFO: module delete tmr<0x69> [TIMER L] ok.
04-17 23:34:31.562  1681  2968 D LEMON   : 23:34:31.562 SIP: INFO: module delete tmr<0x6A> [TIMER C] ok.
04-17 23:34:33.551  1681  2968 D LEMON   : 23:34:33.551 SIP: INFO: core timer process dialog event tmr<0x2A> [TIMER SEND_2XX].
04-17 23:34:33.552  1681  2968 D LEMON   : 23:34:33.551 SIP: INFO: dlg @20005 process event [TIMER SEND_2XX].
04-17 23:34:33.553  1681  2968 D LEMON   : SIP/2.0 200 OK
04-17 23:34:33.553  1681  2968 D LEMON   : From: <sip:+917011021641@ims.mnc872.mcc405.3gppnetwork.org;user=phone>;tag=a01UdedjZABbZbdW
04-17 23:34:33.553  1681  2968 D LEMON   : To: <sip:+917011021568@ims.mnc872.mcc405.3gppnetwork.org;user=phone>;tag=219tijG1c0EL7JRoKE6ePn_LE3
04-17 23:34:33.553  1681  2968 D LEMON   : Supported: 100rel,join,norefersub,replaces,timer
04-17 23:34:33.553  1681  2968 D LEMON   : Allow: INVITE,ACK,BYE,CANCEL,UPDATE,REGISTER,INFO,PRACK,SUBSCRIBE,NOTIFY,MESSAGE,REFER,PUBLISH
04-17 23:34:33.553  1681  2968 D LEMON   : Session-Expires: 1800;refresher=uac
04-17 23:34:33.553  1681  2968 D LEMON   : Min-SE: 600
04-17 23:34:33.553  1681  2968 D LEMON   : Require: timer
04-17 23:34:33.553  1681  2968 D LEMON   : Contact: <sip:405872000010353@100.80.131.52:5503>;+sip.instance="<urn:gsma:imei:86740002-050381-3>";+g.3gpp.icsi-ref="urn%%3Aurn-7%%3A3gpp-service.ims.icsi.mmtel";video
04-17 23:34:33.553  1681  2968 D LEMON   : Record-Route: <sip:10.56.5.85:5067;routing_id=pcscf_b_side;lskpmc=P97;lr>
04-17 23:34:33.553  1681  2968 D LEMON   : Record-Route: <sip:dl1scfx0202mw.ims.mnc872.mcc405.3gppnetwork.org:5090;lr;interface=isc;lskpmc=S97;reg-id=971460903928823043;routing_id=7f4f5015b98f93c74be1a801e380a188>
04-17 23:34:33.553  1681  2968 D LEMON   : Record-Route: <sip:AAQACE71wAAD/AAAAuAAAfYUK@10.56.4.26:5070;yop=00.00.73162006.0000.7013;lr>
04-17 23:34:33.553  1681  2968 D LEMON   : Call-ID: CAAF438FE7D8F8B0D054DD5B@1370ffffffff
04-17 23:34:33.553  1681  2968 D LEMON   : CSeq: 9 INVITE
04-17 23:34:33.553  1681  2968 D LEMON   : Max-Forwards: 70
04-17 23:34:33.553  1681  2968 D LEMON   : Server: VoWIFI/WFC UA
04-17 23:34:33.553  1681  2968 D LEMON   : Record-Route: <sip:10.56.5.85:5067;routing_id=pcscf_b_side;lskpmc=P97;lr>
04-17 23:34:33.553  1681  2968 D LEMON   : Record-Route: <sip:dl1scfx0202mw.ims.mnc872.mcc405.3gppnetwork.org:5090;lr;interface=isc;lskpmc=S97;reg-id=971460903928823043;routing_id=7f4f5015b98f93c74be1a801e380a188>
04-17 23:34:33.553  1681  2968 D LEMON   : Record-Route: <sip:AAQACE71wAAD/AAAAuAAAfYUK@10.56.4.26:5070;yop=00.00.73162006.0000.7013;lr>
04-17 23:34:33.553  1681  2968 D LEMON   : Via: SIP/2.0/UDP 10.56.5.85:5067;branch=z9hG4bK_IMSCL1550631.000_57dcc48ff383749d6f52dfa7c4036df2;lskpmc=P97;received=10.56.5.85
04-17 23:34:33.553  1681  2968 D LEMON   : Via: SIP/2.0/TCP 10.56.0.37:5090;branch=z9hG4bK_IMSCL1550631.000_20ae06bd414e923644d841c6cd0540e6;lskpmc=S97
04-17 23:34:33.553  1681  2968 D LEMON   : Via: SIP/2.0/TCP 10.56.4.26:5070;branch=z9hG4bKaC1Abbc6bCCXDWW5;yop=00.00.73162006.0000.7013
04-17 23:34:33.553  1681  2968 D LEMON   : Content-Type: application/sdp
04-17 23:34:33.553  1681  2968 D LEMON   : Content-Length: 536
04-17 23:34:33.553  1681  2968 D LEMON   : 
04-17 23:34:33.553  1681  2968 D LEMON   : v=0
04-17 23:34:33.553  1681  2968 D LEMON   : o=405872000010353 4258686320 4258686331 IN IP4 100.80.131.52
04-17 23:34:33.553  1681  2968 D LEMON   : s=-
04-17 23:34:33.553  1681  2968 D LEMON   : c=IN IP4 100.80.131.52
04-17 23:34:33.553  1681  2968 D LEMON   : t=0 0
04-17 23:34:33.553  1681  2968 D LEMON   : m=audio 37090 RTP/AVP 104
04-17 23:34:33.553  1681  2968 D LEMON   : a=rtpmap:104 AMR-WB/16000
04-17 23:34:33.553  1681  2968 D LEMON   : a=fmtp:104 octet-align=1;mode-change-period=2;mode-change-capability=2
04-17 23:34:33.553  1681  2968 D LEMON   : a=ptime:20
04-17 23:34:33.553  1681  2968 D LEMON   : a=maxptime:144
04-17 23:34:33.553  1681  2968 D LEMON   : a=sendrecv
04-17 23:34:33.553  1681  2968 D LEMON   : m=video 37184 RTP/AVPF 121
04-17 23:34:33.553  1681  2968 D LEMON   : a=rtpmap:121 H264/90000
04-17 23:34:33.553  1681  2968 D LEMON   : a=fmtp:121 profile-level-id=42C00C; packetization-mode=1; sprop-parameter-sets=Z0LAKekHhSQCwiEagA==,aM48gA==
04-17 23:34:33.553  1681  2968 D LEMON   : a=rtcp-fb:121 nack
04-17 23:34:33.553  1681  2968 D LEMON   : a=rtcp-fb:121 nack pli
04-17 23:34:33.553  1681  2968 D LEMON   : a=rtcp-fb:121 ccm tmmbr
04-17 23:34:33.553  1681  2968 D LEMON   : a=rtcp-fb:121 ccm fir
04-17 23:34:33.553  1681  2968 D LEMON   : a=sendrecv
04-17 23:34:33.553  1681  2968 D LEMON   : 
04-17 23:34:33.554  1681  2968 D LEMON   : 23:34:33.554 UTPT: INFO: conn[0x4] send data[2303] to [10.56.5.85:5067] ok.
04-17 23:34:33.554  1681  2968 D LEMON   : 23:34:33.554 SIP: INFO: module start tmr<0x2A> [TIMER SEND_2XX] <4000ms> ok.
04-17 23:34:33.554  1681  2968 D LEMON   : 23:34:33.554 ZOS: INFO: fsm(SIP_IVT) dlg@[131077] state <CONFIRMED> run [TMR_SEND_2XX] event ok.
04-17 23:34:37.556  1681  2968 D LEMON   : 23:34:37.556 SIP: INFO: core timer process dialog event tmr<0x2A> [TIMER SEND_2XX].
04-17 23:34:37.556  1681  2968 D LEMON   : 23:34:37.556 SIP: INFO: dlg @20005 process event [TIMER SEND_2XX].
04-17 23:34:37.556  1681  2968 D LEMON   : SIP/2.0 200 OK
04-17 23:34:37.556  1681  2968 D LEMON   : From: <sip:+917011021641@ims.mnc872.mcc405.3gppnetwork.org;user=phone>;tag=a01UdedjZABbZbdW
04-17 23:34:37.556  1681  2968 D LEMON   : To: <sip:+917011021568@ims.mnc872.mcc405.3gppnetwork.org;user=phone>;tag=219tijG1c0EL7JRoKE6ePn_LE3
04-17 23:34:37.556  1681  2968 D LEMON   : Supported: 100rel,join,norefersub,replaces,timer
04-17 23:34:37.556  1681  2968 D LEMON   : Allow: INVITE,ACK,BYE,CANCEL,UPDATE,REGISTER,INFO,PRACK,SUBSCRIBE,NOTIFY,MESSAGE,REFER,PUBLISH
04-17 23:34:37.556  1681  2968 D LEMON   : Session-Expires: 1800;refresher=uac
04-17 23:34:37.556  1681  2968 D LEMON   : Min-SE: 600
04-17 23:34:37.556  1681  2968 D LEMON   : Require: timer
04-17 23:34:37.556  1681  2968 D LEMON   : Contact: <sip:405872000010353@100.80.131.52:5503>;+sip.instance="<urn:gsma:imei:86740002-050381-3>";+g.3gpp.icsi-ref="urn%%3Aurn-7%%3A3gpp-service.ims.icsi.mmtel";video
04-17 23:34:37.556  1681  2968 D LEMON   : Record-Route: <sip:10.56.5.85:5067;routing_id=pcscf_b_side;lskpmc=P97;lr>
04-17 23:34:37.556  1681  2968 D LEMON   : Record-Route: <sip:dl1scfx0202mw.ims.mnc872.mcc405.3gppnetwork.org:5090;lr;interface=isc;lskpmc=S97;reg-id=971460903928823043;routing_id=7f4f5015b98f93c74be1a801e380a188>
04-17 23:34:37.556  1681  2968 D LEMON   : Record-Route: <sip:AAQACE71wAAD/AAAAuAAAfYUK@10.56.4.26:5070;yop=00.00.73162006.0000.7013;lr>
04-17 23:34:37.556  1681  2968 D LEMON   : Call-ID: CAAF438FE7D8F8B0D054DD5B@1370ffffffff
04-17 23:34:37.556  1681  2968 D LEMON   : CSeq: 9 INVITE
04-17 23:34:37.556  1681  2968 D LEMON   : Max-Forwards: 70
04-17 23:34:37.556  1681  2968 D LEMON   : Server: VoWIFI/WFC UA
04-17 23:34:37.556  1681  2968 D LEMON   : Record-Route: <sip:10.56.5.85:5067;routing_id=pcscf_b_side;lskpmc=P97;lr>
04-17 23:34:37.556  1681  2968 D LEMON   : Record-Route: <sip:dl1scfx0202mw.ims.mnc872.mcc405.3gppnetwork.org:5090;lr;interface=isc;lskpmc=S97;reg-id=971460903928823043;routing_id=7f4f5015b98f93c74be1a801e380a188>
04-17 23:34:37.556  1681  2968 D LEMON   : Record-Route: <sip:AAQACE71wAAD/AAAAuAAAfYUK@10.56.4.26:5070;yop=00.00.73162006.0000.7013;lr>
04-17 23:34:37.556  1681  2968 D LEMON   : Via: SIP/2.0/UDP 10.56.5.85:5067;branch=z9hG4bK_IMSCL1550631.000_57dcc48ff383749d6f52dfa7c4036df2;lskpmc=P97;received=10.56.5.85
04-17 23:34:37.556  1681  2968 D LEMON   : Via: SIP/2.0/TCP 10.56.0.37:5090;branch=z9hG4bK_IMSCL1550631.000_20ae06bd414e923644d841c6cd0540e6;lskpmc=S97
04-17 23:34:37.556  1681  2968 D LEMON   : Via: SIP/2.0/TCP 10.56.4.26:5070;branch=z9hG4bKaC1Abbc6bCCXDWW5;yop=00.00.73162006.0000.7013
04-17 23:34:37.556  1681  2968 D LEMON   : Content-Type: application/sdp
04-17 23:34:37.556  1681  2968 D LEMON   : Content-Length: 536
04-17 23:34:37.556  1681  2968 D LEMON   : 
04-17 23:34:37.556  1681  2968 D LEMON   : v=0
04-17 23:34:37.556  1681  2968 D LEMON   : o=405872000010353 4258686320 4258686331 IN IP4 100.80.131.52
04-17 23:34:37.556  1681  2968 D LEMON   : s=-
04-17 23:34:37.556  1681  2968 D LEMON   : c=IN IP4 100.80.131.52
04-17 23:34:37.556  1681  2968 D LEMON   : t=0 0
04-17 23:34:37.556  1681  2968 D LEMON   : m=audio 37090 RTP/AVP 104
04-17 23:34:37.556  1681  2968 D LEMON   : a=rtpmap:104 AMR-WB/16000
04-17 23:34:37.556  1681  2968 D LEMON   : a=fmtp:104 octet-align=1;mode-change-period=2;mode-change-capability=2
04-17 23:34:37.556  1681  2968 D LEMON   : a=ptime:20
04-17 23:34:37.556  1681  2968 D LEMON   : a=maxptime:144
04-17 23:34:37.556  1681  2968 D LEMON   : a=sendrecv
04-17 23:34:37.556  1681  2968 D LEMON   : m=video 37184 RTP/AVPF 121
04-17 23:34:37.556  1681  2968 D LEMON   : a=rtpmap:121 H264/90000
04-17 23:34:37.556  1681  2968 D LEMON   : a=fmtp:121 profile-level-id=42C00C; packetization-mode=1; sprop-parameter-sets=Z0LAKekHhSQCwiEagA==,aM48gA==
04-17 23:34:37.556  1681  2968 D LEMON   : a=rtcp-fb:121 nack
04-17 23:34:37.556  1681  2968 D LEMON   : a=rtcp-fb:121 nack pli
04-17 23:34:37.556  1681  2968 D LEMON   : a=rtcp-fb:121 ccm tmmbr
04-17 23:34:37.556  1681  2968 D LEMON   : a=rtcp-fb:121 ccm fir
04-17 23:34:37.556  1681  2968 D LEMON   : a=sendrecv
04-17 23:34:37.556  1681  2968 D LEMON   : 
04-17 23:34:37.557  1681  2968 D LEMON   : 23:34:37.557 UTPT: INFO: conn[0x4] send data[2303] to [10.56.5.85:5067] ok.
04-17 23:34:37.558  1681  2968 D LEMON   : 23:34:37.557 SIP: INFO: module start tmr<0x2A> [TIMER SEND_2XX] <8000ms> ok.
04-17 23:34:37.558  1681  2968 D LEMON   : 23:34:37.558 ZOS: INFO: fsm(SIP_IVT) dlg@[131077] state <CONFIRMED> run [TMR_SEND_2XX] event ok.
04-17 23:34:39.274  1681  1833 D LEMON   : 23:34:39.274 UTPT: INFO: recv udp data(len:1456) from [10.56.5.85:32920].
04-17 23:34:39.275  1681  2968 D LEMON   : ACK sip:405872000010353@100.80.131.52:5503 SIP/2.0
04-17 23:34:39.275  1681  2968 D LEMON   : v:SIP/2.0/UDP 10.56.5.85:5067;branch=z9hG4bK_IMSCL1550631.000_a1c45e2e2ad53ad68589601083ed7d18;lskpmc=P97
04-17 23:34:39.275  1681  2968 D LEMON   : Record-Route:<sip:10.56.5.85:5067;routing_id=pcscf_b_side;lskpmc=P97;lr>
04-17 23:34:39.275  1681  2968 D LEMON   : v:SIP/2.0/TCP 10.56.0.37:5090;branch=z9hG4bK_IMSCL1550631.000_16f4551684fa1feb5cab9a96c41e667e;lskpmc=S97
04-17 23:34:39.275  1681  2968 D LEMON   : l:536
04-17 23:34:39.275  1681  2968 D LEMON   : f:<sip:+917011021641@ims.mnc872.mcc405.3gppnetwork.org;user=phone>;tag=a01UdedjZABbZbdW
04-17 23:34:39.275  1681  2968 D LEMON   : t:<sip:+917011021568@ims.mnc872.mcc405.3gppnetwork.org;user=phone>;tag=219tijG1c0EL7JRoKE6ePn_LE3
04-17 23:34:39.275  1681  2968 D LEMON   : v:SIP/2.0/TCP 10.56.4.26:5070;branch=z9hG4bK9e7dhi5WCje3eg4C;yop=00.00.73162006.0000.7013
04-17 23:34:39.275  1681  2968 D LEMON   : i:CAAF438FE7D8F8B0D054DD5B@1370ffffffff
04-17 23:34:39.275  1681  2968 D LEMON   : CSeq:9 ACK
04-17 23:34:39.275  1681  2968 D LEMON   : Max-Forwards:62
04-17 23:34:39.275  1681  2968 D LEMON   : d:no-fork
04-17 23:34:39.275  1681  2968 D LEMON   : c:application/sdp
04-17 23:34:39.275  1681  2968 D LEMON   : Content-Disposition:session;handling=required
04-17 23:34:39.275  1681  2968 D LEMON   : Record-Route:<sip:dl1scfx0202mw.ims.mnc872.mcc405.3gppnetwork.org:5090;lr;interface=isc;lskpmc=S97;routing_id=7f4f5015b98f93c74be1a801e380a188>
04-17 23:34:39.275  1681  2968 D LEMON   : 
04-17 23:34:39.275  1681  2968 D LEMON   : v=0
04-17 23:34:39.275  1681  2968 D LEMON   : o=405872000010425 0 9 IN IP4 ims.mnc872.mcc405.3gppnetwork.org
04-17 23:34:39.275  1681  2968 D LEMON   : s=-
04-17 23:34:39.275  1681  2968 D LEMON   : c=IN IP4 10.56.5.5
04-17 23:34:39.275  1681  2968 D LEMON   : t=0 0
04-17 23:34:39.275  1681  2968 D LEMON   : m=audio 50792 RTP/AVP 104
04-17 23:34:39.275  1681  2968 D LEMON   : a=rtpmap:104 AMR-WB/16000
04-17 23:34:39.275  1681  2968 D LEMON   : a=fmtp:104 octet-align=1; mode-change-period=2; mode-change-capability=2
04-17 23:34:39.275  1681  2968 D LEMON   : a=ptime:20
04-17 23:34:39.275  1681  2968 D LEMON   : a=maxptime:144
04-17 23:34:39.275  1681  2968 D LEMON   : a=sendrecv
04-17 23:34:39.275  1681  2968 D LEMON   : m=video 50968 RTP/AVPF 121
04-17 23:34:39.275  1681  2968 D LEMON   : a=rtpmap:121 H264/90000
04-17 23:34:39.275  1681  2968 D LEMON   : a=fmtp:121 profile-level-id=42C00C; packetization-mode=1; sprop-parameter-sets=Z0LAKekHhSQCwiEagA==,aM48gA==
04-17 23:34:39.275  1681  2968 D LEMON   : a=rtcp-fb:121 nack
04-17 23:34:39.275  1681  2968 D LEMON   : a=rtcp-fb:121 nack pli
04-17 23:34:39.275  1681  2968 D LEMON   : a=rtcp-fb:121 ccm tmmbr
04-17 23:34:39.275  1681  2968 D LEMON   : a=rtcp-fb:121 ccm fir
04-17 23:34:39.275  1681  2968 D LEMON   : a=sendrecv
04-17 23:34:39.275  1681  2968 D LEMON   : 
04-17 23:34:39.276  1681  2968 D LEMON   : 23:34:39.276 SIP: INFO: dlg @20005 process request <ACK>.
04-17 23:34:39.276  1681  2968 D LEMON   : 23:34:39.276 SIP: INFO: module stop tmr<0x2A> [TIMER SEND_2XX] ok.
04-17 23:34:39.276  1681  2968 D LEMON   : 23:34:39.276 SIP: INFO: module stop tmr<0x2B> [TIMER STOP_2XX] ok.
04-17 23:34:39.284  1681  2968 D LEMON   : 23:34:39.284 ZOS: INFO: fsm(SIP_IVT) dlg@[131077] state <CONFIRMED> run [RECV_ACK] event ok.
04-17 23:34:39.665  1681  1826 D LEMON   : 23:34:39.665 ZOS: INFO: fsm(MTF_CALL) conn@[17] state <CONNECTED> run [SAM IND] event ok.
04-17 23:34:39.670  1681  1681 D LEMON   : 23:34:39.670 RSE: INFO: gui notify LeaveSessMdfyed.
04-17 23:35:01.994  1681  1833 D LEMON   : 23:35:01.994 UTPT: INFO: recv udp data(len:1991) from [10.56.5.85:32920].
04-17 23:35:01.995  1681  2968 D LEMON   : INVITE sip:405872000010353@100.80.131.52:5503 SIP/2.0
04-17 23:35:01.995  1681  2968 D LEMON   : v:SIP/2.0/UDP 10.56.5.85:5067;branch=z9hG4bK_IMSCL1550631.000_e0a38a7eea4612c51bd333d8ee8a5f55;lskpmc=P97
04-17 23:35:01.995  1681  2968 D LEMON   : Record-Route:<sip:10.56.5.85:5067;routing_id=pcscf_b_side;lskpmc=P97;lr>
04-17 23:35:01.995  1681  2968 D LEMON   : v:SIP/2.0/TCP 10.56.0.37:5090;branch=z9hG4bK_IMSCL1550631.000_bd7b0e57c86233075aa6edae65cfa677;lskpmc=S97
04-17 23:35:01.995  1681  2968 D LEMON   : l:467
04-17 23:35:01.995  1681  2968 D LEMON   : f:<sip:+917011021641@ims.mnc872.mcc405.3gppnetwork.org;user=phone>;tag=a01UdedjZABbZbdW
04-17 23:35:01.995  1681  2968 D LEMON   : t:<sip:+917011021568@ims.mnc872.mcc405.3gppnetwork.org;user=phone>;tag=219tijG1c0EL7JRoKE6ePn_LE3
04-17 23:35:01.995  1681  2968 D LEMON   : v:SIP/2.0/TCP 10.56.4.26:5070;branch=z9hG4bKcc3.CgD72Xg9DdXX;yop=00.00.73162006.0000.7013
04-17 23:35:01.995  1681  2968 D LEMON   : i:CAAF438FE7D8F8B0D054DD5B@1370ffffffff
04-17 23:35:01.995  1681  2968 D LEMON   : CSeq:10 INVITE
04-17 23:35:01.995  1681  2968 D LEMON   : Max-Forwards:62
04-17 23:35:01.995  1681  2968 D LEMON   : Record-Route:<sip:dl1scfx0202mw.ims.mnc872.mcc405.3gppnetwork.org:5090;lr;interface=isc;lskpmc=S97;routing_id=7f4f5015b98f93c74be1a801e380a188>
04-17 23:35:01.995  1681  2968 D LEMON   : Record-Route:<sip:AAQACE71wAAD/AAAAuAAAfYUK@10.56.4.26:5070;yop=00.00.73162006.0000.7013;lr>
04-17 23:35:01.995  1681  2968 D LEMON   : x:1800;refresher=uac
04-17 23:35:01.995  1681  2968 D LEMON   : Min-SE:600
04-17 23:35:01.995  1681  2968 D LEMON   : m:<sip:405872000010425@10.56.4.26:5070;yop=00.00.73162006.0000.7013>;+g.3gpp.icsi-ref="urn%%3Aurn-7%%3A3gpp-service.ims.icsi.mmtel";video;+sip.instance="<urn:gsma:imei:86740002-050413-0>"
04-17 23:35:01.995  1681  2968 D LEMON   : k:join,replaces,sec-agree,timer,norefersub,tdialog
04-17 23:35:01.995  1681  2968 D LEMON   : Allow:ACK,BYE,CANCEL,INFO,INVITE,NOTIFY,OPTIONS,PRACK,REFER,UPDATE
04-17 23:35:01.995  1681  2968 D LEMON   : Feature-Caps:*;+g.3gpp.srvcc;+g.3gpp.icsi-ref="urn%%3Aurn-7%%3A3gpp-service.ims.icsi.mmtel"
04-17 23:35:01.995  1681  2968 D LEMON   : c:application/sdp
04-17 23:35:01.995  1681  2968 D LEMON   : Content-Disposition:session;handling=required
04-17 23:35:01.995  1681  2968 D LEMON   : User-Agent:VoWIFI/WFC UA
04-17 23:35:01.995  1681  2968 D LEMON   : P-Visited-Network-ID:ims.mnc872.mcc405.3gppnetwork.org
04-17 23:35:01.995  1681  2968 D LEMON   : 
04-17 23:35:01.995  1681  2968 D LEMON   : v=0
04-17 23:35:01.995  1681  2968 D LEMON   : o=405872000010425 0 10 IN IP4 ims.mnc872.mcc405.3gppnetwork.org
04-17 23:35:01.995  1681  2968 D LEMON   : s=-
04-17 23:35:01.995  1681  2968 D LEMON   : c=IN IP4 10.56.5.5
04-17 23:35:01.995  1681  2968 D LEMON   : t=0 0
04-17 23:35:01.995  1681  2968 D LEMON   : m=audio 50792 RTP/AVP 104 103
04-17 23:35:01.995  1681  2968 D LEMON   : a=rtpmap:104 AMR-WB/16000
04-17 23:35:01.995  1681  2968 D LEMON   : a=fmtp:104 octet-align=1
04-17 23:35:01.995  1681  2968 D LEMON   : a=rtpmap:103 AMR/8000
04-17 23:35:01.995  1681  2968 D LEMON   : a=fmtp:103 mode-set=0,1,2,3,4,5; octet-align=1
04-17 23:35:01.995  1681  2968 D LEMON   : a=ptime:20
04-17 23:35:01.995  1681  2968 D LEMON   : a=maxptime:144
04-17 23:35:01.995  1681  2968 D LEMON   : a=sendrecv
04-17 23:35:01.995  1681  2968 D LEMON   : m=video 0 RTP/AVP 121
04-17 23:35:01.995  1681  2968 D LEMON   : a=rtpmap:121 H264/90000
04-17 23:35:01.995  1681  2968 D LEMON   : a=fmtp:121 profile-level-id=42C00C; packetization-mode=1; sprop-parameter-sets=Z0LAKekHhSQCwiEagA==,aM48gA==
04-17 23:35:01.995  1681  2968 D LEMON   : a=inactive
04-17 23:35:01.995  1681  2968 D LEMON   : 
04-17 23:35:01.997  1681  2968 D LEMON   : 23:35:01.996 SIP: INFO: module create tmr<0x6D> [TIMER G] ok.
04-17 23:35:01.997  1681  2968 D LEMON   : 23:35:01.997 SIP: INFO: module create tmr<0x6E> [TIMER H] ok.
04-17 23:35:01.997  1681  2968 D LEMON   : 23:35:01.997 SIP: INFO: module create tmr<0x6F> [TIMER I] ok.
04-17 23:35:01.997  1681  2968 D LEMON   : 23:35:01.997 SIP: INFO: module create tmr<0x70> [TIMER L] ok.
04-17 23:35:01.997  1681  2968 D LEMON   : 23:35:01.997 SIP: INFO: module create tmr<0x71> [TIMER C] ok.
04-17 23:35:01.997  1681  2968 D LEMON   : 23:35:01.997 SIP: INFO: trans @10008 process request <INVITE>.
04-17 23:35:01.998  1681  2968 D LEMON   : 23:35:01.997 SIP: INFO: module start tmr<0x71> [TIMER C] <200000ms> ok.
04-17 23:35:01.998  1681  2968 D LEMON   : 23:35:01.998 ZOS: INFO: fsm(SIP_IST) trans@[65544] state <IDLE> run [RECV_INVITE] event ok.
04-17 23:35:01.998  1681  2968 D LEMON   : 23:35:01.998 ZOS: INFO: fsm(SIP_IST) trans@[65544] state <IDLE> to <PROCEEDING>.
04-17 23:35:01.998  1681  2968 D LEMON   : 23:35:01.998 SIP: INFO: dlg @20005 process request <INVITE>.
04-17 23:35:01.999  1681  2968 D LEMON   : SIP/2.0 100 Trying
04-17 23:35:01.999  1681  2968 D LEMON   : To: <sip:+917011021568@ims.mnc872.mcc405.3gppnetwork.org;user=phone>;tag=219tijG1c0EL7JRoKE6ePn_LE3
04-17 23:35:01.999  1681  2968 D LEMON   : From: <sip:+917011021641@ims.mnc872.mcc405.3gppnetwork.org;user=phone>;tag=a01UdedjZABbZbdW
04-17 23:35:01.999  1681  2968 D LEMON   : CSeq: 10 INVITE
04-17 23:35:01.999  1681  2968 D LEMON   : Call-ID: CAAF438FE7D8F8B0D054DD5B@1370ffffffff
04-17 23:35:01.999  1681  2968 D LEMON   : Via: SIP/2.0/UDP 10.56.5.85:5067;branch=z9hG4bK_IMSCL1550631.000_e0a38a7eea4612c51bd333d8ee8a5f55;lskpmc=P97;received=10.56.5.85
04-17 23:35:01.999  1681  2968 D LEMON   : Via: SIP/2.0/TCP 10.56.0.37:5090;branch=z9hG4bK_IMSCL1550631.000_bd7b0e57c86233075aa6edae65cfa677;lskpmc=S97
04-17 23:35:01.999  1681  2968 D LEMON   : Via: SIP/2.0/TCP 10.56.4.26:5070;branch=z9hG4bKcc3.CgD72Xg9DdXX;yop=00.00.73162006.0000.7013
04-17 23:35:01.999  1681  2968 D LEMON   : Content-Length: 0
04-17 23:35:01.999  1681  2968 D LEMON   : 
04-17 23:35:01.999  1681  2968 D LEMON   : 
04-17 23:35:01.999  1681  2968 D LEMON   : 23:35:01.999 UTPT: INFO: conn[0x4] send data[634] to [10.56.5.85:5067] ok.
04-17 23:35:02.008  1681  2968 D LEMON   : 23:35:02.008 ZOS: INFO: fsm(SIP_IVT) dlg@[131077] state <CONFIRMED> run [RECV_INVITE] event ok.
04-17 23:35:02.008  1681  2968 D LEMON   : 23:35:02.008 ZOS: INFO: fsm(SIP_IVT) dlg@[131077] state <CONFIRMED> to <MODIFY IN>.
04-17 23:35:02.126  1681  2968 D LEMON   : 23:35:02.126 SIP: INFO: dlg @20005 process response <INVITE:200>.
04-17 23:35:02.126  1681  2968 D LEMON   : 23:35:02.126 SIP: INFO: module start tmr<0x2A> [TIMER SEND_2XX] <2000ms> ok.
04-17 23:35:02.126  1681  1826 D LEMON   : 23:35:02.126 ZOS: INFO: fsm(MTF_CALL) conn@[17] state <CONNECTED> run [SMM IND] event ok.
04-17 23:35:02.127  1681  2968 D LEMON   : 23:35:02.126 SIP: INFO: module start tmr<0x2B> [TIMER STOP_2XX] <128000ms> ok.
04-17 23:35:02.127  1681  2968 D LEMON   : 23:35:02.127 ZOS: INFO: fsm(SIP_IVT) dlg@[131077] state <MODIFY IN> run [SMM_RSP] event ok.
04-17 23:35:02.127  1681  2968 D LEMON   : 23:35:02.127 ZOS: INFO: fsm(SIP_IVT) dlg@[131077] state <MODIFY IN> to <CONFIRMED>.
04-17 23:35:02.130  1681  2968 D LEMON   : 23:35:02.129 SIP: INFO: trans @10008 process response <INVITE:200>.
04-17 23:35:02.130  1681  2968 D LEMON   : 23:35:02.130 SIP: INFO: module stop tmr<0x71> [TIMER C] ok.
04-17 23:35:02.131  1681  2968 D LEMON   : SIP/2.0 200 OK
04-17 23:35:02.131  1681  2968 D LEMON   : From: <sip:+917011021641@ims.mnc872.mcc405.3gppnetwork.org;user=phone>;tag=a01UdedjZABbZbdW
04-17 23:35:02.131  1681  2968 D LEMON   : To: <sip:+917011021568@ims.mnc872.mcc405.3gppnetwork.org;user=phone>;tag=219tijG1c0EL7JRoKE6ePn_LE3
04-17 23:35:02.131  1681  2968 D LEMON   : Supported: 100rel,join,norefersub,replaces,timer
04-17 23:35:02.131  1681  2968 D LEMON   : Allow: INVITE,ACK,BYE,CANCEL,UPDATE,REGISTER,INFO,PRACK,SUBSCRIBE,NOTIFY,MESSAGE,REFER,PUBLISH
04-17 23:35:02.131  1681  2968 D LEMON   : Session-Expires: 1800;refresher=uac
04-17 23:35:02.131  1681  2968 D LEMON   : Min-SE: 600
04-17 23:35:02.131  1681  2968 D LEMON   : Require: timer
04-17 23:35:02.131  1681  2968 D LEMON   : Contact: <sip:405872000010353@100.80.131.52:5503>;+sip.instance="<urn:gsma:imei:86740002-050381-3>";+g.3gpp.icsi-ref="urn%%3Aurn-7%%3A3gpp-service.ims.icsi.mmtel";video
04-17 23:35:02.131  1681  2968 D LEMON   : Record-Route: <sip:10.56.5.85:5067;routing_id=pcscf_b_side;lskpmc=P97;lr>
04-17 23:35:02.131  1681  2968 D LEMON   : Record-Route: <sip:dl1scfx0202mw.ims.mnc872.mcc405.3gppnetwork.org:5090;lr;interface=isc;lskpmc=S97;reg-id=971460903928823043;routing_id=7f4f5015b98f93c74be1a801e380a188>
04-17 23:35:02.131  1681  2968 D LEMON   : Record-Route: <sip:AAQACE71wAAD/AAAAuAAAfYUK@10.56.4.26:5070;yop=00.00.73162006.0000.7013;lr>
04-17 23:35:02.131  1681  2968 D LEMON   : Call-ID: CAAF438FE7D8F8B0D054DD5B@1370ffffffff
04-17 23:35:02.131  1681  2968 D LEMON   : CSeq: 10 INVITE
04-17 23:35:02.131  1681  2968 D LEMON   : Max-Forwards: 70
04-17 23:35:02.131  1681  2968 D LEMON   : Server: VoWIFI/WFC UA
04-17 23:35:02.131  1681  2968 D LEMON   : Record-Route: <sip:10.56.5.85:5067;routing_id=pcscf_b_side;lskpmc=P97;lr>
04-17 23:35:02.131  1681  2968 D LEMON   : Record-Route: <sip:dl1scfx0202mw.ims.mnc872.mcc405.3gppnetwork.org:5090;lr;interface=isc;lskpmc=S97;reg-id=971460903928823043;routing_id=7f4f5015b98f93c74be1a801e380a188>
04-17 23:35:02.131  1681  2968 D LEMON   : Record-Route: <sip:AAQACE71wAAD/AAAAuAAAfYUK@10.56.4.26:5070;yop=00.00.73162006.0000.7013;lr>
04-17 23:35:02.131  1681  2968 D LEMON   : Via: SIP/2.0/UDP 10.56.5.85:5067;branch=z9hG4bK_IMSCL1550631.000_e0a38a7eea4612c51bd333d8ee8a5f55;lskpmc=P97;received=10.56.5.85
04-17 23:35:02.131  1681  2968 D LEMON   : Via: SIP/2.0/TCP 10.56.0.37:5090;branch=z9hG4bK_IMSCL1550631.000_bd7b0e57c86233075aa6edae65cfa677;lskpmc=S97
04-17 23:35:02.131  1681  2968 D LEMON   : Via: SIP/2.0/TCP 10.56.4.26:5070;branch=z9hG4bKcc3.CgD72Xg9DdXX;yop=00.00.73162006.0000.7013
04-17 23:35:02.131  1681  2968 D LEMON   : Content-Type: application/sdp
04-17 23:35:02.131  1681  2968 D LEMON   : Content-Length: 439
04-17 23:35:02.131  1681  2968 D LEMON   : 
04-17 23:35:02.131  1681  2968 D LEMON   : v=0
04-17 23:35:02.131  1681  2968 D LEMON   : o=405872000010353 4258686320 4258686332 IN IP4 100.80.131.52
04-17 23:35:02.131  1681  2968 D LEMON   : s=-
04-17 23:35:02.131  1681  2968 D LEMON   : c=IN IP4 100.80.131.52
04-17 23:35:02.131  1681  2968 D LEMON   : t=0 0
04-17 23:35:02.131  1681  2968 D LEMON   : m=audio 37090 RTP/AVP 104
04-17 23:35:02.131  1681  2968 D LEMON   : a=rtpmap:104 AMR-WB/16000
04-17 23:35:02.131  1681  2968 D LEMON   : a=fmtp:104 octet-align=1;mode-change-period=2;mode-change-capability=2
04-17 23:35:02.131  1681  2968 D LEMON   : a=ptime:20
04-17 23:35:02.131  1681  2968 D LEMON   : a=maxptime:144
04-17 23:35:02.131  1681  2968 D LEMON   : a=sendrecv
04-17 23:35:02.131  1681  2968 D LEMON   : m=video 0 RTP/AVP 121
04-17 23:35:02.131  1681  2968 D LEMON   : a=rtpmap:121 H264/90000
04-17 23:35:02.131  1681  2968 D LEMON   : a=fmtp:121 profile-level-id=42C00C; packetization-mode=1; sprop-parameter-sets=Z0LAKekHhSQCwiEagA==,aM48gA==
04-17 23:35:02.131  1681  2968 D LEMON   : a=inactive
04-17 23:35:02.131  1681  2968 D LEMON   : 
04-17 23:35:02.132  1681  2968 D LEMON   : 23:35:02.132 UTPT: INFO: conn[0x4] send data[2207] to [10.56.5.85:5067] ok.
04-17 23:35:02.132  1681  2968 D LEMON   : 23:35:02.132 ZOS: INFO: fsm(SIP_IST) trans@[65544] state <PROCEEDING> run [SEND_2XX] event ok.
04-17 23:35:02.132  1681  2968 D LEMON   : 23:35:02.132 ZOS: INFO: fsm(SIP_IST) trans@[65544] state <PROCEEDING> to <TERMINATED>.
04-17 23:35:02.132  1681  2968 D LEMON   : 23:35:02.132 SIP: INFO: module delete tmr<0x6D> [TIMER G] ok.
04-17 23:35:02.132  1681  2968 D LEMON   : 23:35:02.132 SIP: INFO: module delete tmr<0x6E> [TIMER H] ok.
04-17 23:35:02.133  1681  2968 D LEMON   : 23:35:02.133 SIP: INFO: module delete tmr<0x6F> [TIMER I] ok.
04-17 23:35:02.133  1681  2968 D LEMON   : 23:35:02.133 SIP: INFO: module delete tmr<0x70> [TIMER L] ok.
04-17 23:35:02.133  1681  2968 D LEMON   : 23:35:02.133 SIP: INFO: module delete tmr<0x71> [TIMER C] ok.
04-17 23:35:02.135  1681  1681 D LEMON   : 23:35:02.135 RSE: INFO: gui notify LeaveSessRmvVideoOk.
04-17 23:35:03.590  1681  1833 D LEMON   : 23:35:03.590 UTPT: INFO: recv udp data(len:879) from [10.56.5.85:32920].
04-17 23:35:03.591  1681  2968 D LEMON   : ACK sip:405872000010353@100.80.131.52:5503 SIP/2.0
04-17 23:35:03.591  1681  2968 D LEMON   : v:SIP/2.0/UDP 10.56.5.85:5067;branch=z9hG4bK_IMSCL1550631.000_2c475128eda61a0d622d535f5517dffa;lskpmc=P97
04-17 23:35:03.591  1681  2968 D LEMON   : Record-Route:<sip:10.56.5.85:5067;routing_id=pcscf_b_side;lskpmc=P97;lr>
04-17 23:35:03.591  1681  2968 D LEMON   : v:SIP/2.0/UDP 10.56.0.37:5090;branch=z9hG4bK_IMSCL1550631.000_54138a3e9351e1d94f3feafe14b9ca4f;lskpmc=S97
04-17 23:35:03.591  1681  2968 D LEMON   : l:0
04-17 23:35:03.591  1681  2968 D LEMON   : f:<sip:+917011021641@ims.mnc872.mcc405.3gppnetwork.org;user=phone>;tag=a01UdedjZABbZbdW
04-17 23:35:03.591  1681  2968 D LEMON   : t:<sip:+917011021568@ims.mnc872.mcc405.3gppnetwork.org;user=phone>;tag=219tijG1c0EL7JRoKE6ePn_LE3
04-17 23:35:03.591  1681  2968 D LEMON   : v:SIP/2.0/UDP 10.56.4.26:5070;branch=z9hG4bKf89C2eDifZ8001be;yop=00.00.73162006.0000.7013
04-17 23:35:03.591  1681  2968 D LEMON   : i:CAAF438FE7D8F8B0D054DD5B@1370ffffffff
04-17 23:35:03.591  1681  2968 D LEMON   : CSeq:10 ACK
04-17 23:35:03.591  1681  2968 D LEMON   : Max-Forwards:62
04-17 23:35:03.591  1681  2968 D LEMON   : d:no-fork
04-17 23:35:03.591  1681  2968 D LEMON   : User-Agent:VoWIFI/WFC UA
04-17 23:35:03.591  1681  2968 D LEMON   : Record-Route:<sip:dl1scfx0202mw.ims.mnc872.mcc405.3gppnetwork.org:5090;lr;interface=isc;lskpmc=S97;routing_id=7f4f5015b98f93c74be1a801e380a188>
04-17 23:35:03.591  1681  2968 D LEMON   : 
04-17 23:35:03.591  1681  2968 D LEMON   : 
04-17 23:35:03.593  1681  2968 D LEMON   : 23:35:03.593 SIP: INFO: dlg @20005 process request <ACK>.
04-17 23:35:03.593  1681  2968 D LEMON   : 23:35:03.593 SIP: INFO: module stop tmr<0x2A> [TIMER SEND_2XX] ok.
04-17 23:35:03.594  1681  2968 D LEMON   : 23:35:03.594 SIP: INFO: module stop tmr<0x2B> [TIMER STOP_2XX] ok.
04-17 23:35:03.596  1681  1826 D LEMON   : 23:35:03.595 ZOS: INFO: fsm(MTF_CALL) conn@[17] state <CONNECTED> run [SAM IND] event ok.
04-17 23:35:03.599  1681  2968 D LEMON   : 23:35:03.599 ZOS: INFO: fsm(SIP_IVT) dlg@[131077] state <CONFIRMED> run [RECV_ACK] event ok.
04-17 23:35:06.331  1681  1833 D LEMON   : 23:35:06.330 UTPT: INFO: recv udp data(len:971) from [10.56.5.85:32920].
04-17 23:35:06.331  1681  2968 D LEMON   : BYE sip:405872000010353@100.80.131.52:5503 SIP/2.0
04-17 23:35:06.331  1681  2968 D LEMON   : v:SIP/2.0/UDP 10.56.5.85:5067;branch=z9hG4bK_IMSCL1550631.000_cdfa7ef15b9afd4c6a940c69fbed0d7a;lskpmc=P97
04-17 23:35:06.331  1681  2968 D LEMON   : Record-Route:<sip:10.56.5.85:5067;routing_id=pcscf_b_side;lskpmc=P97;lr>
04-17 23:35:06.331  1681  2968 D LEMON   : v:SIP/2.0/UDP 10.56.0.37:5090;branch=z9hG4bK_IMSCL1550631.000_d88c9e0a68fb70f135c4b04315ab8c54;lskpmc=S97
04-17 23:35:06.331  1681  2968 D LEMON   : l:0
04-17 23:35:06.331  1681  2968 D LEMON   : f:<sip:+917011021641@ims.mnc872.mcc405.3gppnetwork.org;user=phone>;tag=a01UdedjZABbZbdW
04-17 23:35:06.331  1681  2968 D LEMON   : t:<sip:+917011021568@ims.mnc872.mcc405.3gppnetwork.org;user=phone>;tag=219tijG1c0EL7JRoKE6ePn_LE3
04-17 23:35:06.331  1681  2968 D LEMON   : v:SIP/2.0/UDP 10.56.4.26:5070;branch=z9hG4bK3Bhf8.Yf14a48BA.;yop=00.00.73162006.0000.7013
04-17 23:35:06.331  1681  2968 D LEMON   : i:CAAF438FE7D8F8B0D054DD5B@1370ffffffff
04-17 23:35:06.331  1681  2968 D LEMON   : CSeq:11 BYE
04-17 23:35:06.331  1681  2968 D LEMON   : Max-Forwards:62
04-17 23:35:06.331  1681  2968 D LEMON   : k:timer
04-17 23:35:06.331  1681  2968 D LEMON   : Reason:X.int;reasoncode=0x00000000;add-info=05CC.0001.0001
04-17 23:35:06.331  1681  2968 D LEMON   : Reason:Q.850;cause=16
04-17 23:35:06.331  1681  2968 D LEMON   : d:no-fork
04-17 23:35:06.331  1681  2968 D LEMON   : User-Agent:VoWIFI/WFC UA
04-17 23:35:06.331  1681  2968 D LEMON   : Record-Route:<sip:dl1scfx0202mw.ims.mnc872.mcc405.3gppnetwork.org:5090;lr;interface=isc;lskpmc=S97;routing_id=7f4f5015b98f93c74be1a801e380a188>
04-17 23:35:06.331  1681  2968 D LEMON   : 
04-17 23:35:06.331  1681  2968 D LEMON   : 
04-17 23:35:06.336  1681  2968 D LEMON   : 23:35:06.335 SIP: INFO: module create tmr<0x72> [TIMER J] ok.
04-17 23:35:06.336  1681  2968 D LEMON   : 23:35:06.336 SIP: INFO: module create tmr<0x73> [TIMER C] ok.
04-17 23:35:06.336  1681  2968 D LEMON   : 23:35:06.336 SIP: INFO: trans @10009 process request <BYE>.
04-17 23:35:06.351  1681  2968 D LEMON   : 23:35:06.336 SIP: INFO: module start tmr<0x73> [TIMER C] <200000ms> ok.
04-17 23:35:06.351  1681  2968 D LEMON   : 23:35:06.351 ZOS: INFO: fsm(SIP_NIST) trans@[65545] state <IDLE> run [RECV_NONINVITE] event ok.
04-17 23:35:06.351  1681  2968 D LEMON   : 23:35:06.351 ZOS: INFO: fsm(SIP_NIST) trans@[65545] state <IDLE> to <TRYING>.
04-17 23:35:06.352  1681  2968 D LEMON   : 23:35:06.352 SIP: INFO: dlg @20005 process request <BYE>.
04-17 23:35:06.362  1681  2968 D LEMON   : 23:35:06.362 ZOS: INFO: fsm(SIP_IVT) dlg@[131077] state <CONFIRMED> run [RECV_BYE] event ok.
04-17 23:35:06.362  1681  2968 D LEMON   : 23:35:06.362 ZOS: INFO: fsm(SIP_IVT) dlg@[131077] state <CONFIRMED> to <TERMINATING>.
04-17 23:35:06.363  1681  2968 D LEMON   : 23:35:06.363 SIP: INFO: trans @10009 process response <BYE:200>.
04-17 23:35:06.363  1681  2968 D LEMON   : SIP/2.0 200 OK
04-17 23:35:06.363  1681  2968 D LEMON   : From: <sip:+917011021641@ims.mnc872.mcc405.3gppnetwork.org;user=phone>;tag=a01UdedjZABbZbdW
04-17 23:35:06.363  1681  2968 D LEMON   : To: <sip:+917011021568@ims.mnc872.mcc405.3gppnetwork.org;user=phone>;tag=219tijG1c0EL7JRoKE6ePn_LE3
