04-17 23:33:28.580  1681  2968 D LEMON   : Call-ID: CAAF438FE7D8F8B0D054DD5B@1370ffffffff
04-17 23:33:28.580  1681  2968 D LEMON   : CSeq: 4 INVITE
04-17 23:33:28.580  1681  2968 D LEMON   : Max-Forwards: 70
04-17 23:33:28.580  1681  2968 D LEMON   : Server: VoWIFI/WFC UA
04-17 23:33:28.580  1681  2968 D LEMON   : Record-Route: <sip:10.56.5.85:5067;routing_id=pcscf_b_side;lskpmc=P97;lr>
04-17 23:33:28.580  1681  2968 D LEMON   : Record-Route: <sip:dl1scfx0202mw.ims.mnc872.mcc405.3gppnetwork.org:5090;lr;interface=isc;lskpmc=S97;reg-id=971460903928823043;routing_id=7f4f5015b98f93c74be1a801e380a188>
04-17 23:33:28.580  1681  2968 D LEMON   : Record-Route: <sip:AAQACE71wAAD/AAAAuAAAfYUK@10.56.4.26:5070;yop=00.00.73162006.0000.7013;lr>
04-17 23:33:28.580  1681  2968 D LEMON   : Via: SIP/2.0/UDP 10.56.5.85:5067;branch=z9hG4bK_IMSCL1550631.000_1bd9f1239c57babda780b679bdc4a5c2;lskpmc=P97;received=10.56.5.85
04-17 23:33:28.580  1681  2968 D LEMON   : Via: SIP/2.0/TCP 10.56.0.37:5090;branch=z9hG4bK_IMSCL1550631.000_6a7585847cc2392fc20732b4ec41fa52;lskpmc=S97
04-17 23:33:28.580  1681  2968 D LEMON   : Via: SIP/2.0/TCP 10.56.4.26:5070;branch=z9hG4bKbZ2Acc.AbC8cBaW8;yop=00.00.73162006.0000.7013
04-17 23:33:28.580  1681  2968 D LEMON   : Content-Type: application/sdp
04-17 23:33:28.580  1681  2968 D LEMON   : Content-Length: 223
04-17 23:33:28.580  1681  2968 D LEMON   : 
04-17 23:33:28.580  1681  2968 D LEMON   : v=0
04-17 23:33:28.580  1681  2968 D LEMON   : o=405872000010353 4258686320 4258686322 IN IP4 100.80.131.52
04-17 23:33:28.580  1681  2968 D LEMON   : s=-
04-17 23:33:28.580  1681  2968 D LEMON   : c=IN IP4 100.80.131.52
04-17 23:33:28.580  1681  2968 D LEMON   : t=0 0
04-17 23:33:28.580  1681  2968 D LEMON   : m=audio 37090 RTP/AVP 104
04-17 23:33:28.580  1681  2968 D LEMON   : a=rtpmap:104 AMR-WB/16000
04-17 23:33:28.580  1681  2968 D LEMON   : a=fmtp:104 octet-align=1
04-17 23:33:28.580  1681  2968 D LEMON   : a=ptime:20
04-17 23:33:28.580  1681  2968 D LEMON   : a=maxptime:144
04-17 23:33:28.580  1681  2968 D LEMON   : a=recvonly
04-17 23:33:28.580  1681  2968 D LEMON   : 
04-17 23:33:28.581  1681  2968 D LEMON   : 23:33:28.581 UTPT: INFO: conn[0x4] send data[1990] to [10.56.5.85:5067] ok.
04-17 23:33:28.581  1681  2968 D LEMON   : 23:33:28.581 ZOS: INFO: fsm(SIP_IST) trans@[65545] state <PROCEEDING> run [SEND_2XX] event ok.
04-17 23:33:28.581  1681  2968 D LEMON   : 23:33:28.581 ZOS: INFO: fsm(SIP_IST) trans@[65545] state <PROCEEDING> to <TERMINATED>.
04-17 23:33:28.581  1681  2968 D LEMON   : 23:33:28.581 SIP: INFO: module delete tmr<0x39> [TIMER G] ok.
04-17 23:33:28.581  1681  2968 D LEMON   : 23:33:28.581 SIP: INFO: module delete tmr<0x3A> [TIMER H] ok.
04-17 23:33:28.581  1681  2968 D LEMON   : 23:33:28.581 SIP: INFO: module delete tmr<0x3B> [TIMER I] ok.
04-17 23:33:28.581  1681  2968 D LEMON   : 23:33:28.581 SIP: INFO: module delete tmr<0x3C> [TIMER L] ok.
04-17 23:33:28.582  1681  2968 D LEMON   : 23:33:28.582 SIP: INFO: module delete tmr<0x3D> [TIMER C] ok.
04-17 23:33:29.875  1681  1833 D LEMON   : 23:33:29.875 UTPT: INFO: recv udp data(len:1871) from [10.56.5.85:32920].
04-17 23:33:29.876  1681  2968 D LEMON   : ACK sip:405872000010353@100.80.131.52:5503 SIP/2.0
04-17 23:33:29.876  1681  2968 D LEMON   : v:SIP/2.0/UDP 10.56.5.85:5067;branch=z9hG4bK_IMSCL1550631.000_8abedb6a81a406f73be95bf632a5c0db;lskpmc=P97
04-17 23:33:29.876  1681  2968 D LEMON   : Record-Route:<sip:10.56.5.85:5067;routing_id=pcscf_b_side;lskpmc=P97;lr>
04-17 23:33:29.876  1681  2968 D LEMON   : v:SIP/2.0/TCP 10.56.0.37:5090;branch=z9hG4bK_IMSCL1550631.000_c18cae76c7fcbc76a90bd88a8a498e83;lskpmc=S97
04-17 23:33:29.876  1681  2968 D LEMON   : l:247
04-17 23:33:29.876  1681  2968 D LEMON   : f:<sip:+917011021641@ims.mnc872.mcc405.3gppnetwork.org;user=phone>;tag=a01UdedjZABbZbdW
04-17 23:33:29.876  1681  2968 D LEMON   : t:<sip:+917011021568@ims.mnc872.mcc405.3gppnetwork.org;user=phone>;tag=219tijG1c0EL7JRoKE6ePn_LE3
04-17 23:33:29.876  1681  2968 D LEMON   : v:SIP/2.0/TCP 10.56.4.26:5070;branch=z9hG4bKB.adi0UdCjbedU4V;yop=00.00.73162006.0000.7013
04-17 23:33:29.876  1681  2968 D LEMON   : i:CAAF438FE7D8F8B0D054DD5B@1370ffffffff
04-17 23:33:29.876  1681  2968 D LEMON   : CSeq:4 ACK
04-17 23:33:29.876  1681  2968 D LEMON   : Max-Forwards:62
04-17 23:33:29.876  1681  2968 D LEMON   : c:application/sdp
04-17 23:33:29.876  1681  2968 D LEMON   : Content-Disposition:session;handling=required
04-17 23:33:29.876  1681  2968 D LEMON   : d:no-fork
04-17 23:33:29.876  1681  2968 D LEMON   : Server:VoWIFI/WFC UA
04-17 23:33:29.876  1681  2968 D LEMON   : P-NokiaSiemens.Session-Info:bearer=yes; corrID=321CuyuqaaCsSwuDOKE6ei*1aF@100.81.138.26; originator=<sip:+917011021641@ims.mnc872.mcc405.3gppnetwork.org>; <sip:+917011021568@ims.mnc872.mcc405.3gppnetwork.org>;impi-orig="impi:405872000010425@ims.mnc872.mcc405.3gppnetwork.org";impi-term="impi:405872000010353@ims.mnc872.mcc405.3gppnetwork.org";instance-id-orig="urn:gsma:imei:86740002-050413-4";instance-id-term="urn:gsma:imei:86740002-050381-3";Originator-Domain=ims.mnc872.mcc405.3gppnetwork.org;dlg-to-tag=G321gt.-G0aCsSwuDOKE6ei*1a;dlg-from-tag=34j346WB08fC6Z2j;dlg-call-id="321CuyuqaaCsSwuDOKE6ei*1aF@100.81.138.26";dlg-routing-id=pcscf_a_side-89a2428496f36883534c613db53a5303
04-17 23:33:29.876  1681  2968 D LEMON   : Record-Route:<sip:dl1scfx0202mw.ims.mnc872.mcc405.3gppnetwork.org:5090;lr;interface=isc;lskpmc=S97;routing_id=7f4f5015b98f93c74be1a801e380a188>
04-17 23:33:29.876  1681  2968 D LEMON   : 
04-17 23:33:29.876  1681  2968 D LEMON   : v=0
04-17 23:33:29.876  1681  2968 D LEMON   : o=- 0 2 IN IP4 ims.mnc872.mcc405.3gppnetwork.org
04-17 23:33:29.876  1681  2968 D LEMON   : s=media server session
04-17 23:33:29.876  1681  2968 D LEMON   : t=0 0
04-17 23:33:29.876  1681  2968 D LEMON   : m=audio 50792 RTP/AVP 104
04-17 23:33:29.876  1681  2968 D LEMON   : c=IN IP4 10.56.5.5
04-17 23:33:29.876  1681  2968 D LEMON   : a=rtpmap:104 AMR-WB/16000
04-17 23:33:29.876  1681  2968 D LEMON   : a=fmtp:104 octet-align=1; mode-change-capability=2
04-17 23:33:29.876  1681  2968 D LEMON   : a=rtcp-xr
04-17 23:33:29.876  1681  2968 D LEMON   : a=ptime:20
04-17 23:33:29.876  1681  2968 D LEMON   : a=sendonly
04-17 23:33:29.876  1681  2968 D LEMON   : 
04-17 23:33:29.934  1681  2968 D LEMON   : 23:33:29.934 SIP: INFO: dlg @20005 process request <ACK>.
04-17 23:33:29.935  1681  2968 D LEMON   : 23:33:29.934 SIP: INFO: module stop tmr<0x2A> [TIMER SEND_2XX] ok.
04-17 23:33:29.935  1681  2968 D LEMON   : 23:33:29.935 SIP: INFO: module stop tmr<0x2B> [TIMER STOP_2XX] ok.
04-17 23:33:29.944  1681  2968 D LEMON   : 23:33:29.944 ZOS: INFO: fsm(SIP_IVT) dlg@[131077] state <CONFIRMED> run [RECV_ACK] event ok.
04-17 23:33:29.955  1681  1826 D LEMON   : 23:33:29.955 ZOS: INFO: fsm(MTF_CALL) conn@[17] state <CONNECTED> run [SAM IND] event ok.
04-17 23:33:29.958  1681  1681 D LEMON   : 23:33:29.958 RSE: INFO: gui notify LeaveSessMdfyed.
04-17 23:33:39.033  1681  1833 D LEMON   : 23:33:39.033 UTPT: INFO: recv udp data(len:1735) from [10.56.5.85:32920].
04-17 23:33:39.034  1681  2968 D LEMON   : INVITE sip:405872000010353@100.80.131.52:5503 SIP/2.0
04-17 23:33:39.034  1681  2968 D LEMON   : v:SIP/2.0/UDP 10.56.5.85:5067;branch=z9hG4bK_IMSCL1550631.000_90dcec51a84016a19873d0aa40cec81b;lskpmc=P97
04-17 23:33:39.034  1681  2968 D LEMON   : Record-Route:<sip:10.56.5.85:5067;routing_id=pcscf_b_side;lskpmc=P97;lr>
04-17 23:33:39.034  1681  2968 D LEMON   : v:SIP/2.0/TCP 10.56.0.37:5090;branch=z9hG4bK_IMSCL1550631.000_a8261558fe8568018d8540ff7da68fbd;lskpmc=S97
04-17 23:33:39.034  1681  2968 D LEMON   : l:247
04-17 23:33:39.034  1681  2968 D LEMON   : f:<sip:+917011021641@ims.mnc872.mcc405.3gppnetwork.org;user=phone>;tag=a01UdedjZABbZbdW
04-17 23:33:39.034  1681  2968 D LEMON   : t:<sip:+917011021568@ims.mnc872.mcc405.3gppnetwork.org;user=phone>;tag=219tijG1c0EL7JRoKE6ePn_LE3
04-17 23:33:39.034  1681  2968 D LEMON   : v:SIP/2.0/TCP 10.56.4.26:5070;branch=z9hG4bKeDZ5252B4.0e9e8c;yop=00.00.73162006.0000.7013
04-17 23:33:39.034  1681  2968 D LEMON   : i:CAAF438FE7D8F8B0D054DD5B@1370ffffffff
04-17 23:33:39.034  1681  2968 D LEMON   : CSeq:5 INVITE
04-17 23:33:39.034  1681  2968 D LEMON   : Max-Forwards:62
04-17 23:33:39.034  1681  2968 D LEMON   : Record-Route:<sip:dl1scfx0202mw.ims.mnc872.mcc405.3gppnetwork.org:5090;lr;interface=isc;lskpmc=S97;routing_id=7f4f5015b98f93c74be1a801e380a188>
04-17 23:33:39.034  1681  2968 D LEMON   : Record-Route:<sip:AAQACE71wAAD/AAAAuAAAfYUK@10.56.4.26:5070;yop=00.00.73162006.0000.7013;lr>
04-17 23:33:39.034  1681  2968 D LEMON   : x:1800;refresher=uac
04-17 23:33:39.034  1681  2968 D LEMON   : Min-SE:600
04-17 23:33:39.034  1681  2968 D LEMON   : m:<sip:405872000010425@10.56.4.26:5070;yop=00.00.73162006.0000.7013>;+g.3gpp.icsi-ref="urn%%3Aurn-7%%3A3gpp-service.ims.icsi.mmtel";video;+sip.instance="<urn:gsma:imei:86740002-050413-0>"
04-17 23:33:39.034  1681  2968 D LEMON   : k:timer,tdialog
04-17 23:33:39.034  1681  2968 D LEMON   : Allow:ACK,BYE,CANCEL,INFO,INVITE,NOTIFY,OPTIONS,PRACK,REFER,UPDATE
04-17 23:33:39.034  1681  2968 D LEMON   : Feature-Caps:*;+g.3gpp.srvcc;+g.3gpp.icsi-ref="urn%%3Aurn-7%%3A3gpp-service.ims.icsi.mmtel"
04-17 23:33:39.034  1681  2968 D LEMON   : c:application/sdp
04-17 23:33:39.034  1681  2968 D LEMON   : Content-Disposition:session;handling=required
04-17 23:33:39.034  1681  2968 D LEMON   : User-Agent:VoWIFI/WFC UA
04-17 23:33:39.034  1681  2968 D LEMON   : P-Visited-Network-ID:ims.mnc872.mcc405.3gppnetwork.org
04-17 23:33:39.034  1681  2968 D LEMON   : 
04-17 23:33:39.034  1681  2968 D LEMON   : v=0
04-17 23:33:39.034  1681  2968 D LEMON   : o=- 0 3 IN IP4 ims.mnc872.mcc405.3gppnetwork.org
04-17 23:33:39.034  1681  2968 D LEMON   : s=media server session
04-17 23:33:39.034  1681  2968 D LEMON   : t=0 0
04-17 23:33:39.034  1681  2968 D LEMON   : m=audio 50792 RTP/AVP 104
04-17 23:33:39.034  1681  2968 D LEMON   : c=IN IP4 10.56.5.5
04-17 23:33:39.034  1681  2968 D LEMON   : a=rtpmap:104 AMR-WB/16000
04-17 23:33:39.034  1681  2968 D LEMON   : a=fmtp:104 octet-align=1; mode-change-capability=2
04-17 23:33:39.034  1681  2968 D LEMON   : a=rtcp-xr
04-17 23:33:39.034  1681  2968 D LEMON   : a=ptime:20
04-17 23:33:39.034  1681  2968 D LEMON   : a=sendrecv
04-17 23:33:39.034  1681  2968 D LEMON   : 
04-17 23:33:39.035  1681  2968 D LEMON   : 23:33:39.035 SIP: INFO: module create tmr<0x3E> [TIMER G] ok.
04-17 23:33:39.035  1681  2968 D LEMON   : 23:33:39.035 SIP: INFO: module create tmr<0x3F> [TIMER H] ok.
04-17 23:33:39.035  1681  2968 D LEMON   : 23:33:39.035 SIP: INFO: module create tmr<0x40> [TIMER I] ok.
04-17 23:33:39.035  1681  2968 D LEMON   : 23:33:39.035 SIP: INFO: module create tmr<0x41> [TIMER L] ok.
04-17 23:33:39.035  1681  2968 D LEMON   : 23:33:39.035 SIP: INFO: module create tmr<0x42> [TIMER C] ok.
04-17 23:33:39.035  1681  2968 D LEMON   : 23:33:39.035 SIP: INFO: trans @10006 process request <INVITE>.
04-17 23:33:39.035  1681  2968 D LEMON   : 23:33:39.035 SIP: INFO: module start tmr<0x42> [TIMER C] <200000ms> ok.
04-17 23:33:39.035  1681  2968 D LEMON   : 23:33:39.035 ZOS: INFO: fsm(SIP_IST) trans@[65542] state <IDLE> run [RECV_INVITE] event ok.
04-17 23:33:39.035  1681  2968 D LEMON   : 23:33:39.035 ZOS: INFO: fsm(SIP_IST) trans@[65542] state <IDLE> to <PROCEEDING>.
04-17 23:33:39.036  1681  2968 D LEMON   : 23:33:39.036 SIP: INFO: dlg @20005 process request <INVITE>.
04-17 23:33:39.036  1681  2968 D LEMON   : SIP/2.0 100 Trying
04-17 23:33:39.036  1681  2968 D LEMON   : To: <sip:+917011021568@ims.mnc872.mcc405.3gppnetwork.org;user=phone>;tag=219tijG1c0EL7JRoKE6ePn_LE3
04-17 23:33:39.036  1681  2968 D LEMON   : From: <sip:+917011021641@ims.mnc872.mcc405.3gppnetwork.org;user=phone>;tag=a01UdedjZABbZbdW
04-17 23:33:39.036  1681  2968 D LEMON   : CSeq: 5 INVITE
04-17 23:33:39.036  1681  2968 D LEMON   : Call-ID: CAAF438FE7D8F8B0D054DD5B@1370ffffffff
04-17 23:33:39.036  1681  2968 D LEMON   : Via: SIP/2.0/UDP 10.56.5.85:5067;branch=z9hG4bK_IMSCL1550631.000_90dcec51a84016a19873d0aa40cec81b;lskpmc=P97;received=10.56.5.85
04-17 23:33:39.036  1681  2968 D LEMON   : Via: SIP/2.0/TCP 10.56.0.37:5090;branch=z9hG4bK_IMSCL1550631.000_a8261558fe8568018d8540ff7da68fbd;lskpmc=S97
04-17 23:33:39.036  1681  2968 D LEMON   : Via: SIP/2.0/TCP 10.56.4.26:5070;branch=z9hG4bKeDZ5252B4.0e9e8c;yop=00.00.73162006.0000.7013
04-17 23:33:39.036  1681  2968 D LEMON   : Content-Length: 0
04-17 23:33:39.036  1681  2968 D LEMON   : 
04-17 23:33:39.036  1681  2968 D LEMON   : 
04-17 23:33:39.037  1681  2968 D LEMON   : 23:33:39.037 UTPT: INFO: conn[0x4] send data[633] to [10.56.5.85:5067] ok.
04-17 23:33:39.039  1681  2968 D LEMON   : 23:33:39.039 ZOS: INFO: fsm(SIP_IVT) dlg@[131077] state <CONFIRMED> run [RECV_INVITE] event ok.
04-17 23:33:39.039  1681  2968 D LEMON   : 23:33:39.039 ZOS: INFO: fsm(SIP_IVT) dlg@[131077] state <CONFIRMED> to <MODIFY IN>.
04-17 23:33:39.057  1681  2968 D LEMON   : 23:33:39.057 SIP: INFO: dlg @20005 process response <INVITE:200>.
04-17 23:33:39.057  1681  2968 D LEMON   : 23:33:39.057 SIP: INFO: module start tmr<0x2A> [TIMER SEND_2XX] <2000ms> ok.
04-17 23:33:39.057  1681  2968 D LEMON   : 23:33:39.057 SIP: INFO: module start tmr<0x2B> [TIMER STOP_2XX] <128000ms> ok.
04-17 23:33:39.058  1681  2968 D LEMON   : 23:33:39.058 ZOS: INFO: fsm(SIP_IVT) dlg@[131077] state <MODIFY IN> run [SMM_RSP] event ok.
04-17 23:33:39.058  1681  2968 D LEMON   : 23:33:39.058 ZOS: INFO: fsm(SIP_IVT) dlg@[131077] state <MODIFY IN> to <CONFIRMED>.
04-17 23:33:39.058  1681  2968 D LEMON   : 23:33:39.058 SIP: INFO: trans @10006 process response <INVITE:200>.
04-17 23:33:39.058  1681  2968 D LEMON   : 23:33:39.058 SIP: INFO: module stop tmr<0x42> [TIMER C] ok.
04-17 23:33:39.060  1681  1826 D LEMON   : 23:33:39.060 ZOS: INFO: fsm(MTF_CALL) conn@[17] state <CONNECTED> run [SMM IND] event ok.
04-17 23:33:39.058  1681  2968 D LEMON   : SIP/2.0 200 OK
04-17 23:33:39.058  1681  2968 D LEMON   : From: <sip:+917011021641@ims.mnc872.mcc405.3gppnetwork.org;user=phone>;tag=a01UdedjZABbZbdW
04-17 23:33:39.058  1681  2968 D LEMON   : To: <sip:+917011021568@ims.mnc872.mcc405.3gppnetwork.org;user=phone>;tag=219tijG1c0EL7JRoKE6ePn_LE3
04-17 23:33:39.058  1681  2968 D LEMON   : Supported: 100rel,join,norefersub,replaces,timer
04-17 23:33:39.058  1681  2968 D LEMON   : Allow: INVITE,ACK,BYE,CANCEL,UPDATE,REGISTER,INFO,PRACK,SUBSCRIBE,NOTIFY,MESSAGE,REFER,PUBLISH
04-17 23:33:39.058  1681  2968 D LEMON   : Session-Expires: 1800;refresher=uac
04-17 23:33:39.058  1681  2968 D LEMON   : Min-SE: 600
04-17 23:33:39.058  1681  2968 D LEMON   : Require: timer
04-17 23:33:39.058  1681  2968 D LEMON   : Contact: <sip:405872000010353@100.80.131.52:5503>;+sip.instance="<urn:gsma:imei:86740002-050381-3>";+g.3gpp.icsi-ref="urn%%3Aurn-7%%3A3gpp-service.ims.icsi.mmtel";video
04-17 23:33:39.058  1681  2968 D LEMON   : Record-Route: <sip:10.56.5.85:5067;routing_id=pcscf_b_side;lskpmc=P97;lr>
04-17 23:33:39.058  1681  2968 D LEMON   : Record-Route: <sip:dl1scfx0202mw.ims.mnc872.mcc405.3gppnetwork.org:5090;lr;interface=isc;lskpmc=S97;reg-id=971460903928823043;routing_id=7f4f5015b98f93c74be1a801e380a188>
04-17 23:33:39.058  1681  2968 D LEMON   : Record-Route: <sip:AAQACE71wAAD/AAAAuAAAfYUK@10.56.4.26:5070;yop=00.00.73162006.0000.7013;lr>
04-17 23:33:39.058  1681  2968 D LEMON   : Call-ID: CAAF438FE7D8F8B0D054DD5B@1370ffffffff
04-17 23:33:39.058  1681  2968 D LEMON   : CSeq: 5 INVITE
04-17 23:33:39.058  1681  2968 D LEMON   : Max-Forwards: 70
04-17 23:33:39.058  1681  2968 D LEMON   : Server: VoWIFI/WFC UA
04-17 23:33:39.058  1681  2968 D LEMON   : Record-Route: <sip:10.56.5.85:5067;routing_id=pcscf_b_side;lskpmc=P97;lr>
04-17 23:33:39.058  1681  2968 D LEMON   : Record-Route: <sip:dl1scfx0202mw.ims.mnc872.mcc405.3gppnetwork.org:5090;lr;interface=isc;lskpmc=S97;reg-id=971460903928823043;routing_id=7f4f5015b98f93c74be1a801e380a188>
04-17 23:33:39.058  1681  2968 D LEMON   : Record-Route: <sip:AAQACE71wAAD/AAAAuAAAfYUK@10.56.4.26:5070;yop=00.00.73162006.0000.7013;lr>
04-17 23:33:39.058  1681  2968 D LEMON   : Via: SIP/2.0/UDP 10.56.5.85:5067;branch=z9hG4bK_IMSCL1550631.000_90dcec51a84016a19873d0aa40cec81b;lskpmc=P97;received=10.56.5.85
04-17 23:33:39.058  1681  2968 D LEMON   : Via: SIP/2.0/TCP 10.56.0.37:5090;branch=z9hG4bK_IMSCL1550631.000_a8261558fe8568018d8540ff7da68fbd;lskpmc=S97
04-17 23:33:39.058  1681  2968 D LEMON   : Via: SIP/2.0/TCP 10.56.4.26:5070;branch=z9hG4bKeDZ5252B4.0e9e8c;yop=00.00.73162006.0000.7013
04-17 23:33:39.058  1681  2968 D LEMON   : Content-Type: application/sdp
04-17 23:33:39.058  1681  2968 D LEMON   : Content-Length: 269
04-17 23:33:39.058  1681  2968 D LEMON   : 
04-17 23:33:39.058  1681  2968 D LEMON   : v=0
04-17 23:33:39.058  1681  2968 D LEMON   : o=405872000010353 4258686320 4258686324 IN IP4 100.80.131.52
04-17 23:33:39.058  1681  2968 D LEMON   : s=-
04-17 23:33:39.058  1681  2968 D LEMON   : c=IN IP4 100.80.131.52
04-17 23:33:39.058  1681  2968 D LEMON   : t=0 0
04-17 23:33:39.058  1681  2968 D LEMON   : m=audio 37090 RTP/AVP 104
04-17 23:33:39.058  1681  2968 D LEMON   : a=rtpmap:104 AMR-WB/16000
04-17 23:33:39.058  1681  2968 D LEMON   : a=fmtp:104 octet-align=1;mode-change-period=2;mode-change-capability=2
04-17 23:33:39.058  1681  2968 D LEMON   : a=ptime:20
04-17 23:33:39.058  1681  2968 D LEMON   : a=maxptime:144
04-17 23:33:39.058  1681  2968 D LEMON   : a=sendrecv
04-17 23:33:39.058  1681  2968 D LEMON   : 
04-17 23:33:39.062  1681  2968 D LEMON   : 23:33:39.061 UTPT: INFO: conn[0x4] send data[2036] to [10.56.5.85:5067] ok.
04-17 23:33:39.062  1681  2968 D LEMON   : 23:33:39.062 ZOS: INFO: fsm(SIP_IST) trans@[65542] state <PROCEEDING> run [SEND_2XX] event ok.
04-17 23:33:39.062  1681  2968 D LEMON   : 23:33:39.062 ZOS: INFO: fsm(SIP_IST) trans@[65542] state <PROCEEDING> to <TERMINATED>.
04-17 23:33:39.062  1681  2968 D LEMON   : 23:33:39.062 SIP: INFO: module delete tmr<0x3E> [TIMER G] ok.
04-17 23:33:39.062  1681  2968 D LEMON   : 23:33:39.062 SIP: INFO: module delete tmr<0x3F> [TIMER H] ok.
04-17 23:33:39.062  1681  2968 D LEMON   : 23:33:39.062 SIP: INFO: module delete tmr<0x40> [TIMER I] ok.
04-17 23:33:39.062  1681  2968 D LEMON   : 23:33:39.062 SIP: INFO: module delete tmr<0x41> [TIMER L] ok.
04-17 23:33:39.062  1681  2968 D LEMON   : 23:33:39.062 SIP: INFO: module delete tmr<0x42> [TIMER C] ok.
04-17 23:33:39.064  1681  1681 D LEMON   : 23:33:39.064 RSE: INFO: gui notify LeaveSessUnHeld.
04-17 23:33:39.844  1681  1833 D LEMON   : 23:33:39.844 UTPT: INFO: recv udp data(len:852) from [10.56.5.85:32920].
04-17 23:33:39.845  1681  2968 D LEMON   : ACK sip:405872000010353@100.80.131.52:5503 SIP/2.0
04-17 23:33:39.845  1681  2968 D LEMON   : v:SIP/2.0/UDP 10.56.5.85:5067;branch=z9hG4bK_IMSCL1550631.000_c9120df52fe01ee85f16a3d31756ed50;lskpmc=P97
04-17 23:33:39.845  1681  2968 D LEMON   : Record-Route:<sip:10.56.5.85:5067;routing_id=pcscf_b_side;lskpmc=P97;lr>
04-17 23:33:39.845  1681  2968 D LEMON   : v:SIP/2.0/UDP 10.56.0.37:5090;branch=z9hG4bK_IMSCL1550631.000_f886b9d67e4145a6b3871822335265ed;lskpmc=S97
04-17 23:33:39.845  1681  2968 D LEMON   : l:0
04-17 23:33:39.845  1681  2968 D LEMON   : f:<sip:+917011021641@ims.mnc872.mcc405.3gppnetwork.org;user=phone>;tag=a01UdedjZABbZbdW
04-17 23:33:39.845  1681  2968 D LEMON   : t:<sip:+917011021568@ims.mnc872.mcc405.3gppnetwork.org;user=phone>;tag=219tijG1c0EL7JRoKE6ePn_LE3
04-17 23:33:39.845  1681  2968 D LEMON   : v:SIP/2.0/UDP 10.56.4.26:5070;branch=z9hG4bKiCjY7ZA5h0gb11jD;yop=00.00.73162006.0000.7013
04-17 23:33:39.845  1681  2968 D LEMON   : i:CAAF438FE7D8F8B0D054DD5B@1370ffffffff
04-17 23:33:39.845  1681  2968 D LEMON   : CSeq:5 ACK
04-17 23:33:39.845  1681  2968 D LEMON   : Max-Forwards:62
04-17 23:33:39.845  1681  2968 D LEMON   : d:no-fork
04-17 23:33:39.845  1681  2968 D LEMON   : Record-Route:<sip:dl1scfx0202mw.ims.mnc872.mcc405.3gppnetwork.org:5090;lr;interface=isc;lskpmc=S97;routing_id=7f4f5015b98f93c74be1a801e380a188>
04-17 23:33:39.845  1681  2968 D LEMON   : 
04-17 23:33:39.845  1681  2968 D LEMON   : 
04-17 23:33:39.846  1681  2968 D LEMON   : 23:33:39.846 SIP: INFO: dlg @20005 process request <ACK>.
04-17 23:33:39.847  1681  2968 D LEMON   : 23:33:39.847 SIP: INFO: module stop tmr<0x2A> [TIMER SEND_2XX] ok.
04-17 23:33:39.847  1681  2968 D LEMON   : 23:33:39.847 SIP: INFO: module stop tmr<0x2B> [TIMER STOP_2XX] ok.
04-17 23:33:39.850  1681  2968 D LEMON   : 23:33:39.850 ZOS: INFO: fsm(SIP_IVT) dlg@[131077] state <CONFIRMED> run [RECV_ACK] event ok.
04-17 23:33:39.861  1681  1826 D LEMON   : 23:33:39.861 ZOS: INFO: fsm(MTF_CALL) conn@[17] state <CONNECTED> run [SAM IND] event ok.
04-17 23:33:40.303  1681  1833 D LEMON   : 23:33:40.303 UTPT: INFO: recv udp data(len:1722) from [10.56.5.85:32920].
04-17 23:33:40.305  1681  2968 D LEMON   : INVITE sip:405872000010353@100.80.131.52:5503 SIP/2.0
04-17 23:33:40.305  1681  2968 D LEMON   : v:SIP/2.0/UDP 10.56.5.85:5067;branch=z9hG4bK_IMSCL1550631.000_fe3eea1a0e15058ad124dde5a2a6edc9;lskpmc=P97
04-17 23:33:40.305  1681  2968 D LEMON   : Record-Route:<sip:10.56.5.85:5067;routing_id=pcscf_b_side;lskpmc=P97;lr>
04-17 23:33:40.305  1681  2968 D LEMON   : v:SIP/2.0/TCP 10.56.0.37:5090;branch=z9hG4bK_IMSCL1550631.000_1644a5ddc003cd31c5fccd2be5d1a052;lskpmc=S97
04-17 23:33:40.305  1681  2968 D LEMON   : l:269
04-17 23:33:40.305  1681  2968 D LEMON   : f:<sip:+917011021641@ims.mnc872.mcc405.3gppnetwork.org;user=phone>;tag=a01UdedjZABbZbdW
04-17 23:33:40.305  1681  2968 D LEMON   : t:<sip:+917011021568@ims.mnc872.mcc405.3gppnetwork.org;user=phone>;tag=219tijG1c0EL7JRoKE6ePn_LE3
04-17 23:33:40.305  1681  2968 D LEMON   : v:SIP/2.0/TCP 10.56.4.26:5070;branch=z9hG4bKdja.Dh672Y6UUhXa;yop=00.00.73162006.0000.7013
04-17 23:33:40.305  1681  2968 D LEMON   : i:CAAF438FE7D8F8B0D054DD5B@1370ffffffff
04-17 23:33:40.305  1681  2968 D LEMON   : CSeq:6 INVITE
04-17 23:33:40.305  1681  2968 D LEMON   : Max-Forwards:65
04-17 23:33:40.305  1681  2968 D LEMON   : Record-Route:<sip:dl1scfx0202mw.ims.mnc872.mcc405.3gppnetwork.org:5090;lr;interface=isc;lskpmc=S97;routing_id=7f4f5015b98f93c74be1a801e380a188>
04-17 23:33:40.305  1681  2968 D LEMON   : Record-Route:<sip:AAQACE71wAAD/AAAAuAAAfYUK@10.56.4.26:5070;yop=00.00.73162006.0000.7013;lr>
04-17 23:33:40.305  1681  2968 D LEMON   : x:1800;refresher=uac
04-17 23:33:40.305  1681  2968 D LEMON   : Min-SE:600
04-17 23:33:40.305  1681  2968 D LEMON   : m:<sip:405872000010425@10.56.4.26:5070;yop=00.00.73162006.0000.7013>;+g.3gpp.icsi-ref="urn%%3Aurn-7%%3A3gpp-service.ims.icsi.mmtel";video;+sip.instance="<urn:gsma:imei:86740002-050413-0>"
04-17 23:33:40.305  1681  2968 D LEMON   : k:join,replaces,timer,norefersub,tdialog
04-17 23:33:40.305  1681  2968 D LEMON   : Allow:ACK,BYE,CANCEL,INFO,INVITE,NOTIFY,OPTIONS,PRACK,REFER,UPDATE
04-17 23:33:40.305  1681  2968 D LEMON   : Feature-Caps:*;+g.3gpp.srvcc;+g.3gpp.icsi-ref="urn%%3Aurn-7%%3A3gpp-service.ims.icsi.mmtel"
04-17 23:33:40.305  1681  2968 D LEMON   : c:application/sdp
04-17 23:33:40.305  1681  2968 D LEMON   : Content-Disposition:session;handling=required
04-17 23:33:40.305  1681  2968 D LEMON   : Server:VoWIFI/WFC UA
04-17 23:33:40.305  1681  2968 D LEMON   : 
04-17 23:33:40.305  1681  2968 D LEMON   : v=0
04-17 23:33:40.305  1681  2968 D LEMON   : o=405872000010425 0 4 IN IP4 ims.mnc872.mcc405.3gppnetwork.org
04-17 23:33:40.305  1681  2968 D LEMON   : s=-
04-17 23:33:40.305  1681  2968 D LEMON   : c=IN IP4 10.56.5.5
04-17 23:33:40.305  1681  2968 D LEMON   : t=0 0
04-17 23:33:40.305  1681  2968 D LEMON   : m=audio 50792 RTP/AVP 104
04-17 23:33:40.305  1681  2968 D LEMON   : a=rtpmap:104 AMR-WB/16000
04-17 23:33:40.305  1681  2968 D LEMON   : a=fmtp:104 octet-align=1; mode-change-period=2; mode-change-capability=2
04-17 23:33:40.305  1681  2968 D LEMON   : a=ptime:20
04-17 23:33:40.305  1681  2968 D LEMON   : a=maxptime:144
04-17 23:33:40.305  1681  2968 D LEMON   : a=sendrecv
04-17 23:33:40.305  1681  2968 D LEMON   : 
04-17 23:33:40.306  1681  2968 D LEMON   : 23:33:40.306 SIP: INFO: module create tmr<0x43> [TIMER G] ok.
04-17 23:33:40.306  1681  2968 D LEMON   : 23:33:40.306 SIP: INFO: module create tmr<0x44> [TIMER H] ok.
04-17 23:33:40.306  1681  2968 D LEMON   : 23:33:40.306 SIP: INFO: module create tmr<0x45> [TIMER I] ok.
04-17 23:33:40.307  1681  2968 D LEMON   : 23:33:40.307 SIP: INFO: module create tmr<0x46> [TIMER L] ok.
04-17 23:33:40.307  1681  2968 D LEMON   : 23:33:40.307 SIP: INFO: module create tmr<0x47> [TIMER C] ok.
04-17 23:33:40.307  1681  2968 D LEMON   : 23:33:40.307 SIP: INFO: trans @10008 process request <INVITE>.
04-17 23:33:40.309  1681  2968 D LEMON   : 23:33:40.308 SIP: INFO: module start tmr<0x47> [TIMER C] <200000ms> ok.
04-17 23:33:40.309  1681  2968 D LEMON   : 23:33:40.309 ZOS: INFO: fsm(SIP_IST) trans@[65544] state <IDLE> run [RECV_INVITE] event ok.
04-17 23:33:40.309  1681  2968 D LEMON   : 23:33:40.309 ZOS: INFO: fsm(SIP_IST) trans@[65544] state <IDLE> to <PROCEEDING>.
04-17 23:33:40.309  1681  2968 D LEMON   : 23:33:40.309 SIP: INFO: dlg @20005 process request <INVITE>.
04-17 23:33:40.310  1681  2968 D LEMON   : SIP/2.0 100 Trying
04-17 23:33:40.310  1681  2968 D LEMON   : To: <sip:+917011021568@ims.mnc872.mcc405.3gppnetwork.org;user=phone>;tag=219tijG1c0EL7JRoKE6ePn_LE3
04-17 23:33:40.310  1681  2968 D LEMON   : From: <sip:+917011021641@ims.mnc872.mcc405.3gppnetwork.org;user=phone>;tag=a01UdedjZABbZbdW
04-17 23:33:40.310  1681  2968 D LEMON   : CSeq: 6 INVITE
04-17 23:33:40.310  1681  2968 D LEMON   : Call-ID: CAAF438FE7D8F8B0D054DD5B@1370ffffffff
04-17 23:33:40.310  1681  2968 D LEMON   : Via: SIP/2.0/UDP 10.56.5.85:5067;branch=z9hG4bK_IMSCL1550631.000_fe3eea1a0e15058ad124dde5a2a6edc9;lskpmc=P97;received=10.56.5.85
04-17 23:33:40.310  1681  2968 D LEMON   : Via: SIP/2.0/TCP 10.56.0.37:5090;branch=z9hG4bK_IMSCL1550631.000_1644a5ddc003cd31c5fccd2be5d1a052;lskpmc=S97
04-17 23:33:40.310  1681  2968 D LEMON   : Via: SIP/2.0/TCP 10.56.4.26:5070;branch=z9hG4bKdja.Dh672Y6UUhXa;yop=00.00.73162006.0000.7013
04-17 23:33:40.310  1681  2968 D LEMON   : Content-Length: 0
04-17 23:33:40.310  1681  2968 D LEMON   : 
04-17 23:33:40.310  1681  2968 D LEMON   : 
04-17 23:33:40.312  1681  2968 D LEMON   : 23:33:40.312 UTPT: INFO: conn[0x4] send data[633] to [10.56.5.85:5067] ok.
04-17 23:33:40.318  1681  2968 D LEMON   : 23:33:40.318 ZOS: INFO: fsm(SIP_IVT) dlg@[131077] state <CONFIRMED> run [RECV_INVITE] event ok.
04-17 23:33:40.318  1681  2968 D LEMON   : 23:33:40.318 ZOS: INFO: fsm(SIP_IVT) dlg@[131077] state <CONFIRMED> to <MODIFY IN>.
04-17 23:33:40.318  1681  1826 D LEMON   : 23:33:40.318 ZOS: INFO: fsm(MTF_CALL) conn@[17] state <CONNECTED> run [SMM IND] event ok.
04-17 23:33:40.322  1681  2968 D LEMON   : 23:33:40.322 SIP: INFO: dlg @20005 process response <INVITE:200>.
04-17 23:33:40.322  1681  2968 D LEMON   : 23:33:40.322 SIP: INFO: module start tmr<0x2A> [TIMER SEND_2XX] <2000ms> ok.
04-17 23:33:40.322  1681  2968 D LEMON   : 23:33:40.322 SIP: INFO: module start tmr<0x2B> [TIMER STOP_2XX] <128000ms> ok.
04-17 23:33:40.322  1681  2968 D LEMON   : 23:33:40.322 ZOS: INFO: fsm(SIP_IVT) dlg@[131077] state <MODIFY IN> run [SMM_RSP] event ok.
04-17 23:33:40.322  1681  2968 D LEMON   : 23:33:40.322 ZOS: INFO: fsm(SIP_IVT) dlg@[131077] state <MODIFY IN> to <CONFIRMED>.
04-17 23:33:40.323  1681  2968 D LEMON   : 23:33:40.323 SIP: INFO: trans @10008 process response <INVITE:200>.
04-17 23:33:40.323  1681  2968 D LEMON   : 23:33:40.323 SIP: INFO: module stop tmr<0x47> [TIMER C] ok.
04-17 23:33:40.324  1681  1681 D LEMON   : 23:33:40.324 RSE: INFO: gui notify LeaveSessMdfyed.
04-17 23:33:40.326  1681  2968 D LEMON   : SIP/2.0 200 OK
04-17 23:33:40.326  1681  2968 D LEMON   : From: <sip:+917011021641@ims.mnc872.mcc405.3gppnetwork.org;user=phone>;tag=a01UdedjZABbZbdW
04-17 23:33:40.326  1681  2968 D LEMON   : To: <sip:+917011021568@ims.mnc872.mcc405.3gppnetwork.org;user=phone>;tag=219tijG1c0EL7JRoKE6ePn_LE3
04-17 23:33:40.326  1681  2968 D LEMON   : Supported: 100rel,join,norefersub,replaces,timer
04-17 23:33:40.326  1681  2968 D LEMON   : Allow: INVITE,ACK,BYE,CANCEL,UPDATE,REGISTER,INFO,PRACK,SUBSCRIBE,NOTIFY,MESSAGE,REFER,PUBLISH
04-17 23:33:40.326  1681  2968 D LEMON   : Session-Expires: 1800;refresher=uac
04-17 23:33:40.326  1681  2968 D LEMON   : Min-SE: 600
04-17 23:33:40.326  1681  2968 D LEMON   : Require: timer
04-17 23:33:40.326  1681  2968 D LEMON   : Contact: <sip:405872000010353@100.80.131.52:5503>;+sip.instance="<urn:gsma:imei:86740002-050381-3>";+g.3gpp.icsi-ref="urn%%3Aurn-7%%3A3gpp-service.ims.icsi.mmtel";video
04-17 23:33:40.326  1681  2968 D LEMON   : Record-Route: <sip:10.56.5.85:5067;routing_id=pcscf_b_side;lskpmc=P97;lr>
04-17 23:33:40.326  1681  2968 D LEMON   : Record-Route: <sip:dl1scfx0202mw.ims.mnc872.mcc405.3gppnetwork.org:5090;lr;interface=isc;lskpmc=S97;reg-id=971460903928823043;routing_id=7f4f5015b98f93c74be1a801e380a188>
04-17 23:33:40.326  1681  2968 D LEMON   : Record-Route: <sip:AAQACE71wAAD/AAAAuAAAfYUK@10.56.4.26:5070;yop=00.00.73162006.0000.7013;lr>
04-17 23:33:40.326  1681  2968 D LEMON   : Call-ID: CAAF438FE7D8F8B0D054DD5B@1370ffffffff
04-17 23:33:40.326  1681  2968 D LEMON   : CSeq: 6 INVITE
04-17 23:33:40.326  1681  2968 D LEMON   : Max-Forwards: 70
04-17 23:33:40.326  1681  2968 D LEMON   : Server: VoWIFI/WFC UA
04-17 23:33:40.326  1681  2968 D LEMON   : Record-Route: <sip:10.56.5.85:5067;routing_id=pcscf_b_side;lskpmc=P97;lr>
04-17 23:33:40.326  1681  2968 D LEMON   : Record-Route: <sip:dl1scfx0202mw.ims.mnc872.mcc405.3gppnetwork.org:5090;lr;interface=isc;lskpmc=S97;reg-id=971460903928823043;routing_id=7f4f5015b98f93c74be1a801e380a188>
04-17 23:33:40.326  1681  2968 D LEMON   : Record-Route: <sip:AAQACE71wAAD/AAAAuAAAfYUK@10.56.4.26:5070;yop=00.00.73162006.0000.7013;lr>
04-17 23:33:40.326  1681  2968 D LEMON   : Via: SIP/2.0/UDP 10.56.5.85:5067;branch=z9hG4bK_IMSCL1550631.000_fe3eea1a0e15058ad124dde5a2a6edc9;lskpmc=P97;received=10.56.5.85
04-17 23:33:40.326  1681  2968 D LEMON   : Via: SIP/2.0/TCP 10.56.0.37:5090;branch=z9hG4bK_IMSCL1550631.000_1644a5ddc003cd31c5fccd2be5d1a052;lskpmc=S97
04-17 23:33:40.326  1681  2968 D LEMON   : Via: SIP/2.0/TCP 10.56.4.26:5070;branch=z9hG4bKdja.Dh672Y6UUhXa;yop=00.00.73162006.0000.7013
04-17 23:33:40.326  1681  2968 D LEMON   : Content-Type: application/sdp
04-17 23:33:40.326  1681  2968 D LEMON   : Content-Length: 269
04-17 23:33:40.326  1681  2968 D LEMON   : 
04-17 23:33:40.326  1681  2968 D LEMON   : v=0
04-17 23:33:40.326  1681  2968 D LEMON   : o=405872000010353 4258686320 4258686325 IN IP4 100.80.131.52
04-17 23:33:40.326  1681  2968 D LEMON   : s=-
04-17 23:33:40.326  1681  2968 D LEMON   : c=IN IP4 100.80.131.52
04-17 23:33:40.326  1681  2968 D LEMON   : t=0 0
04-17 23:33:40.326  1681  2968 D LEMON   : m=audio 37090 RTP/AVP 104
04-17 23:33:40.326  1681  2968 D LEMON   : a=rtpmap:104 AMR-WB/16000
04-17 23:33:40.326  1681  2968 D LEMON   : a=fmtp:104 octet-align=1;mode-change-period=2;mode-change-capability=2
04-17 23:33:40.326  1681  2968 D LEMON   : a=ptime:20
04-17 23:33:40.326  1681  2968 D LEMON   : a=maxptime:144
04-17 23:33:40.326  1681  2968 D LEMON   : a=sendrecv
04-17 23:33:40.326  1681  2968 D LEMON   : 
04-17 23:33:40.333  1681  2968 D LEMON   : 23:33:40.333 UTPT: INFO: conn[0x4] send data[2036] to [10.56.5.85:5067] ok.
04-17 23:33:40.333  1681  2968 D LEMON   : 23:33:40.333 ZOS: INFO: fsm(SIP_IST) trans@[65544] state <PROCEEDING> run [SEND_2XX] event ok.
04-17 23:33:40.333  1681  2968 D LEMON   : 23:33:40.333 ZOS: INFO: fsm(SIP_IST) trans@[65544] state <PROCEEDING> to <TERMINATED>.
04-17 23:33:40.333  1681  2968 D LEMON   : 23:33:40.333 SIP: INFO: module delete tmr<0x43> [TIMER G] ok.
04-17 23:33:40.333  1681  2968 D LEMON   : 23:33:40.333 SIP: INFO: module delete tmr<0x44> [TIMER H] ok.
04-17 23:33:40.333  1681  2968 D LEMON   : 23:33:40.333 SIP: INFO: module delete tmr<0x45> [TIMER I] ok.
04-17 23:33:40.333  1681  2968 D LEMON   : 23:33:40.333 SIP: INFO: module delete tmr<0x46> [TIMER L] ok.
04-17 23:33:40.333  1681  2968 D LEMON   : 23:33:40.333 SIP: INFO: module delete tmr<0x47> [TIMER C] ok.
04-17 23:33:41.009  1681  1833 D LEMON   : 23:33:41.009 UTPT: INFO: recv udp data(len:852) from [10.56.5.85:32920].
04-17 23:33:41.010  1681  2968 D LEMON   : ACK sip:405872000010353@100.80.131.52:5503 SIP/2.0
04-17 23:33:41.010  1681  2968 D LEMON   : v:SIP/2.0/UDP 10.56.5.85:5067;branch=z9hG4bK_IMSCL1550631.000_1c05d614310d84c77dafcd177733c406;lskpmc=P97
04-17 23:33:41.010  1681  2968 D LEMON   : Record-Route:<sip:10.56.5.85:5067;routing_id=pcscf_b_side;lskpmc=P97;lr>
04-17 23:33:41.010  1681  2968 D LEMON   : v:SIP/2.0/UDP 10.56.0.37:5090;branch=z9hG4bK_IMSCL1550631.000_1559e296c303a29a6cfbe2182afe49ab;lskpmc=S97
04-17 23:33:41.010  1681  2968 D LEMON   : l:0
04-17 23:33:41.010  1681  2968 D LEMON   : f:<sip:+917011021641@ims.mnc872.mcc405.3gppnetwork.org;user=phone>;tag=a01UdedjZABbZbdW
04-17 23:33:41.010  1681  2968 D LEMON   : t:<sip:+917011021568@ims.mnc872.mcc405.3gppnetwork.org;user=phone>;tag=219tijG1c0EL7JRoKE6ePn_LE3
04-17 23:33:41.010  1681  2968 D LEMON   : v:SIP/2.0/UDP 10.56.4.26:5070;branch=z9hG4bKgW6C3Cd.fZb5Xbbh;yop=00.00.73162006.0000.7013
04-17 23:33:41.010  1681  2968 D LEMON   : i:CAAF438FE7D8F8B0D054DD5B@1370ffffffff
04-17 23:33:41.010  1681  2968 D LEMON   : CSeq:6 ACK
04-17 23:33:41.010  1681  2968 D LEMON   : Max-Forwards:65
04-17 23:33:41.010  1681  2968 D LEMON   : d:no-fork
04-17 23:33:41.010  1681  2968 D LEMON   : Record-Route:<sip:dl1scfx0202mw.ims.mnc872.mcc405.3gppnetwork.org:5090;lr;interface=isc;lskpmc=S97;routing_id=7f4f5015b98f93c74be1a801e380a188>
04-17 23:33:41.010  1681  2968 D LEMON   : 
04-17 23:33:41.010  1681  2968 D LEMON   : 
04-17 23:33:41.010  1681  2968 D LEMON   : 23:33:41.010 SIP: INFO: dlg @20005 process request <ACK>.
04-17 23:33:41.010  1681  2968 D LEMON   : 23:33:41.010 SIP: INFO: module stop tmr<0x2A> [TIMER SEND_2XX] ok.
04-17 23:33:41.011  1681  2968 D LEMON   : 23:33:41.010 SIP: INFO: module stop tmr<0x2B> [TIMER STOP_2XX] ok.
04-17 23:33:41.013  1681  2968 D LEMON   : 23:33:41.013 ZOS: INFO: fsm(SIP_IVT) dlg@[131077] state <CONFIRMED> run [RECV_ACK] event ok.
04-17 23:33:41.013  1681  1826 D LEMON   : 23:33:41.013 ZOS: INFO: fsm(MTF_CALL) conn@[17] state <CONNECTED> run [SAM IND] event ok.
04-17 23:33:53.062  1681  1833 D LEMON   : 23:33:53.062 UTPT: INFO: recv udp data(len:2125) from [10.56.5.85:32920].
04-17 23:33:53.063  1681  2968 D LEMON   : INVITE sip:405872000010353@100.80.131.52:5503 SIP/2.0
04-17 23:33:53.063  1681  2968 D LEMON   : v:SIP/2.0/UDP 10.56.5.85:5067;branch=z9hG4bK_IMSCL1550631.000_3b3939dfccb8f37a463586c9b5212052;lskpmc=P97
04-17 23:33:53.063  1681  2968 D LEMON   : Record-Route:<sip:10.56.5.85:5067;routing_id=pcscf_b_side;lskpmc=P97;lr>
04-17 23:33:53.063  1681  2968 D LEMON   : v:SIP/2.0/TCP 10.56.0.37:5090;branch=z9hG4bK_IMSCL1550631.000_3eef500f9928fbade28e348d21a1d9dc;lskpmc=S97
04-17 23:33:53.063  1681  2968 D LEMON   : l:602
04-17 23:33:53.063  1681  2968 D LEMON   : f:<sip:+917011021641@ims.mnc872.mcc405.3gppnetwork.org;user=phone>;tag=a01UdedjZABbZbdW
04-17 23:33:53.063  1681  2968 D LEMON   : t:<sip:+917011021568@ims.mnc872.mcc405.3gppnetwork.org;user=phone>;tag=219tijG1c0EL7JRoKE6ePn_LE3
04-17 23:33:53.063  1681  2968 D LEMON   : v:SIP/2.0/TCP 10.56.4.26:5070;branch=z9hG4bK69.6Ujb686Dg99_f;yop=00.00.73162006.0000.7013
04-17 23:33:53.063  1681  2968 D LEMON   : i:CAAF438FE7D8F8B0D054DD5B@1370ffffffff
04-17 23:33:53.063  1681  2968 D LEMON   : CSeq:7 INVITE
04-17 23:33:53.063  1681  2968 D LEMON   : Max-Forwards:62
04-17 23:33:53.063  1681  2968 D LEMON   : Record-Route:<sip:dl1scfx0202mw.ims.mnc872.mcc405.3gppnetwork.org:5090;lr;interface=isc;lskpmc=S97;routing_id=7f4f5015b98f93c74be1a801e380a188>
04-17 23:33:53.063  1681  2968 D LEMON   : Record-Route:<sip:AAQACE71wAAD/AAAAuAAAfYUK@10.56.4.26:5070;yop=00.00.73162006.0000.7013;lr>
04-17 23:33:53.063  1681  2968 D LEMON   : x:1800;refresher=uac
04-17 23:33:53.063  1681  2968 D LEMON   : Min-SE:600
04-17 23:33:53.063  1681  2968 D LEMON   : m:<sip:405872000010425@10.56.4.26:5070;yop=00.00.73162006.0000.7013>;+g.3gpp.icsi-ref="urn%%3Aurn-7%%3A3gpp-service.ims.icsi.mmtel";video;+sip.instance="<urn:gsma:imei:86740002-050413-0>"
04-17 23:33:53.063  1681  2968 D LEMON   : k:join,replaces,sec-agree,timer,norefersub,tdialog
04-17 23:33:53.063  1681  2968 D LEMON   : Allow:ACK,BYE,CANCEL,INFO,INVITE,NOTIFY,OPTIONS,PRACK,REFER,UPDATE
04-17 23:33:53.063  1681  2968 D LEMON   : Feature-Caps:*;+g.3gpp.srvcc;+g.3gpp.icsi-ref="urn%%3Aurn-7%%3A3gpp-service.ims.icsi.mmtel"
04-17 23:33:53.063  1681  2968 D LEMON   : c:application/sdp
04-17 23:33:53.063  1681  2968 D LEMON   : Content-Disposition:session;handling=required
04-17 23:33:53.063  1681  2968 D LEMON   : User-Agent:VoWIFI/WFC UA
04-17 23:33:53.063  1681  2968 D LEMON   : P-Visited-Network-ID:ims.mnc872.mcc405.3gppnetwork.org
04-17 23:33:53.063  1681  2968 D LEMON   : 
04-17 23:33:53.063  1681  2968 D LEMON   : v=0
04-17 23:33:53.063  1681  2968 D LEMON   : o=405872000010425 0 5 IN IP4 ims.mnc872.mcc405.3gppnetwork.org
04-17 23:33:53.063  1681  2968 D LEMON   : s=-
04-17 23:33:53.063  1681  2968 D LEMON   : c=IN IP4 10.56.5.5
04-17 23:33:53.063  1681  2968 D LEMON   : t=0 0
04-17 23:33:53.063  1681  2968 D LEMON   : m=audio 50792 RTP/AVP 104 103
04-17 23:33:53.063  1681  2968 D LEMON   : a=rtpmap:104 AMR-WB/16000
04-17 23:33:53.063  1681  2968 D LEMON   : a=fmtp:104 octet-align=1
04-17 23:33:53.063  1681  2968 D LEMON   : a=rtpmap:103 AMR/8000
04-17 23:33:53.063  1681  2968 D LEMON   : a=fmtp:103 mode-set=0,1,2,3,4,5; octet-align=1
04-17 23:33:53.063  1681  2968 D LEMON   : a=ptime:20
04-17 23:33:53.063  1681  2968 D LEMON   : a=maxptime:144
04-17 23:33:53.063  1681  2968 D LEMON   : a=sendrecv
04-17 23:33:53.063  1681  2968 D LEMON   : m=video 50968 RTP/AVPF 121
04-17 23:33:53.063  1681  2968 D LEMON   : a=rtpmap:121 H264/90000
04-17 23:33:53.063  1681  2968 D LEMON   : a=fmtp:121 profile-level-id=42C00C; packetization-mode=1; sprop-parameter-sets=Z0LAKekHhSQCwiEagA==,aM48gA==
04-17 23:33:53.063  1681  2968 D LEMON   : a=rtcp-fb:121 nack
04-17 23:33:53.063  1681  2968 D LEMON   : a=rtcp-fb:121 nack pli
04-17 23:33:53.063  1681  2968 D LEMON   : a=rtcp-fb:121 ccm tmmbr
04-17 23:33:53.063  1681  2968 D LEMON   : a=rtcp-fb:121 ccm fir
04-17 23:33:53.063  1681  2968 D LEMON   : a=extmap:1 urn:3gpp:video-orientation
04-17 23:33:53.063  1681  2968 D LEMON   : a=sendrecv
04-17 23:33:53.063  1681  2968 D LEMON   : 
04-17 23:33:53.065  1681  2968 D LEMON   : 23:33:53.065 SIP: INFO: module create tmr<0x48> [TIMER G] ok.
04-17 23:33:53.065  1681  2968 D LEMON   : 23:33:53.065 SIP: INFO: module create tmr<0x49> [TIMER H] ok.
04-17 23:33:53.066  1681  2968 D LEMON   : 23:33:53.066 SIP: INFO: module create tmr<0x4A> [TIMER I] ok.
04-17 23:33:53.066  1681  2968 D LEMON   : 23:33:53.066 SIP: INFO: module create tmr<0x4B> [TIMER L] ok.
04-17 23:33:53.066  1681  2968 D LEMON   : 23:33:53.066 SIP: INFO: module create tmr<0x4C> [TIMER C] ok.
04-17 23:33:53.066  1681  2968 D LEMON   : 23:33:53.066 SIP: INFO: trans @10009 process request <INVITE>.
04-17 23:33:53.067  1681  2968 D LEMON   : 23:33:53.067 SIP: INFO: module start tmr<0x4C> [TIMER C] <200000ms> ok.
04-17 23:33:53.067  1681  2968 D LEMON   : 23:33:53.067 ZOS: INFO: fsm(SIP_IST) trans@[65545] state <IDLE> run [RECV_INVITE] event ok.
04-17 23:33:53.067  1681  2968 D LEMON   : 23:33:53.067 ZOS: INFO: fsm(SIP_IST) trans@[65545] state <IDLE> to <PROCEEDING>.
04-17 23:33:53.072  1681  2968 D LEMON   : 23:33:53.072 SIP: INFO: dlg @20005 process request <INVITE>.
04-17 23:33:53.072  1681  2968 D LEMON   : SIP/2.0 100 Trying
04-17 23:33:53.072  1681  2968 D LEMON   : To: <sip:+917011021568@ims.mnc872.mcc405.3gppnetwork.org;user=phone>;tag=219tijG1c0EL7JRoKE6ePn_LE3
04-17 23:33:53.072  1681  2968 D LEMON   : From: <sip:+917011021641@ims.mnc872.mcc405.3gppnetwork.org;user=phone>;tag=a01UdedjZABbZbdW
04-17 23:33:53.072  1681  2968 D LEMON   : CSeq: 7 INVITE
04-17 23:33:53.072  1681  2968 D LEMON   : Call-ID: CAAF438FE7D8F8B0D054DD5B@1370ffffffff
04-17 23:33:53.072  1681  2968 D LEMON   : Via: SIP/2.0/UDP 10.56.5.85:5067;branch=z9hG4bK_IMSCL1550631.000_3b3939dfccb8f37a463586c9b5212052;lskpmc=P97;received=10.56.5.85
04-17 23:33:53.072  1681  2968 D LEMON   : Via: SIP/2.0/TCP 10.56.0.37:5090;branch=z9hG4bK_IMSCL1550631.000_3eef500f9928fbade28e348d21a1d9dc;lskpmc=S97
04-17 23:33:53.072  1681  2968 D LEMON   : Via: SIP/2.0/TCP 10.56.4.26:5070;branch=z9hG4bK69.6Ujb686Dg99_f;yop=00.00.73162006.0000.7013
04-17 23:33:53.072  1681  2968 D LEMON   : Content-Length: 0
04-17 23:33:53.072  1681  2968 D LEMON   : 
04-17 23:33:53.072  1681  2968 D LEMON   : 
04-17 23:33:53.074  1681  2968 D LEMON   : 23:33:53.074 UTPT: INFO: conn[0x4] send data[633] to [10.56.5.85:5067] ok.
04-17 23:33:53.086  1681  1826 D LEMON   : 23:33:53.086 ZOS: INFO: fsm(MTF_CALL) conn@[17] state <CONNECTED> run [SMM IND] event ok.
04-17 23:33:53.086  1681  1826 D LEMON   : 23:33:53.086 ZOS: INFO: fsm(MTF_CALL) conn@[17] state <CONNECTED> to <MODIFYIN>.
04-17 23:33:53.089  1681  2968 D LEMON   : 23:33:53.089 ZOS: INFO: fsm(SIP_IVT) dlg@[131077] state <CONFIRMED> run [RECV_INVITE] event ok.
04-17 23:33:53.089  1681  2968 D LEMON   : 23:33:53.089 ZOS: INFO: fsm(SIP_IVT) dlg@[131077] state <CONFIRMED> to <MODIFY IN>.
04-17 23:33:53.091  1681  1681 D LEMON   : 23:33:53.091 RSE: INFO: gui notify LeaveSessAddVideoReq.
04-17 23:33:54.850  1681  2968 D LEMON   : 23:33:54.850 SIP: INFO: dlg @20005 process response <INVITE:200>.
04-17 23:33:54.850  1681  2968 D LEMON   : 23:33:54.850 SIP: INFO: module start tmr<0x2A> [TIMER SEND_2XX] <2000ms> ok.
04-17 23:33:54.850  1681  2968 D LEMON   : 23:33:54.850 SIP: INFO: module start tmr<0x2B> [TIMER STOP_2XX] <128000ms> ok.
04-17 23:33:54.850  1681  2968 D LEMON   : 23:33:54.850 ZOS: INFO: fsm(SIP_IVT) dlg@[131077] state <MODIFY IN> run [SMM_RSP] event ok.
04-17 23:33:54.850  1681  2968 D LEMON   : 23:33:54.850 ZOS: INFO: fsm(SIP_IVT) dlg@[131077] state <MODIFY IN> to <CONFIRMED>.
04-17 23:33:54.851  1681  2968 D LEMON   : 23:33:54.851 SIP: INFO: trans @10009 process response <INVITE:200>.
04-17 23:33:54.851  1681  2968 D LEMON   : 23:33:54.851 SIP: INFO: module stop tmr<0x4C> [TIMER C] ok.
04-17 23:33:54.852  1681  2968 D LEMON   : SIP/2.0 200 OK
04-17 23:33:54.852  1681  2968 D LEMON   : From: <sip:+917011021641@ims.mnc872.mcc405.3gppnetwork.org;user=phone>;tag=a01UdedjZABbZbdW
04-17 23:33:54.852  1681  2968 D LEMON   : To: <sip:+917011021568@ims.mnc872.mcc405.3gppnetwork.org;user=phone>;tag=219tijG1c0EL7JRoKE6ePn_LE3
04-17 23:33:54.852  1681  2968 D LEMON   : Supported: 100rel,join,norefersub,replaces,timer
04-17 23:33:54.852  1681  2968 D LEMON   : Allow: INVITE,ACK,BYE,CANCEL,UPDATE,REGISTER,INFO,PRACK,SUBSCRIBE,NOTIFY,MESSAGE,REFER,PUBLISH
04-17 23:33:54.852  1681  2968 D LEMON   : Session-Expires: 1800;refresher=uac
04-17 23:33:54.852  1681  2968 D LEMON   : Min-SE: 600
04-17 23:33:54.852  1681  2968 D LEMON   : Require: timer
04-17 23:33:54.852  1681  2968 D LEMON   : Contact: <sip:405872000010353@100.80.131.52:5503>;+sip.instance="<urn:gsma:imei:86740002-050381-3>";+g.3gpp.icsi-ref="urn%%3Aurn-7%%3A3gpp-service.ims.icsi.mmtel";video
04-17 23:33:54.852  1681  2968 D LEMON   : Record-Route: <sip:10.56.5.85:5067;routing_id=pcscf_b_side;lskpmc=P97;lr>
04-17 23:33:54.852  1681  2968 D LEMON   : Record-Route: <sip:dl1scfx0202mw.ims.mnc872.mcc405.3gppnetwork.org:5090;lr;interface=isc;lskpmc=S97;reg-id=971460903928823043;routing_id=7f4f5015b98f93c74be1a801e380a188>
04-17 23:33:54.852  1681  2968 D LEMON   : Record-Route: <sip:AAQACE71wAAD/AAAAuAAAfYUK@10.56.4.26:5070;yop=00.00.73162006.0000.7013;lr>
04-17 23:33:54.852  1681  2968 D LEMON   : Call-ID: CAAF438FE7D8F8B0D054DD5B@1370ffffffff
04-17 23:33:54.852  1681  2968 D LEMON   : CSeq: 7 INVITE
04-17 23:33:54.852  1681  2968 D LEMON   : Max-Forwards: 70
04-17 23:33:54.852  1681  2968 D LEMON   : Server: VoWIFI/WFC UA
04-17 23:33:54.852  1681  2968 D LEMON   : Record-Route: <sip:10.56.5.85:5067;routing_id=pcscf_b_side;lskpmc=P97;lr>
04-17 23:33:54.852  1681  2968 D LEMON   : Record-Route: <sip:dl1scfx0202mw.ims.mnc872.mcc405.3gppnetwork.org:5090;lr;interface=isc;lskpmc=S97;reg-id=971460903928823043;routing_id=7f4f5015b98f93c74be1a801e380a188>
04-17 23:33:54.852  1681  2968 D LEMON   : Record-Route: <sip:AAQACE71wAAD/AAAAuAAAfYUK@10.56.4.26:5070;yop=00.00.73162006.0000.7013;lr>
04-17 23:33:54.852  1681  2968 D LEMON   : Via: SIP/2.0/UDP 10.56.5.85:5067;branch=z9hG4bK_IMSCL1550631.000_3b3939dfccb8f37a463586c9b5212052;lskpmc=P97;received=10.56.5.85
04-17 23:33:54.852  1681  2968 D LEMON   : Via: SIP/2.0/TCP 10.56.0.37:5090;branch=z9hG4bK_IMSCL1550631.000_3eef500f9928fbade28e348d21a1d9dc;lskpmc=S97
04-17 23:33:54.852  1681  2968 D LEMON   : Via: SIP/2.0/TCP 10.56.4.26:5070;branch=z9hG4bK69.6Ujb686Dg99_f;yop=00.00.73162006.0000.7013
04-17 23:33:54.852  1681  2968 D LEMON   : Content-Type: application/sdp
04-17 23:33:54.852  1681  2968 D LEMON   : Content-Length: 575
04-17 23:33:54.852  1681  2968 D LEMON   : 
04-17 23:33:54.852  1681  2968 D LEMON   : v=0
04-17 23:33:54.852  1681  2968 D LEMON   : o=405872000010353 4258686320 4258686326 IN IP4 100.80.131.52
04-17 23:33:54.852  1681  2968 D LEMON   : s=-
04-17 23:33:54.852  1681  2968 D LEMON   : c=IN IP4 100.80.131.52
04-17 23:33:54.852  1681  2968 D LEMON   : t=0 0
04-17 23:33:54.852  1681  2968 D LEMON   : m=audio 37090 RTP/AVP 104
04-17 23:33:54.852  1681  2968 D LEMON   : a=rtpmap:104 AMR-WB/16000
04-17 23:33:54.852  1681  2968 D LEMON   : a=fmtp:104 octet-align=1;mode-change-period=2;mode-change-capability=2
04-17 23:33:54.852  1681  2968 D LEMON   : a=ptime:20
04-17 23:33:54.852  1681  2968 D LEMON   : a=maxptime:144
04-17 23:33:54.852  1681  2968 D LEMON   : a=sendrecv
04-17 23:33:54.852  1681  2968 D LEMON   : m=video 37184 RTP/AVPF 121
04-17 23:33:54.852  1681  2968 D LEMON   : a=rtpmap:121 H264/90000
04-17 23:33:54.852  1681  2968 D LEMON   : a=fmtp:121 profile-level-id=42C00C; packetization-mode=1; sprop-parameter-sets=Z0LAKekHhSQCwiEagA==,aM48gA==
04-17 23:33:54.852  1681  2968 D LEMON   : a=rtcp-fb:121 nack
04-17 23:33:54.852  1681  2968 D LEMON   : a=rtcp-fb:121 nack pli
04-17 23:33:54.852  1681  2968 D LEMON   : a=rtcp-fb:121 ccm tmmbr
04-17 23:33:54.852  1681  2968 D LEMON   : a=rtcp-fb:121 ccm fir
04-17 23:33:54.852  1681  2968 D LEMON   : a=extmap:1 urn:3gpp:video-orientation
04-17 23:33:54.852  1681  2968 D LEMON   : a=sendrecv
04-17 23:33:54.852  1681  2968 D LEMON   : 
04-17 23:33:54.854  1681  2968 D LEMON   : 23:33:54.854 UTPT: INFO: conn[0x4] send data[2342] to [10.56.5.85:5067] ok.
04-17 23:33:54.854  1681  2968 D LEMON   : 23:33:54.854 ZOS: INFO: fsm(SIP_IST) trans@[65545] state <PROCEEDING> run [SEND_2XX] event ok.
04-17 23:33:54.854  1681  2968 D LEMON   : 23:33:54.854 ZOS: INFO: fsm(SIP_IST) trans@[65545] state <PROCEEDING> to <TERMINATED>.
04-17 23:33:54.854  1681  2968 D LEMON   : 23:33:54.854 SIP: INFO: module delete tmr<0x48> [TIMER G] ok.
04-17 23:33:54.854  1681  2968 D LEMON   : 23:33:54.854 SIP: INFO: module delete tmr<0x49> [TIMER H] ok.
04-17 23:33:54.855  1681  2968 D LEMON   : 23:33:54.855 SIP: INFO: module delete tmr<0x4A> [TIMER I] ok.
04-17 23:33:54.855  1681  2968 D LEMON   : 23:33:54.855 SIP: INFO: module delete tmr<0x4B> [TIMER L] ok.
04-17 23:33:54.855  1681  2968 D LEMON   : 23:33:54.855 SIP: INFO: module delete tmr<0x4C> [TIMER C] ok.
04-17 23:33:54.930  1681  1826 D LEMON   : 23:33:54.930 ZOS: INFO: fsm(MTF_CALL) conn@[17] state <MODIFYIN> run [USER UPDATE RESPONSE] event ok.
04-17 23:33:56.609  1681  1833 D LEMON   : 23:33:56.609 UTPT: INFO: recv udp data(len:878) from [10.56.5.85:32920].
04-17 23:33:56.611  1681  2968 D LEMON   : ACK sip:405872000010353@100.80.131.52:5503 SIP/2.0
04-17 23:33:56.611  1681  2968 D LEMON   : v:SIP/2.0/UDP 10.56.5.85:5067;branch=z9hG4bK_IMSCL1550631.000_3e244bcc302b78526180e8b85a3f1b17;lskpmc=P97
04-17 23:33:56.611  1681  2968 D LEMON   : Record-Route:<sip:10.56.5.85:5067;routing_id=pcscf_b_side;lskpmc=P97;lr>
04-17 23:33:56.611  1681  2968 D LEMON   : v:SIP/2.0/UDP 10.56.0.37:5090;branch=z9hG4bK_IMSCL1550631.000_a0b7519b0d4bb0c14e892f18aecc7988;lskpmc=S97
04-17 23:33:56.611  1681  2968 D LEMON   : l:0
04-17 23:33:56.611  1681  2968 D LEMON   : f:<sip:+917011021641@ims.mnc872.mcc405.3gppnetwork.org;user=phone>;tag=a01UdedjZABbZbdW
04-17 23:33:56.611  1681  2968 D LEMON   : t:<sip:+917011021568@ims.mnc872.mcc405.3gppnetwork.org;user=phone>;tag=219tijG1c0EL7JRoKE6ePn_LE3
04-17 23:33:56.611  1681  2968 D LEMON   : v:SIP/2.0/UDP 10.56.4.26:5070;branch=z9hG4bKUVbZaj33VddeDZ30;yop=00.00.73162006.0000.7013
04-17 23:33:56.611  1681  2968 D LEMON   : i:CAAF438FE7D8F8B0D054DD5B@1370ffffffff
04-17 23:33:56.611  1681  2968 D LEMON   : CSeq:7 ACK
04-17 23:33:56.611  1681  2968 D LEMON   : Max-Forwards:62
04-17 23:33:56.611  1681  2968 D LEMON   : d:no-fork
04-17 23:33:56.611  1681  2968 D LEMON   : User-Agent:VoWIFI/WFC UA
04-17 23:33:56.611  1681  2968 D LEMON   : Record-Route:<sip:dl1scfx0202mw.ims.mnc872.mcc405.3gppnetwork.org:5090;lr;interface=isc;lskpmc=S97;routing_id=7f4f5015b98f93c74be1a801e380a188>
04-17 23:33:56.611  1681  2968 D LEMON   : 
04-17 23:33:56.611  1681  2968 D LEMON   : 
04-17 23:33:56.612  1681  2968 D LEMON   : 23:33:56.612 SIP: INFO: dlg @20005 process request <ACK>.
04-17 23:33:56.612  1681  2968 D LEMON   : 23:33:56.612 SIP: INFO: module stop tmr<0x2A> [TIMER SEND_2XX] ok.
04-17 23:33:56.612  1681  2968 D LEMON   : 23:33:56.612 SIP: INFO: module stop tmr<0x2B> [TIMER STOP_2XX] ok.
04-17 23:33:56.622  1681  2968 D LEMON   : 23:33:56.622 ZOS: INFO: fsm(SIP_IVT) dlg@[131077] state <CONFIRMED> run [RECV_ACK] event ok.
04-17 23:33:56.711  1681  1826 D LEMON   : 23:33:56.711 ZOS: INFO: fsm(MTF_CALL) conn@[17] state <MODIFYIN> run [SAM IND] event ok.
