04-29 15:55:51.801  1933  2891 D LEMON   : Security-Verify: ipsec-3gpp;prot=esp;alg=hmac-md5-96;ealg=des-ede3-cbc;mod=trans;spi-c=1460503848;spi-s=1460503849;port-c=32920;port-s=5067;q=0.4
04-29 15:55:51.801  1933  2891 D LEMON   : Security-Verify: ipsec-3gpp;prot=esp;alg=hmac-md5-96;ealg=null;mod=trans;spi-c=1460503848;spi-s=1460503849;port-c=32920;port-s=5067;q=0.3
04-29 15:55:51.801  1933  2891 D LEMON   : Security-Verify: ipsec-3gpp;prot=esp;alg=hmac-sha-1-96;ealg=des-ede3-cbc;mod=trans;spi-c=1460503848;spi-s=1460503849;port-c=32920;port-s=5067;q=0.1
04-29 15:55:51.801  1933  2891 D LEMON   : Security-Verify: ipsec-3gpp;prot=esp;alg=hmac-sha-1-96;ealg=aes-cbc;mod=trans;spi-c=1460503848;spi-s=1460503849;port-c=32920;port-s=5067;q=0.2
04-29 15:55:51.801  1933  2891 D LEMON   : Security-Verify: ipsec-3gpp;prot=esp;alg=hmac-sha-1-96;ealg=null;mod=trans;spi-c=1460503848;spi-s=1460503849;port-c=32920;port-s=5067;q=0.5
04-29 15:55:51.801  1933  2891 D LEMON   : Proxy-Require: sec-agree
04-29 15:55:51.801  1933  2891 D LEMON   : Require: sec-agree
04-29 15:55:51.801  1933  2891 D LEMON   : Call-ID: 219t.-J0deoMhinod59eRC0LE3@[2405:204:1803:1f53::251a:e0ad]
04-29 15:55:51.801  1933  2891 D LEMON   : CSeq: 1 INVITE
04-29 15:55:51.801  1933  2891 D LEMON   : Max-Forwards: 70
04-29 15:55:51.801  1933  2891 D LEMON   : User-Agent: VoWIFI/WFC UA
04-29 15:55:51.801  1933  2891 D LEMON   : Via: SIP/2.0/UDP [2405:204:1803:1f53::251a:e0ad]:5255;branch=z9hG4bKG321gt.-J0deoMhinod59eRC0L;rport
04-29 15:55:51.801  1933  2891 D LEMON   : Content-Type: application/sdp
04-29 15:55:51.801  1933  2891 D LEMON   : Content-Length: 368
04-29 15:55:51.801  1933  2891 D LEMON   : 
04-29 15:55:51.801  1933  2891 D LEMON   : v=0
04-29 15:55:51.801  1933  2891 D LEMON   : o=405872000010354 2688247764 2688247764 IN IP6 2405:204:1803:1f53::251a:e0ad
04-29 15:55:51.801  1933  2891 D LEMON   : s=-
04-29 15:55:51.801  1933  2891 D LEMON   : c=IN IP6 2405:204:1803:1f53::251a:e0ad
04-29 15:55:51.801  1933  2891 D LEMON   : t=0 0
04-29 15:55:51.801  1933  2891 D LEMON   : m=audio 37086 RTP/AVP 104 103 101
04-29 15:55:51.801  1933  2891 D LEMON   : a=rtpmap:104 AMR-WB/16000
04-29 15:55:51.801  1933  2891 D LEMON   : a=fmtp:104 octet-align=1
04-29 15:55:51.801  1933  2891 D LEMON   : a=rtpmap:103 AMR/8000
04-29 15:55:51.801  1933  2891 D LEMON   : a=fmtp:103 mode-set=0,1,2,3,4,5;octet-align=1
04-29 15:55:51.801  1933  2891 D LEMON   : a=ptime:20
04-29 15:55:51.801  1933  2891 D LEMON   : a=maxptime:400
04-29 15:55:51.801  1933  2891 D LEMON   : a=rtpmap:101 telephone-event/8000
04-29 15:55:51.801  1933  2891 D LEMON   : a=sendrecv
04-29 15:55:51.801  1933  2891 D LEMON   : 
04-29 15:55:51.802  1933  2891 D LEMON   : 15:55:51.801 UTPT: INFO: conn[0x4] send data[2482] to [2405:200:330:1581::1b:5067] ok.
04-29 15:55:51.802  1933  2891 D LEMON   : 15:55:51.802 SIP: INFO: module start tmr<0x2D> [TIMER A] <2000ms> ok.
04-29 15:55:51.802  1933  2891 D LEMON   : 15:55:51.802 SIP: INFO: module start tmr<0x2E> [TIMER B] <128000ms> ok.
04-29 15:55:51.802  1933  2891 D LEMON   : 15:55:51.802 SIP: INFO: module start tmr<0x31> [TIMER C] <200000ms> ok.
04-29 15:55:51.802  1933  2891 D LEMON   : 15:55:51.802 ZOS: INFO: fsm(SIP_ICT) trans@[65542] state <IDLE> run [SEND_INVITE] event ok.
04-29 15:55:51.802  1933  2891 D LEMON   : 15:55:51.802 ZOS: INFO: fsm(SIP_ICT) trans@[65542] state <IDLE> to <CALLING>.
04-29 15:55:51.802  1933  2056 D LEMON   : 15:55:51.802 ZOS: INFO: fsm(MTF_CALL) conn@[17] state <IDLE> run [USER CALL] event ok.
04-29 15:55:51.802  1933  2056 D LEMON   : 15:55:51.802 ZOS: INFO: fsm(MTF_CALL) conn@[17] state <IDLE> to <CALLING>.
04-29 15:55:51.805  1933  1933 D LEMON   : 15:55:51.805 RSE: INFO: gui notify LeaveSessOutgoing.
04-29 15:55:53.047  1933  2058 D LEMON   : 15:55:53.047 UTPT: INFO: recv udp data(len:408) from [2405:200:330:1581::1b:32920].
04-29 15:55:53.048  1933  2891 D LEMON   : SIP/2.0 100 Trying
04-29 15:55:53.048  1933  2891 D LEMON   : f:<sip:+917011021569@ims.mnc872.mcc405.3gppnetwork.org>;tag=321ibgx3adeoMhinod59eRC0LF
04-29 15:55:53.048  1933  2891 D LEMON   : t:"+917011021641"<sip:+917011021641@ims.mnc872.mcc405.3gppnetwork.org>
04-29 15:55:53.048  1933  2891 D LEMON   : i:219t.-J0deoMhinod59eRC0LE3@[2405:204:1803:1f53::251a:e0ad]
04-29 15:55:53.048  1933  2891 D LEMON   : CSeq:1 INVITE
04-29 15:55:53.048  1933  2891 D LEMON   : v:SIP/2.0/UDP [2405:204:1803:1f53::251a:e0ad]:5255;branch=z9hG4bKG321gt.-J0deoMhinod59eRC0L;rport=36862;received=2405:204:1803:1f53::251a:e0ad
04-29 15:55:53.048  1933  2891 D LEMON   : l:0
04-29 15:55:53.048  1933  2891 D LEMON   : 
04-29 15:55:53.048  1933  2891 D LEMON   : 
04-29 15:55:53.049  1933  2891 D LEMON   : 15:55:53.049 SIP: INFO: trans @10006 process response <INVITE:100>.
04-29 15:55:53.049  1933  2891 D LEMON   : 15:55:53.049 SIP: INFO: module stop tmr<0x2D> [TIMER A] ok.
04-29 15:55:53.050  1933  2891 D LEMON   : 15:55:53.049 SIP: INFO: module stop tmr<0x2E> [TIMER B] ok.
04-29 15:55:53.050  1933  2891 D LEMON   : 15:55:53.050 SIP: INFO: module stop tmr<0x31> [TIMER C] ok.
04-29 15:55:53.050  1933  2891 D LEMON   : 15:55:53.050 SIP: INFO: module start tmr<0x31> [TIMER C] <200000ms> ok.
04-29 15:55:53.050  1933  2891 D LEMON   : 15:55:53.050 ZOS: INFO: fsm(SIP_ICT) trans@[65542] state <CALLING> run [RECV_1XX] event ok.
04-29 15:55:53.050  1933  2891 D LEMON   : 15:55:53.050 ZOS: INFO: fsm(SIP_ICT) trans@[65542] state <CALLING> to <PROCEEDING>.
04-29 15:55:53.051  1933  2891 D LEMON   : 15:55:53.051 SIP: INFO: dlg @20005 process response <INVITE:100>.
04-29 15:55:53.052  1933  2056 D LEMON   : 15:55:53.052 ZOS: INFO: fsm(MTF_CALL) conn@[17] state <CALLING> run [SIM CNF] event ok.
04-29 15:55:53.055  1933  2891 D LEMON   : 15:55:53.055 ZOS: INFO: fsm(SIP_IVT) dlg@[131077] state <IVT_OUT> run [RECV_1XX] event ok.
04-29 15:55:53.055  1933  2891 D LEMON   : 15:55:53.055 ZOS: INFO: fsm(SIP_IVT) dlg@[131077] state <IVT_OUT> to <EARLY UAC>.
04-29 15:55:54.378  1933  2058 D LEMON   : 15:55:54.378 UTPT: INFO: recv udp data(len:1378) from [2405:200:330:1581::1b:32920].
04-29 15:55:54.379  1933  2891 D LEMON   : SIP/2.0 183 Session Progress
04-29 15:55:54.379  1933  2891 D LEMON   : l:272
04-29 15:55:54.379  1933  2891 D LEMON   : f:<sip:+917011021569@ims.mnc872.mcc405.3gppnetwork.org>;tag=321ibgx3adeoMhinod59eRC0LF
04-29 15:55:54.379  1933  2891 D LEMON   : t:"+917011021641"<sip:+917011021641@ims.mnc872.mcc405.3gppnetwork.org>;tag=VU0iBUW4hc8jbe6a
04-29 15:55:54.379  1933  2891 D LEMON   : v:SIP/2.0/UDP [2405:204:1803:1f53::251a:e0ad]:5255;branch=z9hG4bKG321gt.-J0deoMhinod59eRC0L;rport=36862;received=2405:204:1803:1f53::251a:e0ad
04-29 15:55:54.379  1933  2891 D LEMON   : i:219t.-J0deoMhinod59eRC0LE3@[2405:204:1803:1f53::251a:e0ad]
04-29 15:55:54.379  1933  2891 D LEMON   : CSeq:1 INVITE
04-29 15:55:54.379  1933  2891 D LEMON   : Record-Route:<sip:[2405:200:330:1581::1b]:5067;routing_id=pcscf_a_side;lskpmc=P9J;lr>
04-29 15:55:54.379  1933  2891 D LEMON   : RSeq:1
04-29 15:55:54.379  1933  2891 D LEMON   : m:<sip:405872000010425@10.56.4.19:5070;transport=TCP;yop=00.00.04111090.0000.7014>;+g.3gpp.icsi-ref="urn%%3Aurn-7%%3A3gpp-service.ims.icsi.mmtel";video;+sip.instance="<urn:gsma:imei:86740002-050413-0>"
04-29 15:55:54.379  1933  2891 D LEMON   : Require:100rel
04-29 15:55:54.379  1933  2891 D LEMON   : k:100rel,join,precondition,replaces,timer,histinfo,eventlist,norefersub,tdialog
04-29 15:55:54.379  1933  2891 D LEMON   : Allow:ACK,BYE,CANCEL,INFO,INVITE,NOTIFY,OPTIONS,PRACK,REFER,UPDATE
04-29 15:55:54.379  1933  2891 D LEMON   : Feature-Caps:*;+g.3gpp.srvcc;+g.3gpp.icsi-ref="urn%%3Aurn-7%%3A3gpp-service.ims.icsi.mmtel"
04-29 15:55:54.379  1933  2891 D LEMON   : c:application/sdp
04-29 15:55:54.379  1933  2891 D LEMON   : Content-Disposition:session;handling=required
04-29 15:55:54.379  1933  2891 D LEMON   : Server:VoWIFI/WFC UA
04-29 15:55:54.379  1933  2891 D LEMON   : P-Early-Media:supported
04-29 15:55:54.379  1933  2891 D LEMON   : 
04-29 15:55:54.379  1933  2891 D LEMON   : v=0
04-29 15:55:54.379  1933  2891 D LEMON   : o=405872000010425 0 0 IN IP6 ims.mnc872.mcc405.3gppnetwork.org
04-29 15:55:54.379  1933  2891 D LEMON   : s=-
04-29 15:55:54.379  1933  2891 D LEMON   : c=IN IP6 2405:200:330:1587::11
04-29 15:55:54.379  1933  2891 D LEMON   : t=0 0
04-29 15:55:54.379  1933  2891 D LEMON   : m=audio 37774 RTP/AVP 104 101
04-29 15:55:54.379  1933  2891 D LEMON   : a=rtpmap:104 AMR-WB/16000
04-29 15:55:54.379  1933  2891 D LEMON   : a=fmtp:104 octet-align=1
04-29 15:55:54.379  1933  2891 D LEMON   : a=ptime:20
04-29 15:55:54.379  1933  2891 D LEMON   : a=maxptime:144
04-29 15:55:54.379  1933  2891 D LEMON   : a=rtpmap:101 telephone-event/8000
04-29 15:55:54.379  1933  2891 D LEMON   : a=sendrecv
04-29 15:55:54.379  1933  2891 D LEMON   : 
04-29 15:55:54.380  1933  2891 D LEMON   : 15:55:54.380 SIP: INFO: trans @10006 process response <INVITE:183>.
04-29 15:55:54.380  1933  2891 D LEMON   : 15:55:54.380 SIP: INFO: module stop tmr<0x31> [TIMER C] ok.
04-29 15:55:54.380  1933  2891 D LEMON   : 15:55:54.380 SIP: INFO: module start tmr<0x31> [TIMER C] <200000ms> ok.
04-29 15:55:54.380  1933  2891 D LEMON   : 15:55:54.380 ZOS: INFO: fsm(SIP_ICT) trans@[65542] state <PROCEEDING> run [RECV_1XX] event ok.
04-29 15:55:54.381  1933  2891 D LEMON   : 15:55:54.381 SIP: INFO: dlg @20005 process response <INVITE:183>.
04-29 15:55:54.388  1933  2891 D LEMON   : 15:55:54.388 ZOS: INFO: fsm(SIP_IVT) dlg@[131077] state <EARLY UAC> run [RECV_1XX] event ok.
04-29 15:55:54.409  1933  2056 D LEMON   : 15:55:54.409 ZOS: INFO: fsm(MTF_CALL) conn@[17] state <CALLING> run [SIM CNF] event ok.
04-29 15:55:54.409  1933  2891 D LEMON   : 15:55:54.409 SIP: INFO: dlg @20005 process request <PRACK>.
04-29 15:55:54.410  1933  2891 D LEMON   : 15:55:54.410 SIP: INFO: module create tmr<0x32> [TIMER E] ok.
04-29 15:55:54.411  1933  2891 D LEMON   : 15:55:54.411 SIP: INFO: module create tmr<0x33> [TIMER F] ok.
04-29 15:55:54.411  1933  2891 D LEMON   : 15:55:54.411 SIP: INFO: module create tmr<0x34> [TIMER K] ok.
04-29 15:55:54.411  1933  2891 D LEMON   : 15:55:54.411 SIP: INFO: module create tmr<0x35> [TIMER WAIT_CONN] ok.
04-29 15:55:54.411  1933  2891 D LEMON   : 15:55:54.411 SIP: INFO: module create tmr<0x36> [TIMER C] ok.
04-29 15:55:54.411  1933  2891 D LEMON   : 15:55:54.411 ZOS: INFO: fsm(SIP_IVT) dlg@[131077] state <EARLY UAC> run [SSM_REQ] event ok.
04-29 15:55:54.411  1933  2891 D LEMON   : 15:55:54.411 SIP: INFO: trans @10007 process request <PRACK>.
04-29 15:55:54.412  1933  2891 D LEMON   : PRACK sip:405872000010425@10.56.4.19:5070;transport=tcp;yop=00.00.04111090.0000.7014 SIP/2.0
04-29 15:55:54.412  1933  2891 D LEMON   : From: <sip:+917011021569@ims.mnc872.mcc405.3gppnetwork.org>;tag=321ibgx3adeoMhinod59eRC0LF
04-29 15:55:54.412  1933  2891 D LEMON   : To: "+917011021641"<sip:+917011021641@ims.mnc872.mcc405.3gppnetwork.org>;tag=VU0iBUW4hc8jbe6a
04-29 15:55:54.412  1933  2891 D LEMON   : P-Access-Network-Info: IEEE-802.11;i-wlan-node-id=4045da1352c7
04-29 15:55:54.412  1933  2891 D LEMON   : Proxy-Require: sec-agree
04-29 15:55:54.412  1933  2891 D LEMON   : Require: sec-agree
04-29 15:55:54.412  1933  2891 D LEMON   : Supported: sec-agree
04-29 15:55:54.412  1933  2891 D LEMON   : Route: <sip:[2405:200:330:1581::1b]:5067;routing_id=pcscf_a_side;lskpmc=P9J;lr>
04-29 15:55:54.412  1933  2891 D LEMON   : Call-ID: 219t.-J0deoMhinod59eRC0LE3@[2405:204:1803:1f53::251a:e0ad]
04-29 15:55:54.412  1933  2891 D LEMON   : CSeq: 2 PRACK
04-29 15:55:54.412  1933  2891 D LEMON   : Max-Forwards: 70
04-29 15:55:54.412  1933  2891 D LEMON   : User-Agent: VoWIFI/WFC UA
04-29 15:55:54.412  1933  2891 D LEMON   : Via: SIP/2.0/UDP [2405:204:1803:1f53::251a:e0ad]:5255;branch=z9hG4bKCH321oayK32aCjOQbKem59eouh;rport
04-29 15:55:54.412  1933  2891 D LEMON   : RAck: 1 1 INVITE
04-29 15:55:54.412  1933  2891 D LEMON   : Content-Length: 0
04-29 15:55:54.412  1933  2891 D LEMON   : 
04-29 15:55:54.412  1933  2891 D LEMON   : 
04-29 15:55:54.413  1933  2891 D LEMON   : 15:55:54.413 UTPT: INFO: conn[0x4] send data[764] to [2405:200:330:1581::1b:5067] ok.
04-29 15:55:54.413  1933  2891 D LEMON   : 15:55:54.413 SIP: INFO: module start tmr<0x32> [TIMER E] <2000ms> ok.
04-29 15:55:54.413  1933  1933 D LEMON   : 15:55:54.413 RSE: INFO: gui notify LeaveSessAlerted.
04-29 15:55:54.413  1933  2891 D LEMON   : 15:55:54.413 SIP: INFO: module start tmr<0x33> [TIMER F] <128000ms> ok.
04-29 15:55:54.413  1933  2891 D LEMON   : 15:55:54.413 ZOS: INFO: fsm(SIP_NICT) trans@[65543] state <IDLE> run [SEND_NONINVITE] event ok.
04-29 15:55:54.413  1933  2891 D LEMON   : 15:55:54.413 ZOS: INFO: fsm(SIP_NICT) trans@[65543] state <IDLE> to <TRYING>.
04-29 15:55:54.904  1933  2058 D LEMON   : 15:55:54.904 UTPT: INFO: recv udp data(len:573) from [2405:200:330:1581::1b:32920].
04-29 15:55:54.905  1933  2891 D LEMON   : SIP/2.0 200 OK
04-29 15:55:54.905  1933  2891 D LEMON   : l:0
04-29 15:55:54.905  1933  2891 D LEMON   : f:<sip:+917011021569@ims.mnc872.mcc405.3gppnetwork.org>;tag=321ibgx3adeoMhinod59eRC0LF
04-29 15:55:54.905  1933  2891 D LEMON   : t:"+917011021641"<sip:+917011021641@ims.mnc872.mcc405.3gppnetwork.org>;tag=VU0iBUW4hc8jbe6a
04-29 15:55:54.905  1933  2891 D LEMON   : v:SIP/2.0/UDP [2405:204:1803:1f53::251a:e0ad]:5255;branch=z9hG4bKCH321oayK32aCjOQbKem59eouh;rport=36862;received=2405:204:1803:1f53::251a:e0ad
04-29 15:55:54.905  1933  2891 D LEMON   : i:219t.-J0deoMhinod59eRC0LE3@[2405:204:1803:1f53::251a:e0ad]
04-29 15:55:54.905  1933  2891 D LEMON   : CSeq:2 PRACK
04-29 15:55:54.905  1933  2891 D LEMON   : k:100rel,precondition,timer,histinfo,eventlist,norefersub
04-29 15:55:54.905  1933  2891 D LEMON   : Allow:ACK,BYE,CANCEL,INFO,INVITE,NOTIFY,OPTIONS,PRACK,REFER,UPDATE
04-29 15:55:54.905  1933  2891 D LEMON   : Server:VoWIFI/WFC UA
04-29 15:55:54.905  1933  2891 D LEMON   : 
04-29 15:55:54.905  1933  2891 D LEMON   : 
04-29 15:55:54.906  1933  2891 D LEMON   : 15:55:54.906 SIP: INFO: trans @10007 process response <PRACK:200>.
04-29 15:55:54.906  1933  2891 D LEMON   : 15:55:54.906 SIP: INFO: module stop tmr<0x32> [TIMER E] ok.
04-29 15:55:54.906  1933  2891 D LEMON   : 15:55:54.906 SIP: INFO: module stop tmr<0x33> [TIMER F] ok.
04-29 15:55:54.907  1933  2891 D LEMON   : 15:55:54.907 SIP: INFO: module start tmr<0x34> [TIMER K] <17000ms> ok.
04-29 15:55:54.907  1933  2891 D LEMON   : 15:55:54.907 ZOS: INFO: fsm(SIP_NICT) trans@[65543] state <TRYING> run [RECV_2XX] event ok.
04-29 15:55:54.907  1933  2891 D LEMON   : 15:55:54.907 ZOS: INFO: fsm(SIP_NICT) trans@[65543] state <TRYING> to <COMPLETED>.
04-29 15:55:54.907  1933  2891 D LEMON   : 15:55:54.907 SIP: INFO: dlg @20005 process response <PRACK:200>.
04-29 15:55:54.908  1933  2056 D LEMON   : 15:55:54.908 ZOS: ERROR: fsm(MTF_CALL) conn@[17] state <CALLING> run [SSM CNF] unknown event.
04-29 15:55:54.912  1933  2891 D LEMON   : 15:55:54.912 ZOS: INFO: fsm(SIP_IVT) dlg@[131077] state <EARLY UAC> run [RECV_SSM_RSP] event ok.
04-29 15:55:54.937  1933  2058 D LEMON   : 15:55:54.937 UTPT: INFO: recv udp data(len:1004) from [2405:200:330:1581::1b:32920].
04-29 15:55:54.938  1933  2891 D LEMON   : SIP/2.0 180 Ringing
04-29 15:55:54.938  1933  2891 D LEMON   : l:0
04-29 15:55:54.938  1933  2891 D LEMON   : f:<sip:+917011021569@ims.mnc872.mcc405.3gppnetwork.org>;tag=321ibgx3adeoMhinod59eRC0LF
04-29 15:55:54.938  1933  2891 D LEMON   : t:"+917011021641"<sip:+917011021641@ims.mnc872.mcc405.3gppnetwork.org>;tag=VU0iBUW4hc8jbe6a
04-29 15:55:54.938  1933  2891 D LEMON   : v:SIP/2.0/UDP [2405:204:1803:1f53::251a:e0ad]:5255;branch=z9hG4bKG321gt.-J0deoMhinod59eRC0L;rport=36862;received=2405:204:1803:1f53::251a:e0ad
04-29 15:55:54.938  1933  2891 D LEMON   : i:219t.-J0deoMhinod59eRC0LE3@[2405:204:1803:1f53::251a:e0ad]
04-29 15:55:54.938  1933  2891 D LEMON   : CSeq:1 INVITE
04-29 15:55:54.938  1933  2891 D LEMON   : Record-Route:<sip:[2405:200:330:1581::1b]:5067;routing_id=pcscf_a_side;lskpmc=P9J;lr>
04-29 15:55:54.938  1933  2891 D LEMON   : m:<sip:405872000010425@10.56.4.19:5070;transport=TCP;yop=00.00.04111090.0000.7014>;+g.3gpp.icsi-ref="urn%%3Aurn-7%%3A3gpp-service.ims.icsi.mmtel";video;+sip.instance="<urn:gsma:imei:86740002-050413-0>"
04-29 15:55:54.938  1933  2891 D LEMON   : k:100rel,join,precondition,replaces,timer,histinfo,eventlist,norefersub,tdialog
04-29 15:55:54.938  1933  2891 D LEMON   : Allow:ACK,BYE,CANCEL,INFO,INVITE,NOTIFY,OPTIONS,PRACK,REFER,UPDATE
04-29 15:55:54.938  1933  2891 D LEMON   : Feature-Caps:*;+g.3gpp.srvcc;+g.3gpp.icsi-ref="urn%%3Aurn-7%%3A3gpp-service.ims.icsi.mmtel"
04-29 15:55:54.938  1933  2891 D LEMON   : Server:VoWIFI/WFC UA
04-29 15:55:54.938  1933  2891 D LEMON   : P-Early-Media:sendonly
04-29 15:55:54.938  1933  2891 D LEMON   : 
04-29 15:55:54.938  1933  2891 D LEMON   : 
04-29 15:55:54.939  1933  2891 D LEMON   : 15:55:54.939 SIP: INFO: trans @10006 process response <INVITE:180>.
04-29 15:55:54.939  1933  2891 D LEMON   : 15:55:54.939 SIP: INFO: module stop tmr<0x31> [TIMER C] ok.
04-29 15:55:54.939  1933  2891 D LEMON   : 15:55:54.939 SIP: INFO: module start tmr<0x31> [TIMER C] <200000ms> ok.
04-29 15:55:54.939  1933  2891 D LEMON   : 15:55:54.939 ZOS: INFO: fsm(SIP_ICT) trans@[65542] state <PROCEEDING> run [RECV_1XX] event ok.
04-29 15:55:54.941  1933  2891 D LEMON   : 15:55:54.941 SIP: INFO: dlg @20005 process response <INVITE:180>.
04-29 15:55:54.944  1933  2056 D LEMON   : 15:55:54.944 ZOS: INFO: fsm(MTF_CALL) conn@[17] state <CALLING> run [SIM CNF] event ok.
04-29 15:55:54.948  1933  2891 D LEMON   : 15:55:54.948 ZOS: INFO: fsm(SIP_IVT) dlg@[131077] state <EARLY UAC> run [RECV_1XX] event ok.
04-29 15:55:54.951  1933  1933 D LEMON   : 15:55:54.951 RSE: INFO: gui notify LeaveSessAlerted.
04-29 15:55:57.018  1933  2058 D LEMON   : 15:55:57.018 UTPT: INFO: recv udp data(len:1101) from [2405:200:330:1581::1b:32920].
04-29 15:55:57.020  1933  2891 D LEMON   : UPDATE sip:405872000010354@[2405:204:1803:1f53::251a:e0ad]:5255 SIP/2.0
04-29 15:55:57.020  1933  2891 D LEMON   : v:SIP/2.0/UDP [2405:200:330:1581::1b]:5067;branch=z9hG4bK_IMSCL1550631.000_b44875f345d37f66decb6bb15c16398a;lskpmc=P9J
04-29 15:55:57.020  1933  2891 D LEMON   : Record-Route:<sip:[2405:200:330:1581::1b]:5067;routing_id=pcscf_a_side;lskpmc=P9J;lr>
04-29 15:55:57.020  1933  2891 D LEMON   : l:259
04-29 15:55:57.020  1933  2891 D LEMON   : f:"+917011021641"<sip:+917011021641@ims.mnc872.mcc405.3gppnetwork.org>;tag=VU0iBUW4hc8jbe6a
04-29 15:55:57.020  1933  2891 D LEMON   : t:<sip:+917011021569@ims.mnc872.mcc405.3gppnetwork.org>;tag=321ibgx3adeoMhinod59eRC0LF
04-29 15:55:57.020  1933  2891 D LEMON   : i:219t.-J0deoMhinod59eRC0LE3@[2405:204:1803:1f53::251a:e0ad]
04-29 15:55:57.020  1933  2891 D LEMON   : CSeq:1 UPDATE
04-29 15:55:57.020  1933  2891 D LEMON   : Max-Forwards:59
04-29 15:55:57.020  1933  2891 D LEMON   : m:<sip:405872000010425@10.56.4.19:5070;transport=TCP;yop=00.00.04111090.0000.7014>;+g.3gpp.icsi-ref="urn%%3Aurn-7%%3A3gpp-service.ims.icsi.mmtel";video;+sip.instance="<urn:gsma:imei:86740002-050413-0>"
04-29 15:55:57.020  1933  2891 D LEMON   : c:application/sdp
04-29 15:55:57.020  1933  2891 D LEMON   : Content-Disposition:session;handling=required
04-29 15:55:57.020  1933  2891 D LEMON   : d:no-fork
04-29 15:55:57.020  1933  2891 D LEMON   : 
04-29 15:55:57.020  1933  2891 D LEMON   : v=0
04-29 15:55:57.020  1933  2891 D LEMON   : o=- 0 1 IN IP6 ims.mnc872.mcc405.3gppnetwork.org
04-29 15:55:57.020  1933  2891 D LEMON   : s=media server session
04-29 15:55:57.020  1933  2891 D LEMON   : t=0 0
04-29 15:55:57.020  1933  2891 D LEMON   : m=audio 37774 RTP/AVP 104
04-29 15:55:57.020  1933  2891 D LEMON   : c=IN IP6 2405:200:330:1587::11
04-29 15:55:57.020  1933  2891 D LEMON   : a=rtpmap:104 AMR-WB/16000
04-29 15:55:57.020  1933  2891 D LEMON   : a=fmtp:104 octet-align=1; mode-change-capability=2
04-29 15:55:57.020  1933  2891 D LEMON   : a=rtcp-xr
04-29 15:55:57.020  1933  2891 D LEMON   : a=ptime:20
04-29 15:55:57.020  1933  2891 D LEMON   : a=sendrecv
04-29 15:55:57.020  1933  2891 D LEMON   : 
04-29 15:55:57.021  1933  2891 D LEMON   : 15:55:57.021 SIP: INFO: module create tmr<0x37> [TIMER J] ok.
04-29 15:55:57.021  1933  2891 D LEMON   : 15:55:57.021 SIP: INFO: module create tmr<0x38> [TIMER C] ok.
04-29 15:55:57.022  1933  2891 D LEMON   : 15:55:57.021 SIP: INFO: trans @10008 process request <UPDATE>.
04-29 15:55:57.022  1933  2891 D LEMON   : 15:55:57.022 SIP: INFO: module start tmr<0x38> [TIMER C] <200000ms> ok.
04-29 15:55:57.022  1933  2891 D LEMON   : 15:55:57.022 ZOS: INFO: fsm(SIP_NIST) trans@[65544] state <IDLE> run [RECV_NONINVITE] event ok.
04-29 15:55:57.022  1933  2891 D LEMON   : 15:55:57.022 ZOS: INFO: fsm(SIP_NIST) trans@[65544] state <IDLE> to <TRYING>.
04-29 15:55:57.022  1933  2891 D LEMON   : 15:55:57.022 SIP: INFO: dlg @20005 process request <UPDATE>.
04-29 15:55:57.027  1933  2891 D LEMON   : 15:55:57.027 ZOS: INFO: fsm(SIP_IVT) dlg@[131077] state <EARLY UAC> run [RECV_SSM_REQ] event ok.
04-29 15:55:57.163  1933  2891 D LEMON   : 15:55:57.163 SIP: INFO: dlg @20005 process response <UPDATE:200>.
04-29 15:55:57.163  1933  2891 D LEMON   : 15:55:57.163 ZOS: INFO: fsm(SIP_IVT) dlg@[131077] state <EARLY UAC> run [SSM_RSP] event ok.
04-29 15:55:57.163  1933  2056 D LEMON   : 15:55:57.163 ZOS: INFO: fsm(MTF_CALL) conn@[17] state <CALLING> run [SSM IND] event ok.
04-29 15:55:57.163  1933  2891 D LEMON   : 15:55:57.163 SIP: INFO: trans @10008 process response <UPDATE:200>.
04-29 15:55:57.164  1933  2891 D LEMON   : SIP/2.0 200 OK
04-29 15:55:57.164  1933  2891 D LEMON   : From: "+917011021641"<sip:+917011021641@ims.mnc872.mcc405.3gppnetwork.org>;tag=VU0iBUW4hc8jbe6a
04-29 15:55:57.164  1933  2891 D LEMON   : To: <sip:+917011021569@ims.mnc872.mcc405.3gppnetwork.org>;tag=321ibgx3adeoMhinod59eRC0LF
04-29 15:55:57.164  1933  2891 D LEMON   : P-Access-Network-Info: IEEE-802.11;i-wlan-node-id=4045da1352c7
04-29 15:55:57.164  1933  2891 D LEMON   : Supported: 100rel,join,norefersub,replaces,timer
04-29 15:55:57.164  1933  2891 D LEMON   : Allow: INVITE,ACK,BYE,CANCEL,UPDATE,REGISTER,INFO,PRACK,SUBSCRIBE,NOTIFY,MESSAGE,REFER,PUBLISH
04-29 15:55:57.164  1933  2891 D LEMON   : Contact: <sip:405872000010354@[2405:204:1803:1f53::251a:e0ad]:5255>;+sip.instance="<urn:gsma:imei:86740002-050381-3>";+g.3gpp.icsi-ref="urn%%3Aurn-7%%3A3gpp-service.ims.icsi.mmtel";video
04-29 15:55:57.164  1933  2891 D LEMON   : Record-Route: <sip:[2405:200:330:1581::1b]:5067;routing_id=pcscf_a_side;lskpmc=P9J;lr>
04-29 15:55:57.164  1933  2891 D LEMON   : Call-ID: 219t.-J0deoMhinod59eRC0LE3@[2405:204:1803:1f53::251a:e0ad]
04-29 15:55:57.164  1933  2891 D LEMON   : CSeq: 1 UPDATE
04-29 15:55:57.164  1933  2891 D LEMON   : Max-Forwards: 70
04-29 15:55:57.164  1933  2891 D LEMON   : Server: VoWIFI/WFC UA
04-29 15:55:57.164  1933  2891 D LEMON   : Via: SIP/2.0/UDP [2405:200:330:1581::1b]:5067;branch=z9hG4bK_IMSCL1550631.000_b44875f345d37f66decb6bb15c16398a;lskpmc=P9J;received=2405:200:330:1581::1b
04-29 15:55:57.164  1933  2891 D LEMON   : Content-Type: application/sdp
04-29 15:55:57.164  1933  2891 D LEMON   : Content-Length: 301
04-29 15:55:57.164  1933  2891 D LEMON   : 
04-29 15:55:57.164  1933  2891 D LEMON   : v=0
04-29 15:55:57.164  1933  2891 D LEMON   : o=405872000010354 2688247764 2688247765 IN IP6 2405:204:1803:1f53::251a:e0ad
04-29 15:55:57.164  1933  2891 D LEMON   : s=-
04-29 15:55:57.164  1933  2891 D LEMON   : c=IN IP6 2405:204:1803:1f53::251a:e0ad
04-29 15:55:57.164  1933  2891 D LEMON   : t=0 0
04-29 15:55:57.164  1933  2891 D LEMON   : m=audio 37086 RTP/AVP 104
04-29 15:55:57.164  1933  2891 D LEMON   : a=rtpmap:104 AMR-WB/16000
04-29 15:55:57.164  1933  2891 D LEMON   : a=fmtp:104 octet-align=1;mode-change-period=2;mode-change-capability=2
04-29 15:55:57.164  1933  2891 D LEMON   : a=ptime:20
04-29 15:55:57.164  1933  2891 D LEMON   : a=maxptime:144
04-29 15:55:57.164  1933  2891 D LEMON   : a=sendrecv
04-29 15:55:57.164  1933  2891 D LEMON   : 
04-29 15:55:57.165  1933  2891 D LEMON   : 15:55:57.165 UTPT: INFO: conn[0x4] send data[1322] to [2405:200:330:1581::1b:5067] ok.
04-29 15:55:57.165  1933  2891 D LEMON   : 15:55:57.165 SIP: INFO: module stop tmr<0x38> [TIMER C] ok.
04-29 15:55:57.165  1933  2891 D LEMON   : 15:55:57.165 SIP: INFO: module start tmr<0x37> [TIMER J] <128000ms> ok.
04-29 15:55:57.166  1933  2891 D LEMON   : 15:55:57.165 ZOS: INFO: fsm(SIP_NIST) trans@[65544] state <TRYING> run [SEND_2XX] event ok.
04-29 15:55:57.167  1933  2891 D LEMON   : 15:55:57.166 ZOS: INFO: fsm(SIP_NIST) trans@[65544] state <TRYING> to <COMPLETED>.
04-29 15:55:57.167  1933  1933 D LEMON   : 15:55:57.167 RSE: INFO: gui notify LeaveSessAddAudioOk.
04-29 15:55:57.463  1933  2058 D LEMON   : 15:55:57.463 UTPT: INFO: recv udp data(len:1114) from [2405:200:330:1581::1b:32920].
04-29 15:55:57.464  1933  2891 D LEMON   : UPDATE sip:405872000010354@[2405:204:1803:1f53::251a:e0ad]:5255 SIP/2.0
04-29 15:55:57.464  1933  2891 D LEMON   : v:SIP/2.0/UDP [2405:200:330:1581::1b]:5067;branch=z9hG4bK_IMSCL1550631.000_e2ceeb8fa8cd683d26f0579cf134cc98;lskpmc=P9J
04-29 15:55:57.464  1933  2891 D LEMON   : Record-Route:<sip:[2405:200:330:1581::1b]:5067;routing_id=pcscf_a_side;lskpmc=P9J;lr>
04-29 15:55:57.464  1933  2891 D LEMON   : l:272
04-29 15:55:57.464  1933  2891 D LEMON   : f:"+917011021641"<sip:+917011021641@ims.mnc872.mcc405.3gppnetwork.org>;tag=VU0iBUW4hc8jbe6a
04-29 15:55:57.464  1933  2891 D LEMON   : t:<sip:+917011021569@ims.mnc872.mcc405.3gppnetwork.org>;tag=321ibgx3adeoMhinod59eRC0LF
04-29 15:55:57.464  1933  2891 D LEMON   : i:219t.-J0deoMhinod59eRC0LE3@[2405:204:1803:1f53::251a:e0ad]
04-29 15:55:57.464  1933  2891 D LEMON   : CSeq:2 UPDATE
04-29 15:55:57.464  1933  2891 D LEMON   : Max-Forwards:59
04-29 15:55:57.464  1933  2891 D LEMON   : m:<sip:405872000010425@10.56.4.19:5070;transport=TCP;yop=00.00.04111090.0000.7014>;+g.3gpp.icsi-ref="urn%%3Aurn-7%%3A3gpp-service.ims.icsi.mmtel";video;+sip.instance="<urn:gsma:imei:86740002-050413-0>"
04-29 15:55:57.464  1933  2891 D LEMON   : c:application/sdp
04-29 15:55:57.464  1933  2891 D LEMON   : Content-Disposition:session;handling=required
04-29 15:55:57.464  1933  2891 D LEMON   : d:no-fork
04-29 15:55:57.464  1933  2891 D LEMON   : 
04-29 15:55:57.464  1933  2891 D LEMON   : v=0
04-29 15:55:57.464  1933  2891 D LEMON   : o=405872000010425 0 2 IN IP6 ims.mnc872.mcc405.3gppnetwork.org
04-29 15:55:57.464  1933  2891 D LEMON   : s=-
04-29 15:55:57.464  1933  2891 D LEMON   : c=IN IP6 2405:200:330:1587::11
04-29 15:55:57.464  1933  2891 D LEMON   : t=0 0
04-29 15:55:57.464  1933  2891 D LEMON   : m=audio 37774 RTP/AVP 104 101
04-29 15:55:57.464  1933  2891 D LEMON   : a=rtpmap:104 AMR-WB/16000
04-29 15:55:57.464  1933  2891 D LEMON   : a=fmtp:104 octet-align=1
04-29 15:55:57.464  1933  2891 D LEMON   : a=ptime:20
04-29 15:55:57.464  1933  2891 D LEMON   : a=maxptime:144
04-29 15:55:57.464  1933  2891 D LEMON   : a=rtpmap:101 telephone-event/8000
04-29 15:55:57.464  1933  2891 D LEMON   : a=sendrecv
04-29 15:55:57.464  1933  2891 D LEMON   : 
04-29 15:55:57.465  1933  2891 D LEMON   : 15:55:57.465 SIP: INFO: module create tmr<0x3A> [TIMER J] ok.
04-29 15:55:57.465  1933  2891 D LEMON   : 15:55:57.465 SIP: INFO: module create tmr<0x3B> [TIMER C] ok.
04-29 15:55:57.466  1933  2891 D LEMON   : 15:55:57.466 SIP: INFO: trans @20006 process request <UPDATE>.
04-29 15:55:57.466  1933  2891 D LEMON   : 15:55:57.466 SIP: INFO: module start tmr<0x3B> [TIMER C] <200000ms> ok.
04-29 15:55:57.466  1933  2891 D LEMON   : 15:55:57.466 ZOS: INFO: fsm(SIP_NIST) trans@[131078] state <IDLE> run [RECV_NONINVITE] event ok.
04-29 15:55:57.466  1933  2891 D LEMON   : 15:55:57.466 ZOS: INFO: fsm(SIP_NIST) trans@[131078] state <IDLE> to <TRYING>.
04-29 15:55:57.467  1933  2891 D LEMON   : 15:55:57.467 SIP: INFO: dlg @20005 process request <UPDATE>.
04-29 15:55:57.476  1933  2891 D LEMON   : 15:55:57.476 ZOS: INFO: fsm(SIP_IVT) dlg@[131077] state <EARLY UAC> run [RECV_SSM_REQ] event ok.
04-29 15:55:57.564  1933  2056 D LEMON   : 15:55:57.564 ZOS: INFO: fsm(MTF_CALL) conn@[17] state <CALLING> run [SSM IND] event ok.
04-29 15:55:57.565  1933  2891 D LEMON   : 15:55:57.565 SIP: INFO: dlg @20005 process response <UPDATE:200>.
04-29 15:55:57.565  1933  2891 D LEMON   : 15:55:57.565 ZOS: INFO: fsm(SIP_IVT) dlg@[131077] state <EARLY UAC> run [SSM_RSP] event ok.
04-29 15:55:57.567  1933  1933 D LEMON   : 15:55:57.567 RSE: INFO: gui notify LeaveSessMdfyed.
04-29 15:55:57.570  1933  2891 D LEMON   : 15:55:57.570 SIP: INFO: trans @20006 process response <UPDATE:200>.
04-29 15:55:57.571  1933  2891 D LEMON   : SIP/2.0 200 OK
04-29 15:55:57.571  1933  2891 D LEMON   : From: "+917011021641"<sip:+917011021641@ims.mnc872.mcc405.3gppnetwork.org>;tag=VU0iBUW4hc8jbe6a
04-29 15:55:57.571  1933  2891 D LEMON   : To: <sip:+917011021569@ims.mnc872.mcc405.3gppnetwork.org>;tag=321ibgx3adeoMhinod59eRC0LF
04-29 15:55:57.571  1933  2891 D LEMON   : P-Access-Network-Info: IEEE-802.11;i-wlan-node-id=4045da1352c7
04-29 15:55:57.571  1933  2891 D LEMON   : Supported: 100rel,join,norefersub,replaces,timer
04-29 15:55:57.571  1933  2891 D LEMON   : Allow: INVITE,ACK,BYE,CANCEL,UPDATE,REGISTER,INFO,PRACK,SUBSCRIBE,NOTIFY,MESSAGE,REFER,PUBLISH
04-29 15:55:57.571  1933  2891 D LEMON   : Contact: <sip:405872000010354@[2405:204:1803:1f53::251a:e0ad]:5255>;+sip.instance="<urn:gsma:imei:86740002-050381-3>";+g.3gpp.icsi-ref="urn%%3Aurn-7%%3A3gpp-service.ims.icsi.mmtel";video
04-29 15:55:57.571  1933  2891 D LEMON   : Record-Route: <sip:[2405:200:330:1581::1b]:5067;routing_id=pcscf_a_side;lskpmc=P9J;lr>
04-29 15:55:57.571  1933  2891 D LEMON   : Call-ID: 219t.-J0deoMhinod59eRC0LE3@[2405:204:1803:1f53::251a:e0ad]
04-29 15:55:57.571  1933  2891 D LEMON   : CSeq: 2 UPDATE
04-29 15:55:57.571  1933  2891 D LEMON   : Max-Forwards: 70
04-29 15:55:57.571  1933  2891 D LEMON   : Server: VoWIFI/WFC UA
04-29 15:55:57.571  1933  2891 D LEMON   : Via: SIP/2.0/UDP [2405:200:330:1581::1b]:5067;branch=z9hG4bK_IMSCL1550631.000_e2ceeb8fa8cd683d26f0579cf134cc98;lskpmc=P9J;received=2405:200:330:1581::1b
04-29 15:55:57.571  1933  2891 D LEMON   : Content-Type: application/sdp
04-29 15:55:57.571  1933  2891 D LEMON   : Content-Length: 301
04-29 15:55:57.571  1933  2891 D LEMON   : 
04-29 15:55:57.571  1933  2891 D LEMON   : v=0
04-29 15:55:57.571  1933  2891 D LEMON   : o=405872000010354 2688247764 2688247766 IN IP6 2405:204:1803:1f53::251a:e0ad
04-29 15:55:57.571  1933  2891 D LEMON   : s=-
04-29 15:55:57.571  1933  2891 D LEMON   : c=IN IP6 2405:204:1803:1f53::251a:e0ad
04-29 15:55:57.571  1933  2891 D LEMON   : t=0 0
04-29 15:55:57.571  1933  2891 D LEMON   : m=audio 37086 RTP/AVP 104
04-29 15:55:57.571  1933  2891 D LEMON   : a=rtpmap:104 AMR-WB/16000
04-29 15:55:57.571  1933  2891 D LEMON   : a=fmtp:104 octet-align=1;mode-change-period=2;mode-change-capability=2
04-29 15:55:57.571  1933  2891 D LEMON   : a=ptime:20
04-29 15:55:57.571  1933  2891 D LEMON   : a=maxptime:144
04-29 15:55:57.571  1933  2891 D LEMON   : a=sendrecv
04-29 15:55:57.571  1933  2891 D LEMON   : 
04-29 15:55:57.571  1933  2891 D LEMON   : 15:55:57.571 UTPT: INFO: conn[0x4] send data[1322] to [2405:200:330:1581::1b:5067] ok.
04-29 15:55:57.573  1933  2891 D LEMON   : 15:55:57.572 SIP: INFO: module stop tmr<0x3B> [TIMER C] ok.
04-29 15:55:57.573  1933  2891 D LEMON   : 15:55:57.573 SIP: INFO: module start tmr<0x3A> [TIMER J] <128000ms> ok.
04-29 15:55:57.573  1933  2891 D LEMON   : 15:55:57.573 ZOS: INFO: fsm(SIP_NIST) trans@[131078] state <TRYING> run [SEND_2XX] event ok.
04-29 15:55:57.573  1933  2891 D LEMON   : 15:55:57.573 ZOS: INFO: fsm(SIP_NIST) trans@[131078] state <TRYING> to <COMPLETED>.
04-29 15:55:57.916  1933  2058 D LEMON   : 15:55:57.916 UTPT: INFO: recv udp data(len:999) from [2405:200:330:1581::1b:32920].
04-29 15:55:57.917  1933  2891 D LEMON   : SIP/2.0 183 Session Progress
04-29 15:55:57.917  1933  2891 D LEMON   : l:0
04-29 15:55:57.917  1933  2891 D LEMON   : f:<sip:+917011021569@ims.mnc872.mcc405.3gppnetwork.org>;tag=321ibgx3adeoMhinod59eRC0LF
04-29 15:55:57.917  1933  2891 D LEMON   : t:"+917011021641"<sip:+917011021641@ims.mnc872.mcc405.3gppnetwork.org>;tag=VU0iBUW4hc8jbe6a
04-29 15:55:57.917  1933  2891 D LEMON   : v:SIP/2.0/UDP [2405:204:1803:1f53::251a:e0ad]:5255;branch=z9hG4bKG321gt.-J0deoMhinod59eRC0L;rport=36862;received=2405:204:1803:1f53::251a:e0ad
04-29 15:55:57.917  1933  2891 D LEMON   : i:219t.-J0deoMhinod59eRC0LE3@[2405:204:1803:1f53::251a:e0ad]
04-29 15:55:57.917  1933  2891 D LEMON   : CSeq:1 INVITE
04-29 15:55:57.917  1933  2891 D LEMON   : Record-Route:<sip:[2405:200:330:1581::1b]:5067;routing_id=pcscf_a_side;lskpmc=P9J;lr>
04-29 15:55:57.917  1933  2891 D LEMON   : m:<sip:405872000010425@10.56.4.19:5070;transport=TCP;yop=00.00.04111090.0000.7014>;+g.3gpp.icsi-ref="urn%%3Aurn-7%%3A3gpp-service.ims.icsi.mmtel";video;+sip.instance="<urn:gsma:imei:86740002-050413-0>"
04-29 15:55:57.917  1933  2891 D LEMON   : k:100rel,precondition,timer,histinfo,eventlist,norefersub,tdialog
04-29 15:55:57.917  1933  2891 D LEMON   : Allow:ACK,BYE,CANCEL,INFO,INVITE,NOTIFY,OPTIONS,PRACK,REFER,UPDATE
04-29 15:55:57.917  1933  2891 D LEMON   : Feature-Caps:*;+g.3gpp.srvcc;+g.3gpp.icsi-ref="urn%%3Aurn-7%%3A3gpp-service.ims.icsi.mmtel"
04-29 15:55:57.917  1933  2891 D LEMON   : Server:VoWIFI/WFC UA
04-29 15:55:57.917  1933  2891 D LEMON   : P-Early-Media:sendonly
04-29 15:55:57.917  1933  2891 D LEMON   : 
04-29 15:55:57.917  1933  2891 D LEMON   : 
04-29 15:55:57.918  1933  2891 D LEMON   : 15:55:57.918 SIP: INFO: trans @10006 process response <INVITE:183>.
04-29 15:55:57.918  1933  2891 D LEMON   : 15:55:57.918 SIP: INFO: module stop tmr<0x31> [TIMER C] ok.
04-29 15:55:57.918  1933  2891 D LEMON   : 15:55:57.918 SIP: INFO: module start tmr<0x31> [TIMER C] <200000ms> ok.
04-29 15:55:57.918  1933  2891 D LEMON   : 15:55:57.918 ZOS: INFO: fsm(SIP_ICT) trans@[65542] state <PROCEEDING> run [RECV_1XX] event ok.
04-29 15:55:57.919  1933  2891 D LEMON   : 15:55:57.919 SIP: INFO: dlg @20005 process response <INVITE:183>.
04-29 15:55:57.921  1933  2056 D LEMON   : 15:55:57.921 ZOS: INFO: fsm(MTF_CALL) conn@[17] state <CALLING> run [SIM CNF] event ok.
04-29 15:55:57.938  1933  1933 D LEMON   : 15:55:57.938 RSE: INFO: gui notify LeaveSessAlerted.
04-29 15:55:57.952  1933  2891 D LEMON   : 15:55:57.952 ZOS: INFO: fsm(SIP_IVT) dlg@[131077] state <EARLY UAC> run [RECV_1XX] event ok.
04-29 15:55:58.237  1933  2058 D LEMON   : 15:55:58.237 UTPT: INFO: recv udp data(len:1076) from [2405:200:330:1581::1b:32920].
04-29 15:55:58.238  1933  2891 D LEMON   : SIP/2.0 200 OK
04-29 15:55:58.238  1933  2891 D LEMON   : l:0
04-29 15:55:58.238  1933  2891 D LEMON   : f:<sip:+917011021569@ims.mnc872.mcc405.3gppnetwork.org>;tag=321ibgx3adeoMhinod59eRC0LF
04-29 15:55:58.238  1933  2891 D LEMON   : t:"+917011021641"<sip:+917011021641@ims.mnc872.mcc405.3gppnetwork.org>;tag=VU0iBUW4hc8jbe6a
04-29 15:55:58.238  1933  2891 D LEMON   : v:SIP/2.0/UDP [2405:204:1803:1f53::251a:e0ad]:5255;branch=z9hG4bKG321gt.-J0deoMhinod59eRC0L;rport=36862;received=2405:204:1803:1f53::251a:e0ad
04-29 15:55:58.238  1933  2891 D LEMON   : i:219t.-J0deoMhinod59eRC0LE3@[2405:204:1803:1f53::251a:e0ad]
04-29 15:55:58.238  1933  2891 D LEMON   : CSeq:1 INVITE
04-29 15:55:58.238  1933  2891 D LEMON   : Record-Route:<sip:[2405:200:330:1581::1b]:5067;routing_id=pcscf_a_side;lskpmc=P9J;lr>
04-29 15:55:58.238  1933  2891 D LEMON   : Privacy:none
04-29 15:55:58.238  1933  2891 D LEMON   : P-Asserted-Identity:<sip:+917011021641@ims.mnc872.mcc405.3gppnetwork.org;user=phone>
04-29 15:55:58.238  1933  2891 D LEMON   : x:1800;refresher=uac
04-29 15:55:58.238  1933  2891 D LEMON   : m:<sip:405872000010425@10.56.4.19:5070;transport=TCP;yop=00.00.04111090.0000.7014>;+g.3gpp.icsi-ref="urn%%3Aurn-7%%3A3gpp-service.ims.icsi.mmtel";video;+sip.instance="<urn:gsma:imei:86740002-050413-0>"
04-29 15:55:58.238  1933  2891 D LEMON   : Require:timer
04-29 15:55:58.238  1933  2891 D LEMON   : k:100rel,precondition,timer,histinfo,eventlist,norefersub,tdialog
04-29 15:55:58.238  1933  2891 D LEMON   : Allow:ACK,BYE,CANCEL,INFO,INVITE,NOTIFY,OPTIONS,PRACK,REFER,UPDATE
04-29 15:55:58.238  1933  2891 D LEMON   : Feature-Caps:*;+g.3gpp.srvcc;+g.3gpp.icsi-ref="urn%%3Aurn-7%%3A3gpp-service.ims.icsi.mmtel"
04-29 15:55:58.238  1933  2891 D LEMON   : 
04-29 15:55:58.238  1933  2891 D LEMON   : 
04-29 15:55:58.239  1933  2891 D LEMON   : 15:55:58.239 SIP: INFO: trans @10006 process response <INVITE:200>.
04-29 15:55:58.239  1933  2891 D LEMON   : 15:55:58.239 SIP: INFO: module stop tmr<0x31> [TIMER C] ok.
04-29 15:55:58.239  1933  2891 D LEMON   : 15:55:58.239 ZOS: INFO: fsm(SIP_ICT) trans@[65542] state <PROCEEDING> run [RECV_2XX] event ok.
04-29 15:55:58.239  1933  2891 D LEMON   : 15:55:58.239 ZOS: INFO: fsm(SIP_ICT) trans@[65542] state <PROCEEDING> to <TERMINATED>.
04-29 15:55:58.240  1933  2891 D LEMON   : 15:55:58.240 SIP: INFO: dlg @20005 process response <INVITE:200>.
04-29 15:55:58.240  1933  2891 D LEMON   : 15:55:58.240 SIP: INFO: module start tmr<0x2A> [TIMER WAIT_SAM] <128000ms> ok.
04-29 15:55:58.244  1933  2056 D LEMON   : 15:55:58.244 ZOS: INFO: fsm(MTF_CALL) conn@[17] state <CALLING> run [SIM CNF] event ok.
04-29 15:55:58.244  1933  2056 D LEMON   : 15:55:58.244 ZOS: INFO: fsm(MTF_CALL) conn@[17] state <CALLING> to <CONNECTED>.
04-29 15:55:58.248  1933  2891 D LEMON   : 15:55:58.248 ZOS: INFO: fsm(SIP_IVT) dlg@[131077] state <EARLY UAC> run [RECV_2XX] event ok.
04-29 15:55:58.248  1933  2891 D LEMON   : 15:55:58.248 ZOS: INFO: fsm(SIP_IVT) dlg@[131077] state <EARLY UAC> to <CONFIRMED>.
04-29 15:55:58.248  1933  2891 D LEMON   : 15:55:58.248 SIP: INFO: module delete tmr<0x2D> [TIMER A] ok.
04-29 15:55:58.248  1933  2891 D LEMON   : 15:55:58.248 SIP: INFO: module delete tmr<0x2E> [TIMER B] ok.
04-29 15:55:58.249  1933  2891 D LEMON   : 15:55:58.249 SIP: INFO: module delete tmr<0x2F> [TIMER D] ok.
04-29 15:55:58.249  1933  2891 D LEMON   : 15:55:58.249 SIP: INFO: module delete tmr<0x30> [TIMER WAIT_CONN] ok.
04-29 15:55:58.249  1933  2891 D LEMON   : 15:55:58.249 SIP: INFO: module delete tmr<0x31> [TIMER C] ok.
04-29 15:55:58.253  1933  2891 D LEMON   : 15:55:58.253 SIP: INFO: dlg @20005 process request <ACK>.
04-29 15:55:58.257  1933  1933 D LEMON   : 15:55:58.257 RSE: INFO: gui notify LeaveSessTalking.
04-29 15:55:58.254  1933  2891 D LEMON   : ACK sip:405872000010425@10.56.4.19:5070;transport=tcp;yop=00.00.04111090.0000.7014 SIP/2.0
04-29 15:55:58.254  1933  2891 D LEMON   : From: <sip:+917011021569@ims.mnc872.mcc405.3gppnetwork.org>;tag=321ibgx3adeoMhinod59eRC0LF
04-29 15:55:58.254  1933  2891 D LEMON   : To: "+917011021641"<sip:+917011021641@ims.mnc872.mcc405.3gppnetwork.org>;tag=VU0iBUW4hc8jbe6a
04-29 15:55:58.254  1933  2891 D LEMON   : Contact: <sip:405872000010354@[2405:204:1803:1f53::251a:e0ad]:5255>;+sip.instance="<urn:gsma:imei:86740002-050381-3>";+g.3gpp.icsi-ref="urn%%3Aurn-7%%3A3gpp-service.ims.icsi.mmtel";video
04-29 15:55:58.254  1933  2891 D LEMON   : P-Access-Network-Info: IEEE-802.11;i-wlan-node-id=4045da1352c7
04-29 15:55:58.254  1933  2891 D LEMON   : Proxy-Require: sec-agree
04-29 15:55:58.254  1933  2891 D LEMON   : Require: sec-agree
04-29 15:55:58.254  1933  2891 D LEMON   : Supported: sec-agree
04-29 15:55:58.254  1933  2891 D LEMON   : Route: <sip:[2405:200:330:1581::1b]:5067;routing_id=pcscf_a_side;lskpmc=P9J;lr>
04-29 15:55:58.254  1933  2891 D LEMON   : Call-ID: 219t.-J0deoMhinod59eRC0LE3@[2405:204:1803:1f53::251a:e0ad]
04-29 15:55:58.254  1933  2891 D LEMON   : CSeq: 1 ACK
04-29 15:55:58.254  1933  2891 D LEMON   : Max-Forwards: 70
04-29 15:55:58.254  1933  2891 D LEMON   : User-Agent: VoWIFI/WFC UA
04-29 15:55:58.254  1933  2891 D LEMON   : Via: SIP/2.0/UDP [2405:204:1803:1f53::251a:e0ad]:36862;branch=z9hG4bKhCI321ft.-J2aCjOQbKem59eou;rport
04-29 15:55:58.254  1933  2891 D LEMON   : Content-Length: 0
04-29 15:55:58.254  1933  2891 D LEMON   : 
04-29 15:55:58.254  1933  2891 D LEMON   : 
04-29 15:55:58.267  1933  2891 D LEMON   : 15:55:58.266 UTPT: INFO: conn[0x4] send data[929] to [2405:200:330:1581::1b:5067] ok.
04-29 15:55:58.268  1933  2891 D LEMON   : 15:55:58.268 SIP: INFO: module stop tmr<0x2A> [TIMER WAIT_SAM] ok.
04-29 15:55:58.268  1933  2891 D LEMON   : 15:55:58.268 ZOS: INFO: fsm(SIP_IVT) dlg@[131077] state <CONFIRMED> run [SAM_REQ] event ok.
04-29 15:55:58.444  1933  2056 D LEMON   : 15:55:58.444 ZOS: INFO: fsm(MTF_CALL) conn@[17] state <CONNECTED> run [WAIT MEDIA] event ok.
04-29 15:56:01.758  1933  2891 D LEMON   : 15:56:01.758 SIP: INFO: dlg @20005 process request <INVITE>.
04-29 15:56:01.758  1933  2891 D LEMON   : 15:56:01.758 SIP: INFO: module create tmr<0x3D> [TIMER A] ok.
04-29 15:56:01.758  1933  2891 D LEMON   : 15:56:01.758 SIP: INFO: module create tmr<0x3E> [TIMER B] ok.
04-29 15:56:01.758  1933  2891 D LEMON   : 15:56:01.758 SIP: INFO: module create tmr<0x3F> [TIMER D] ok.
04-29 15:56:01.758  1933  2891 D LEMON   : 15:56:01.758 SIP: INFO: module create tmr<0x40> [TIMER WAIT_CONN] ok.
04-29 15:56:01.759  1933  2891 D LEMON   : 15:56:01.759 SIP: INFO: module create tmr<0x41> [TIMER C] ok.
04-29 15:56:01.759  1933  2891 D LEMON   : 15:56:01.759 ZOS: INFO: fsm(SIP_IVT) dlg@[131077] state <CONFIRMED> run [SMM_REQ] event ok.
04-29 15:56:01.759  1933  2891 D LEMON   : 15:56:01.759 ZOS: INFO: fsm(SIP_IVT) dlg@[131077] state <CONFIRMED> to <MODIFY OUT>.
04-29 15:56:01.760  1933  2891 D LEMON   : 15:56:01.760 SIP: INFO: trans @20007 process request <INVITE>.
04-29 15:56:01.761  1933  2056 D LEMON   : 15:56:01.761 ZOS: INFO: fsm(MTF_CALL) conn@[17] state <CONNECTED> run [USER HOLD] event ok.
04-29 15:56:01.761  1933  2056 D LEMON   : 15:56:01.761 ZOS: INFO: fsm(MTF_CALL) conn@[17] state <CONNECTED> to <MODIFYOUT>.
04-29 15:56:01.760  1933  2891 D LEMON   : INVITE sip:405872000010425@10.56.4.19:5070;transport=tcp;yop=00.00.04111090.0000.7014 SIP/2.0
04-29 15:56:01.760  1933  2891 D LEMON   : From: <sip:+917011021569@ims.mnc872.mcc405.3gppnetwork.org>;tag=321ibgx3adeoMhinod59eRC0LF
04-29 15:56:01.760  1933  2891 D LEMON   : To: "+917011021641"<sip:+917011021641@ims.mnc872.mcc405.3gppnetwork.org>;tag=VU0iBUW4hc8jbe6a
04-29 15:56:01.760  1933  2891 D LEMON   : Contact: <sip:405872000010354@[2405:204:1803:1f53::251a:e0ad]:5255>;+sip.instance="<urn:gsma:imei:86740002-050381-3>";+g.3gpp.icsi-ref="urn%%3Aurn-7%%3A3gpp-service.ims.icsi.mmtel";video
04-29 15:56:01.760  1933  2891 D LEMON   : Supported: 100rel,join,norefersub,replaces,timer,sec-agree
04-29 15:56:01.760  1933  2891 D LEMON   : Allow: INVITE,ACK,BYE,CANCEL,UPDATE,REGISTER,INFO,PRACK,SUBSCRIBE,NOTIFY,MESSAGE,REFER,PUBLISH
04-29 15:56:01.760  1933  2891 D LEMON   : Session-Expires: 1800
04-29 15:56:01.760  1933  2891 D LEMON   : Min-SE: 600
04-29 15:56:01.760  1933  2891 D LEMON   : P-Access-Network-Info: IEEE-802.11;i-wlan-node-id=4045da1352c7
04-29 15:56:01.760  1933  2891 D LEMON   : Security-Verify: ipsec-3gpp;prot=esp;alg=hmac-md5-96;ealg=aes-cbc;mod=trans;spi-c=1460503848;spi-s=1460503849;port-c=32920;port-s=5067;q=0.6
04-29 15:56:01.760  1933  2891 D LEMON   : Security-Verify: ipsec-3gpp;prot=esp;alg=hmac-md5-96;ealg=des-ede3-cbc;mod=trans;spi-c=1460503848;spi-s=1460503849;port-c=32920;port-s=5067;q=0.4
04-29 15:56:01.760  1933  2891 D LEMON   : Security-Verify: ipsec-3gpp;prot=esp;alg=hmac-md5-96;ealg=null;mod=trans;spi-c=1460503848;spi-s=1460503849;port-c=32920;port-s=5067;q=0.3
04-29 15:56:01.760  1933  2891 D LEMON   : Security-Verify: ipsec-3gpp;prot=esp;alg=hmac-sha-1-96;ealg=des-ede3-cbc;mod=trans;spi-c=1460503848;spi-s=1460503849;port-c=32920;port-s=5067;q=0.1
04-29 15:56:01.760  1933  2891 D LEMON   : Security-Verify: ipsec-3gpp;prot=esp;alg=hmac-sha-1-96;ealg=aes-cbc;mod=trans;spi-c=1460503848;spi-s=1460503849;port-c=32920;port-s=5067;q=0.2
04-29 15:56:01.760  1933  2891 D LEMON   : Security-Verify: ipsec-3gpp;prot=esp;alg=hmac-sha-1-96;ealg=null;mod=trans;spi-c=1460503848;spi-s=1460503849;port-c=32920;port-s=5067;q=0.5
04-29 15:56:01.760  1933  2891 D LEMON   : Proxy-Require: sec-agree
04-29 15:56:01.760  1933  2891 D LEMON   : Require: sec-agree
04-29 15:56:01.760  1933  2891 D LEMON   : Route: <sip:[2405:200:330:1581::1b]:5067;routing_id=pcscf_a_side;lskpmc=P9J;lr>
04-29 15:56:01.760  1933  2891 D LEMON   : Call-ID: 219t.-J0deoMhinod59eRC0LE3@[2405:204:1803:1f53::251a:e0ad]
04-29 15:56:01.760  1933  2891 D LEMON   : CSeq: 3 INVITE
04-29 15:56:01.760  1933  2891 D LEMON   : Max-Forwards: 70
04-29 15:56:01.760  1933  2891 D LEMON   : User-Agent: VoWIFI/WFC UA
04-29 15:56:01.760  1933  2891 D LEMON   : Via: SIP/2.0/UDP [2405:204:1803:1f53::251a:e0ad]:5255;branch=z9hG4bKuhCJ321payK32aCjOQbKem59eo;rport
04-29 15:56:01.760  1933  2891 D LEMON   : Content-Type: application/sdp
04-29 15:56:01.760  1933  2891 D LEMON   : Content-Length: 329
04-29 15:56:01.760  1933  2891 D LEMON   : 
04-29 15:56:01.760  1933  2891 D LEMON   : v=0
04-29 15:56:01.760  1933  2891 D LEMON   : o=405872000010354 2688247764 2688247767 IN IP6 2405:204:1803:1f53::251a:e0ad
04-29 15:56:01.760  1933  2891 D LEMON   : s=-
04-29 15:56:01.760  1933  2891 D LEMON   : c=IN IP6 2405:204:1803:1f53::251a:e0ad
04-29 15:56:01.760  1933  2891 D LEMON   : t=0 0
04-29 15:56:01.760  1933  2891 D LEMON   : m=audio 37086 RTP/AVP 104 103
04-29 15:56:01.760  1933  2891 D LEMON   : a=rtpmap:104 AMR-WB/16000
04-29 15:56:01.760  1933  2891 D LEMON   : a=fmtp:104 octet-align=1
04-29 15:56:01.760  1933  2891 D LEMON   : a=rtpmap:103 AMR/8000
04-29 15:56:01.760  1933  2891 D LEMON   : a=fmtp:103 mode-set=0,1,2,3,4,5;octet-align=1
04-29 15:56:01.760  1933  2891 D LEMON   : a=ptime:20
04-29 15:56:01.760  1933  2891 D LEMON   : a=maxptime:400
04-29 15:56:01.760  1933  2891 D LEMON   : a=sendonly
04-29 15:56:01.760  1933  2891 D LEMON   : 
04-29 15:56:01.777  1933  2891 D LEMON   : 15:56:01.777 UTPT: INFO: conn[0x4] send data[2328] to [2405:200:330:1581::1b:5067] ok.
04-29 15:56:01.777  1933  2891 D LEMON   : 15:56:01.777 SIP: INFO: module start tmr<0x3D> [TIMER A] <2000ms> ok.
04-29 15:56:01.777  1933  2891 D LEMON   : 15:56:01.777 SIP: INFO: module start tmr<0x3E> [TIMER B] <128000ms> ok.
04-29 15:56:01.777  1933  2891 D LEMON   : 15:56:01.777 SIP: INFO: module start tmr<0x41> [TIMER C] <200000ms> ok.
04-29 15:56:01.777  1933  2891 D LEMON   : 15:56:01.777 ZOS: INFO: fsm(SIP_ICT) trans@[131079] state <IDLE> run [SEND_INVITE] event ok.
04-29 15:56:01.777  1933  2891 D LEMON   : 15:56:01.777 ZOS: INFO: fsm(SIP_ICT) trans@[131079] state <IDLE> to <CALLING>.
04-29 15:56:02.010  1933  2058 D LEMON   : 15:56:02.010 UTPT: INFO: recv udp data(len:429) from [2405:200:330:1581::1b:32920].
04-29 15:56:02.014  1933  2891 D LEMON   : SIP/2.0 100 Trying
04-29 15:56:02.014  1933  2891 D LEMON   : f:<sip:+917011021569@ims.mnc872.mcc405.3gppnetwork.org>;tag=321ibgx3adeoMhinod59eRC0LF
04-29 15:56:02.014  1933  2891 D LEMON   : t:"+917011021641"<sip:+917011021641@ims.mnc872.mcc405.3gppnetwork.org>;tag=VU0iBUW4hc8jbe6a
04-29 15:56:02.014  1933  2891 D LEMON   : i:219t.-J0deoMhinod59eRC0LE3@[2405:204:1803:1f53::251a:e0ad]
04-29 15:56:02.014  1933  2891 D LEMON   : CSeq:3 INVITE
04-29 15:56:02.014  1933  2891 D LEMON   : v:SIP/2.0/UDP [2405:204:1803:1f53::251a:e0ad]:5255;branch=z9hG4bKuhCJ321payK32aCjOQbKem59eo;rport=36862;received=2405:204:1803:1f53::251a:e0ad
04-29 15:56:02.014  1933  2891 D LEMON   : l:0
04-29 15:56:02.014  1933  2891 D LEMON   : 
04-29 15:56:02.014  1933  2891 D LEMON   : 
04-29 15:56:02.014  1933  2891 D LEMON   : 15:56:02.014 SIP: INFO: trans @20007 process response <INVITE:100>.
04-29 15:56:02.014  1933  2891 D LEMON   : 15:56:02.014 SIP: INFO: module stop tmr<0x3D> [TIMER A] ok.
04-29 15:56:02.014  1933  2891 D LEMON   : 15:56:02.014 SIP: INFO: module stop tmr<0x3E> [TIMER B] ok.
04-29 15:56:02.014  1933  2891 D LEMON   : 15:56:02.014 SIP: INFO: module stop tmr<0x41> [TIMER C] ok.
04-29 15:56:02.015  1933  2891 D LEMON   : 15:56:02.015 SIP: INFO: module start tmr<0x41> [TIMER C] <200000ms> ok.
04-29 15:56:02.015  1933  2891 D LEMON   : 15:56:02.015 ZOS: INFO: fsm(SIP_ICT) trans@[131079] state <CALLING> run [RECV_1XX] event ok.
04-29 15:56:02.015  1933  2891 D LEMON   : 15:56:02.015 ZOS: INFO: fsm(SIP_ICT) trans@[131079] state <CALLING> to <PROCEEDING>.
04-29 15:56:02.015  1933  2891 D LEMON   : 15:56:02.015 SIP: INFO: dlg @20005 process response <INVITE:100>.
04-29 15:56:02.015  1933  2891 D LEMON   : 15:56:02.015 ZOS: INFO: fsm(SIP_IVT) dlg@[131077] state <MODIFY OUT> run [RECV_1XX] event ok.
04-29 15:56:04.679  1933  2058 D LEMON   : 15:56:04.679 UTPT: INFO: recv udp data(len:1313) from [2405:200:330:1581::1b:32920].
04-29 15:56:04.680  1933  2891 D LEMON   : SIP/2.0 200 OK
04-29 15:56:04.680  1933  2891 D LEMON   : l:233
04-29 15:56:04.680  1933  2891 D LEMON   : f:<sip:+917011021569@ims.mnc872.mcc405.3gppnetwork.org>;tag=321ibgx3adeoMhinod59eRC0LF
04-29 15:56:04.680  1933  2891 D LEMON   : t:"+917011021641"<sip:+917011021641@ims.mnc872.mcc405.3gppnetwork.org>;tag=VU0iBUW4hc8jbe6a
04-29 15:56:04.680  1933  2891 D LEMON   : v:SIP/2.0/UDP [2405:204:1803:1f53::251a:e0ad]:5255;branch=z9hG4bKuhCJ321payK32aCjOQbKem59eo;rport=36862;received=2405:204:1803:1f53::251a:e0ad
04-29 15:56:04.680  1933  2891 D LEMON   : i:219t.-J0deoMhinod59eRC0LE3@[2405:204:1803:1f53::251a:e0ad]
04-29 15:56:04.680  1933  2891 D LEMON   : CSeq:3 INVITE
04-29 15:56:04.680  1933  2891 D LEMON   : Record-Route:<sip:[2405:200:330:1581::1b]:5067;routing_id=pcscf_a_side;lskpmc=P9J;lr>
04-29 15:56:04.680  1933  2891 D LEMON   : x:1800;refresher=uac
04-29 15:56:04.680  1933  2891 D LEMON   : m:<sip:405872000010425@10.56.4.19:5070;transport=TCP;yop=00.00.04111090.0000.7014>;+g.3gpp.icsi-ref="urn%%3Aurn-7%%3A3gpp-service.ims.icsi.mmtel";video;+sip.instance="<urn:gsma:imei:86740002-050413-0>"
04-29 15:56:04.680  1933  2891 D LEMON   : Require:timer
