04-29 15:55:08.457  1945  2046 D LEMON   : 15:55:08.457 ZOS: INFO: fsm(ADNS) sess@[2943848516] state <IDLE> run [USER FQDN ] event ok.
04-29 15:55:08.457  1945  2046 D LEMON   : 15:55:08.457 ZOS: INFO: fsm(ADNS) sess@[2943848516] state <IDLE> to <FQDNIPV6>.
04-29 15:55:08.472  1945  2046 D LEMON   : 15:55:08.472 UTPT: INFO: conn[0x1] send data[60] to [192.168.8.1:53] ok.
04-29 15:55:08.473  1945  2046 D LEMON   : 15:55:08.473 ZOS: INFO: fsm(ADNS) sess@[2943848516] state <FQDNIPV6> run [USER FQDN ] event ok.
04-29 15:55:09.727  1945  2043 D LEMON   : 15:55:09.727 UTPT: INFO: recv udp data(len:60) from [192.168.8.1:53].
04-29 15:55:09.728  1945  2839 D LEMON   : 15:55:09.728 UTPT: INFO: conn[0x1] send data[60] to [0.0.0.0:53] ok.
04-29 15:55:14.729  1945  2046 D LEMON   : 15:55:14.729 ZOS: INFO: fsm(ADNS) sess@[2943848516] state <FQDNIPV6> run [DNS] event ok.
04-29 15:55:14.730  1945  2046 D LEMON   : 15:55:14.730 ZOS: INFO: fsm(ADNS) sess@[2943848516] state <FQDNIPV6> run [USER FQDN ] event ok.
04-29 15:55:14.730  1945  2046 D LEMON   : 15:55:14.730 ZOS: INFO: fsm(ADNS) sess@[2943848516] state <FQDNIPV6> to <FQDN>.
04-29 15:55:14.730  1945  2046 D LEMON   : 15:55:14.730 ZOS: INFO: fsm(ADNS) sess@[2943848516] state <FQDN> run [USER FQDN ] event ok.
04-29 15:55:14.754  1945  2046 D LEMON   : 15:55:14.754 UTPT: INFO: conn[0x2] send data[60] to [192.168.8.1:53] ok.
04-29 15:55:14.754  1945  2046 D LEMON   : 15:55:14.754 ZOS: INFO: fsm(ADNS) sess@[2943848516] state <FQDN> run [USER FQDN ] event ok.
04-29 15:55:14.807  1945  2043 D LEMON   : 15:55:14.807 UTPT: INFO: recv udp data(len:92) from [192.168.8.1:53].
04-29 15:55:14.809  1945  2046 D LEMON   : 15:55:14.809 ZOS: INFO: fsm(ADNS) sess@[2943848516] state <FQDN> run [DNS] event ok.
04-29 15:55:14.810  1945  2046 D LEMON   : 15:55:14.810 ZOS: INFO: fsm(ADNS) sess@[2943848516] state <FQDN> run [USER FQDN ] event ok.
04-29 15:55:14.810  1945  2046 D LEMON   : 15:55:14.810 ZOS: INFO: fsm(ADNS) sess@[2943848516] state <FQDN> to <ESTABLISHED>.
04-29 15:55:14.815  1945  2046 D LEMON   : 15:55:14.815 ZOS: INFO: fsm(ADNS) sess@[2943848516] state <ESTABLISHED> run [USER STOP] event ok.
04-29 15:55:14.815  1945  2046 D LEMON   : 15:55:14.815 ZOS: INFO: fsm(ADNS) sess@[2943848516] state <ESTABLISHED> to <TERMINATED>.
04-29 15:55:16.988  1933  2056 D LEMON   : 15:55:16.988 ZOS: INFO: fsm(MRF_REG) reg@[17] state <IDLE> run [USER REGISTER] event ok.
04-29 15:55:16.988  1933  2056 D LEMON   : 15:55:16.988 ZOS: INFO: fsm(MRF_REG) reg@[17] state <IDLE> to <REGING>.
04-29 15:55:16.989  1933  2891 D LEMON   : 15:55:16.989 SIP: INFO: dlg @10004 process request <REGISTER>.
04-29 15:55:16.989  1933  2891 D LEMON   : 15:55:16.989 SIP: INFO: module create tmr<0xC> [TIMER E] ok.
04-29 15:55:16.989  1933  2891 D LEMON   : 15:55:16.989 SIP: INFO: module create tmr<0xD> [TIMER F] ok.
04-29 15:55:16.989  1933  2891 D LEMON   : 15:55:16.989 SIP: INFO: module create tmr<0xE> [TIMER K] ok.
04-29 15:55:16.989  1933  2891 D LEMON   : 15:55:16.989 SIP: INFO: module create tmr<0xF> [TIMER WAIT_CONN] ok.
04-29 15:55:16.989  1933  2891 D LEMON   : 15:55:16.989 SIP: INFO: module create tmr<0x10> [TIMER C] ok.
04-29 15:55:16.989  1933  2891 D LEMON   : 15:55:16.989 ZOS: INFO: fsm(SIP_VRTD) vrtd@[65540] state <IDLE> run [CIM_REQ] event ok.
04-29 15:55:16.989  1933  2891 D LEMON   : 15:55:16.989 ZOS: INFO: fsm(SIP_VRTD) vrtd@[65540] state <IDLE> to <REQ OUT>.
04-29 15:55:16.990  1933  2891 D LEMON   : 15:55:16.990 SIP: INFO: trans @10006 process request <REGISTER>.
04-29 15:55:16.994  1933  2891 D LEMON   : REGISTER sip:ims.mnc872.mcc405.3gppnetwork.org SIP/2.0
04-29 15:55:16.994  1933  2891 D LEMON   : To: <sip:405872000010354@ims.mnc872.mcc405.3gppnetwork.org>
04-29 15:55:16.994  1933  2891 D LEMON   : From: <sip:405872000010354@ims.mnc872.mcc405.3gppnetwork.org>;tag=J0deoMhinod59eRC0Ly321*t4-
04-29 15:55:16.994  1933  2891 D LEMON   : Contact: <sip:405872000010354@[2405:204:1803:1f53::251a:e0ad]:5060;transport=udp>;+sip.instance="<urn:gsma:imei:86740002-050381-3>";expires=86400;+g.3gpp.icsi-ref="urn%%3Aurn-7%%3A3gpp-service.ims.icsi.mmtel";video;+g.3gpp.smsip
04-29 15:55:16.994  1933  2891 D LEMON   : Supported: path,gruu,outbound,sec-agree
04-29 15:55:16.994  1933  2891 D LEMON   : Allow: INVITE,ACK,OPTIONS,BYE,CANCEL,REGISTER,INFO,PRACK,SUBSCRIBE,NOTIFY,MESSAGE,REFER
04-29 15:55:16.994  1933  2891 D LEMON   : P-Access-Network-Info: IEEE-802.11;i-wlan-node-id=4045da1352c7
04-29 15:55:16.994  1933  2891 D LEMON   : Security-Client: ipsec-3gpp;prot=esp;alg=hmac-md5-96;ealg=null;mod=trans;spi-c=2850665821;spi-s=2850665822;port-c=36862;port-s=5255,ipsec-3gpp;prot=esp;alg=hmac-md5-96;ealg=des-ede3-cbc;mod=trans;spi-c=2850665821;spi-s=2850665822;port-c=36862;port-s=5255,ipsec-3gpp;prot=esp;alg=hmac-md5-96;ealg=aes-cbc;mod=trans;spi-c=2850665821;spi-s=2850665822;port-c=36862;port-s=5255,ipsec-3gpp;prot=esp;alg=hmac-sha-1-96;ealg=null;mod=trans;spi-c=2850665821;spi-s=2850665822;port-c=36862;port-s=5255,ipsec-3gpp;prot=esp;alg=hmac-sha-1-96;ealg=des-ede3-cbc;mod=trans;spi-c=2850665821;spi-s=2850665822;port-c=36862;port-s=5255,ipsec-3gpp;prot=esp;alg=hmac-sha-1-96;ealg=aes-cbc;mod=trans;spi-c=2850665821;spi-s=2850665822;port-c=36862;port-s=5255
04-29 15:55:16.994  1933  2891 D LEMON   : Proxy-Require: sec-agree
04-29 15:55:16.994  1933  2891 D LEMON   : Require: sec-agree
04-29 15:55:16.994  1933  2891 D LEMON   : Authorization: Digest username="405872000010354@ims.mnc872.mcc405.3gppnetwork.org",uri="sip:ims.mnc872.mcc405.3gppnetwork.org",realm="ims.mnc872.mcc405.3gppnetwork.org",nonce="",response="",algorithm=AKAv1-MD5
04-29 15:55:16.994  1933  2891 D LEMON   : Call-ID: adeoMhinod59eRC0Lx321ibgx3@[2405:204:1803:1f53::251a:e0ad]
04-29 15:55:16.994  1933  2891 D LEMON   : CSeq: 1 REGISTER
04-29 15:55:16.994  1933  2891 D LEMON   : Max-Forwards: 70
04-29 15:55:16.994  1933  2891 D LEMON   : User-Agent: VoWIFI/WFC UA
04-29 15:55:16.994  1933  2891 D LEMON   : Via: SIP/2.0/UDP [2405:204:1803:1f53::251a:e0ad]:5060;branch=z9hG4bKx3adeoMhinod59eRC0Lz321jbg;rport
04-29 15:55:16.994  1933  2891 D LEMON   : Content-Length: 0
04-29 15:55:16.994  1933  2891 D LEMON   : 
04-29 15:55:16.994  1933  2891 D LEMON   : 
04-29 15:55:16.995  1933  2891 D LEMON   : 15:55:16.995 UTPT: INFO: conn[0x3] send data[1881] to [2405:200:330:1581::1b:5060] ok.
04-29 15:55:16.996  1933  2891 D LEMON   : 15:55:16.996 SIP: INFO: module start tmr<0xC> [TIMER E] <2000ms> ok.
04-29 15:55:16.996  1933  2891 D LEMON   : 15:55:16.996 SIP: INFO: module start tmr<0xD> [TIMER F] <128000ms> ok.
04-29 15:55:16.996  1933  2891 D LEMON   : 15:55:16.996 ZOS: INFO: fsm(SIP_NICT) trans@[65542] state <IDLE> run [SEND_NONINVITE] event ok.
04-29 15:55:16.996  1933  2891 D LEMON   : 15:55:16.996 ZOS: INFO: fsm(SIP_NICT) trans@[65542] state <IDLE> to <TRYING>.
04-29 15:55:17.559  1933  2058 D LEMON   : 15:55:17.559 UTPT: INFO: recv udp data(len:1304) from [2405:200:330:1581::1b:5060].
04-29 15:55:17.564  1933  2891 D LEMON   : SIP/2.0 401 Unauthorized
04-29 15:55:17.564  1933  2891 D LEMON   : t:<sip:405872000010354@ims.mnc872.mcc405.3gppnetwork.org>;tag=2030250368
04-29 15:55:17.564  1933  2891 D LEMON   : f:<sip:405872000010354@ims.mnc872.mcc405.3gppnetwork.org>;tag=J0deoMhinod59eRC0Ly321*t4-
04-29 15:55:17.564  1933  2891 D LEMON   : i:adeoMhinod59eRC0Lx321ibgx3@[2405:204:1803:1f53::251a:e0ad]
04-29 15:55:17.564  1933  2891 D LEMON   : CSeq:1 REGISTER
04-29 15:55:17.564  1933  2891 D LEMON   : v:SIP/2.0/UDP [2405:204:1803:1f53::251a:e0ad]:5060;branch=z9hG4bKx3adeoMhinod59eRC0Lz321jbg;rport=5060;received=2405:204:1803:1f53::251a:e0ad
04-29 15:55:17.564  1933  2891 D LEMON   : WWW-Authenticate:Digest realm="ims.mnc872.mcc405.3gppnetwork.org",nonce="GHeNIgAAAABYsbrUAAAAAJMDTJ/D3AAApy7DHuUz5VcxODQ0OTcwNQ==",algorithm=AKAv1-MD5,qop="auth"
04-29 15:55:17.564  1933  2891 D LEMON   : l:0
04-29 15:55:17.564  1933  2891 D LEMON   : Security-Server:ipsec-3gpp;q=0.6;alg=hmac-md5-96;ealg=aes-cbc;spi-c=1460503848;spi-s=1460503849;port-c=32920;port-s=5067
04-29 15:55:17.564  1933  2891 D LEMON   : Security-Server:ipsec-3gpp;q=0.4;alg=hmac-md5-96;ealg=des-ede3-cbc;spi-c=1460503848;spi-s=1460503849;port-c=32920;port-s=5067
04-29 15:55:17.564  1933  2891 D LEMON   : Security-Server:ipsec-3gpp;q=0.3;alg=hmac-md5-96;spi-c=1460503848;spi-s=1460503849;port-c=32920;port-s=5067
04-29 15:55:17.564  1933  2891 D LEMON   : Security-Server:ipsec-3gpp;q=0.1;alg=hmac-sha-1-96;ealg=des-ede3-cbc;spi-c=1460503848;spi-s=1460503849;port-c=32920;port-s=5067
04-29 15:55:17.564  1933  2891 D LEMON   : Security-Server:ipsec-3gpp;q=0.2;alg=hmac-sha-1-96;ealg=aes-cbc;spi-c=1460503848;spi-s=1460503849;port-c=32920;port-s=5067
04-29 15:55:17.564  1933  2891 D LEMON   : Security-Server:ipsec-3gpp;q=0.5;alg=hmac-sha-1-96;spi-c=1460503848;spi-s=1460503849;port-c=32920;port-s=5067
04-29 15:55:17.564  1933  2891 D LEMON   : 
04-29 15:55:17.564  1933  2891 D LEMON   : 
04-29 15:55:17.565  1933  2891 D LEMON   : 15:55:17.565 SIP: INFO: trans @10006 process response <REGISTER:401>.
04-29 15:55:17.565  1933  2891 D LEMON   : 15:55:17.565 SIP: INFO: module stop tmr<0xC> [TIMER E] ok.
04-29 15:55:17.574  1933  2891 D LEMON   : 15:55:17.565 SIP: INFO: module stop tmr<0xD> [TIMER F] ok.
04-29 15:55:17.574  1933  2891 D LEMON   : 15:55:17.574 SIP: INFO: module start tmr<0xE> [TIMER K] <17000ms> ok.
04-29 15:55:17.574  1933  2891 D LEMON   : 15:55:17.574 ZOS: INFO: fsm(SIP_NICT) trans@[65542] state <TRYING> run [RECV_3456XX] event ok.
04-29 15:55:17.574  1933  2891 D LEMON   : 15:55:17.574 ZOS: INFO: fsm(SIP_NICT) trans@[65542] state <TRYING> to <COMPLETED>.
04-29 15:55:17.575  1933  2891 D LEMON   : 15:55:17.575 SIP: INFO: dlg @10004 process response <REGISTER:401>.
04-29 15:55:17.586  1933  2891 D LEMON   : 15:55:17.586 ZOS: INFO: fsm(SIP_VRTD) vrtd@[65540] state <REQ OUT> run [RECV_RSP] event ok.
04-29 15:55:17.586  1933  2891 D LEMON   : 15:55:17.586 ZOS: INFO: fsm(SIP_VRTD) vrtd@[65540] state <REQ OUT> to <TERMINATED>.
04-29 15:55:18.377  1933  2891 D LEMON   : 15:55:18.377 SIP: INFO: dlg @10005 process request <REGISTER>.
04-29 15:55:18.377  1933  2891 D LEMON   : 15:55:18.377 SIP: INFO: module create tmr<0x12> [TIMER E] ok.
04-29 15:55:18.378  1933  2891 D LEMON   : 15:55:18.378 SIP: INFO: module create tmr<0x13> [TIMER F] ok.
04-29 15:55:18.378  1933  2891 D LEMON   : 15:55:18.378 SIP: INFO: module create tmr<0x14> [TIMER K] ok.
04-29 15:55:18.378  1933  2891 D LEMON   : 15:55:18.378 SIP: INFO: module create tmr<0x15> [TIMER WAIT_CONN] ok.
04-29 15:55:18.378  1933  2891 D LEMON   : 15:55:18.378 SIP: INFO: module create tmr<0x16> [TIMER C] ok.
04-29 15:55:18.378  1933  2891 D LEMON   : 15:55:18.378 ZOS: INFO: fsm(SIP_VRTD) vrtd@[65541] state <IDLE> run [CIM_REQ] event ok.
04-29 15:55:18.378  1933  2891 D LEMON   : 15:55:18.378 ZOS: INFO: fsm(SIP_VRTD) vrtd@[65541] state <IDLE> to <REQ OUT>.
04-29 15:55:18.379  1933  2891 D LEMON   : 15:55:18.379 SIP: INFO: trans @10007 process request <REGISTER>.
04-29 15:55:18.381  1933  2891 D LEMON   : REGISTER sip:ims.mnc872.mcc405.3gppnetwork.org SIP/2.0
04-29 15:55:18.381  1933  2891 D LEMON   : To: <sip:405872000010354@ims.mnc872.mcc405.3gppnetwork.org>
04-29 15:55:18.381  1933  2891 D LEMON   : From: <sip:405872000010354@ims.mnc872.mcc405.3gppnetwork.org>;tag=J0deoMhinod59eRC0Ly321*t4-
04-29 15:55:18.381  1933  2891 D LEMON   : Contact: <sip:405872000010354@[2405:204:1803:1f53::251a:e0ad]:5255;transport=udp>;+sip.instance="<urn:gsma:imei:86740002-050381-3>";expires=86400;+g.3gpp.icsi-ref="urn%%3Aurn-7%%3A3gpp-service.ims.icsi.mmtel";video;+g.3gpp.smsip
04-29 15:55:18.381  1933  2891 D LEMON   : Supported: path,gruu,outbound,sec-agree
04-29 15:55:18.381  1933  2891 D LEMON   : Allow: INVITE,ACK,OPTIONS,BYE,CANCEL,REGISTER,INFO,PRACK,SUBSCRIBE,NOTIFY,MESSAGE,REFER
04-29 15:55:18.381  1933  2891 D LEMON   : P-Access-Network-Info: IEEE-802.11;i-wlan-node-id=4045da1352c7
04-29 15:55:18.381  1933  2891 D LEMON   : Security-Client: ipsec-3gpp;prot=esp;alg=hmac-md5-96;ealg=null;mod=trans;spi-c=2850665821;spi-s=2850665822;port-c=36862;port-s=5255,ipsec-3gpp;prot=esp;alg=hmac-md5-96;ealg=des-ede3-cbc;mod=trans;spi-c=2850665821;spi-s=2850665822;port-c=36862;port-s=5255,ipsec-3gpp;prot=esp;alg=hmac-md5-96;ealg=aes-cbc;mod=trans;spi-c=2850665821;spi-s=2850665822;port-c=36862;port-s=5255,ipsec-3gpp;prot=esp;alg=hmac-sha-1-96;ealg=null;mod=trans;spi-c=2850665821;spi-s=2850665822;port-c=36862;port-s=5255,ipsec-3gpp;prot=esp;alg=hmac-sha-1-96;ealg=des-ede3-cbc;mod=trans;spi-c=2850665821;spi-s=2850665822;port-c=36862;port-s=5255,ipsec-3gpp;prot=esp;alg=hmac-sha-1-96;ealg=aes-cbc;mod=trans;spi-c=2850665821;spi-s=2850665822;port-c=36862;port-s=5255
04-29 15:55:18.381  1933  2891 D LEMON   : Security-Verify: ipsec-3gpp;prot=esp;alg=hmac-md5-96;ealg=aes-cbc;mod=trans;spi-c=1460503848;spi-s=1460503849;port-c=32920;port-s=5067;q=0.6
04-29 15:55:18.381  1933  2891 D LEMON   : Security-Verify: ipsec-3gpp;prot=esp;alg=hmac-md5-96;ealg=des-ede3-cbc;mod=trans;spi-c=1460503848;spi-s=1460503849;port-c=32920;port-s=5067;q=0.4
04-29 15:55:18.381  1933  2891 D LEMON   : Security-Verify: ipsec-3gpp;prot=esp;alg=hmac-md5-96;ealg=null;mod=trans;spi-c=1460503848;spi-s=1460503849;port-c=32920;port-s=5067;q=0.3
04-29 15:55:18.381  1933  2891 D LEMON   : Security-Verify: ipsec-3gpp;prot=esp;alg=hmac-sha-1-96;ealg=des-ede3-cbc;mod=trans;spi-c=1460503848;spi-s=1460503849;port-c=32920;port-s=5067;q=0.1
04-29 15:55:18.381  1933  2891 D LEMON   : Security-Verify: ipsec-3gpp;prot=esp;alg=hmac-sha-1-96;ealg=aes-cbc;mod=trans;spi-c=1460503848;spi-s=1460503849;port-c=32920;port-s=5067;q=0.2
04-29 15:55:18.381  1933  2891 D LEMON   : Security-Verify: ipsec-3gpp;prot=esp;alg=hmac-sha-1-96;ealg=null;mod=trans;spi-c=1460503848;spi-s=1460503849;port-c=32920;port-s=5067;q=0.5
04-29 15:55:18.381  1933  2891 D LEMON   : Proxy-Require: sec-agree
04-29 15:55:18.381  1933  2891 D LEMON   : Require: sec-agree
04-29 15:55:18.381  1933  2891 D LEMON   : CSeq: 2 REGISTER
04-29 15:55:18.381  1933  2891 D LEMON   : Call-ID: adeoMhinod59eRC0Lx321ibgx3@[2405:204:1803:1f53::251a:e0ad]
04-29 15:55:18.381  1933  2891 D LEMON   : Authorization: Digest realm="ims.mnc872.mcc405.3gppnetwork.org",algorithm=AKAv1-MD5,qop=auth,nonce="GHeNIgAAAABYsbrUAAAAAJMDTJ/D3AAApy7DHuUz5VcxODQ0OTcwNQ==",username="405872000010354@ims.mnc872.mcc405.3gppnetwork.org",uri="sip:ims.mnc872.mcc405.3gppnetwork.org",response="3d4c20d1d9f1cf16134336e220a56006",cnonce="6c0cf8806c0cf880",nc=00000001
04-29 15:55:18.381  1933  2891 D LEMON   : Max-Forwards: 70
04-29 15:55:18.381  1933  2891 D LEMON   : User-Agent: VoWIFI/WFC UA
04-29 15:55:18.381  1933  2891 D LEMON   : Via: SIP/2.0/UDP [2405:204:1803:1f53::251a:e0ad]:5255;branch=z9hG4bK.-J0deoMhinod59eRC0LA321+t;rport
04-29 15:55:18.381  1933  2891 D LEMON   : Content-Length: 0
04-29 15:55:18.381  1933  2891 D LEMON   : 
04-29 15:55:18.381  1933  2891 D LEMON   : 
04-29 15:55:18.382  1933  2891 D LEMON   : 15:55:18.382 UTPT: INFO: conn[0x4] send data[2878] to [2405:200:330:1581::1b:5067] ok.
04-29 15:55:18.383  1933  2891 D LEMON   : 15:55:18.383 SIP: INFO: module start tmr<0x12> [TIMER E] <2000ms> ok.
04-29 15:55:18.383  1933  2891 D LEMON   : 15:55:18.383 SIP: INFO: module start tmr<0x13> [TIMER F] <128000ms> ok.
04-29 15:55:18.383  1933  2891 D LEMON   : 15:55:18.383 ZOS: INFO: fsm(SIP_NICT) trans@[65543] state <IDLE> run [SEND_NONINVITE] event ok.
04-29 15:55:18.383  1933  2891 D LEMON   : 15:55:18.383 ZOS: INFO: fsm(SIP_NICT) trans@[65543] state <IDLE> to <TRYING>.
04-29 15:55:18.385  1933  2056 D LEMON   : 15:55:18.385 ZOS: INFO: fsm(MRF_REG) reg@[17] state <REGING> run [USER ENTER PWD] event ok.
04-29 15:55:20.383  1933  2891 D LEMON   : 15:55:20.383 SIP: INFO: core timer process trans event tmr<0x12> [TIMER E].
04-29 15:55:20.384  1933  2891 D LEMON   : REGISTER sip:ims.mnc872.mcc405.3gppnetwork.org SIP/2.0
04-29 15:55:20.384  1933  2891 D LEMON   : To: <sip:405872000010354@ims.mnc872.mcc405.3gppnetwork.org>
04-29 15:55:20.384  1933  2891 D LEMON   : From: <sip:405872000010354@ims.mnc872.mcc405.3gppnetwork.org>;tag=J0deoMhinod59eRC0Ly321*t4-
04-29 15:55:20.384  1933  2891 D LEMON   : Contact: <sip:405872000010354@[2405:204:1803:1f53::251a:e0ad]:5255;transport=udp>;+sip.instance="<urn:gsma:imei:86740002-050381-3>";expires=86400;+g.3gpp.icsi-ref="urn%%3Aurn-7%%3A3gpp-service.ims.icsi.mmtel";video;+g.3gpp.smsip
04-29 15:55:20.384  1933  2891 D LEMON   : Supported: path,gruu,outbound,sec-agree
04-29 15:55:20.384  1933  2891 D LEMON   : Allow: INVITE,ACK,OPTIONS,BYE,CANCEL,REGISTER,INFO,PRACK,SUBSCRIBE,NOTIFY,MESSAGE,REFER
04-29 15:55:20.384  1933  2891 D LEMON   : P-Access-Network-Info: IEEE-802.11;i-wlan-node-id=4045da1352c7
04-29 15:55:20.384  1933  2891 D LEMON   : Security-Client: ipsec-3gpp;prot=esp;alg=hmac-md5-96;ealg=null;mod=trans;spi-c=2850665821;spi-s=2850665822;port-c=36862;port-s=5255,ipsec-3gpp;prot=esp;alg=hmac-md5-96;ealg=des-ede3-cbc;mod=trans;spi-c=2850665821;spi-s=2850665822;port-c=36862;port-s=5255,ipsec-3gpp;prot=esp;alg=hmac-md5-96;ealg=aes-cbc;mod=trans;spi-c=2850665821;spi-s=2850665822;port-c=36862;port-s=5255,ipsec-3gpp;prot=esp;alg=hmac-sha-1-96;ealg=null;mod=trans;spi-c=2850665821;spi-s=2850665822;port-c=36862;port-s=5255,ipsec-3gpp;prot=esp;alg=hmac-sha-1-96;ealg=des-ede3-cbc;mod=trans;spi-c=2850665821;spi-s=2850665822;port-c=36862;port-s=5255,ipsec-3gpp;prot=esp;alg=hmac-sha-1-96;ealg=aes-cbc;mod=trans;spi-c=2850665821;spi-s=2850665822;port-c=36862;port-s=5255
04-29 15:55:20.384  1933  2891 D LEMON   : Security-Verify: ipsec-3gpp;prot=esp;alg=hmac-md5-96;ealg=aes-cbc;mod=trans;spi-c=1460503848;spi-s=1460503849;port-c=32920;port-s=5067;q=0.6
04-29 15:55:20.384  1933  2891 D LEMON   : Security-Verify: ipsec-3gpp;prot=esp;alg=hmac-md5-96;ealg=des-ede3-cbc;mod=trans;spi-c=1460503848;spi-s=1460503849;port-c=32920;port-s=5067;q=0.4
04-29 15:55:20.384  1933  2891 D LEMON   : Security-Verify: ipsec-3gpp;prot=esp;alg=hmac-md5-96;ealg=null;mod=trans;spi-c=1460503848;spi-s=1460503849;port-c=32920;port-s=5067;q=0.3
04-29 15:55:20.384  1933  2891 D LEMON   : Security-Verify: ipsec-3gpp;prot=esp;alg=hmac-sha-1-96;ealg=des-ede3-cbc;mod=trans;spi-c=1460503848;spi-s=1460503849;port-c=32920;port-s=5067;q=0.1
04-29 15:55:20.384  1933  2891 D LEMON   : Security-Verify: ipsec-3gpp;prot=esp;alg=hmac-sha-1-96;ealg=aes-cbc;mod=trans;spi-c=1460503848;spi-s=1460503849;port-c=32920;port-s=5067;q=0.2
04-29 15:55:20.384  1933  2891 D LEMON   : Security-Verify: ipsec-3gpp;prot=esp;alg=hmac-sha-1-96;ealg=null;mod=trans;spi-c=1460503848;spi-s=1460503849;port-c=32920;port-s=5067;q=0.5
04-29 15:55:20.384  1933  2891 D LEMON   : Proxy-Require: sec-agree
04-29 15:55:20.384  1933  2891 D LEMON   : Require: sec-agree
04-29 15:55:20.384  1933  2891 D LEMON   : CSeq: 2 REGISTER
04-29 15:55:20.384  1933  2891 D LEMON   : Call-ID: adeoMhinod59eRC0Lx321ibgx3@[2405:204:1803:1f53::251a:e0ad]
04-29 15:55:20.384  1933  2891 D LEMON   : Authorization: Digest realm="ims.mnc872.mcc405.3gppnetwork.org",algorithm=AKAv1-MD5,qop=auth,nonce="GHeNIgAAAABYsbrUAAAAAJMDTJ/D3AAApy7DHuUz5VcxODQ0OTcwNQ==",username="405872000010354@ims.mnc872.mcc405.3gppnetwork.org",uri="sip:ims.mnc872.mcc405.3gppnetwork.org",response="3d4c20d1d9f1cf16134336e220a56006",cnonce="6c0cf8806c0cf880",nc=00000001
04-29 15:55:20.384  1933  2891 D LEMON   : Max-Forwards: 70
04-29 15:55:20.384  1933  2891 D LEMON   : User-Agent: VoWIFI/WFC UA
04-29 15:55:20.384  1933  2891 D LEMON   : Via: SIP/2.0/UDP [2405:204:1803:1f53::251a:e0ad]:5255;branch=z9hG4bK.-J0deoMhinod59eRC0LA321+t;rport
04-29 15:55:20.384  1933  2891 D LEMON   : Content-Length: 0
04-29 15:55:20.384  1933  2891 D LEMON   : 
04-29 15:55:20.384  1933  2891 D LEMON   : 
04-29 15:55:20.385  1933  2891 D LEMON   : 15:55:20.385 UTPT: INFO: conn[0x4] send data[2878] to [2405:200:330:1581::1b:5067] ok.
04-29 15:55:20.386  1933  2891 D LEMON   : 15:55:20.386 SIP: INFO: module start tmr<0x12> [TIMER E] <4000ms> ok.
04-29 15:55:20.386  1933  2891 D LEMON   : 15:55:20.386 ZOS: INFO: fsm(SIP_NICT) trans@[65543] state <TRYING> run [TM_TE] event ok.
04-29 15:55:20.820  1933  2058 D LEMON   : 15:55:20.820 UTPT: INFO: recv udp data(len:817) from [2405:200:330:1581::1b:32920].
04-29 15:55:20.821  1933  2891 D LEMON   : SIP/2.0 200 OK
04-29 15:55:20.821  1933  2891 D LEMON   : t:<sip:405872000010354@ims.mnc872.mcc405.3gppnetwork.org>;tag=1173578506
04-29 15:55:20.821  1933  2891 D LEMON   : f:<sip:405872000010354@ims.mnc872.mcc405.3gppnetwork.org>;tag=J0deoMhinod59eRC0Ly321*t4-
04-29 15:55:20.821  1933  2891 D LEMON   : CSeq:2 REGISTER
04-29 15:55:20.821  1933  2891 D LEMON   : i:adeoMhinod59eRC0Lx321ibgx3@[2405:204:1803:1f53::251a:e0ad]
04-29 15:55:20.821  1933  2891 D LEMON   : v:SIP/2.0/UDP [2405:204:1803:1f53::251a:e0ad]:5255;branch=z9hG4bK.-J0deoMhinod59eRC0LA321+t;rport=36862;received=2405:204:1803:1f53::251a:e0ad
04-29 15:55:20.821  1933  2891 D LEMON   : m:<sip:405872000010354@[2405:204:1803:1f53::251a:e0ad]:5255;transport=udp>;+sip.instance="<urn:gsma:imei:86740002-050381-3>";+g.3gpp.icsi-ref="urn%%3Aurn-7%%3A3gpp-service.ims.icsi.mmtel";video;+g.3gpp.smsip;expires=86400
04-29 15:55:20.821  1933  2891 D LEMON   : P-Associated-URI:<sip:+917011021569@ims.mnc872.mcc405.3gppnetwork.org>
04-29 15:55:20.821  1933  2891 D LEMON   : P-Associated-URI:<tel:+917011021569>
04-29 15:55:20.821  1933  2891 D LEMON   : l:0
04-29 15:55:20.821  1933  2891 D LEMON   : Path:<sip:dl1pcfx0402gm.ims.mnc872.mcc405.3gppnetwork.org:5060;lskpmc=P9J>
04-29 15:55:20.821  1933  2891 D LEMON   : 
04-29 15:55:20.821  1933  2891 D LEMON   : 
04-29 15:55:20.822  1933  2891 D LEMON   : 15:55:20.822 SIP: INFO: trans @10007 process response <REGISTER:200>.
04-29 15:55:20.822  1933  2891 D LEMON   : 15:55:20.822 SIP: INFO: module stop tmr<0x12> [TIMER E] ok.
04-29 15:55:20.822  1933  2891 D LEMON   : 15:55:20.822 SIP: INFO: module stop tmr<0x13> [TIMER F] ok.
04-29 15:55:20.822  1933  2891 D LEMON   : 15:55:20.822 SIP: INFO: module start tmr<0x14> [TIMER K] <17000ms> ok.
04-29 15:55:20.822  1933  2891 D LEMON   : 15:55:20.822 ZOS: INFO: fsm(SIP_NICT) trans@[65543] state <TRYING> run [RECV_2XX] event ok.
04-29 15:55:20.822  1933  2891 D LEMON   : 15:55:20.822 ZOS: INFO: fsm(SIP_NICT) trans@[65543] state <TRYING> to <COMPLETED>.
04-29 15:55:20.823  1933  2891 D LEMON   : 15:55:20.823 SIP: INFO: dlg @10005 process response <REGISTER:200>.
04-29 15:55:20.831  1933  2056 D LEMON   : 15:55:20.831 ZOS: INFO: fsm(MRF_REG) reg@[17] state <REGING> run [CIM CNF] event ok.
04-29 15:55:20.831  1933  2056 D LEMON   : 15:55:20.831 ZOS: INFO: fsm(MRF_REG) reg@[17] state <REGING> to <REGED>.
04-29 15:55:20.841  1933  2891 D LEMON   : 15:55:20.841 ZOS: INFO: fsm(SIP_VRTD) vrtd@[65541] state <REQ OUT> run [RECV_RSP] event ok.
04-29 15:55:20.841  1933  2891 D LEMON   : 15:55:20.841 ZOS: INFO: fsm(SIP_VRTD) vrtd@[65541] state <REQ OUT> to <TERMINATED>.
04-29 15:55:20.871  1933  2891 D LEMON   : 15:55:20.871 SIP: INFO: module create tmr<0x19> [TIMER WAIT_SAM] ok.
04-29 15:55:20.871  1933  2891 D LEMON   : 15:55:20.871 SIP: INFO: module create tmr<0x1A> [TIMER SEND_2XX] ok.
04-29 15:55:20.872  1933  2891 D LEMON   : 15:55:20.872 SIP: INFO: module create tmr<0x1B> [TIMER STOP_2XX] ok.
04-29 15:55:20.872  1933  2891 D LEMON   : 15:55:20.872 SIP: INFO: module create tmr<0x1C> [TIMER SUBS] ok.
04-29 15:55:20.872  1933  2891 D LEMON   : 15:55:20.872 SIP: INFO: dlg sub@80010005 process request <SUBSCRIBE>.
04-29 15:55:20.873  1933  2891 D LEMON   : 15:55:20.873 SIP: INFO: module create tmr<0x1D> [TIMER E] ok.
04-29 15:55:20.873  1933  2891 D LEMON   : 15:55:20.873 SIP: INFO: module create tmr<0x1E> [TIMER F] ok.
04-29 15:55:20.873  1933  2891 D LEMON   : 15:55:20.873 SIP: INFO: module create tmr<0x1F> [TIMER K] ok.
04-29 15:55:20.873  1933  2891 D LEMON   : 15:55:20.873 SIP: INFO: module create tmr<0x20> [TIMER WAIT_CONN] ok.
04-29 15:55:20.873  1933  2891 D LEMON   : 15:55:20.873 SIP: INFO: module create tmr<0x21> [TIMER C] ok.
04-29 15:55:20.873  1933  2891 D LEMON   : 15:55:20.873 ZOS: INFO: fsm(SIP_SUBS) subs@[2147549189] state <IDLE> run [DAM_REQ] event ok.
04-29 15:55:20.873  1933  2891 D LEMON   : 15:55:20.873 ZOS: INFO: fsm(SIP_SUBS) subs@[2147549189] state <IDLE> to <SUBS_OUT>.
04-29 15:55:20.874  1933  2891 D LEMON   : 15:55:20.874 SIP: INFO: trans @10008 process request <SUBSCRIBE>.
04-29 15:55:20.874  1933  2891 D LEMON   : SUBSCRIBE sip:+917011021569@ims.mnc872.mcc405.3gppnetwork.org SIP/2.0
04-29 15:55:20.874  1933  2891 D LEMON   : From: <sip:+917011021569@ims.mnc872.mcc405.3gppnetwork.org>;tag=-t.-J0deoMhinod59eRC0LC321
04-29 15:55:20.874  1933  2891 D LEMON   : To: <sip:+917011021569@ims.mnc872.mcc405.3gppnetwork.org>
04-29 15:55:20.874  1933  2891 D LEMON   : Contact: <sip:405872000010354@[2405:204:1803:1f53::251a:e0ad]:5255>;+sip.instance="<urn:gsma:imei:86740002-050381-3>"
04-29 15:55:20.874  1933  2891 D LEMON   : Supported: path,gruu,outbound,sec-agree
04-29 15:55:20.874  1933  2891 D LEMON   : Event: reg
04-29 15:55:20.874  1933  2891 D LEMON   : Accept: application/reginfo+xml
04-29 15:55:20.874  1933  2891 D LEMON   : Expires: 86460
04-29 15:55:20.874  1933  2891 D LEMON   : P-Access-Network-Info: IEEE-802.11;i-wlan-node-id=4045da1352c7
04-29 15:55:20.874  1933  2891 D LEMON   : Security-Verify: ipsec-3gpp;prot=esp;alg=hmac-md5-96;ealg=aes-cbc;mod=trans;spi-c=1460503848;spi-s=1460503849;port-c=32920;port-s=5067;q=0.6
04-29 15:55:20.874  1933  2891 D LEMON   : Security-Verify: ipsec-3gpp;prot=esp;alg=hmac-md5-96;ealg=des-ede3-cbc;mod=trans;spi-c=1460503848;spi-s=1460503849;port-c=32920;port-s=5067;q=0.4
04-29 15:55:20.874  1933  2891 D LEMON   : Security-Verify: ipsec-3gpp;prot=esp;alg=hmac-md5-96;ealg=null;mod=trans;spi-c=1460503848;spi-s=1460503849;port-c=32920;port-s=5067;q=0.3
04-29 15:55:20.874  1933  2891 D LEMON   : Security-Verify: ipsec-3gpp;prot=esp;alg=hmac-sha-1-96;ealg=des-ede3-cbc;mod=trans;spi-c=1460503848;spi-s=1460503849;port-c=32920;port-s=5067;q=0.1
04-29 15:55:20.874  1933  2891 D LEMON   : Security-Verify: ipsec-3gpp;prot=esp;alg=hmac-sha-1-96;ealg=aes-cbc;mod=trans;spi-c=1460503848;spi-s=1460503849;port-c=32920;port-s=5067;q=0.2
04-29 15:55:20.874  1933  2891 D LEMON   : Security-Verify: ipsec-3gpp;prot=esp;alg=hmac-sha-1-96;ealg=null;mod=trans;spi-c=1460503848;spi-s=1460503849;port-c=32920;port-s=5067;q=0.5
04-29 15:55:20.874  1933  2891 D LEMON   : Proxy-Require: sec-agree
04-29 15:55:20.874  1933  2891 D LEMON   : Require: sec-agree
04-29 15:55:20.874  1933  2891 D LEMON   : Call-ID: bgx3adeoMhinod59eRC0LB321i@[2405:204:1803:1f53::251a:e0ad]
04-29 15:55:20.874  1933  2891 D LEMON   : CSeq: 1 SUBSCRIBE
04-29 15:55:20.874  1933  2891 D LEMON   : Max-Forwards: 70
04-29 15:55:20.874  1933  2891 D LEMON   : User-Agent: VoWIFI/WFC UA
04-29 15:55:20.874  1933  2891 D LEMON   : Via: SIP/2.0/UDP [2405:204:1803:1f53::251a:e0ad]:5255;branch=z9hG4bK1jbgx3adeoMhinod59eRC0LD32;rport
04-29 15:55:20.874  1933  2891 D LEMON   : Content-Length: 0
04-29 15:55:20.874  1933  2891 D LEMON   : 
04-29 15:55:20.874  1933  2891 D LEMON   : 
04-29 15:55:20.879  1933  2891 D LEMON   : 15:55:20.879 UTPT: INFO: conn[0x4] send data[1671] to [2405:200:330:1581::1b:5067] ok.
04-29 15:55:20.879  1933  2891 D LEMON   : 15:55:20.879 SIP: INFO: module start tmr<0x1D> [TIMER E] <2000ms> ok.
04-29 15:55:20.879  1933  2891 D LEMON   : 15:55:20.879 SIP: INFO: module start tmr<0x1E> [TIMER F] <128000ms> ok.
04-29 15:55:20.879  1933  2891 D LEMON   : 15:55:20.879 ZOS: INFO: fsm(SIP_NICT) trans@[65544] state <IDLE> run [SEND_NONINVITE] event ok.
04-29 15:55:20.879  1933  2891 D LEMON   : 15:55:20.879 ZOS: INFO: fsm(SIP_NICT) trans@[65544] state <IDLE> to <TRYING>.
04-29 15:55:20.880  1933  2056 D LEMON   : 15:55:20.880 ZOS: INFO: fsm(MRF_SUBS) subs@[18] state <IDLE> run [USER SUBSCRIBE] event ok.
04-29 15:55:20.880  1933  2056 D LEMON   : 15:55:20.880 ZOS: INFO: fsm(MRF_SUBS) subs@[18] state <IDLE> to <SUBS_OUT>.
04-29 15:55:21.111  1933  2058 D LEMON   : 15:55:21.111 UTPT: INFO: recv udp data(len:630) from [2405:200:330:1581::1b:32920].
04-29 15:55:21.111  1933  2891 D LEMON   : SIP/2.0 200 OK
04-29 15:55:21.111  1933  2891 D LEMON   : f:<sip:+917011021569@ims.mnc872.mcc405.3gppnetwork.org>;tag=-t.-J0deoMhinod59eRC0LC321
04-29 15:55:21.111  1933  2891 D LEMON   : t:<sip:+917011021569@ims.mnc872.mcc405.3gppnetwork.org>;tag=1544821200
04-29 15:55:21.111  1933  2891 D LEMON   : i:bgx3adeoMhinod59eRC0LB321i@[2405:204:1803:1f53::251a:e0ad]
04-29 15:55:21.111  1933  2891 D LEMON   : CSeq:1 SUBSCRIBE
04-29 15:55:21.111  1933  2891 D LEMON   : v:SIP/2.0/UDP [2405:204:1803:1f53::251a:e0ad]:5255;branch=z9hG4bK1jbgx3adeoMhinod59eRC0LD32;rport=36862;received=2405:204:1803:1f53::251a:e0ad
04-29 15:55:21.111  1933  2891 D LEMON   : Expires:86400
04-29 15:55:21.111  1933  2891 D LEMON   : m:<sip:dl1scfx1501mw.ims.mnc872.mcc405.3gppnetwork.org:5090;lskpmc=S5K>
04-29 15:55:21.111  1933  2891 D LEMON   : Record-Route:<sip:[2405:200:330:1581::1b]:5067;routing_id=pcscf_a_side;lskpmc=P9J;lr;serv_user=[2405:204:1803:1f53::251a:e0ad]:36862>
04-29 15:55:21.111  1933  2891 D LEMON   : l:0
04-29 15:55:21.111  1933  2891 D LEMON   : 
04-29 15:55:21.111  1933  2891 D LEMON   : 
04-29 15:55:21.112  1933  2058 D LEMON   : 15:55:21.112 UTPT: INFO: recv udp data(len:2058) from [2405:200:330:1581::1b:32920].
04-29 15:55:21.116  1933  2891 D LEMON   : NOTIFY sip:405872000010354@[2405:204:1803:1f53::251a:e0ad]:5255 SIP/2.0
04-29 15:55:21.116  1933  2891 D LEMON   : v:SIP/2.0/UDP [2405:200:330:1581::1b]:5067;branch=z9hG4bK_IMSCL1550631.000_60512d2cc156a2d007cae5869b8c5c0b;lskpmc=P9J
04-29 15:55:21.116  1933  2891 D LEMON   : Record-Route:<sip:[2405:200:330:1581::1b]:5067;routing_id=pcscf_a_side;lskpmc=P9J;lr>
04-29 15:55:21.116  1933  2891 D LEMON   : f:<sip:+917011021569@ims.mnc872.mcc405.3gppnetwork.org>;tag=1544821200
04-29 15:55:21.116  1933  2891 D LEMON   : t:<sip:+917011021569@ims.mnc872.mcc405.3gppnetwork.org>;tag=-t.-J0deoMhinod59eRC0LC321
04-29 15:55:21.116  1933  2891 D LEMON   : o:reg
04-29 15:55:21.116  1933  2891 D LEMON   : i:bgx3adeoMhinod59eRC0LB321i@[2405:204:1803:1f53::251a:e0ad]
04-29 15:55:21.116  1933  2891 D LEMON   : Subscription-State:active
04-29 15:55:21.116  1933  2891 D LEMON   : CSeq:1 NOTIFY
04-29 15:55:21.116  1933  2891 D LEMON   : c:application/reginfo+xml
04-29 15:55:21.116  1933  2891 D LEMON   : m:<sip:dl1scfx1501mw.ims.mnc872.mcc405.3gppnetwork.org:5090;lskpmc=S5K>
04-29 15:55:21.116  1933  2891 D LEMON   : Max-Forwards:68
04-29 15:55:21.116  1933  2891 D LEMON   : l:1380
04-29 15:55:21.116  1933  2891 D LEMON   : 
04-29 15:55:21.116  1933  2891 D LEMON   : <?xml version="1.0"?><reginfo xmlns="urn:ietf:params:xml:ns:reginfo" xmlns:gr="urn:ietf:params:xml:ns:gruuinfo" xmlns:xsi="http://www.w3.org/2001/XMLSchema-instance" xmlns:ere="urn:3gpp:ns:extRegExp:1.0" xmlns:cp="urn:ietf:params:xml:ns:common-policy" xmlns:eri="urn:3gpp:ns:extRegInfo:1.0" version="0" state="full"><registration aor="sip:+917011021569@ims.mnc872.mcc405.3gppnetwork.org" id="5eb69dca5K1461851269175839" state="active"><contact id="5K1461851269175839" state="active" event="created"><uri>sip:405872000010354@[2405:204:1803:1f53::251a:e0ad]:5255;transport=udp</uri><unknown-param name="+sip.instance">"&lt;urn:gsma:imei:86740002-050381-3&gt;"</unknown-param><unknown-param name="+g.3gpp.icsi-ref">urn%%3Aurn-7%%3A3gpp-service.ims.icsi.mmtel</unknown-param><unknown-param name="video"/><unknown-param name="+g.3gpp.smsip"/></contact></registration><registration aor="tel:+917011021569" id="0b595c965K1461851269175839" state="active"><contact id="5K1461851269175839" state="active" event="created"><uri>sip:405872000010354@[2405:204:1803:1f53::251a:e0ad]:5255;transport=udp</uri><unknown-param name="+sip.instance">"&lt;urn:gsma:imei:86740002-050381-3&gt;"</unknown-param><unknown-param name="+g.3gpp.icsi-ref">urn%%3Aurn-7%%3A3gpp-service.ims.icsi.mmtel</unknown-param><unknown-param name="video"/><unknown-param name="+g.3gpp.smsip"/></contact></registration></reginfo>
04-29 15:55:21.112  1933  2891 D LEMON   : 15:55:21.112 SIP: INFO: trans @10008 process response <SUBSCRIBE:200>.
04-29 15:55:21.112  1933  2891 D LEMON   : 15:55:21.112 SIP: INFO: module stop tmr<0x1D> [TIMER E] ok.
04-29 15:55:21.112  1933  2891 D LEMON   : 15:55:21.112 SIP: INFO: module stop tmr<0x1E> [TIMER F] ok.
04-29 15:55:21.112  1933  2891 D LEMON   : 15:55:21.112 SIP: INFO: module start tmr<0x1F> [TIMER K] <17000ms> ok.
04-29 15:55:21.112  1933  2891 D LEMON   : 15:55:21.112 ZOS: INFO: fsm(SIP_NICT) trans@[65544] state <TRYING> run [RECV_2XX] event ok.
04-29 15:55:21.112  1933  2891 D LEMON   : 15:55:21.112 ZOS: INFO: fsm(SIP_NICT) trans@[65544] state <TRYING> to <COMPLETED>.
04-29 15:55:21.113  1933  2891 D LEMON   : 15:55:21.113 SIP: INFO: dlg sub@80010005 process response <SUBSCRIBE:200>.
04-29 15:55:21.113  1933  2891 D LEMON   : 15:55:21.113 SIP: INFO: module start tmr<0x1C> [TIMER SUBS] <86400000ms> ok.
04-29 15:55:21.114  1933  2056 D LEMON   : 15:55:21.114 ZOS: INFO: fsm(MRF_SUBS) subs@[18] state <SUBS_OUT> run [DAM CNF] event ok.
04-29 15:55:21.114  1933  2056 D LEMON   : 15:55:21.114 ZOS: INFO: fsm(MRF_SUBS) subs@[18] state <SUBS_OUT> to <CONFIRMED>.
04-29 15:55:21.116  1933  2891 D LEMON   : 15:55:21.116 ZOS: INFO: fsm(SIP_SUBS) subs@[2147549189] state <SUBS_OUT> run [RECV_SUBS_RSP] event ok.
04-29 15:55:21.116  1933  2891 D LEMON   : 15:55:21.116 ZOS: INFO: fsm(SIP_SUBS) subs@[2147549189] state <SUBS_OUT> to <CONFIRMED>.
04-29 15:55:21.117  1933  2891 D LEMON   : 15:55:21.117 SIP: INFO: module create tmr<0x22> [TIMER J] ok.
04-29 15:55:21.117  1933  2891 D LEMON   : 15:55:21.117 SIP: INFO: module create tmr<0x23> [TIMER C] ok.
04-29 15:55:21.117  1933  2891 D LEMON   : 15:55:21.117 SIP: INFO: trans @10009 process request <NOTIFY>.
04-29 15:55:21.117  1933  2891 D LEMON   : 15:55:21.117 SIP: INFO: module start tmr<0x23> [TIMER C] <200000ms> ok.
04-29 15:55:21.118  1933  2891 D LEMON   : 15:55:21.118 ZOS: INFO: fsm(SIP_NIST) trans@[65545] state <IDLE> run [RECV_NONINVITE] event ok.
04-29 15:55:21.118  1933  2891 D LEMON   : 15:55:21.118 ZOS: INFO: fsm(SIP_NIST) trans@[65545] state <IDLE> to <TRYING>.
04-29 15:55:21.118  1933  2891 D LEMON   : 15:55:21.118 SIP: INFO: dlg sub@80010005 process request <NOTIFY>.
04-29 15:55:21.118  1933  2891 D LEMON   : 15:55:21.118 SIP: INFO: module stop tmr<0x1C> [TIMER SUBS] ok.
04-29 15:55:21.119  1933  2056 D LEMON   : 15:55:21.119 ZOS: INFO: fsm(MRF_SUBS) subs@[18] state <CONFIRMED> run [DAM IND] event ok.
04-29 15:55:21.119  1933  2056 D LEMON   : 15:55:21.119 ZOS: INFO: fsm(MRF_REG) reg@[17] state <REGED> run [FSM SUBSCRIBE NOTIFY] event ok.
04-29 15:55:21.120  1933  2891 D LEMON   : 15:55:21.120 ZOS: INFO: fsm(SIP_SUBS) subs@[2147549189] state <CONFIRMED> run [RECV_NTFY] event ok.
04-29 15:55:21.121  1933  2891 D LEMON   : 15:55:21.121 SIP: INFO: dlg sub@80010005 process response <NOTIFY:200>.
04-29 15:55:21.121  1933  2891 D LEMON   : 15:55:21.121 ZOS: INFO: fsm(SIP_SUBS) subs@[2147549189] state <CONFIRMED> run [NTFY_RSP] event ok.
04-29 15:55:21.121  1933  2891 D LEMON   : 15:55:21.121 SIP: INFO: trans @10009 process response <NOTIFY:200>.
04-29 15:55:21.122  1933  2891 D LEMON   : SIP/2.0 200 OK
04-29 15:55:21.122  1933  2891 D LEMON   : From: <sip:+917011021569@ims.mnc872.mcc405.3gppnetwork.org>;tag=1544821200
04-29 15:55:21.122  1933  2891 D LEMON   : To: <sip:+917011021569@ims.mnc872.mcc405.3gppnetwork.org>;tag=-t.-J0deoMhinod59eRC0LC321
04-29 15:55:21.122  1933  2891 D LEMON   : Supported: path,gruu,outbound
04-29 15:55:21.122  1933  2891 D LEMON   : Call-ID: bgx3adeoMhinod59eRC0LB321i@[2405:204:1803:1f53::251a:e0ad]
04-29 15:55:21.122  1933  2891 D LEMON   : CSeq: 1 NOTIFY
04-29 15:55:21.122  1933  2891 D LEMON   : Max-Forwards: 70
04-29 15:55:21.122  1933  2891 D LEMON   : Server: VoWIFI/WFC UA
04-29 15:55:21.122  1933  2891 D LEMON   : Via: SIP/2.0/UDP [2405:200:330:1581::1b]:5067;branch=z9hG4bK_IMSCL1550631.000_60512d2cc156a2d007cae5869b8c5c0b;lskpmc=P9J;received=2405:200:330:1581::1b
04-29 15:55:21.122  1933  2891 D LEMON   : Content-Length: 0
04-29 15:55:21.122  1933  2891 D LEMON   : 
04-29 15:55:21.122  1933  2891 D LEMON   : 
04-29 15:55:21.123  1933  2891 D LEMON   : 15:55:21.123 UTPT: INFO: conn[0x4] send data[514] to [2405:200:330:1581::1b:5067] ok.
04-29 15:55:21.123  1933  2891 D LEMON   : 15:55:21.123 SIP: INFO: module stop tmr<0x23> [TIMER C] ok.
04-29 15:55:21.123  1933  2891 D LEMON   : 15:55:21.123 SIP: INFO: module start tmr<0x22> [TIMER J] <128000ms> ok.
04-29 15:55:21.123  1933  2891 D LEMON   : 15:55:21.123 ZOS: INFO: fsm(SIP_NIST) trans@[65545] state <TRYING> run [SEND_2XX] event ok.
04-29 15:55:21.123  1933  2891 D LEMON   : 15:55:21.123 ZOS: INFO: fsm(SIP_NIST) trans@[65545] state <TRYING> to <COMPLETED>.
04-29 15:55:23.158  1933  2058 D LEMON   : 15:55:23.158 UTPT: INFO: recv udp data(len:2058) from [2405:200:330:1581::1b:32920].
04-29 15:55:23.159  1933  2891 D LEMON   : NOTIFY sip:405872000010354@[2405:204:1803:1f53::251a:e0ad]:5255 SIP/2.0
04-29 15:55:23.159  1933  2891 D LEMON   : v:SIP/2.0/UDP [2405:200:330:1581::1b]:5067;branch=z9hG4bK_IMSCL1550631.000_60512d2cc156a2d007cae5869b8c5c0b;lskpmc=P9J
04-29 15:55:23.159  1933  2891 D LEMON   : Record-Route:<sip:[2405:200:330:1581::1b]:5067;routing_id=pcscf_a_side;lskpmc=P9J;lr>
04-29 15:55:23.159  1933  2891 D LEMON   : f:<sip:+917011021569@ims.mnc872.mcc405.3gppnetwork.org>;tag=1544821200
04-29 15:55:23.159  1933  2891 D LEMON   : t:<sip:+917011021569@ims.mnc872.mcc405.3gppnetwork.org>;tag=-t.-J0deoMhinod59eRC0LC321
04-29 15:55:23.159  1933  2891 D LEMON   : o:reg
04-29 15:55:23.159  1933  2891 D LEMON   : i:bgx3adeoMhinod59eRC0LB321i@[2405:204:1803:1f53::251a:e0ad]
04-29 15:55:23.159  1933  2891 D LEMON   : Subscription-State:active
04-29 15:55:23.159  1933  2891 D LEMON   : CSeq:1 NOTIFY
04-29 15:55:23.159  1933  2891 D LEMON   : c:application/reginfo+xml
04-29 15:55:23.159  1933  2891 D LEMON   : m:<sip:dl1scfx1501mw.ims.mnc872.mcc405.3gppnetwork.org:5090;lskpmc=S5K>
04-29 15:55:23.159  1933  2891 D LEMON   : Max-Forwards:68
04-29 15:55:23.159  1933  2891 D LEMON   : l:1380
04-29 15:55:23.159  1933  2891 D LEMON   : 
04-29 15:55:23.159  1933  2891 D LEMON   : <?xml version="1.0"?><reginfo xmlns="urn:ietf:params:xml:ns:reginfo" xmlns:gr="urn:ietf:params:xml:ns:gruuinfo" xmlns:xsi="http://www.w3.org/2001/XMLSchema-instance" xmlns:ere="urn:3gpp:ns:extRegExp:1.0" xmlns:cp="urn:ietf:params:xml:ns:common-policy" xmlns:eri="urn:3gpp:ns:extRegInfo:1.0" version="0" state="full"><registration aor="sip:+917011021569@ims.mnc872.mcc405.3gppnetwork.org" id="5eb69dca5K1461851269175839" state="active"><contact id="5K1461851269175839" state="active" event="created"><uri>sip:405872000010354@[2405:204:1803:1f53::251a:e0ad]:5255;transport=udp</uri><unknown-param name="+sip.instance">"&lt;urn:gsma:imei:86740002-050381-3&gt;"</unknown-param><unknown-param name="+g.3gpp.icsi-ref">urn%%3Aurn-7%%3A3gpp-service.ims.icsi.mmtel</unknown-param><unknown-param name="video"/><unknown-param name="+g.3gpp.smsip"/></contact></registration><registration aor="tel:+917011021569" id="0b595c965K1461851269175839" state="active"><contact id="5K1461851269175839" state="active" event="created"><uri>sip:405872000010354@[2405:204:1803:1f53::251a:e0ad]:5255;transport=udp</uri><unknown-param name="+sip.instance">"&lt;urn:gsma:imei:86740002-050381-3&gt;"</unknown-param><unknown-param name="+g.3gpp.icsi-ref">urn%%3Aurn-7%%3A3gpp-service.ims.icsi.mmtel</unknown-param><unknown-param name="video"/><unknown-param name="+g.3gpp.smsip"/></contact></registration></reginfo>
04-29 15:55:23.161  1933  2891 D LEMON   : 15:55:23.161 SIP: INFO: trans @10009 process request <NOTIFY>.
04-29 15:55:23.162  1933  2891 D LEMON   : SIP/2.0 200 OK
04-29 15:55:23.162  1933  2891 D LEMON   : From: <sip:+917011021569@ims.mnc872.mcc405.3gppnetwork.org>;tag=1544821200
04-29 15:55:23.162  1933  2891 D LEMON   : To: <sip:+917011021569@ims.mnc872.mcc405.3gppnetwork.org>;tag=-t.-J0deoMhinod59eRC0LC321
04-29 15:55:23.162  1933  2891 D LEMON   : Supported: path,gruu,outbound
04-29 15:55:23.162  1933  2891 D LEMON   : Call-ID: bgx3adeoMhinod59eRC0LB321i@[2405:204:1803:1f53::251a:e0ad]
04-29 15:55:23.162  1933  2891 D LEMON   : CSeq: 1 NOTIFY
04-29 15:55:23.162  1933  2891 D LEMON   : Max-Forwards: 70
04-29 15:55:23.162  1933  2891 D LEMON   : Server: VoWIFI/WFC UA
04-29 15:55:23.162  1933  2891 D LEMON   : Via: SIP/2.0/UDP [2405:200:330:1581::1b]:5067;branch=z9hG4bK_IMSCL1550631.000_60512d2cc156a2d007cae5869b8c5c0b;lskpmc=P9J;received=2405:200:330:1581::1b
04-29 15:55:23.162  1933  2891 D LEMON   : Content-Length: 0
04-29 15:55:23.162  1933  2891 D LEMON   : 
04-29 15:55:23.162  1933  2891 D LEMON   : 
04-29 15:55:23.164  1933  2891 D LEMON   : 15:55:23.164 UTPT: INFO: conn[0x4] send data[514] to [2405:200:330:1581::1b:5067] ok.
04-29 15:55:23.164  1933  2891 D LEMON   : 15:55:23.164 ZOS: INFO: fsm(SIP_NIST) trans@[65545] state <COMPLETED> run [RECV_NONINVITE] event ok.
04-29 15:55:27.250  1933  2058 D LEMON   : 15:55:27.250 UTPT: INFO: recv udp data(len:2058) from [2405:200:330:1581::1b:32920].
04-29 15:55:27.251  1933  2891 D LEMON   : NOTIFY sip:405872000010354@[2405:204:1803:1f53::251a:e0ad]:5255 SIP/2.0
04-29 15:55:27.251  1933  2891 D LEMON   : v:SIP/2.0/UDP [2405:200:330:1581::1b]:5067;branch=z9hG4bK_IMSCL1550631.000_60512d2cc156a2d007cae5869b8c5c0b;lskpmc=P9J
04-29 15:55:27.251  1933  2891 D LEMON   : Record-Route:<sip:[2405:200:330:1581::1b]:5067;routing_id=pcscf_a_side;lskpmc=P9J;lr>
04-29 15:55:27.251  1933  2891 D LEMON   : f:<sip:+917011021569@ims.mnc872.mcc405.3gppnetwork.org>;tag=1544821200
04-29 15:55:27.251  1933  2891 D LEMON   : t:<sip:+917011021569@ims.mnc872.mcc405.3gppnetwork.org>;tag=-t.-J0deoMhinod59eRC0LC321
04-29 15:55:27.251  1933  2891 D LEMON   : o:reg
04-29 15:55:27.251  1933  2891 D LEMON   : i:bgx3adeoMhinod59eRC0LB321i@[2405:204:1803:1f53::251a:e0ad]
04-29 15:55:27.251  1933  2891 D LEMON   : Subscription-State:active
04-29 15:55:27.251  1933  2891 D LEMON   : CSeq:1 NOTIFY
04-29 15:55:27.251  1933  2891 D LEMON   : c:application/reginfo+xml
04-29 15:55:27.251  1933  2891 D LEMON   : m:<sip:dl1scfx1501mw.ims.mnc872.mcc405.3gppnetwork.org:5090;lskpmc=S5K>
04-29 15:55:27.251  1933  2891 D LEMON   : Max-Forwards:68
04-29 15:55:27.251  1933  2891 D LEMON   : l:1380
04-29 15:55:27.251  1933  2891 D LEMON   : 
04-29 15:55:27.251  1933  2891 D LEMON   : <?xml version="1.0"?><reginfo xmlns="urn:ietf:params:xml:ns:reginfo" xmlns:gr="urn:ietf:params:xml:ns:gruuinfo" xmlns:xsi="http://www.w3.org/2001/XMLSchema-instance" xmlns:ere="urn:3gpp:ns:extRegExp:1.0" xmlns:cp="urn:ietf:params:xml:ns:common-policy" xmlns:eri="urn:3gpp:ns:extRegInfo:1.0" version="0" state="full"><registration aor="sip:+917011021569@ims.mnc872.mcc405.3gppnetwork.org" id="5eb69dca5K1461851269175839" state="active"><contact id="5K1461851269175839" state="active" event="created"><uri>sip:405872000010354@[2405:204:1803:1f53::251a:e0ad]:5255;transport=udp</uri><unknown-param name="+sip.instance">"&lt;urn:gsma:imei:86740002-050381-3&gt;"</unknown-param><unknown-param name="+g.3gpp.icsi-ref">urn%%3Aurn-7%%3A3gpp-service.ims.icsi.mmtel</unknown-param><unknown-param name="video"/><unknown-param name="+g.3gpp.smsip"/></contact></registration><registration aor="tel:+917011021569" id="0b595c965K1461851269175839" state="active"><contact id="5K1461851269175839" state="active" event="created"><uri>sip:405872000010354@[2405:204:1803:1f53::251a:e0ad]:5255;transport=udp</uri><unknown-param name="+sip.instance">"&lt;urn:gsma:imei:86740002-050381-3&gt;"</unknown-param><unknown-param name="+g.3gpp.icsi-ref">urn%%3Aurn-7%%3A3gpp-service.ims.icsi.mmtel</unknown-param><unknown-param name="video"/><unknown-param name="+g.3gpp.smsip"/></contact></registration></reginfo>
04-29 15:55:27.252  1933  2891 D LEMON   : 15:55:27.252 SIP: INFO: trans @10009 process request <NOTIFY>.
04-29 15:55:27.253  1933  2891 D LEMON   : SIP/2.0 200 OK
04-29 15:55:27.253  1933  2891 D LEMON   : From: <sip:+917011021569@ims.mnc872.mcc405.3gppnetwork.org>;tag=1544821200
04-29 15:55:27.253  1933  2891 D LEMON   : To: <sip:+917011021569@ims.mnc872.mcc405.3gppnetwork.org>;tag=-t.-J0deoMhinod59eRC0LC321
04-29 15:55:27.253  1933  2891 D LEMON   : Supported: path,gruu,outbound
04-29 15:55:27.253  1933  2891 D LEMON   : Call-ID: bgx3adeoMhinod59eRC0LB321i@[2405:204:1803:1f53::251a:e0ad]
04-29 15:55:27.253  1933  2891 D LEMON   : CSeq: 1 NOTIFY
04-29 15:55:27.253  1933  2891 D LEMON   : Max-Forwards: 70
04-29 15:55:27.253  1933  2891 D LEMON   : Server: VoWIFI/WFC UA
04-29 15:55:27.253  1933  2891 D LEMON   : Via: SIP/2.0/UDP [2405:200:330:1581::1b]:5067;branch=z9hG4bK_IMSCL1550631.000_60512d2cc156a2d007cae5869b8c5c0b;lskpmc=P9J;received=2405:200:330:1581::1b
04-29 15:55:27.253  1933  2891 D LEMON   : Content-Length: 0
04-29 15:55:27.253  1933  2891 D LEMON   : 
04-29 15:55:27.253  1933  2891 D LEMON   : 
04-29 15:55:27.255  1933  2891 D LEMON   : 15:55:27.255 UTPT: INFO: conn[0x4] send data[514] to [2405:200:330:1581::1b:5067] ok.
04-29 15:55:27.255  1933  2891 D LEMON   : 15:55:27.255 ZOS: INFO: fsm(SIP_NIST) trans@[65545] state <COMPLETED> run [RECV_NONINVITE] event ok.
04-29 15:55:34.574  1933  2891 D LEMON   : 15:55:34.574 SIP: INFO: core timer process trans event tmr<0xE> [TIMER K].
04-29 15:55:34.574  1933  2891 D LEMON   : 15:55:34.574 ZOS: INFO: fsm(SIP_NICT) trans@[65542] state <COMPLETED> run [TM_TK] event ok.
04-29 15:55:34.574  1933  2891 D LEMON   : 15:55:34.574 ZOS: INFO: fsm(SIP_NICT) trans@[65542] state <COMPLETED> to <TERMINATED>.
04-29 15:55:34.575  1933  2891 D LEMON   : 15:55:34.575 SIP: INFO: module delete tmr<0xC> [TIMER E] ok.
04-29 15:55:34.575  1933  2891 D LEMON   : 15:55:34.575 SIP: INFO: module delete tmr<0xD> [TIMER F] ok.
04-29 15:55:34.575  1933  2891 D LEMON   : 15:55:34.575 SIP: INFO: module delete tmr<0xE> [TIMER K] ok.
04-29 15:55:34.575  1933  2891 D LEMON   : 15:55:34.575 SIP: INFO: module delete tmr<0xF> [TIMER WAIT_CONN] ok.
04-29 15:55:34.575  1933  2891 D LEMON   : 15:55:34.575 SIP: INFO: module delete tmr<0x10> [TIMER C] ok.
04-29 15:55:37.825  1933  2891 D LEMON   : 15:55:37.825 SIP: INFO: core timer process trans event tmr<0x14> [TIMER K].
04-29 15:55:37.826  1933  2891 D LEMON   : 15:55:37.826 ZOS: INFO: fsm(SIP_NICT) trans@[65543] state <COMPLETED> run [TM_TK] event ok.
04-29 15:55:37.826  1933  2891 D LEMON   : 15:55:37.826 ZOS: INFO: fsm(SIP_NICT) trans@[65543] state <COMPLETED> to <TERMINATED>.
04-29 15:55:37.826  1933  2891 D LEMON   : 15:55:37.826 SIP: INFO: module delete tmr<0x12> [TIMER E] ok.
04-29 15:55:37.826  1933  2891 D LEMON   : 15:55:37.826 SIP: INFO: module delete tmr<0x13> [TIMER F] ok.
04-29 15:55:37.827  1933  2891 D LEMON   : 15:55:37.826 SIP: INFO: module delete tmr<0x14> [TIMER K] ok.
04-29 15:55:37.827  1933  2891 D LEMON   : 15:55:37.827 SIP: INFO: module delete tmr<0x15> [TIMER WAIT_CONN] ok.
04-29 15:55:37.827  1933  2891 D LEMON   : 15:55:37.827 SIP: INFO: module delete tmr<0x16> [TIMER C] ok.
04-29 15:55:38.113  1933  2891 D LEMON   : 15:55:38.112 SIP: INFO: core timer process trans event tmr<0x1F> [TIMER K].
04-29 15:55:38.113  1933  2891 D LEMON   : 15:55:38.113 ZOS: INFO: fsm(SIP_NICT) trans@[65544] state <COMPLETED> run [TM_TK] event ok.
04-29 15:55:38.113  1933  2891 D LEMON   : 15:55:38.113 ZOS: INFO: fsm(SIP_NICT) trans@[65544] state <COMPLETED> to <TERMINATED>.
04-29 15:55:38.113  1933  2891 D LEMON   : 15:55:38.113 SIP: INFO: module delete tmr<0x1D> [TIMER E] ok.
04-29 15:55:38.113  1933  2891 D LEMON   : 15:55:38.113 SIP: INFO: module delete tmr<0x1E> [TIMER F] ok.
04-29 15:55:38.114  1933  2891 D LEMON   : 15:55:38.113 SIP: INFO: module delete tmr<0x1F> [TIMER K] ok.
04-29 15:55:38.114  1933  2891 D LEMON   : 15:55:38.114 SIP: INFO: module delete tmr<0x20> [TIMER WAIT_CONN] ok.
04-29 15:55:38.114  1933  2891 D LEMON   : 15:55:38.114 SIP: INFO: module delete tmr<0x21> [TIMER C] ok.
04-29 15:55:38.114  1933  2891 D LEMON   : 15:55:38.114 ZOS: INFO: fsm(SIP_SUBS) subs@[2147549189] state <CONFIRMED> run [TXN_TERMINATED] event ok.
04-29 15:55:51.798  1933  2891 D LEMON   : 15:55:51.798 SIP: INFO: module create tmr<0x2B> [TIMER SEND_2XX] ok.
04-29 15:55:51.801  1933  2891 D LEMON   : INVITE sip:+917011021641@ims.mnc872.mcc405.3gppnetwork.org SIP/2.0
04-29 15:55:51.801  1933  2891 D LEMON   : From: <sip:+917011021569@ims.mnc872.mcc405.3gppnetwork.org>;tag=321ibgx3adeoMhinod59eRC0LF
04-29 15:55:51.801  1933  2891 D LEMON   : To: "+917011021641"<sip:+917011021641@ims.mnc872.mcc405.3gppnetwork.org>
04-29 15:55:51.801  1933  2891 D LEMON   : P-Preferred-Identity: <sip:+917011021569@ims.mnc872.mcc405.3gppnetwork.org>
04-29 15:55:51.801  1933  2891 D LEMON   : Contact: <sip:405872000010354@[2405:204:1803:1f53::251a:e0ad]:5255>;+sip.instance="<urn:gsma:imei:86740002-050381-3>";+g.3gpp.icsi-ref="urn%%3Aurn-7%%3A3gpp-service.ims.icsi.mmtel";video;+g.3gpp.icsi-ref="urn%%3Aurn-7%%3A3gpp-service.ims.icsi.mmtel"
04-29 15:55:51.801  1933  2891 D LEMON   : Accept-Contact: *;+g.3gpp.icsi-ref="urn%%3Aurn-7%%3A3gpp-service.ims.icsi.mmtel"
04-29 15:55:51.801  1933  2891 D LEMON   : P-Early-Media: supported
04-29 15:55:51.801  1933  2891 D LEMON   : Session-Expires: 1800
04-29 15:55:51.801  1933  2891 D LEMON   : Min-SE: 600
04-29 15:55:51.801  1933  2891 D LEMON   : Supported: 100rel,join,norefersub,replaces,timer,sec-agree
04-29 15:55:51.801  1933  2891 D LEMON   : Allow: INVITE,ACK,BYE,CANCEL,UPDATE,REGISTER,INFO,PRACK,SUBSCRIBE,NOTIFY,MESSAGE,REFER,PUBLISH
04-29 15:55:51.801  1933  2891 D LEMON   : P-Access-Network-Info: IEEE-802.11;i-wlan-node-id=4045da1352c7
04-29 15:55:51.801  1933  2891 D LEMON   : Security-Verify: ipsec-3gpp;prot=esp;alg=hmac-md5-96;ealg=aes-cbc;mod=trans;spi-c=1460503848;spi-s=1460503849;port-c=32920;port-s=5067;q=0.6
