05-05 16:09:15.629  1965  2897 D LEMON   : Max-Forwards: 70
05-05 16:09:15.629  1965  2897 D LEMON   : User-Agent: VoWIFI/WFC UA
05-05 16:09:15.629  1965  2897 D LEMON   : Via: SIP/2.0/UDP [2405:204:1a03:45c7::2aa3:38ac]:5410;branch=z9hG4bKIkdiIsaas1RPNHVv.eeis8q421;rport
05-05 16:09:15.629  1965  2897 D LEMON   : Content-Type: application/sdp
05-05 16:09:15.629  1965  2897 D LEMON   : Content-Length: 327
05-05 16:09:15.629  1965  2897 D LEMON   : 
05-05 16:09:15.629  1965  2897 D LEMON   : v=0
05-05 16:09:15.629  1965  2897 D LEMON   : o=405872000010534 987213414 987213430 IN IP6 2405:204:1a03:45c7::2aa3:38ac
05-05 16:09:15.629  1965  2897 D LEMON   : s=-
05-05 16:09:15.629  1965  2897 D LEMON   : c=IN IP6 2405:204:1a03:45c7::2aa3:38ac
05-05 16:09:15.629  1965  2897 D LEMON   : t=0 0
05-05 16:09:15.629  1965  2897 D LEMON   : m=audio 37088 RTP/AVP 104 103
05-05 16:09:15.629  1965  2897 D LEMON   : a=rtpmap:104 AMR-WB/16000
05-05 16:09:15.629  1965  2897 D LEMON   : a=fmtp:104 octet-align=1
05-05 16:09:15.629  1965  2897 D LEMON   : a=rtpmap:103 AMR/8000
05-05 16:09:15.629  1965  2897 D LEMON   : a=fmtp:103 mode-set=0,1,2,3,4,5;octet-align=1
05-05 16:09:15.629  1965  2897 D LEMON   : a=ptime:20
05-05 16:09:15.629  1965  2897 D LEMON   : a=maxptime:400
05-05 16:09:15.629  1965  2897 D LEMON   : a=sendrecv
05-05 16:09:15.629  1965  2897 D LEMON   : 
05-05 16:09:15.631  1965  2897 D LEMON   : 16:09:15.630 UTPT: INFO: conn[0x4] send data[1436] to [2405:200:330:1581::18:5067] ok.
05-05 16:09:15.631  1965  2897 D LEMON   : 16:09:15.631 SIP: INFO: module start tmr<0x10E> [TIMER A] <2000ms> ok.
05-05 16:09:15.631  1965  2897 D LEMON   : 16:09:15.631 SIP: INFO: module start tmr<0x10F> [TIMER B] <128000ms> ok.
05-05 16:09:15.631  1965  2897 D LEMON   : 16:09:15.631 SIP: INFO: module start tmr<0x112> [TIMER C] <200000ms> ok.
05-05 16:09:15.632  1965  2897 D LEMON   : 16:09:15.631 ZOS: INFO: fsm(SIP_ICT) trans@[196614] state <IDLE> run [SEND_INVITE] event ok.
05-05 16:09:15.632  1965  2897 D LEMON   : 16:09:15.632 ZOS: INFO: fsm(SIP_ICT) trans@[196614] state <IDLE> to <CALLING>.
05-05 16:09:15.671  1965  2141 D LEMON   : 16:09:15.671 UTPT: INFO: recv udp data(len:950) from [2405:200:330:1581::18:32920].
05-05 16:09:15.672  1965  2897 D LEMON   : INVITE sip:405872000010534@[2405:204:1a03:45c7::2aa3:38ac]:5410 SIP/2.0
05-05 16:09:15.672  1965  2897 D LEMON   : v:SIP/2.0/UDP [2405:200:330:1581::18]:5067;branch=z9hG4bK_IMSCL1550631.000_192c81166ee34fa41e4aa0363b95e165;lskpmc=P72
05-05 16:09:15.672  1965  2897 D LEMON   : Record-Route:<sip:[2405:200:330:1581::18]:5067;routing_id=pcscf_a_side;lskpmc=P72;lr>
05-05 16:09:15.672  1965  2897 D LEMON   : l:0
05-05 16:09:15.672  1965  2897 D LEMON   : f:"9953592787"<sip:9953592787@ims.mnc872.mcc405.3gppnetwork.org>;tag=aVDdYVe7fc3b7jfg
05-05 16:09:15.672  1965  2897 D LEMON   : t:<sip:+917011021754@ims.mnc872.mcc405.3gppnetwork.org>;tag=NcIbu99501.6v.eopCs3421Jtu
05-05 16:09:15.672  1965  2897 D LEMON   : i:I2bu99501.6v.eopCs2421Cn.i@[2405:204:1a03:45c7::2aa3:38ac]
05-05 16:09:15.672  1965  2897 D LEMON   : CSeq:7 INVITE
05-05 16:09:15.672  1965  2897 D LEMON   : Max-Forwards:66
05-05 16:09:15.672  1965  2897 D LEMON   : x:1800;refresher=uas
05-05 16:09:15.672  1965  2897 D LEMON   : Min-SE:600
05-05 16:09:15.672  1965  2897 D LEMON   : m:<sip:+919953592787;npdi;rn=4108;rn-context=+91@10.56.4.27:5070;transport=TCP;yop=00.00.73162006.0000.7018;ccsId=65>
05-05 16:09:15.672  1965  2897 D LEMON   : k:timer,tdialog
05-05 16:09:15.672  1965  2897 D LEMON   : Allow:ACK,BYE,CANCEL,INFO,INVITE,NOTIFY,OPTIONS,REFER
05-05 16:09:15.672  1965  2897 D LEMON   : Feature-Caps:*;+g.3gpp.srvcc;+g.3gpp.icsi-ref="urn%%3Aurn-7%%3A3gpp-service.ims.icsi.mmtel"
05-05 16:09:15.672  1965  2897 D LEMON   : Server:Alcatel-Lucent 5060 MGC-8 9.5.0.2.0.18
05-05 16:09:15.672  1965  2897 D LEMON   : P-Com.Nokia.B2BUA-Involved:no
05-05 16:09:15.672  1965  2897 D LEMON   : 
05-05 16:09:15.672  1965  2897 D LEMON   : 
05-05 16:09:15.672  1965  2897 D LEMON   : 16:09:15.672 SIP: INFO: module create tmr<0x113> [TIMER G] ok.
05-05 16:09:15.672  1965  2897 D LEMON   : 16:09:15.672 SIP: INFO: module create tmr<0x114> [TIMER H] ok.
05-05 16:09:15.672  1965  2897 D LEMON   : 16:09:15.672 SIP: INFO: module create tmr<0x115> [TIMER I] ok.
05-05 16:09:15.672  1965  2897 D LEMON   : 16:09:15.672 SIP: INFO: module create tmr<0x116> [TIMER L] ok.
05-05 16:09:15.672  1965  2897 D LEMON   : 16:09:15.672 SIP: INFO: module create tmr<0x117> [TIMER C] ok.
05-05 16:09:15.673  1965  2897 D LEMON   : 16:09:15.673 SIP: INFO: trans @30007 process request <INVITE>.
05-05 16:09:15.673  1965  2897 D LEMON   : 16:09:15.673 SIP: INFO: module start tmr<0x117> [TIMER C] <200000ms> ok.
05-05 16:09:15.673  1965  2897 D LEMON   : 16:09:15.673 ZOS: INFO: fsm(SIP_IST) trans@[196615] state <IDLE> run [RECV_INVITE] event ok.
05-05 16:09:15.673  1965  2897 D LEMON   : 16:09:15.673 ZOS: INFO: fsm(SIP_IST) trans@[196615] state <IDLE> to <PROCEEDING>.
05-05 16:09:15.673  1965  2897 D LEMON   : 16:09:15.673 SIP: INFO: dlg @30004 process request <INVITE>.
05-05 16:09:15.674  1965  2897 D LEMON   : SIP/2.0 100 Trying
05-05 16:09:15.674  1965  2897 D LEMON   : To: <sip:+917011021754@ims.mnc872.mcc405.3gppnetwork.org>;tag=NcIbu99501.6v.eopCs3421Jtu
05-05 16:09:15.674  1965  2897 D LEMON   : From: "9953592787"<sip:9953592787@ims.mnc872.mcc405.3gppnetwork.org>;tag=aVDdYVe7fc3b7jfg
05-05 16:09:15.674  1965  2897 D LEMON   : CSeq: 7 INVITE
05-05 16:09:15.674  1965  2897 D LEMON   : Call-ID: I2bu99501.6v.eopCs2421Cn.i@[2405:204:1a03:45c7::2aa3:38ac]
05-05 16:09:15.674  1965  2897 D LEMON   : Via: SIP/2.0/UDP [2405:200:330:1581::18]:5067;branch=z9hG4bK_IMSCL1550631.000_192c81166ee34fa41e4aa0363b95e165;lskpmc=P72;received=2405:200:330:1581::18
05-05 16:09:15.674  1965  2897 D LEMON   : Content-Length: 0
05-05 16:09:15.674  1965  2897 D LEMON   : 
05-05 16:09:15.674  1965  2897 D LEMON   : 
05-05 16:09:15.674  1965  2897 D LEMON   : 16:09:15.674 UTPT: INFO: conn[0x4] send data[461] to [2405:200:330:1581::18:5067] ok.
05-05 16:09:15.677  1965  2141 D LEMON   : 16:09:15.677 UTPT: INFO: recv udp data(len:415) from [2405:200:330:1581::18:32920].
05-05 16:09:15.695  1965  2897 D LEMON   : SIP/2.0 100 Trying
05-05 16:09:15.695  1965  2897 D LEMON   : f:<sip:+917011021754@ims.mnc872.mcc405.3gppnetwork.org;user=phone>;tag=11lFQcHauy914+GKv.ektO7742
05-05 16:09:15.695  1965  2897 D LEMON   : t:<sip:+917011021774@ims.mnc872.mcc405.3gppnetwork.org;user=phone>;tag=A8B1Wd9A4Dai8jbf
05-05 16:09:15.695  1965  2897 D LEMON   : i:C009A6B34C0F7CE697615CE4@1270ffffffff
05-05 16:09:15.695  1965  2897 D LEMON   : CSeq:6 INVITE
05-05 16:09:15.695  1965  2897 D LEMON   : v:SIP/2.0/UDP [2405:204:1a03:45c7::2aa3:38ac]:5410;branch=z9hG4bKIkdiIsaas1RPNHVv.eeis8q421;rport=35391;received=2405:204:1a03:45c7::2aa3:38ac
05-05 16:09:15.695  1965  2897 D LEMON   : l:0
05-05 16:09:15.695  1965  2897 D LEMON   : 
05-05 16:09:15.695  1965  2897 D LEMON   : 
05-05 16:09:15.677  1965  2138 D LEMON   : 16:09:15.677 ZOS: INFO: fsm(MTF_CALL) conn@[19] state <CONNECTED> run [SMM IND] event ok.
05-05 16:09:15.690  1965  2897 D LEMON   : 16:09:15.690 ZOS: INFO: fsm(SIP_IVT) dlg@[196612] state <CONFIRMED> run [RECV_INVITE] event ok.
05-05 16:09:15.690  1965  2897 D LEMON   : 16:09:15.690 ZOS: INFO: fsm(SIP_IVT) dlg@[196612] state <CONFIRMED> to <MODIFY IN>.
05-05 16:09:15.696  1965  2897 D LEMON   : 16:09:15.696 SIP: INFO: trans @30006 process response <INVITE:100>.
05-05 16:09:15.696  1965  2897 D LEMON   : 16:09:15.696 SIP: INFO: module stop tmr<0x10E> [TIMER A] ok.
05-05 16:09:15.696  1965  2897 D LEMON   : 16:09:15.696 SIP: INFO: module stop tmr<0x10F> [TIMER B] ok.
05-05 16:09:15.696  1965  2897 D LEMON   : 16:09:15.696 SIP: INFO: module stop tmr<0x112> [TIMER C] ok.
05-05 16:09:15.696  1965  2897 D LEMON   : 16:09:15.696 SIP: INFO: module start tmr<0x112> [TIMER C] <200000ms> ok.
05-05 16:09:15.696  1965  2897 D LEMON   : 16:09:15.696 ZOS: INFO: fsm(SIP_ICT) trans@[196614] state <CALLING> run [RECV_1XX] event ok.
05-05 16:09:15.696  1965  2897 D LEMON   : 16:09:15.696 ZOS: INFO: fsm(SIP_ICT) trans@[196614] state <CALLING> to <PROCEEDING>.
05-05 16:09:15.697  1965  2897 D LEMON   : 16:09:15.697 SIP: INFO: dlg @30005 process response <INVITE:100>.
05-05 16:09:15.697  1965  2897 D LEMON   : 16:09:15.697 ZOS: INFO: fsm(SIP_IVT) dlg@[196613] state <MODIFY OUT> run [RECV_1XX] event ok.
05-05 16:09:15.698  1965  2897 D LEMON   : 16:09:15.698 SIP: INFO: dlg @30004 process response <INVITE:200>.
05-05 16:09:15.698  1965  2897 D LEMON   : 16:09:15.698 SIP: INFO: module start tmr<0x7F> [TIMER SEND_2XX] <2000ms> ok.
05-05 16:09:15.698  1965  2897 D LEMON   : 16:09:15.698 SIP: INFO: module start tmr<0x80> [TIMER STOP_2XX] <128000ms> ok.
05-05 16:09:15.699  1965  2897 D LEMON   : 16:09:15.699 ZOS: INFO: fsm(SIP_IVT) dlg@[196612] state <MODIFY IN> run [SMM_RSP] event ok.
05-05 16:09:15.699  1965  2897 D LEMON   : 16:09:15.699 ZOS: INFO: fsm(SIP_IVT) dlg@[196612] state <MODIFY IN> to <CONFIRMED>.
05-05 16:09:15.699  1965  2897 D LEMON   : 16:09:15.699 SIP: INFO: trans @30007 process response <INVITE:200>.
05-05 16:09:15.699  1965  2897 D LEMON   : 16:09:15.699 SIP: INFO: module stop tmr<0x117> [TIMER C] ok.
05-05 16:09:15.702  1965  2897 D LEMON   : SIP/2.0 200 OK
05-05 16:09:15.702  1965  2897 D LEMON   : From: "9953592787"<sip:9953592787@ims.mnc872.mcc405.3gppnetwork.org>;tag=aVDdYVe7fc3b7jfg
05-05 16:09:15.702  1965  2897 D LEMON   : To: <sip:+917011021754@ims.mnc872.mcc405.3gppnetwork.org>;tag=NcIbu99501.6v.eopCs3421Jtu
05-05 16:09:15.702  1965  2897 D LEMON   : P-Access-Network-Info: IEEE-802.11;i-wlan-node-id=4045da87d2be
05-05 16:09:15.702  1965  2897 D LEMON   : Supported: 100rel,join,norefersub,replaces,timer
05-05 16:09:15.702  1965  2897 D LEMON   : Allow: INVITE,ACK,BYE,CANCEL,UPDATE,REGISTER,INFO,PRACK,SUBSCRIBE,NOTIFY,MESSAGE,REFER,PUBLISH
05-05 16:09:15.702  1965  2897 D LEMON   : Session-Expires: 1800;refresher=uas
05-05 16:09:15.702  1965  2897 D LEMON   : Min-SE: 600
05-05 16:09:15.702  1965  2897 D LEMON   : Require: timer
05-05 16:09:15.702  1965  2897 D LEMON   : Contact: <sip:405872000010534@[2405:204:1a03:45c7::2aa3:38ac]:5410>;+sip.instance="<urn:gsma:imei:86740002-034179-2>";+g.3gpp.icsi-ref="urn%%3Aurn-7%%3A3gpp-service.ims.icsi.mmtel";video
05-05 16:09:15.702  1965  2897 D LEMON   : Call-ID: I2bu99501.6v.eopCs2421Cn.i@[2405:204:1a03:45c7::2aa3:38ac]
05-05 16:09:15.702  1965  2897 D LEMON   : CSeq: 7 INVITE
05-05 16:09:15.702  1965  2897 D LEMON   : Max-Forwards: 70
05-05 16:09:15.702  1965  2897 D LEMON   : Server: VoWIFI/WFC UA
05-05 16:09:15.702  1965  2897 D LEMON   : Via: SIP/2.0/UDP [2405:200:330:1581::18]:5067;branch=z9hG4bK_IMSCL1550631.000_192c81166ee34fa41e4aa0363b95e165;lskpmc=P72;received=2405:200:330:1581::18
05-05 16:09:15.702  1965  2897 D LEMON   : Content-Type: application/sdp
05-05 16:09:15.702  1965  2897 D LEMON   : Content-Length: 300
05-05 16:09:15.702  1965  2897 D LEMON   : 
05-05 16:09:15.702  1965  2897 D LEMON   : v=0
05-05 16:09:15.702  1965  2897 D LEMON   : o=405872000010534 1059103148 1059103168 IN IP6 2405:204:1a03:45c7::2aa3:38ac
05-05 16:09:15.702  1965  2897 D LEMON   : s=-
05-05 16:09:15.702  1965  2897 D LEMON   : c=IN IP6 2405:204:1a03:45c7::2aa3:38ac
05-05 16:09:15.702  1965  2897 D LEMON   : t=0 0
05-05 16:09:15.702  1965  2897 D LEMON   : m=audio 37076 RTP/AVP 104
05-05 16:09:15.702  1965  2897 D LEMON   : a=rtpmap:104 AMR-WB/16000
05-05 16:09:15.702  1965  2897 D LEMON   : a=fmtp:104 octet-align=1;mode-change-period=2;mode-change-capability=2
05-05 16:09:15.702  1965  2897 D LEMON   : a=ptime:20
05-05 16:09:15.702  1965  2897 D LEMON   : a=maxptime:80
05-05 16:09:15.702  1965  2897 D LEMON   : a=sendonly
05-05 16:09:15.702  1965  2897 D LEMON   : 
05-05 16:09:15.703  1965  2897 D LEMON   : 16:09:15.703 UTPT: INFO: conn[0x4] send data[1293] to [2405:200:330:1581::18:5067] ok.
05-05 16:09:15.703  1965  2897 D LEMON   : 16:09:15.703 ZOS: INFO: fsm(SIP_IST) trans@[196615] state <PROCEEDING> run [SEND_2XX] event ok.
05-05 16:09:15.703  1965  2897 D LEMON   : 16:09:15.703 ZOS: INFO: fsm(SIP_IST) trans@[196615] state <PROCEEDING> to <TERMINATED>.
05-05 16:09:15.704  1965  2897 D LEMON   : 16:09:15.703 SIP: INFO: module delete tmr<0x113> [TIMER G] ok.
05-05 16:09:15.704  1965  2897 D LEMON   : 16:09:15.704 SIP: INFO: module delete tmr<0x114> [TIMER H] ok.
05-05 16:09:15.704  1965  2897 D LEMON   : 16:09:15.704 SIP: INFO: module delete tmr<0x115> [TIMER I] ok.
05-05 16:09:15.704  1965  2897 D LEMON   : 16:09:15.704 SIP: INFO: module delete tmr<0x116> [TIMER L] ok.
05-05 16:09:15.705  1965  2897 D LEMON   : 16:09:15.704 SIP: INFO: module delete tmr<0x117> [TIMER C] ok.
05-05 16:09:16.052  1965  2141 D LEMON   : 16:09:16.052 UTPT: INFO: recv udp data(len:1263) from [2405:200:330:1581::18:32920].
05-05 16:09:16.053  1965  2897 D LEMON   : SIP/2.0 200 OK
05-05 16:09:16.053  1965  2897 D LEMON   : l:260
05-05 16:09:16.053  1965  2897 D LEMON   : f:<sip:+917011021754@ims.mnc872.mcc405.3gppnetwork.org;user=phone>;tag=11lFQcHauy914+GKv.ektO7742
05-05 16:09:16.053  1965  2897 D LEMON   : t:<sip:+917011021774@ims.mnc872.mcc405.3gppnetwork.org;user=phone>;tag=A8B1Wd9A4Dai8jbf
05-05 16:09:16.053  1965  2897 D LEMON   : v:SIP/2.0/UDP [2405:204:1a03:45c7::2aa3:38ac]:5410;branch=z9hG4bKIkdiIsaas1RPNHVv.eeis8q421;rport=35391;received=2405:204:1a03:45c7::2aa3:38ac
05-05 16:09:16.053  1965  2897 D LEMON   : i:C009A6B34C0F7CE697615CE4@1270ffffffff
05-05 16:09:16.053  1965  2897 D LEMON   : CSeq:6 INVITE
05-05 16:09:16.053  1965  2897 D LEMON   : Record-Route:<sip:[2405:200:330:1581::18]:5067;routing_id=pcscf_b_side;lskpmc=P72;lr>
05-05 16:09:16.053  1965  2897 D LEMON   : x:1800;refresher=uas
05-05 16:09:16.053  1965  2897 D LEMON   : m:<sip:405872000010553@10.56.4.26:5070;yop=00.00.73162006.0000.7012>;+g.3gpp.icsi-ref="urn%%3Aurn-7%%3A3gpp-service.ims.icsi.mmtel";video;+sip.instance="<urn:gsma:imei:86543502-990110-0>"
05-05 16:09:16.053  1965  2897 D LEMON   : Require:timer
05-05 16:09:16.053  1965  2897 D LEMON   : k:100rel,timer,histinfo,eventlist,norefersub,tdialog
05-05 16:09:16.053  1965  2897 D LEMON   : Allow:ACK,BYE,CANCEL,INFO,INVITE,NOTIFY,OPTIONS,PRACK,REFER,UPDATE
05-05 16:09:16.053  1965  2897 D LEMON   : Feature-Caps:*;+g.3gpp.srvcc;+g.3gpp.icsi-ref="urn%%3Aurn-7%%3A3gpp-service.ims.icsi.mmtel"
05-05 16:09:16.053  1965  2897 D LEMON   : c:application/sdp
05-05 16:09:16.053  1965  2897 D LEMON   : Content-Disposition:session;handling=required
05-05 16:09:16.053  1965  2897 D LEMON   : 
05-05 16:09:16.053  1965  2897 D LEMON   : v=0
05-05 16:09:16.053  1965  2897 D LEMON   : o=- 0 11 IN IP6 ims.mnc872.mcc405.3gppnetwork.org
05-05 16:09:16.053  1965  2897 D LEMON   : s=media server session
05-05 16:09:16.053  1965  2897 D LEMON   : t=0 0
05-05 16:09:16.053  1965  2897 D LEMON   : m=audio 21536 RTP/AVP 104
05-05 16:09:16.053  1965  2897 D LEMON   : c=IN IP6 2405:200:330:1586::11
05-05 16:09:16.053  1965  2897 D LEMON   : a=rtpmap:104 AMR-WB/16000
05-05 16:09:16.053  1965  2897 D LEMON   : a=fmtp:104 octet-align=1; mode-change-capability=2
05-05 16:09:16.053  1965  2897 D LEMON   : a=rtcp-xr
05-05 16:09:16.053  1965  2897 D LEMON   : a=ptime:20
05-05 16:09:16.053  1965  2897 D LEMON   : a=sendrecv
05-05 16:09:16.053  1965  2897 D LEMON   : 
05-05 16:09:16.053  1965  2897 D LEMON   : 16:09:16.053 SIP: INFO: trans @30006 process response <INVITE:200>.
05-05 16:09:16.053  1965  2897 D LEMON   : 16:09:16.053 SIP: INFO: module stop tmr<0x112> [TIMER C] ok.
05-05 16:09:16.053  1965  2897 D LEMON   : 16:09:16.053 ZOS: INFO: fsm(SIP_ICT) trans@[196614] state <PROCEEDING> run [RECV_2XX] event ok.
05-05 16:09:16.054  1965  2897 D LEMON   : 16:09:16.054 ZOS: INFO: fsm(SIP_ICT) trans@[196614] state <PROCEEDING> to <TERMINATED>.
05-05 16:09:16.054  1965  2897 D LEMON   : 16:09:16.054 SIP: INFO: dlg @30005 process response <INVITE:200>.
05-05 16:09:16.054  1965  2897 D LEMON   : 16:09:16.054 SIP: INFO: module start tmr<0x90> [TIMER WAIT_SAM] <128000ms> ok.
05-05 16:09:16.057  1965  2897 D LEMON   : 16:09:16.057 ZOS: INFO: fsm(SIP_IVT) dlg@[196613] state <MODIFY OUT> run [RECV_2XX] event ok.
05-05 16:09:16.057  1965  2897 D LEMON   : 16:09:16.057 ZOS: INFO: fsm(SIP_IVT) dlg@[196613] state <MODIFY OUT> to <CONFIRMED>.
05-05 16:09:16.057  1965  2897 D LEMON   : 16:09:16.057 SIP: INFO: module delete tmr<0x10E> [TIMER A] ok.
05-05 16:09:16.057  1965  2897 D LEMON   : 16:09:16.057 SIP: INFO: module delete tmr<0x10F> [TIMER B] ok.
05-05 16:09:16.057  1965  2897 D LEMON   : 16:09:16.057 SIP: INFO: module delete tmr<0x110> [TIMER D] ok.
05-05 16:09:16.057  1965  2897 D LEMON   : 16:09:16.057 SIP: INFO: module delete tmr<0x111> [TIMER WAIT_CONN] ok.
05-05 16:09:16.058  1965  2897 D LEMON   : 16:09:16.057 SIP: INFO: module delete tmr<0x112> [TIMER C] ok.
05-05 16:09:16.062  1965  2897 D LEMON   : 16:09:16.062 SIP: INFO: dlg @30005 process request <ACK>.
05-05 16:09:16.062  1965  2897 D LEMON   : ACK sip:405872000010553@10.56.4.26:5070;yop=00.00.73162006.0000.7012 SIP/2.0
05-05 16:09:16.062  1965  2897 D LEMON   : From: <sip:+917011021754@ims.mnc872.mcc405.3gppnetwork.org;user=phone>;tag=11lFQcHauy914+GKv.ektO7742
05-05 16:09:16.062  1965  2897 D LEMON   : To: <sip:+917011021774@ims.mnc872.mcc405.3gppnetwork.org;user=phone>;tag=A8B1Wd9A4Dai8jbf
05-05 16:09:16.062  1965  2897 D LEMON   : Contact: <sip:405872000010534@[2405:204:1a03:45c7::2aa3:38ac]:5410>;+sip.instance="<urn:gsma:imei:86740002-034179-2>";+g.3gpp.icsi-ref="urn%%3Aurn-7%%3A3gpp-service.ims.icsi.mmtel";video
05-05 16:09:16.062  1965  2897 D LEMON   : P-Access-Network-Info: IEEE-802.11;i-wlan-node-id=4045da87d2be
05-05 16:09:16.062  1965  2897 D LEMON   : Proxy-Require: sec-agree
05-05 16:09:16.062  1965  2897 D LEMON   : Require: sec-agree
05-05 16:09:16.062  1965  2897 D LEMON   : Supported: sec-agree
05-05 16:09:16.062  1965  2897 D LEMON   : Route: <sip:[2405:200:330:1581::18]:5067;routing_id=pcscf_b_side;lskpmc=P72;lr>
05-05 16:09:16.062  1965  2897 D LEMON   : Call-ID: C009A6B34C0F7CE697615CE4@1270ffffffff
05-05 16:09:16.062  1965  2897 D LEMON   : CSeq: 6 ACK
05-05 16:09:16.062  1965  2897 D LEMON   : Max-Forwards: 70
05-05 16:09:16.062  1965  2897 D LEMON   : User-Agent: VoWIFI/WFC UA
05-05 16:09:16.062  1965  2897 D LEMON   : Via: SIP/2.0/UDP [2405:204:1a03:45c7::2aa3:38ac]:5410;branch=z9hG4bK12khK2saas1RPNHVv.eeis8r42;rport
05-05 16:09:16.062  1965  2897 D LEMON   : Content-Length: 0
05-05 16:09:16.062  1965  2897 D LEMON   : 
05-05 16:09:16.062  1965  2897 D LEMON   : 
05-05 16:09:16.062  1965  2897 D LEMON   : 16:09:16.062 UTPT: INFO: conn[0x4] send data[900] to [2405:200:330:1581::18:5067] ok.
05-05 16:09:16.063  1965  2897 D LEMON   : 16:09:16.063 SIP: INFO: module stop tmr<0x90> [TIMER WAIT_SAM] ok.
05-05 16:09:16.063  1965  2897 D LEMON   : 16:09:16.063 ZOS: INFO: fsm(SIP_IVT) dlg@[196613] state <CONFIRMED> run [SAM_REQ] event ok.
05-05 16:09:16.063  1965  2138 D LEMON   : 16:09:16.063 ZOS: INFO: fsm(MTF_CALL) conn@[20] state <MODIFYOUT> run [SMM CNF] event ok.
05-05 16:09:16.063  1965  2138 D LEMON   : 16:09:16.063 ZOS: INFO: fsm(MTF_CALL) conn@[20] state <MODIFYOUT> to <CONNECTED>.
05-05 16:09:16.066  1965  1965 D LEMON   : 16:09:16.066 RSE: INFO: gui notify LeaveSessUnHoldOk.
05-05 16:09:16.253  1965  2141 D LEMON   : 16:09:16.253 UTPT: INFO: recv udp data(len:889) from [2405:200:330:1581::18:32920].
05-05 16:09:16.253  1965  2897 D LEMON   : ACK sip:405872000010534@[2405:204:1a03:45c7::2aa3:38ac]:5410 SIP/2.0
05-05 16:09:16.253  1965  2897 D LEMON   : v:SIP/2.0/UDP [2405:200:330:1581::18]:5067;branch=z9hG4bK_IMSCL1550631.000_020040388a92f0da97690c55e912c887;lskpmc=P72
05-05 16:09:16.253  1965  2897 D LEMON   : Record-Route:<sip:[2405:200:330:1581::18]:5067;routing_id=pcscf_a_side;lskpmc=P72;lr>
05-05 16:09:16.253  1965  2897 D LEMON   : l:260
05-05 16:09:16.253  1965  2897 D LEMON   : f:"9953592787"<sip:9953592787@ims.mnc872.mcc405.3gppnetwork.org>;tag=aVDdYVe7fc3b7jfg
05-05 16:09:16.253  1965  2897 D LEMON   : t:<sip:+917011021754@ims.mnc872.mcc405.3gppnetwork.org>;tag=NcIbu99501.6v.eopCs3421Jtu
05-05 16:09:16.253  1965  2897 D LEMON   : i:I2bu99501.6v.eopCs2421Cn.i@[2405:204:1a03:45c7::2aa3:38ac]
05-05 16:09:16.253  1965  2897 D LEMON   : CSeq:7 ACK
05-05 16:09:16.253  1965  2897 D LEMON   : Max-Forwards:66
05-05 16:09:16.253  1965  2897 D LEMON   : d:no-fork
05-05 16:09:16.253  1965  2897 D LEMON   : c:application/sdp
05-05 16:09:16.253  1965  2897 D LEMON   : Content-Disposition:session;handling=required
05-05 16:09:16.253  1965  2897 D LEMON   : 
05-05 16:09:16.253  1965  2897 D LEMON   : v=0
05-05 16:09:16.253  1965  2897 D LEMON   : o=- 0 14 IN IP6 ims.mnc872.mcc405.3gppnetwork.org
05-05 16:09:16.253  1965  2897 D LEMON   : s=media server session
05-05 16:09:16.253  1965  2897 D LEMON   : t=0 0
05-05 16:09:16.253  1965  2897 D LEMON   : m=audio 21456 RTP/AVP 104
05-05 16:09:16.253  1965  2897 D LEMON   : c=IN IP6 2405:200:330:1586::11
05-05 16:09:16.253  1965  2897 D LEMON   : a=rtpmap:104 AMR-WB/16000
05-05 16:09:16.253  1965  2897 D LEMON   : a=fmtp:104 octet-align=1; mode-change-capability=2
05-05 16:09:16.253  1965  2897 D LEMON   : a=rtcp-xr
05-05 16:09:16.253  1965  2897 D LEMON   : a=ptime:20
05-05 16:09:16.253  1965  2897 D LEMON   : a=recvonly
05-05 16:09:16.253  1965  2897 D LEMON   : 
05-05 16:09:16.254  1965  2897 D LEMON   : 16:09:16.254 SIP: INFO: dlg @30004 process request <ACK>.
05-05 16:09:16.254  1965  2897 D LEMON   : 16:09:16.254 SIP: INFO: module stop tmr<0x7F> [TIMER SEND_2XX] ok.
05-05 16:09:16.254  1965  2897 D LEMON   : 16:09:16.254 SIP: INFO: module stop tmr<0x80> [TIMER STOP_2XX] ok.
05-05 16:09:16.258  1965  2897 D LEMON   : 16:09:16.258 ZOS: INFO: fsm(SIP_IVT) dlg@[196612] state <CONFIRMED> run [RECV_ACK] event ok.
05-05 16:09:16.263  1965  2138 D LEMON   : 16:09:16.263 ZOS: INFO: fsm(MTF_CALL) conn@[19] state <CONNECTED> run [SAM IND] event ok.
05-05 16:09:16.270  1965  1965 D LEMON   : 16:09:16.270 RSE: INFO: gui notify LeaveSessMdfyed.
05-05 16:09:16.512  1965  2141 D LEMON   : 16:09:16.512 UTPT: INFO: recv udp data(len:963) from [2405:200:330:1581::18:32920].
05-05 16:09:16.512  1965  2897 D LEMON   : INVITE sip:405872000010534@[2405:204:1a03:45c7::2aa3:38ac]:5410 SIP/2.0
05-05 16:09:16.512  1965  2897 D LEMON   : v:SIP/2.0/UDP [2405:200:330:1581::18]:5067;branch=z9hG4bK_IMSCL1550631.000_a0ab02073307e2cdd9b3e30daa867418;lskpmc=P72
05-05 16:09:16.512  1965  2897 D LEMON   : Record-Route:<sip:[2405:200:330:1581::18]:5067;routing_id=pcscf_b_side;lskpmc=P72;lr>
05-05 16:09:16.512  1965  2897 D LEMON   : l:0
05-05 16:09:16.512  1965  2897 D LEMON   : f:<sip:+917011021774@ims.mnc872.mcc405.3gppnetwork.org;user=phone>;tag=A8B1Wd9A4Dai8jbf
05-05 16:09:16.512  1965  2897 D LEMON   : t:<sip:+917011021754@ims.mnc872.mcc405.3gppnetwork.org;user=phone>;tag=11lFQcHauy914+GKv.ektO7742
05-05 16:09:16.512  1965  2897 D LEMON   : i:C009A6B34C0F7CE697615CE4@1270ffffffff
05-05 16:09:16.512  1965  2897 D LEMON   : CSeq:8 INVITE
05-05 16:09:16.512  1965  2897 D LEMON   : Max-Forwards:61
05-05 16:09:16.512  1965  2897 D LEMON   : x:1800;refresher=uac
05-05 16:09:16.512  1965  2897 D LEMON   : Min-SE:600
05-05 16:09:16.512  1965  2897 D LEMON   : m:<sip:405872000010553@10.56.4.26:5070;yop=00.00.73162006.0000.7012>;+g.3gpp.icsi-ref="urn%%3Aurn-7%%3A3gpp-service.ims.icsi.mmtel";video;+sip.instance="<urn:gsma:imei:86543502-990110-0>"
05-05 16:09:16.512  1965  2897 D LEMON   : k:timer,tdialog
05-05 16:09:16.512  1965  2897 D LEMON   : Allow:ACK,BYE,CANCEL,INFO,INVITE,NOTIFY,OPTIONS,REFER
05-05 16:09:16.512  1965  2897 D LEMON   : Feature-Caps:*;+g.3gpp.srvcc;+g.3gpp.icsi-ref="urn%%3Aurn-7%%3A3gpp-service.ims.icsi.mmtel"
05-05 16:09:16.512  1965  2897 D LEMON   : P-Com.Nokia.B2BUA-Involved:no
05-05 16:09:16.512  1965  2897 D LEMON   : 
05-05 16:09:16.512  1965  2897 D LEMON   : 
05-05 16:09:16.513  1965  2897 D LEMON   : 16:09:16.513 SIP: INFO: module create tmr<0x118> [TIMER G] ok.
05-05 16:09:16.513  1965  2897 D LEMON   : 16:09:16.513 SIP: INFO: module create tmr<0x119> [TIMER H] ok.
05-05 16:09:16.513  1965  2897 D LEMON   : 16:09:16.513 SIP: INFO: module create tmr<0x11A> [TIMER I] ok.
05-05 16:09:16.513  1965  2897 D LEMON   : 16:09:16.513 SIP: INFO: module create tmr<0x11B> [TIMER L] ok.
05-05 16:09:16.514  1965  2897 D LEMON   : 16:09:16.513 SIP: INFO: module create tmr<0x11C> [TIMER C] ok.
05-05 16:09:16.514  1965  2897 D LEMON   : 16:09:16.514 SIP: INFO: trans @30008 process request <INVITE>.
05-05 16:09:16.514  1965  2897 D LEMON   : 16:09:16.514 SIP: INFO: module start tmr<0x11C> [TIMER C] <200000ms> ok.
05-05 16:09:16.514  1965  2897 D LEMON   : 16:09:16.514 ZOS: INFO: fsm(SIP_IST) trans@[196616] state <IDLE> run [RECV_INVITE] event ok.
05-05 16:09:16.514  1965  2897 D LEMON   : 16:09:16.514 ZOS: INFO: fsm(SIP_IST) trans@[196616] state <IDLE> to <PROCEEDING>.
05-05 16:09:16.514  1965  2897 D LEMON   : 16:09:16.514 SIP: INFO: dlg @30005 process request <INVITE>.
05-05 16:09:16.515  1965  2897 D LEMON   : SIP/2.0 100 Trying
05-05 16:09:16.515  1965  2897 D LEMON   : To: <sip:+917011021754@ims.mnc872.mcc405.3gppnetwork.org;user=phone>;tag=11lFQcHauy914+GKv.ektO7742
05-05 16:09:16.515  1965  2897 D LEMON   : From: <sip:+917011021774@ims.mnc872.mcc405.3gppnetwork.org;user=phone>;tag=A8B1Wd9A4Dai8jbf
05-05 16:09:16.515  1965  2897 D LEMON   : CSeq: 8 INVITE
05-05 16:09:16.515  1965  2897 D LEMON   : Call-ID: C009A6B34C0F7CE697615CE4@1270ffffffff
05-05 16:09:16.515  1965  2897 D LEMON   : Via: SIP/2.0/UDP [2405:200:330:1581::18]:5067;branch=z9hG4bK_IMSCL1550631.000_a0ab02073307e2cdd9b3e30daa867418;lskpmc=P72;received=2405:200:330:1581::18
05-05 16:09:16.515  1965  2897 D LEMON   : Content-Length: 0
05-05 16:09:16.515  1965  2897 D LEMON   : 
05-05 16:09:16.515  1965  2897 D LEMON   : 
05-05 16:09:16.515  1965  2897 D LEMON   : 16:09:16.515 UTPT: INFO: conn[0x4] send data[453] to [2405:200:330:1581::18:5067] ok.
05-05 16:09:16.517  1965  2138 D LEMON   : 16:09:16.517 ZOS: INFO: fsm(MTF_CALL) conn@[20] state <CONNECTED> run [SMM IND] event ok.
05-05 16:09:16.518  1965  2897 D LEMON   : 16:09:16.518 ZOS: INFO: fsm(SIP_IVT) dlg@[196613] state <CONFIRMED> run [RECV_INVITE] event ok.
05-05 16:09:16.518  1965  2897 D LEMON   : 16:09:16.518 ZOS: INFO: fsm(SIP_IVT) dlg@[196613] state <CONFIRMED> to <MODIFY IN>.
05-05 16:09:16.520  1965  2897 D LEMON   : 16:09:16.519 SIP: INFO: dlg @30005 process response <INVITE:200>.
05-05 16:09:16.520  1965  2897 D LEMON   : 16:09:16.520 SIP: INFO: module start tmr<0x91> [TIMER SEND_2XX] <2000ms> ok.
05-05 16:09:16.520  1965  2897 D LEMON   : 16:09:16.520 SIP: INFO: module start tmr<0x92> [TIMER STOP_2XX] <128000ms> ok.
05-05 16:09:16.520  1965  2897 D LEMON   : 16:09:16.520 ZOS: INFO: fsm(SIP_IVT) dlg@[196613] state <MODIFY IN> run [SMM_RSP] event ok.
05-05 16:09:16.520  1965  2897 D LEMON   : 16:09:16.520 ZOS: INFO: fsm(SIP_IVT) dlg@[196613] state <MODIFY IN> to <CONFIRMED>.
05-05 16:09:16.521  1965  2897 D LEMON   : 16:09:16.521 SIP: INFO: trans @30008 process response <INVITE:200>.
05-05 16:09:16.521  1965  2897 D LEMON   : 16:09:16.521 SIP: INFO: module stop tmr<0x11C> [TIMER C] ok.
05-05 16:09:16.522  1965  2897 D LEMON   : SIP/2.0 200 OK
05-05 16:09:16.522  1965  2897 D LEMON   : From: <sip:+917011021774@ims.mnc872.mcc405.3gppnetwork.org;user=phone>;tag=A8B1Wd9A4Dai8jbf
05-05 16:09:16.522  1965  2897 D LEMON   : To: <sip:+917011021754@ims.mnc872.mcc405.3gppnetwork.org;user=phone>;tag=11lFQcHauy914+GKv.ektO7742
05-05 16:09:16.522  1965  2897 D LEMON   : P-Access-Network-Info: IEEE-802.11;i-wlan-node-id=4045da87d2be
05-05 16:09:16.522  1965  2897 D LEMON   : Supported: 100rel,join,norefersub,replaces,timer
05-05 16:09:16.522  1965  2897 D LEMON   : Allow: INVITE,ACK,BYE,CANCEL,UPDATE,REGISTER,INFO,PRACK,SUBSCRIBE,NOTIFY,MESSAGE,REFER,PUBLISH
05-05 16:09:16.522  1965  2897 D LEMON   : Session-Expires: 1800;refresher=uac
05-05 16:09:16.522  1965  2897 D LEMON   : Min-SE: 600
05-05 16:09:16.522  1965  2897 D LEMON   : Require: timer
05-05 16:09:16.522  1965  2897 D LEMON   : Contact: <sip:405872000010534@[2405:204:1a03:45c7::2aa3:38ac]:5410>;+sip.instance="<urn:gsma:imei:86740002-034179-2>";+g.3gpp.icsi-ref="urn%%3Aurn-7%%3A3gpp-service.ims.icsi.mmtel";video
05-05 16:09:16.522  1965  2897 D LEMON   : Record-Route: <sip:[2405:200:330:1581::18]:5067;routing_id=pcscf_b_side;lskpmc=P72;lr>
05-05 16:09:16.522  1965  2897 D LEMON   : Call-ID: C009A6B34C0F7CE697615CE4@1270ffffffff
05-05 16:09:16.522  1965  2897 D LEMON   : CSeq: 8 INVITE
05-05 16:09:16.522  1965  2897 D LEMON   : Max-Forwards: 70
05-05 16:09:16.522  1965  2897 D LEMON   : Server: VoWIFI/WFC UA
05-05 16:09:16.522  1965  2897 D LEMON   : Record-Route: <sip:[2405:200:330:1581::18]:5067;routing_id=pcscf_b_side;lskpmc=P72;lr>
05-05 16:09:16.522  1965  2897 D LEMON   : Via: SIP/2.0/UDP [2405:200:330:1581::18]:5067;branch=z9hG4bK_IMSCL1550631.000_a0ab02073307e2cdd9b3e30daa867418;lskpmc=P72;received=2405:200:330:1581::18
05-05 16:09:16.522  1965  2897 D LEMON   : Content-Type: application/sdp
05-05 16:09:16.522  1965  2897 D LEMON   : Content-Length: 299
05-05 16:09:16.522  1965  2897 D LEMON   : 
05-05 16:09:16.522  1965  2897 D LEMON   : v=0
05-05 16:09:16.522  1965  2897 D LEMON   : o=405872000010534 987213414 987213431 IN IP6 2405:204:1a03:45c7::2aa3:38ac
05-05 16:09:16.522  1965  2897 D LEMON   : s=-
05-05 16:09:16.522  1965  2897 D LEMON   : c=IN IP6 2405:204:1a03:45c7::2aa3:38ac
05-05 16:09:16.522  1965  2897 D LEMON   : t=0 0
05-05 16:09:16.522  1965  2897 D LEMON   : m=audio 37088 RTP/AVP 104
05-05 16:09:16.522  1965  2897 D LEMON   : a=rtpmap:104 AMR-WB/16000
05-05 16:09:16.522  1965  2897 D LEMON   : a=fmtp:104 octet-align=1;mode-change-period=2;mode-change-capability=2
05-05 16:09:16.522  1965  2897 D LEMON   : a=ptime:20
05-05 16:09:16.522  1965  2897 D LEMON   : a=maxptime:240
05-05 16:09:16.522  1965  2897 D LEMON   : a=sendrecv
05-05 16:09:16.522  1965  2897 D LEMON   : 
05-05 16:09:16.523  1965  2897 D LEMON   : 16:09:16.523 UTPT: INFO: conn[0x4] send data[1460] to [2405:200:330:1581::18:5067] ok.
05-05 16:09:16.523  1965  2897 D LEMON   : 16:09:16.523 ZOS: INFO: fsm(SIP_IST) trans@[196616] state <PROCEEDING> run [SEND_2XX] event ok.
05-05 16:09:16.523  1965  2897 D LEMON   : 16:09:16.523 ZOS: INFO: fsm(SIP_IST) trans@[196616] state <PROCEEDING> to <TERMINATED>.
05-05 16:09:16.523  1965  2897 D LEMON   : 16:09:16.523 SIP: INFO: module delete tmr<0x118> [TIMER G] ok.
05-05 16:09:16.523  1965  2897 D LEMON   : 16:09:16.523 SIP: INFO: module delete tmr<0x119> [TIMER H] ok.
05-05 16:09:16.523  1965  2897 D LEMON   : 16:09:16.523 SIP: INFO: module delete tmr<0x11A> [TIMER I] ok.
05-05 16:09:16.524  1965  2897 D LEMON   : 16:09:16.524 SIP: INFO: module delete tmr<0x11B> [TIMER L] ok.
05-05 16:09:16.524  1965  2897 D LEMON   : 16:09:16.524 SIP: INFO: module delete tmr<0x11C> [TIMER C] ok.
05-05 16:09:17.052  1965  2141 D LEMON   : 16:09:17.052 UTPT: INFO: recv udp data(len:930) from [2405:200:330:1581::18:32920].
05-05 16:09:17.052  1965  2897 D LEMON   : ACK sip:405872000010534@[2405:204:1a03:45c7::2aa3:38ac]:5410 SIP/2.0
05-05 16:09:17.052  1965  2897 D LEMON   : v:SIP/2.0/UDP [2405:200:330:1581::18]:5067;branch=z9hG4bK_IMSCL1550631.000_a3703362c0eff5e77532f5e4cae15298;lskpmc=P72
05-05 16:09:17.052  1965  2897 D LEMON   : Record-Route:<sip:[2405:200:330:1581::18]:5067;routing_id=pcscf_b_side;lskpmc=P72;lr>
05-05 16:09:17.052  1965  2897 D LEMON   : l:309
05-05 16:09:17.052  1965  2897 D LEMON   : f:<sip:+917011021774@ims.mnc872.mcc405.3gppnetwork.org;user=phone>;tag=A8B1Wd9A4Dai8jbf
05-05 16:09:17.052  1965  2897 D LEMON   : t:<sip:+917011021754@ims.mnc872.mcc405.3gppnetwork.org;user=phone>;tag=11lFQcHauy914+GKv.ektO7742
05-05 16:09:17.052  1965  2897 D LEMON   : i:C009A6B34C0F7CE697615CE4@1270ffffffff
05-05 16:09:17.052  1965  2897 D LEMON   : CSeq:8 ACK
05-05 16:09:17.052  1965  2897 D LEMON   : Max-Forwards:61
05-05 16:09:17.052  1965  2897 D LEMON   : d:no-fork
05-05 16:09:17.052  1965  2897 D LEMON   : c:application/sdp
05-05 16:09:17.052  1965  2897 D LEMON   : Content-Disposition:session;handling=required
05-05 16:09:17.052  1965  2897 D LEMON   : 
05-05 16:09:17.052  1965  2897 D LEMON   : v=0
05-05 16:09:17.052  1965  2897 D LEMON   : o=+917011021774 0 12 IN IP6 ims.mnc872.mcc405.3gppnetwork.org
05-05 16:09:17.052  1965  2897 D LEMON   : s=-
05-05 16:09:17.052  1965  2897 D LEMON   : c=IN IP6 2405:200:330:1586::11
05-05 16:09:17.052  1965  2897 D LEMON   : b=AS:49
05-05 16:09:17.052  1965  2897 D LEMON   : t=0 0
05-05 16:09:17.052  1965  2897 D LEMON   : m=audio 21536 RTP/AVP 104
05-05 16:09:17.052  1965  2897 D LEMON   : b=AS:49
05-05 16:09:17.052  1965  2897 D LEMON   : b=RS:8000
05-05 16:09:17.052  1965  2897 D LEMON   : b=RR:6000
05-05 16:09:17.052  1965  2897 D LEMON   : a=rtpmap:104 AMR-WB/16000
05-05 16:09:17.052  1965  2897 D LEMON   : a=fmtp:104 octet-align=1; mode-change-capability=2; max-red=0
05-05 16:09:17.052  1965  2897 D LEMON   : a=ptime:20
05-05 16:09:17.052  1965  2897 D LEMON   : a=maxptime:240
05-05 16:09:17.052  1965  2897 D LEMON   : a=sendrecv
05-05 16:09:17.052  1965  2897 D LEMON   : 
05-05 16:09:17.053  1965  2897 D LEMON   : 16:09:17.053 SIP: INFO: dlg @30005 process request <ACK>.
05-05 16:09:17.053  1965  2897 D LEMON   : 16:09:17.053 SIP: INFO: module stop tmr<0x91> [TIMER SEND_2XX] ok.
05-05 16:09:17.053  1965  2897 D LEMON   : 16:09:17.053 SIP: INFO: module stop tmr<0x92> [TIMER STOP_2XX] ok.
05-05 16:09:17.056  1965  2897 D LEMON   : 16:09:17.056 ZOS: INFO: fsm(SIP_IVT) dlg@[196613] state <CONFIRMED> run [RECV_ACK] event ok.
05-05 16:09:17.060  1965  2138 D LEMON   : 16:09:17.060 ZOS: INFO: fsm(MTF_CALL) conn@[20] state <CONNECTED> run [SAM IND] event ok.
05-05 16:09:17.067  1965  1965 D LEMON   : 16:09:17.067 RSE: INFO: gui notify LeaveSessMdfyed.
05-05 16:09:17.691  1965  2897 D LEMON   : 16:09:17.690 SIP: INFO: dlg @30005 process request <INVITE>.
05-05 16:09:17.691  1965  2897 D LEMON   : 16:09:17.691 SIP: INFO: module create tmr<0x11D> [TIMER A] ok.
05-05 16:09:17.691  1965  2897 D LEMON   : 16:09:17.691 SIP: INFO: module create tmr<0x11E> [TIMER B] ok.
05-05 16:09:17.691  1965  2897 D LEMON   : 16:09:17.691 SIP: INFO: module create tmr<0x11F> [TIMER D] ok.
05-05 16:09:17.691  1965  2897 D LEMON   : 16:09:17.691 SIP: INFO: module create tmr<0x120> [TIMER WAIT_CONN] ok.
05-05 16:09:17.691  1965  2897 D LEMON   : 16:09:17.691 SIP: INFO: module create tmr<0x121> [TIMER C] ok.
05-05 16:09:17.692  1965  2897 D LEMON   : 16:09:17.692 ZOS: INFO: fsm(SIP_IVT) dlg@[196613] state <CONFIRMED> run [SMM_REQ] event ok.
05-05 16:09:17.692  1965  2897 D LEMON   : 16:09:17.692 ZOS: INFO: fsm(SIP_IVT) dlg@[196613] state <CONFIRMED> to <MODIFY OUT>.
05-05 16:09:17.692  1965  2897 D LEMON   : 16:09:17.692 SIP: INFO: trans @30007 process request <INVITE>.
05-05 16:09:17.695  1965  2138 D LEMON   : 16:09:17.694 ZOS: INFO: fsm(MTF_CALL) conn@[20] state <CONNECTED> run [USER HOLD] event ok.
05-05 16:09:17.695  1965  2138 D LEMON   : 16:09:17.695 ZOS: INFO: fsm(MTF_CALL) conn@[20] state <CONNECTED> to <MODIFYOUT>.
05-05 16:09:17.693  1965  2897 D LEMON   : INVITE sip:405872000010553@10.56.4.26:5070;yop=00.00.73162006.0000.7012 SIP/2.0
05-05 16:09:17.693  1965  2897 D LEMON   : From: <sip:+917011021754@ims.mnc872.mcc405.3gppnetwork.org;user=phone>;tag=11lFQcHauy914+GKv.ektO7742
05-05 16:09:17.693  1965  2897 D LEMON   : To: <sip:+917011021774@ims.mnc872.mcc405.3gppnetwork.org;user=phone>;tag=A8B1Wd9A4Dai8jbf
05-05 16:09:17.693  1965  2897 D LEMON   : Contact: <sip:405872000010534@[2405:204:1a03:45c7::2aa3:38ac]:5410>;+sip.instance="<urn:gsma:imei:86740002-034179-2>";+g.3gpp.icsi-ref="urn%%3Aurn-7%%3A3gpp-service.ims.icsi.mmtel";video
05-05 16:09:17.693  1965  2897 D LEMON   : Supported: 100rel,join,norefersub,replaces,timer,sec-agree
05-05 16:09:17.693  1965  2897 D LEMON   : Allow: INVITE,ACK,BYE,CANCEL,UPDATE,REGISTER,INFO,PRACK,SUBSCRIBE,NOTIFY,MESSAGE,REFER,PUBLISH
05-05 16:09:17.693  1965  2897 D LEMON   : Session-Expires: 1800
05-05 16:09:17.693  1965  2897 D LEMON   : Min-SE: 600
05-05 16:09:17.693  1965  2897 D LEMON   : P-Access-Network-Info: IEEE-802.11;i-wlan-node-id=4045da87d2be
05-05 16:09:17.693  1965  2897 D LEMON   : Proxy-Require: sec-agree
05-05 16:09:17.693  1965  2897 D LEMON   : Require: sec-agree
05-05 16:09:17.693  1965  2897 D LEMON   : Route: <sip:[2405:200:330:1581::18]:5067;routing_id=pcscf_b_side;lskpmc=P72;lr>
05-05 16:09:17.693  1965  2897 D LEMON   : Call-ID: C009A6B34C0F7CE697615CE4@1270ffffffff
05-05 16:09:17.693  1965  2897 D LEMON   : CSeq: 7 INVITE
05-05 16:09:17.693  1965  2897 D LEMON   : Max-Forwards: 70
05-05 16:09:17.693  1965  2897 D LEMON   : User-Agent: VoWIFI/WFC UA
05-05 16:09:17.693  1965  2897 D LEMON   : Via: SIP/2.0/UDP [2405:204:1a03:45c7::2aa3:38ac]:5410;branch=z9hG4bK21HkdiIsaas1RPNHVv.eeis8s4;rport
05-05 16:09:17.693  1965  2897 D LEMON   : Content-Type: application/sdp
05-05 16:09:17.693  1965  2897 D LEMON   : Content-Length: 327
05-05 16:09:17.693  1965  2897 D LEMON   : 
05-05 16:09:17.693  1965  2897 D LEMON   : v=0
05-05 16:09:17.693  1965  2897 D LEMON   : o=405872000010534 987213414 987213433 IN IP6 2405:204:1a03:45c7::2aa3:38ac
05-05 16:09:17.693  1965  2897 D LEMON   : s=-
05-05 16:09:17.693  1965  2897 D LEMON   : c=IN IP6 2405:204:1a03:45c7::2aa3:38ac
05-05 16:09:17.693  1965  2897 D LEMON   : t=0 0
05-05 16:09:17.693  1965  2897 D LEMON   : m=audio 37088 RTP/AVP 104 103
05-05 16:09:17.693  1965  2897 D LEMON   : a=rtpmap:104 AMR-WB/16000
05-05 16:09:17.693  1965  2897 D LEMON   : a=fmtp:104 octet-align=1
05-05 16:09:17.693  1965  2897 D LEMON   : a=rtpmap:103 AMR/8000
05-05 16:09:17.693  1965  2897 D LEMON   : a=fmtp:103 mode-set=0,1,2,3,4,5;octet-align=1
05-05 16:09:17.693  1965  2897 D LEMON   : a=ptime:20
05-05 16:09:17.693  1965  2897 D LEMON   : a=maxptime:400
05-05 16:09:17.693  1965  2897 D LEMON   : a=sendonly
05-05 16:09:17.693  1965  2897 D LEMON   : 
05-05 16:09:17.696  1965  2897 D LEMON   : 16:09:17.696 UTPT: INFO: conn[0x4] send data[1436] to [2405:200:330:1581::18:5067] ok.
05-05 16:09:17.696  1965  2897 D LEMON   : 16:09:17.696 SIP: INFO: module start tmr<0x11D> [TIMER A] <2000ms> ok.
05-05 16:09:17.696  1965  2897 D LEMON   : 16:09:17.696 SIP: INFO: module start tmr<0x11E> [TIMER B] <128000ms> ok.
05-05 16:09:17.697  1965  2897 D LEMON   : 16:09:17.697 SIP: INFO: module start tmr<0x121> [TIMER C] <200000ms> ok.
05-05 16:09:17.697  1965  2897 D LEMON   : 16:09:17.697 ZOS: INFO: fsm(SIP_ICT) trans@[196615] state <IDLE> run [SEND_INVITE] event ok.
05-05 16:09:17.697  1965  2897 D LEMON   : 16:09:17.697 ZOS: INFO: fsm(SIP_ICT) trans@[196615] state <IDLE> to <CALLING>.
05-05 16:09:19.690  1965  2897 D LEMON   : 16:09:19.690 SIP: INFO: core timer process trans event tmr<0x11D> [TIMER A].
05-05 16:09:19.691  1965  2897 D LEMON   : INVITE sip:405872000010553@10.56.4.26:5070;yop=00.00.73162006.0000.7012 SIP/2.0
05-05 16:09:19.691  1965  2897 D LEMON   : From: <sip:+917011021754@ims.mnc872.mcc405.3gppnetwork.org;user=phone>;tag=11lFQcHauy914+GKv.ektO7742
05-05 16:09:19.691  1965  2897 D LEMON   : To: <sip:+917011021774@ims.mnc872.mcc405.3gppnetwork.org;user=phone>;tag=A8B1Wd9A4Dai8jbf
05-05 16:09:19.691  1965  2897 D LEMON   : Contact: <sip:405872000010534@[2405:204:1a03:45c7::2aa3:38ac]:5410>;+sip.instance="<urn:gsma:imei:86740002-034179-2>";+g.3gpp.icsi-ref="urn%%3Aurn-7%%3A3gpp-service.ims.icsi.mmtel";video
05-05 16:09:19.691  1965  2897 D LEMON   : Supported: 100rel,join,norefersub,replaces,timer,sec-agree
05-05 16:09:19.691  1965  2897 D LEMON   : Allow: INVITE,ACK,BYE,CANCEL,UPDATE,REGISTER,INFO,PRACK,SUBSCRIBE,NOTIFY,MESSAGE,REFER,PUBLISH
05-05 16:09:19.691  1965  2897 D LEMON   : Session-Expires: 1800
05-05 16:09:19.691  1965  2897 D LEMON   : Min-SE: 600
05-05 16:09:19.691  1965  2897 D LEMON   : P-Access-Network-Info: IEEE-802.11;i-wlan-node-id=4045da87d2be
05-05 16:09:19.691  1965  2897 D LEMON   : Proxy-Require: sec-agree
05-05 16:09:19.691  1965  2897 D LEMON   : Require: sec-agree
05-05 16:09:19.691  1965  2897 D LEMON   : Route: <sip:[2405:200:330:1581::18]:5067;routing_id=pcscf_b_side;lskpmc=P72;lr>
05-05 16:09:19.691  1965  2897 D LEMON   : Call-ID: C009A6B34C0F7CE697615CE4@1270ffffffff
05-05 16:09:19.691  1965  2897 D LEMON   : CSeq: 7 INVITE
05-05 16:09:19.691  1965  2897 D LEMON   : Max-Forwards: 70
05-05 16:09:19.691  1965  2897 D LEMON   : User-Agent: VoWIFI/WFC UA
05-05 16:09:19.691  1965  2897 D LEMON   : Via: SIP/2.0/UDP [2405:204:1a03:45c7::2aa3:38ac]:5410;branch=z9hG4bK21HkdiIsaas1RPNHVv.eeis8s4;rport
05-05 16:09:19.691  1965  2897 D LEMON   : Content-Type: application/sdp
05-05 16:09:19.691  1965  2897 D LEMON   : Content-Length: 327
05-05 16:09:19.691  1965  2897 D LEMON   : 
05-05 16:09:19.691  1965  2897 D LEMON   : v=0
05-05 16:09:19.691  1965  2897 D LEMON   : o=405872000010534 987213414 987213433 IN IP6 2405:204:1a03:45c7::2aa3:38ac
05-05 16:09:19.691  1965  2897 D LEMON   : s=-
05-05 16:09:19.691  1965  2897 D LEMON   : c=IN IP6 2405:204:1a03:45c7::2aa3:38ac
05-05 16:09:19.691  1965  2897 D LEMON   : t=0 0
05-05 16:09:19.691  1965  2897 D LEMON   : m=audio 37088 RTP/AVP 104 103
05-05 16:09:19.691  1965  2897 D LEMON   : a=rtpmap:104 AMR-WB/16000
05-05 16:09:19.691  1965  2897 D LEMON   : a=fmtp:104 octet-align=1
05-05 16:09:19.691  1965  2897 D LEMON   : a=rtpmap:103 AMR/8000
05-05 16:09:19.691  1965  2897 D LEMON   : a=fmtp:103 mode-set=0,1,2,3,4,5;octet-align=1
05-05 16:09:19.691  1965  2897 D LEMON   : a=ptime:20
05-05 16:09:19.691  1965  2897 D LEMON   : a=maxptime:400
05-05 16:09:19.691  1965  2897 D LEMON   : a=sendonly
05-05 16:09:19.691  1965  2897 D LEMON   : 
05-05 16:09:19.692  1965  2897 D LEMON   : 16:09:19.692 UTPT: INFO: conn[0x4] send data[1436] to [2405:200:330:1581::18:5067] ok.
05-05 16:09:19.692  1965  2897 D LEMON   : 16:09:19.692 SIP: INFO: module start tmr<0x11D> [TIMER A] <4000ms> ok.
05-05 16:09:19.692  1965  2897 D LEMON   : 16:09:19.692 ZOS: INFO: fsm(SIP_ICT) trans@[196615] state <CALLING> run [TM_TA] event ok.
05-05 16:09:19.737  1965  2141 D LEMON   : 16:09:19.737 UTPT: INFO: recv udp data(len:415) from [2405:200:330:1581::18:32920].
05-05 16:09:19.738  1965  2897 D LEMON   : SIP/2.0 100 Trying
05-05 16:09:19.738  1965  2897 D LEMON   : f:<sip:+917011021754@ims.mnc872.mcc405.3gppnetwork.org;user=phone>;tag=11lFQcHauy914+GKv.ektO7742
05-05 16:09:19.738  1965  2897 D LEMON   : t:<sip:+917011021774@ims.mnc872.mcc405.3gppnetwork.org;user=phone>;tag=A8B1Wd9A4Dai8jbf
05-05 16:09:19.738  1965  2897 D LEMON   : i:C009A6B34C0F7CE697615CE4@1270ffffffff
05-05 16:09:19.738  1965  2897 D LEMON   : CSeq:7 INVITE
05-05 16:09:19.738  1965  2897 D LEMON   : v:SIP/2.0/UDP [2405:204:1a03:45c7::2aa3:38ac]:5410;branch=z9hG4bK21HkdiIsaas1RPNHVv.eeis8s4;rport=35391;received=2405:204:1a03:45c7::2aa3:38ac
05-05 16:09:19.738  1965  2897 D LEMON   : l:0
05-05 16:09:19.738  1965  2897 D LEMON   : 
05-05 16:09:19.738  1965  2897 D LEMON   : 
05-05 16:09:19.739  1965  2897 D LEMON   : 16:09:19.739 SIP: INFO: trans @30007 process response <INVITE:100>.
05-05 16:09:19.739  1965  2897 D LEMON   : 16:09:19.739 SIP: INFO: module stop tmr<0x11D> [TIMER A] ok.
05-05 16:09:19.739  1965  2897 D LEMON   : 16:09:19.739 SIP: INFO: module stop tmr<0x11E> [TIMER B] ok.
05-05 16:09:19.739  1965  2897 D LEMON   : 16:09:19.739 SIP: INFO: module stop tmr<0x121> [TIMER C] ok.
05-05 16:09:19.740  1965  2897 D LEMON   : 16:09:19.739 SIP: INFO: module start tmr<0x121> [TIMER C] <200000ms> ok.
05-05 16:09:19.740  1965  2897 D LEMON   : 16:09:19.740 ZOS: INFO: fsm(SIP_ICT) trans@[196615] state <CALLING> run [RECV_1XX] event ok.
05-05 16:09:19.740  1965  2897 D LEMON   : 16:09:19.740 ZOS: INFO: fsm(SIP_ICT) trans@[196615] state <CALLING> to <PROCEEDING>.
05-05 16:09:19.740  1965  2897 D LEMON   : 16:09:19.740 SIP: INFO: dlg @30005 process response <INVITE:100>.
05-05 16:09:19.740  1965  2897 D LEMON   : 16:09:19.740 ZOS: INFO: fsm(SIP_IVT) dlg@[196613] state <MODIFY OUT> run [RECV_1XX] event ok.
05-05 16:09:20.468  1965  2141 D LEMON   : 16:09:20.468 UTPT: INFO: recv udp data(len:1312) from [2405:200:330:1581::18:32920].
05-05 16:09:20.470  1965  2897 D LEMON   : SIP/2.0 200 OK
05-05 16:09:20.470  1965  2897 D LEMON   : l:309
05-05 16:09:20.470  1965  2897 D LEMON   : f:<sip:+917011021754@ims.mnc872.mcc405.3gppnetwork.org;user=phone>;tag=11lFQcHauy914+GKv.ektO7742
05-05 16:09:20.470  1965  2897 D LEMON   : t:<sip:+917011021774@ims.mnc872.mcc405.3gppnetwork.org;user=phone>;tag=A8B1Wd9A4Dai8jbf
05-05 16:09:20.470  1965  2897 D LEMON   : v:SIP/2.0/UDP [2405:204:1a03:45c7::2aa3:38ac]:5410;branch=z9hG4bK21HkdiIsaas1RPNHVv.eeis8s4;rport=35391;received=2405:204:1a03:45c7::2aa3:38ac
05-05 16:09:20.470  1965  2897 D LEMON   : i:C009A6B34C0F7CE697615CE4@1270ffffffff
05-05 16:09:20.470  1965  2897 D LEMON   : CSeq:7 INVITE
05-05 16:09:20.470  1965  2897 D LEMON   : Record-Route:<sip:[2405:200:330:1581::18]:5067;routing_id=pcscf_b_side;lskpmc=P72;lr>
05-05 16:09:20.470  1965  2897 D LEMON   : x:1800;refresher=uas
05-05 16:09:20.470  1965  2897 D LEMON   : m:<sip:405872000010553@10.56.4.26:5070;yop=00.00.73162006.0000.7012>;+g.3gpp.icsi-ref="urn%%3Aurn-7%%3A3gpp-service.ims.icsi.mmtel";video;+sip.instance="<urn:gsma:imei:86543502-990110-0>"
05-05 16:09:20.470  1965  2897 D LEMON   : Require:timer
05-05 16:09:20.470  1965  2897 D LEMON   : k:100rel,timer,histinfo,eventlist,norefersub,tdialog
05-05 16:09:20.470  1965  2897 D LEMON   : Allow:ACK,BYE,CANCEL,INFO,INVITE,NOTIFY,OPTIONS,PRACK,REFER,UPDATE
05-05 16:09:20.470  1965  2897 D LEMON   : Feature-Caps:*;+g.3gpp.srvcc;+g.3gpp.icsi-ref="urn%%3Aurn-7%%3A3gpp-service.ims.icsi.mmtel"
05-05 16:09:20.470  1965  2897 D LEMON   : c:application/sdp
05-05 16:09:20.470  1965  2897 D LEMON   : Content-Disposition:session;handling=required
05-05 16:09:20.470  1965  2897 D LEMON   : 
05-05 16:09:20.470  1965  2897 D LEMON   : v=0
05-05 16:09:20.470  1965  2897 D LEMON   : o=+917011021774 0 13 IN IP6 ims.mnc872.mcc405.3gppnetwork.org
05-05 16:09:20.470  1965  2897 D LEMON   : s=-
05-05 16:09:20.470  1965  2897 D LEMON   : c=IN IP6 2405:200:330:1586::11
05-05 16:09:20.470  1965  2897 D LEMON   : b=AS:49
05-05 16:09:20.470  1965  2897 D LEMON   : t=0 0
05-05 16:09:20.470  1965  2897 D LEMON   : m=audio 21536 RTP/AVP 104
05-05 16:09:20.470  1965  2897 D LEMON   : b=AS:49
05-05 16:09:20.470  1965  2897 D LEMON   : b=RS:8000
05-05 16:09:20.470  1965  2897 D LEMON   : b=RR:6000
05-05 16:09:20.470  1965  2897 D LEMON   : a=rtpmap:104 AMR-WB/16000
05-05 16:09:20.470  1965  2897 D LEMON   : a=fmtp:104 octet-align=1; mode-change-capability=2; max-red=0
05-05 16:09:20.470  1965  2897 D LEMON   : a=ptime:20
05-05 16:09:20.470  1965  2897 D LEMON   : a=maxptime:240
05-05 16:09:20.470  1965  2897 D LEMON   : a=recvonly
05-05 16:09:20.470  1965  2897 D LEMON   : 
05-05 16:09:20.471  1965  2897 D LEMON   : 16:09:20.471 SIP: INFO: trans @30007 process response <INVITE:200>.
05-05 16:09:20.471  1965  2897 D LEMON   : 16:09:20.471 SIP: INFO: module stop tmr<0x121> [TIMER C] ok.
05-05 16:09:20.471  1965  2897 D LEMON   : 16:09:20.471 ZOS: INFO: fsm(SIP_ICT) trans@[196615] state <PROCEEDING> run [RECV_2XX] event ok.
05-05 16:09:20.471  1965  2897 D LEMON   : 16:09:20.471 ZOS: INFO: fsm(SIP_ICT) trans@[196615] state <PROCEEDING> to <TERMINATED>.
05-05 16:09:20.472  1965  2897 D LEMON   : 16:09:20.472 SIP: INFO: dlg @30005 process response <INVITE:200>.
05-05 16:09:20.472  1965  2897 D LEMON   : 16:09:20.472 SIP: INFO: module start tmr<0x90> [TIMER WAIT_SAM] <128000ms> ok.
05-05 16:09:20.477  1965  2897 D LEMON   : 16:09:20.477 ZOS: INFO: fsm(SIP_IVT) dlg@[196613] state <MODIFY OUT> run [RECV_2XX] event ok.
05-05 16:09:20.477  1965  2897 D LEMON   : 16:09:20.477 ZOS: INFO: fsm(SIP_IVT) dlg@[196613] state <MODIFY OUT> to <CONFIRMED>.
05-05 16:09:20.477  1965  2897 D LEMON   : 16:09:20.477 SIP: INFO: module delete tmr<0x11D> [TIMER A] ok.
05-05 16:09:20.477  1965  2897 D LEMON   : 16:09:20.477 SIP: INFO: module delete tmr<0x11E> [TIMER B] ok.
05-05 16:09:20.477  1965  2897 D LEMON   : 16:09:20.477 SIP: INFO: module delete tmr<0x11F> [TIMER D] ok.
05-05 16:09:20.478  1965  2897 D LEMON   : 16:09:20.478 SIP: INFO: module delete tmr<0x120> [TIMER WAIT_CONN] ok.
05-05 16:09:20.478  1965  2897 D LEMON   : 16:09:20.478 SIP: INFO: module delete tmr<0x121> [TIMER C] ok.
05-05 16:09:20.478  1965  2138 D LEMON   : 16:09:20.478 ZOS: INFO: fsm(MTF_CALL) conn@[20] state <MODIFYOUT> run [SMM CNF] event ok.
05-05 16:09:20.479  1965  2138 D LEMON   : 16:09:20.478 ZOS: INFO: fsm(MTF_CALL) conn@[20] state <MODIFYOUT> to <CONNECTED>.
05-05 16:09:20.480  1965  2897 D LEMON   : 16:09:20.480 SIP: INFO: dlg @30005 process request <ACK>.
05-05 16:09:20.482  1965  2897 D LEMON   : ACK sip:405872000010553@10.56.4.26:5070;yop=00.00.73162006.0000.7012 SIP/2.0
05-05 16:09:20.482  1965  2897 D LEMON   : From: <sip:+917011021754@ims.mnc872.mcc405.3gppnetwork.org;user=phone>;tag=11lFQcHauy914+GKv.ektO7742
05-05 16:09:20.482  1965  2897 D LEMON   : To: <sip:+917011021774@ims.mnc872.mcc405.3gppnetwork.org;user=phone>;tag=A8B1Wd9A4Dai8jbf
05-05 16:09:20.482  1965  2897 D LEMON   : Contact: <sip:405872000010534@[2405:204:1a03:45c7::2aa3:38ac]:5410>;+sip.instance="<urn:gsma:imei:86740002-034179-2>";+g.3gpp.icsi-ref="urn%%3Aurn-7%%3A3gpp-service.ims.icsi.mmtel";video
05-05 16:09:20.482  1965  2897 D LEMON   : P-Access-Network-Info: IEEE-802.11;i-wlan-node-id=4045da87d2be
05-05 16:09:20.482  1965  2897 D LEMON   : Proxy-Require: sec-agree
05-05 16:09:20.482  1965  2897 D LEMON   : Require: sec-agree
05-05 16:09:20.482  1965  2897 D LEMON   : Supported: sec-agree
05-05 16:09:20.482  1965  2897 D LEMON   : Route: <sip:[2405:200:330:1581::18]:5067;routing_id=pcscf_b_side;lskpmc=P72;lr>
