04-17 23:33:56.712  1681  1826 D LEMON   : 23:33:56.711 ZOS: INFO: fsm(MTF_CALL) conn@[17] state <MODIFYIN> to <CONNECTED>.
04-17 23:33:56.714  1681  1681 D LEMON   : 23:33:56.714 RSE: INFO: gui notify LeaveSessAddVideoOk.
04-17 23:33:58.852  1681  2968 D LEMON   : 23:33:58.852 UTPT: INFO: conn[0x4] send data[4] to [10.56.5.85:5067] ok.
04-17 23:34:11.218  1681  1826 D LEMON   : 23:34:11.218 ZOS: INFO: fsm(MTF_CALL) conn@[17] state <CONNECTED> run [USER HOLD] event ok.
04-17 23:34:11.218  1681  1826 D LEMON   : 23:34:11.218 ZOS: INFO: fsm(MTF_CALL) conn@[17] state <CONNECTED> to <MODIFYOUT>.
04-17 23:34:11.219  1681  2968 D LEMON   : 23:34:11.219 SIP: INFO: dlg @20005 process request <INVITE>.
04-17 23:34:11.219  1681  2968 D LEMON   : 23:34:11.219 SIP: INFO: module create tmr<0x51> [TIMER A] ok.
04-17 23:34:11.219  1681  2968 D LEMON   : 23:34:11.219 SIP: INFO: module create tmr<0x52> [TIMER B] ok.
04-17 23:34:11.220  1681  2968 D LEMON   : 23:34:11.219 SIP: INFO: module create tmr<0x53> [TIMER D] ok.
04-17 23:34:11.220  1681  2968 D LEMON   : 23:34:11.220 SIP: INFO: module create tmr<0x54> [TIMER WAIT_CONN] ok.
04-17 23:34:11.220  1681  2968 D LEMON   : 23:34:11.220 SIP: INFO: module create tmr<0x55> [TIMER C] ok.
04-17 23:34:11.220  1681  2968 D LEMON   : 23:34:11.220 ZOS: INFO: fsm(SIP_IVT) dlg@[131077] state <CONFIRMED> run [SMM_REQ] event ok.
04-17 23:34:11.220  1681  2968 D LEMON   : 23:34:11.220 ZOS: INFO: fsm(SIP_IVT) dlg@[131077] state <CONFIRMED> to <MODIFY OUT>.
04-17 23:34:11.220  1681  2968 D LEMON   : 23:34:11.220 SIP: INFO: trans @10006 process request <INVITE>.
04-17 23:34:11.224  1681  2968 D LEMON   : INVITE sip:405872000010425@10.56.4.26:5070;yop=00.00.73162006.0000.7013 SIP/2.0
04-17 23:34:11.224  1681  2968 D LEMON   : From: <sip:+917011021568@ims.mnc872.mcc405.3gppnetwork.org;user=phone>;tag=219tijG1c0EL7JRoKE6ePn_LE3
04-17 23:34:11.224  1681  2968 D LEMON   : To: <sip:+917011021641@ims.mnc872.mcc405.3gppnetwork.org;user=phone>;tag=a01UdedjZABbZbdW
04-17 23:34:11.224  1681  2968 D LEMON   : Contact: <sip:405872000010353@100.80.131.52:5503>;+sip.instance="<urn:gsma:imei:86740002-050381-3>";+g.3gpp.icsi-ref="urn%%3Aurn-7%%3A3gpp-service.ims.icsi.mmtel";video
04-17 23:34:11.224  1681  2968 D LEMON   : Supported: 100rel,join,norefersub,replaces,timer,sec-agree
04-17 23:34:11.224  1681  2968 D LEMON   : Allow: INVITE,ACK,BYE,CANCEL,UPDATE,REGISTER,INFO,PRACK,SUBSCRIBE,NOTIFY,MESSAGE,REFER,PUBLISH
04-17 23:34:11.224  1681  2968 D LEMON   : Session-Expires: 1800
04-17 23:34:11.224  1681  2968 D LEMON   : Min-SE: 600
04-17 23:34:11.224  1681  2968 D LEMON   : Proxy-Require: sec-agree
04-17 23:34:11.224  1681  2968 D LEMON   : Require: sec-agree
04-17 23:34:11.224  1681  2968 D LEMON   : Route: <sip:10.56.5.85:5067;routing_id=pcscf_b_side;lskpmc=P97;lr>,<sip:dl1scfx0202mw.ims.mnc872.mcc405.3gppnetwork.org:5090;lr;interface=isc;lskpmc=S97;reg-id=971460903928823043;routing_id=7f4f5015b98f93c74be1a801e380a188>,<sip:AAQACE71wAAD/AAAAuAAAfYUK@10.56.4.26:5070;yop=00.00.73162006.0000.7013;lr>
04-17 23:34:11.224  1681  2968 D LEMON   : Call-ID: CAAF438FE7D8F8B0D054DD5B@1370ffffffff
04-17 23:34:11.224  1681  2968 D LEMON   : CSeq: 1 INVITE
04-17 23:34:11.224  1681  2968 D LEMON   : Max-Forwards: 70
04-17 23:34:11.224  1681  2968 D LEMON   : User-Agent: VoWIFI/WFC UA
04-17 23:34:11.224  1681  2968 D LEMON   : Via: SIP/2.0/UDP 100.80.131.52:5503;branch=z9hG4bK321CqGxqrc0EL7JRoKE6ePn_LF;rport
04-17 23:34:11.224  1681  2968 D LEMON   : Content-Type: application/sdp
04-17 23:34:11.224  1681  2968 D LEMON   : Content-Length: 603
04-17 23:34:11.224  1681  2968 D LEMON   : 
04-17 23:34:11.224  1681  2968 D LEMON   : v=0
04-17 23:34:11.224  1681  2968 D LEMON   : o=405872000010353 4258686320 4258686327 IN IP4 100.80.131.52
04-17 23:34:11.224  1681  2968 D LEMON   : s=-
04-17 23:34:11.224  1681  2968 D LEMON   : c=IN IP4 100.80.131.52
04-17 23:34:11.224  1681  2968 D LEMON   : t=0 0
04-17 23:34:11.224  1681  2968 D LEMON   : m=audio 37090 RTP/AVP 104 103
04-17 23:34:11.224  1681  2968 D LEMON   : a=rtpmap:104 AMR-WB/16000
04-17 23:34:11.224  1681  2968 D LEMON   : a=fmtp:104 octet-align=1
04-17 23:34:11.224  1681  2968 D LEMON   : a=rtpmap:103 AMR/8000
04-17 23:34:11.224  1681  2968 D LEMON   : a=fmtp:103 mode-set=0,1,2,3,4,5;octet-align=1
04-17 23:34:11.224  1681  2968 D LEMON   : a=ptime:20
04-17 23:34:11.224  1681  2968 D LEMON   : a=maxptime:400
04-17 23:34:11.224  1681  2968 D LEMON   : a=sendonly
04-17 23:34:11.224  1681  2968 D LEMON   : m=video 37184 RTP/AVPF 121
04-17 23:34:11.224  1681  2968 D LEMON   : a=rtpmap:121 H264/90000
04-17 23:34:11.224  1681  2968 D LEMON   : a=fmtp:121 profile-level-id=42C00C; packetization-mode=1; sprop-parameter-sets=Z0LAKekHhSQCwiEagA==,aM48gA==
04-17 23:34:11.224  1681  2968 D LEMON   : a=rtcp-fb:121 nack
04-17 23:34:11.224  1681  2968 D LEMON   : a=rtcp-fb:121 nack pli
04-17 23:34:11.224  1681  2968 D LEMON   : a=rtcp-fb:121 ccm tmmbr
04-17 23:34:11.224  1681  2968 D LEMON   : a=rtcp-fb:121 ccm fir
04-17 23:34:11.224  1681  2968 D LEMON   : a=extmap:1 urn:3gpp:video-orientation
04-17 23:34:11.224  1681  2968 D LEMON   : a=sendonly
04-17 23:34:11.224  1681  2968 D LEMON   : 
04-17 23:34:11.232  1681  2968 D LEMON   : 23:34:11.232 UTPT: INFO: conn[0x4] send data[1836] to [10.56.5.85:5067] ok.
04-17 23:34:11.232  1681  2968 D LEMON   : 23:34:11.232 SIP: INFO: module start tmr<0x51> [TIMER A] <2000ms> ok.
04-17 23:34:11.232  1681  2968 D LEMON   : 23:34:11.232 SIP: INFO: module start tmr<0x52> [TIMER B] <128000ms> ok.
04-17 23:34:11.232  1681  2968 D LEMON   : 23:34:11.232 SIP: INFO: module start tmr<0x55> [TIMER C] <200000ms> ok.
04-17 23:34:11.232  1681  2968 D LEMON   : 23:34:11.232 ZOS: INFO: fsm(SIP_ICT) trans@[65542] state <IDLE> run [SEND_INVITE] event ok.
04-17 23:34:11.233  1681  2968 D LEMON   : 23:34:11.232 ZOS: INFO: fsm(SIP_ICT) trans@[65542] state <IDLE> to <CALLING>.
04-17 23:34:11.722  1681  1833 D LEMON   : 23:34:11.722 UTPT: INFO: recv udp data(len:381) from [10.56.5.85:32920].
04-17 23:34:11.723  1681  2968 D LEMON   : SIP/2.0 100 Trying
04-17 23:34:11.723  1681  2968 D LEMON   : f:<sip:+917011021568@ims.mnc872.mcc405.3gppnetwork.org;user=phone>;tag=219tijG1c0EL7JRoKE6ePn_LE3
04-17 23:34:11.723  1681  2968 D LEMON   : t:<sip:+917011021641@ims.mnc872.mcc405.3gppnetwork.org;user=phone>;tag=a01UdedjZABbZbdW
04-17 23:34:11.723  1681  2968 D LEMON   : i:CAAF438FE7D8F8B0D054DD5B@1370ffffffff
04-17 23:34:11.723  1681  2968 D LEMON   : CSeq:1 INVITE
04-17 23:34:11.723  1681  2968 D LEMON   : v:SIP/2.0/UDP 100.80.131.52:5503;branch=z9hG4bK321CqGxqrc0EL7JRoKE6ePn_LF;rport=33245;received=100.80.131.52
04-17 23:34:11.723  1681  2968 D LEMON   : l:0
04-17 23:34:11.723  1681  2968 D LEMON   : 
04-17 23:34:11.723  1681  2968 D LEMON   : 
04-17 23:34:11.723  1681  2968 D LEMON   : 23:34:11.723 SIP: INFO: trans @10006 process response <INVITE:100>.
04-17 23:34:11.723  1681  2968 D LEMON   : 23:34:11.723 SIP: INFO: module stop tmr<0x51> [TIMER A] ok.
04-17 23:34:11.723  1681  2968 D LEMON   : 23:34:11.723 SIP: INFO: module stop tmr<0x52> [TIMER B] ok.
04-17 23:34:11.723  1681  2968 D LEMON   : 23:34:11.723 SIP: INFO: module stop tmr<0x55> [TIMER C] ok.
04-17 23:34:11.723  1681  2968 D LEMON   : 23:34:11.723 SIP: INFO: module start tmr<0x55> [TIMER C] <200000ms> ok.
04-17 23:34:11.723  1681  2968 D LEMON   : 23:34:11.723 ZOS: INFO: fsm(SIP_ICT) trans@[65542] state <CALLING> run [RECV_1XX] event ok.
04-17 23:34:11.723  1681  2968 D LEMON   : 23:34:11.723 ZOS: INFO: fsm(SIP_ICT) trans@[65542] state <CALLING> to <PROCEEDING>.
04-17 23:34:11.724  1681  2968 D LEMON   : 23:34:11.724 SIP: INFO: dlg @20005 process response <INVITE:100>.
04-17 23:34:11.724  1681  2968 D LEMON   : 23:34:11.724 ZOS: INFO: fsm(SIP_IVT) dlg@[131077] state <MODIFY OUT> run [RECV_1XX] event ok.
04-17 23:34:18.983  1681  1833 D LEMON   : 23:34:18.983 UTPT: INFO: recv udp data(len:1804) from [10.56.5.85:32920].
04-17 23:34:18.984  1681  2968 D LEMON   : SIP/2.0 200 OK
04-17 23:34:18.984  1681  2968 D LEMON   : l:575
04-17 23:34:18.984  1681  2968 D LEMON   : f:<sip:+917011021568@ims.mnc872.mcc405.3gppnetwork.org;user=phone>;tag=219tijG1c0EL7JRoKE6ePn_LE3
04-17 23:34:18.984  1681  2968 D LEMON   : t:<sip:+917011021641@ims.mnc872.mcc405.3gppnetwork.org;user=phone>;tag=a01UdedjZABbZbdW
04-17 23:34:18.984  1681  2968 D LEMON   : v:SIP/2.0/UDP 100.80.131.52:5503;branch=z9hG4bK321CqGxqrc0EL7JRoKE6ePn_LF;rport=33245;received=100.80.131.52
04-17 23:34:18.984  1681  2968 D LEMON   : i:CAAF438FE7D8F8B0D054DD5B@1370ffffffff
04-17 23:34:18.984  1681  2968 D LEMON   : CSeq:1 INVITE
04-17 23:34:18.984  1681  2968 D LEMON   : Record-Route:<sip:AAQACE71wAAD/AAAAuAAAfYUK@10.56.4.26:5070;yop=00.00.73162006.0000.7013;lr>,<sip:dl1scfx0202mw.ims.mnc872.mcc405.3gppnetwork.org:5090;lr;interface=isc;lskpmc=S97;reg-id=971460903928823043;routing_id=7f4f5015b98f93c74be1a801e380a188>,<sip:10.56.5.85:5067;routing_id=pcscf_b_side;lskpmc=P97;lr>
04-17 23:34:18.984  1681  2968 D LEMON   : x:1800;refresher=uas
04-17 23:34:18.984  1681  2968 D LEMON   : m:<sip:405872000010425@10.56.4.26:5070;yop=00.00.73162006.0000.7013>;+g.3gpp.icsi-ref="urn%%3Aurn-7%%3A3gpp-service.ims.icsi.mmtel";video;+sip.instance="<urn:gsma:imei:86740002-050413-0>"
04-17 23:34:18.984  1681  2968 D LEMON   : Require:timer
04-17 23:34:18.984  1681  2968 D LEMON   : k:100rel,join,replaces,timer,histinfo,eventlist,norefersub,tdialog
04-17 23:34:18.984  1681  2968 D LEMON   : Allow:ACK,BYE,CANCEL,INFO,INVITE,NOTIFY,OPTIONS,PRACK,REFER,UPDATE
04-17 23:34:18.984  1681  2968 D LEMON   : Feature-Caps:*;+g.3gpp.srvcc;+g.3gpp.icsi-ref="urn%%3Aurn-7%%3A3gpp-service.ims.icsi.mmtel"
04-17 23:34:18.984  1681  2968 D LEMON   : c:application/sdp
04-17 23:34:18.984  1681  2968 D LEMON   : Content-Disposition:session;handling=required
04-17 23:34:18.984  1681  2968 D LEMON   : Server:VoWIFI/WFC UA
04-17 23:34:18.984  1681  2968 D LEMON   : 
04-17 23:34:18.984  1681  2968 D LEMON   : v=0
04-17 23:34:18.984  1681  2968 D LEMON   : o=405872000010425 0 6 IN IP4 ims.mnc872.mcc405.3gppnetwork.org
04-17 23:34:18.984  1681  2968 D LEMON   : s=-
04-17 23:34:18.984  1681  2968 D LEMON   : c=IN IP4 10.56.5.5
04-17 23:34:18.984  1681  2968 D LEMON   : t=0 0
04-17 23:34:18.984  1681  2968 D LEMON   : m=audio 50792 RTP/AVP 104
04-17 23:34:18.984  1681  2968 D LEMON   : a=rtpmap:104 AMR-WB/16000
04-17 23:34:18.984  1681  2968 D LEMON   : a=fmtp:104 octet-align=1; mode-change-period=2; mode-change-capability=2
04-17 23:34:18.984  1681  2968 D LEMON   : a=ptime:20
04-17 23:34:18.984  1681  2968 D LEMON   : a=maxptime:144
04-17 23:34:18.984  1681  2968 D LEMON   : a=recvonly
04-17 23:34:18.984  1681  2968 D LEMON   : m=video 50968 RTP/AVPF 121
04-17 23:34:18.984  1681  2968 D LEMON   : a=rtpmap:121 H264/90000
04-17 23:34:18.984  1681  2968 D LEMON   : a=fmtp:121 profile-level-id=42C00C; packetization-mode=1; sprop-parameter-sets=Z0LAKekHhSQCwiEagA==,aM48gA==
04-17 23:34:18.984  1681  2968 D LEMON   : a=rtcp-fb:121 nack
04-17 23:34:18.984  1681  2968 D LEMON   : a=rtcp-fb:121 nack pli
04-17 23:34:18.984  1681  2968 D LEMON   : a=rtcp-fb:121 ccm tmmbr
04-17 23:34:18.984  1681  2968 D LEMON   : a=rtcp-fb:121 ccm fir
04-17 23:34:18.984  1681  2968 D LEMON   : a=extmap:1 urn:3gpp:video-orientation
04-17 23:34:18.984  1681  2968 D LEMON   : a=recvonly
04-17 23:34:18.984  1681  2968 D LEMON   : 
04-17 23:34:18.985  1681  2968 D LEMON   : 23:34:18.985 SIP: INFO: trans @10006 process response <INVITE:200>.
04-17 23:34:18.985  1681  2968 D LEMON   : 23:34:18.985 SIP: INFO: module stop tmr<0x55> [TIMER C] ok.
04-17 23:34:18.985  1681  2968 D LEMON   : 23:34:18.985 ZOS: INFO: fsm(SIP_ICT) trans@[65542] state <PROCEEDING> run [RECV_2XX] event ok.
04-17 23:34:18.985  1681  2968 D LEMON   : 23:34:18.985 ZOS: INFO: fsm(SIP_ICT) trans@[65542] state <PROCEEDING> to <TERMINATED>.
04-17 23:34:18.986  1681  2968 D LEMON   : 23:34:18.986 SIP: INFO: dlg @20005 process response <INVITE:200>.
04-17 23:34:18.987  1681  2968 D LEMON   : 23:34:18.986 SIP: INFO: module start tmr<0x29> [TIMER WAIT_SAM] <128000ms> ok.
04-17 23:34:18.989  1681  2968 D LEMON   : 23:34:18.989 ZOS: INFO: fsm(SIP_IVT) dlg@[131077] state <MODIFY OUT> run [RECV_2XX] event ok.
04-17 23:34:18.990  1681  2968 D LEMON   : 23:34:18.989 ZOS: INFO: fsm(SIP_IVT) dlg@[131077] state <MODIFY OUT> to <CONFIRMED>.
04-17 23:34:18.990  1681  2968 D LEMON   : 23:34:18.990 SIP: INFO: module delete tmr<0x51> [TIMER A] ok.
04-17 23:34:18.990  1681  2968 D LEMON   : 23:34:18.990 SIP: INFO: module delete tmr<0x52> [TIMER B] ok.
04-17 23:34:18.990  1681  2968 D LEMON   : 23:34:18.990 SIP: INFO: module delete tmr<0x53> [TIMER D] ok.
04-17 23:34:18.991  1681  2968 D LEMON   : 23:34:18.991 SIP: INFO: module delete tmr<0x54> [TIMER WAIT_CONN] ok.
04-17 23:34:18.991  1681  2968 D LEMON   : 23:34:18.991 SIP: INFO: module delete tmr<0x55> [TIMER C] ok.
04-17 23:34:19.362  1681  1826 D LEMON   : 23:34:19.362 ZOS: INFO: fsm(MTF_CALL) conn@[17] state <MODIFYOUT> run [SMM CNF] event ok.
04-17 23:34:19.362  1681  1826 D LEMON   : 23:34:19.362 ZOS: INFO: fsm(MTF_CALL) conn@[17] state <MODIFYOUT> to <CONNECTED>.
04-17 23:34:19.363  1681  2968 D LEMON   : 23:34:19.363 SIP: INFO: dlg @20005 process request <ACK>.
04-17 23:34:19.363  1681  2968 D LEMON   : ACK sip:405872000010425@10.56.4.26:5070;yop=00.00.73162006.0000.7013 SIP/2.0
04-17 23:34:19.363  1681  2968 D LEMON   : From: <sip:+917011021568@ims.mnc872.mcc405.3gppnetwork.org;user=phone>;tag=219tijG1c0EL7JRoKE6ePn_LE3
04-17 23:34:19.363  1681  2968 D LEMON   : To: <sip:+917011021641@ims.mnc872.mcc405.3gppnetwork.org;user=phone>;tag=a01UdedjZABbZbdW
04-17 23:34:19.363  1681  2968 D LEMON   : Contact: <sip:405872000010353@100.80.131.52:5503>;+sip.instance="<urn:gsma:imei:86740002-050381-3>";+g.3gpp.icsi-ref="urn%%3Aurn-7%%3A3gpp-service.ims.icsi.mmtel";video
04-17 23:34:19.363  1681  2968 D LEMON   : Proxy-Require: sec-agree
04-17 23:34:19.363  1681  2968 D LEMON   : Require: sec-agree
04-17 23:34:19.363  1681  2968 D LEMON   : Supported: sec-agree
04-17 23:34:19.363  1681  2968 D LEMON   : Route: <sip:10.56.5.85:5067;routing_id=pcscf_b_side;lskpmc=P97;lr>,<sip:dl1scfx0202mw.ims.mnc872.mcc405.3gppnetwork.org:5090;lr;interface=isc;lskpmc=S97;reg-id=971460903928823043;routing_id=7f4f5015b98f93c74be1a801e380a188>,<sip:AAQACE71wAAD/AAAAuAAAfYUK@10.56.4.26:5070;yop=00.00.73162006.0000.7013;lr>
04-17 23:34:19.363  1681  2968 D LEMON   : Call-ID: CAAF438FE7D8F8B0D054DD5B@1370ffffffff
04-17 23:34:19.363  1681  2968 D LEMON   : CSeq: 1 ACK
04-17 23:34:19.363  1681  2968 D LEMON   : Max-Forwards: 70
04-17 23:34:19.363  1681  2968 D LEMON   : User-Agent: VoWIFI/WFC UA
04-17 23:34:19.363  1681  2968 D LEMON   : Via: SIP/2.0/UDP 100.80.131.52:5503;branch=z9hG4bKG321gtijG1c0EL7JRoKE6ePn_L;rport
04-17 23:34:19.363  1681  2968 D LEMON   : Content-Length: 0
04-17 23:34:19.363  1681  2968 D LEMON   : 
04-17 23:34:19.363  1681  2968 D LEMON   : 
04-17 23:34:19.364  1681  2968 D LEMON   : 23:34:19.364 UTPT: INFO: conn[0x4] send data[1024] to [10.56.5.85:5067] ok.
04-17 23:34:19.364  1681  2968 D LEMON   : 23:34:19.364 SIP: INFO: module stop tmr<0x29> [TIMER WAIT_SAM] ok.
04-17 23:34:19.364  1681  2968 D LEMON   : 23:34:19.364 ZOS: INFO: fsm(SIP_IVT) dlg@[131077] state <CONFIRMED> run [SAM_REQ] event ok.
04-17 23:34:19.366  1681  1681 D LEMON   : 23:34:19.366 RSE: INFO: gui notify LeaveSessHoldOk.
04-17 23:34:19.384  1681  1833 D LEMON   : 23:34:19.379 UTPT: INFO: recv udp data(len:1804) from [10.56.5.85:32920].
04-17 23:34:19.385  1681  2968 D LEMON   : SIP/2.0 200 OK
04-17 23:34:19.385  1681  2968 D LEMON   : l:575
04-17 23:34:19.385  1681  2968 D LEMON   : f:<sip:+917011021568@ims.mnc872.mcc405.3gppnetwork.org;user=phone>;tag=219tijG1c0EL7JRoKE6ePn_LE3
04-17 23:34:19.385  1681  2968 D LEMON   : t:<sip:+917011021641@ims.mnc872.mcc405.3gppnetwork.org;user=phone>;tag=a01UdedjZABbZbdW
04-17 23:34:19.385  1681  2968 D LEMON   : v:SIP/2.0/UDP 100.80.131.52:5503;branch=z9hG4bK321CqGxqrc0EL7JRoKE6ePn_LF;rport=33245;received=100.80.131.52
04-17 23:34:19.385  1681  2968 D LEMON   : i:CAAF438FE7D8F8B0D054DD5B@1370ffffffff
04-17 23:34:19.385  1681  2968 D LEMON   : CSeq:1 INVITE
04-17 23:34:19.385  1681  2968 D LEMON   : Record-Route:<sip:AAQACE71wAAD/AAAAuAAAfYUK@10.56.4.26:5070;yop=00.00.73162006.0000.7013;lr>,<sip:dl1scfx0202mw.ims.mnc872.mcc405.3gppnetwork.org:5090;lr;interface=isc;lskpmc=S97;reg-id=971460903928823043;routing_id=7f4f5015b98f93c74be1a801e380a188>,<sip:10.56.5.85:5067;routing_id=pcscf_b_side;lskpmc=P97;lr>
04-17 23:34:19.385  1681  2968 D LEMON   : x:1800;refresher=uas
04-17 23:34:19.385  1681  2968 D LEMON   : m:<sip:405872000010425@10.56.4.26:5070;yop=00.00.73162006.0000.7013>;+g.3gpp.icsi-ref="urn%%3Aurn-7%%3A3gpp-service.ims.icsi.mmtel";video;+sip.instance="<urn:gsma:imei:86740002-050413-0>"
04-17 23:34:19.385  1681  2968 D LEMON   : Require:timer
04-17 23:34:19.385  1681  2968 D LEMON   : k:100rel,join,replaces,timer,histinfo,eventlist,norefersub,tdialog
04-17 23:34:19.385  1681  2968 D LEMON   : Allow:ACK,BYE,CANCEL,INFO,INVITE,NOTIFY,OPTIONS,PRACK,REFER,UPDATE
04-17 23:34:19.385  1681  2968 D LEMON   : Feature-Caps:*;+g.3gpp.srvcc;+g.3gpp.icsi-ref="urn%%3Aurn-7%%3A3gpp-service.ims.icsi.mmtel"
04-17 23:34:19.385  1681  2968 D LEMON   : c:application/sdp
04-17 23:34:19.385  1681  2968 D LEMON   : Content-Disposition:session;handling=required
04-17 23:34:19.385  1681  2968 D LEMON   : Server:VoWIFI/WFC UA
04-17 23:34:19.385  1681  2968 D LEMON   : 
04-17 23:34:19.385  1681  2968 D LEMON   : v=0
04-17 23:34:19.385  1681  2968 D LEMON   : o=405872000010425 0 6 IN IP4 ims.mnc872.mcc405.3gppnetwork.org
04-17 23:34:19.385  1681  2968 D LEMON   : s=-
04-17 23:34:19.385  1681  2968 D LEMON   : c=IN IP4 10.56.5.5
04-17 23:34:19.385  1681  2968 D LEMON   : t=0 0
04-17 23:34:19.385  1681  2968 D LEMON   : m=audio 50792 RTP/AVP 104
04-17 23:34:19.385  1681  2968 D LEMON   : a=rtpmap:104 AMR-WB/16000
04-17 23:34:19.385  1681  2968 D LEMON   : a=fmtp:104 octet-align=1; mode-change-period=2; mode-change-capability=2
04-17 23:34:19.385  1681  2968 D LEMON   : a=ptime:20
04-17 23:34:19.385  1681  2968 D LEMON   : a=maxptime:144
04-17 23:34:19.385  1681  2968 D LEMON   : a=recvonly
04-17 23:34:19.385  1681  2968 D LEMON   : m=video 50968 RTP/AVPF 121
04-17 23:34:19.385  1681  2968 D LEMON   : a=rtpmap:121 H264/90000
04-17 23:34:19.385  1681  2968 D LEMON   : a=fmtp:121 profile-level-id=42C00C; packetization-mode=1; sprop-parameter-sets=Z0LAKekHhSQCwiEagA==,aM48gA==
04-17 23:34:19.385  1681  2968 D LEMON   : a=rtcp-fb:121 nack
04-17 23:34:19.385  1681  2968 D LEMON   : a=rtcp-fb:121 nack pli
04-17 23:34:19.385  1681  2968 D LEMON   : a=rtcp-fb:121 ccm tmmbr
04-17 23:34:19.385  1681  2968 D LEMON   : a=rtcp-fb:121 ccm fir
04-17 23:34:19.385  1681  2968 D LEMON   : a=extmap:1 urn:3gpp:video-orientation
04-17 23:34:19.385  1681  2968 D LEMON   : a=recvonly
04-17 23:34:19.385  1681  2968 D LEMON   : 
04-17 23:34:19.386  1681  2968 D LEMON   : 23:34:19.386 SIP: INFO: dlg @20005 process response <INVITE:200>.
04-17 23:34:19.386  1681  2968 D LEMON   : ACK sip:405872000010425@10.56.4.26:5070;yop=00.00.73162006.0000.7013 SIP/2.0
04-17 23:34:19.386  1681  2968 D LEMON   : From: <sip:+917011021568@ims.mnc872.mcc405.3gppnetwork.org;user=phone>;tag=219tijG1c0EL7JRoKE6ePn_LE3
04-17 23:34:19.386  1681  2968 D LEMON   : To: <sip:+917011021641@ims.mnc872.mcc405.3gppnetwork.org;user=phone>;tag=a01UdedjZABbZbdW
04-17 23:34:19.386  1681  2968 D LEMON   : Contact: <sip:405872000010353@100.80.131.52:5503>;+sip.instance="<urn:gsma:imei:86740002-050381-3>";+g.3gpp.icsi-ref="urn%%3Aurn-7%%3A3gpp-service.ims.icsi.mmtel";video
04-17 23:34:19.386  1681  2968 D LEMON   : Proxy-Require: sec-agree
04-17 23:34:19.386  1681  2968 D LEMON   : Require: sec-agree
04-17 23:34:19.386  1681  2968 D LEMON   : Supported: sec-agree
04-17 23:34:19.386  1681  2968 D LEMON   : Route: <sip:10.56.5.85:5067;routing_id=pcscf_b_side;lskpmc=P97;lr>,<sip:dl1scfx0202mw.ims.mnc872.mcc405.3gppnetwork.org:5090;lr;interface=isc;lskpmc=S97;reg-id=971460903928823043;routing_id=7f4f5015b98f93c74be1a801e380a188>,<sip:AAQACE71wAAD/AAAAuAAAfYUK@10.56.4.26:5070;yop=00.00.73162006.0000.7013;lr>
04-17 23:34:19.386  1681  2968 D LEMON   : Call-ID: CAAF438FE7D8F8B0D054DD5B@1370ffffffff
04-17 23:34:19.386  1681  2968 D LEMON   : CSeq: 1 ACK
04-17 23:34:19.386  1681  2968 D LEMON   : Max-Forwards: 70
04-17 23:34:19.386  1681  2968 D LEMON   : User-Agent: VoWIFI/WFC UA
04-17 23:34:19.386  1681  2968 D LEMON   : Via: SIP/2.0/UDP 100.80.131.52:5503;branch=z9hG4bKG321gtijG1c0EL7JRoKE6ePn_L;rport
04-17 23:34:19.386  1681  2968 D LEMON   : Content-Length: 0
04-17 23:34:19.386  1681  2968 D LEMON   : 
04-17 23:34:19.386  1681  2968 D LEMON   : 
04-17 23:34:19.390  1681  2968 D LEMON   : 23:34:19.387 UTPT: INFO: conn[0x4] send data[1024] to [10.56.5.85:5067] ok.
04-17 23:34:19.390  1681  2968 D LEMON   : 23:34:19.390 ZOS: INFO: fsm(SIP_IVT) dlg@[131077] state <CONFIRMED> run [RECV_2XX] event ok.
04-17 23:34:20.462  1681  1833 D LEMON   : 23:34:20.462 UTPT: INFO: recv udp data(len:1378) from [10.56.5.85:32920].
04-17 23:34:20.463  1681  2968 D LEMON   : INVITE sip:405872000010353@100.80.131.52:5503 SIP/2.0
04-17 23:34:20.463  1681  2968 D LEMON   : v:SIP/2.0/UDP 10.56.5.85:5067;branch=z9hG4bK_IMSCL1550631.000_b37a0f689d442162b31e817701997dd3;lskpmc=P97
04-17 23:34:20.463  1681  2968 D LEMON   : Record-Route:<sip:10.56.5.85:5067;routing_id=pcscf_b_side;lskpmc=P97;lr>
04-17 23:34:20.463  1681  2968 D LEMON   : v:SIP/2.0/TCP 10.56.0.37:5090;branch=z9hG4bK_IMSCL1550631.000_9692b95668c08953acf7c22de0f32173;lskpmc=S97
04-17 23:34:20.463  1681  2968 D LEMON   : l:0
04-17 23:34:20.463  1681  2968 D LEMON   : f:<sip:+917011021641@ims.mnc872.mcc405.3gppnetwork.org;user=phone>;tag=a01UdedjZABbZbdW
04-17 23:34:20.463  1681  2968 D LEMON   : t:<sip:+917011021568@ims.mnc872.mcc405.3gppnetwork.org;user=phone>;tag=219tijG1c0EL7JRoKE6ePn_LE3
04-17 23:34:20.463  1681  2968 D LEMON   : v:SIP/2.0/TCP 10.56.4.26:5070;branch=z9hG4bK_de0g6586f43did7;yop=00.00.73162006.0000.7013
04-17 23:34:20.463  1681  2968 D LEMON   : i:CAAF438FE7D8F8B0D054DD5B@1370ffffffff
04-17 23:34:20.463  1681  2968 D LEMON   : CSeq:8 INVITE
04-17 23:34:20.463  1681  2968 D LEMON   : Max-Forwards:62
04-17 23:34:20.463  1681  2968 D LEMON   : Record-Route:<sip:dl1scfx0202mw.ims.mnc872.mcc405.3gppnetwork.org:5090;lr;interface=isc;lskpmc=S97;routing_id=7f4f5015b98f93c74be1a801e380a188>
04-17 23:34:20.463  1681  2968 D LEMON   : Record-Route:<sip:AAQACE71wAAD/AAAAuAAAfYUK@10.56.4.26:5070;yop=00.00.73162006.0000.7013;lr>
04-17 23:34:20.463  1681  2968 D LEMON   : x:1800;refresher=uac
04-17 23:34:20.463  1681  2968 D LEMON   : Min-SE:600
04-17 23:34:20.463  1681  2968 D LEMON   : m:<sip:405872000010425@10.56.4.26:5070;yop=00.00.73162006.0000.7013>;+g.3gpp.icsi-ref="urn%%3Aurn-7%%3A3gpp-service.ims.icsi.mmtel";video;+sip.instance="<urn:gsma:imei:86740002-050413-0>"
04-17 23:34:20.463  1681  2968 D LEMON   : k:timer,tdialog
04-17 23:34:20.463  1681  2968 D LEMON   : Allow:ACK,BYE,CANCEL,INFO,INVITE,NOTIFY,OPTIONS,REFER
04-17 23:34:20.463  1681  2968 D LEMON   : Feature-Caps:*;+g.3gpp.srvcc;+g.3gpp.icsi-ref="urn%%3Aurn-7%%3A3gpp-service.ims.icsi.mmtel"
04-17 23:34:20.463  1681  2968 D LEMON   : Server:VoWIFI/WFC UA
04-17 23:34:20.463  1681  2968 D LEMON   : P-Com.Nokia.B2BUA-Involved:no
04-17 23:34:20.463  1681  2968 D LEMON   : 
04-17 23:34:20.463  1681  2968 D LEMON   : 
04-17 23:34:20.463  1681  2968 D LEMON   : 23:34:20.463 SIP: INFO: module create tmr<0x58> [TIMER G] ok.
04-17 23:34:20.464  1681  2968 D LEMON   : 23:34:20.464 SIP: INFO: module create tmr<0x59> [TIMER H] ok.
04-17 23:34:20.464  1681  2968 D LEMON   : 23:34:20.464 SIP: INFO: module create tmr<0x5A> [TIMER I] ok.
04-17 23:34:20.464  1681  2968 D LEMON   : 23:34:20.464 SIP: INFO: module create tmr<0x5B> [TIMER L] ok.
04-17 23:34:20.464  1681  2968 D LEMON   : 23:34:20.464 SIP: INFO: module create tmr<0x5C> [TIMER C] ok.
04-17 23:34:20.464  1681  2968 D LEMON   : 23:34:20.464 SIP: INFO: trans @10008 process request <INVITE>.
04-17 23:34:20.464  1681  2968 D LEMON   : 23:34:20.464 SIP: INFO: module start tmr<0x5C> [TIMER C] <200000ms> ok.
04-17 23:34:20.464  1681  2968 D LEMON   : 23:34:20.464 ZOS: INFO: fsm(SIP_IST) trans@[65544] state <IDLE> run [RECV_INVITE] event ok.
04-17 23:34:20.464  1681  2968 D LEMON   : 23:34:20.464 ZOS: INFO: fsm(SIP_IST) trans@[65544] state <IDLE> to <PROCEEDING>.
04-17 23:34:20.464  1681  2968 D LEMON   : 23:34:20.464 SIP: INFO: dlg @20005 process request <INVITE>.
04-17 23:34:20.465  1681  2968 D LEMON   : SIP/2.0 100 Trying
04-17 23:34:20.465  1681  2968 D LEMON   : To: <sip:+917011021568@ims.mnc872.mcc405.3gppnetwork.org;user=phone>;tag=219tijG1c0EL7JRoKE6ePn_LE3
04-17 23:34:20.465  1681  2968 D LEMON   : From: <sip:+917011021641@ims.mnc872.mcc405.3gppnetwork.org;user=phone>;tag=a01UdedjZABbZbdW
04-17 23:34:20.465  1681  2968 D LEMON   : CSeq: 8 INVITE
04-17 23:34:20.465  1681  2968 D LEMON   : Call-ID: CAAF438FE7D8F8B0D054DD5B@1370ffffffff
04-17 23:34:20.465  1681  2968 D LEMON   : Via: SIP/2.0/UDP 10.56.5.85:5067;branch=z9hG4bK_IMSCL1550631.000_b37a0f689d442162b31e817701997dd3;lskpmc=P97;received=10.56.5.85
04-17 23:34:20.465  1681  2968 D LEMON   : Via: SIP/2.0/TCP 10.56.0.37:5090;branch=z9hG4bK_IMSCL1550631.000_9692b95668c08953acf7c22de0f32173;lskpmc=S97
04-17 23:34:20.465  1681  2968 D LEMON   : Via: SIP/2.0/TCP 10.56.4.26:5070;branch=z9hG4bK_de0g6586f43did7;yop=00.00.73162006.0000.7013
04-17 23:34:20.465  1681  2968 D LEMON   : Content-Length: 0
04-17 23:34:20.465  1681  2968 D LEMON   : 
04-17 23:34:20.465  1681  2968 D LEMON   : 
04-17 23:34:20.466  1681  2968 D LEMON   : 23:34:20.466 UTPT: INFO: conn[0x4] send data[633] to [10.56.5.85:5067] ok.
04-17 23:34:20.469  1681  1826 D LEMON   : 23:34:20.468 ZOS: INFO: fsm(MTF_CALL) conn@[17] state <CONNECTED> run [SMM IND] event ok.
04-17 23:34:20.471  1681  2968 D LEMON   : 23:34:20.471 ZOS: INFO: fsm(SIP_IVT) dlg@[131077] state <CONFIRMED> run [RECV_INVITE] event ok.
04-17 23:34:20.471  1681  2968 D LEMON   : 23:34:20.471 ZOS: INFO: fsm(SIP_IVT) dlg@[131077] state <CONFIRMED> to <MODIFY IN>.
04-17 23:34:20.472  1681  2968 D LEMON   : 23:34:20.472 SIP: INFO: dlg @20005 process response <INVITE:200>.
04-17 23:34:20.473  1681  2968 D LEMON   : 23:34:20.473 SIP: INFO: module start tmr<0x2A> [TIMER SEND_2XX] <2000ms> ok.
04-17 23:34:20.473  1681  2968 D LEMON   : 23:34:20.473 SIP: INFO: module start tmr<0x2B> [TIMER STOP_2XX] <128000ms> ok.
04-17 23:34:20.473  1681  2968 D LEMON   : 23:34:20.473 ZOS: INFO: fsm(SIP_IVT) dlg@[131077] state <MODIFY IN> run [SMM_RSP] event ok.
04-17 23:34:20.473  1681  2968 D LEMON   : 23:34:20.473 ZOS: INFO: fsm(SIP_IVT) dlg@[131077] state <MODIFY IN> to <CONFIRMED>.
04-17 23:34:20.473  1681  2968 D LEMON   : 23:34:20.473 SIP: INFO: trans @10008 process response <INVITE:200>.
04-17 23:34:20.473  1681  2968 D LEMON   : 23:34:20.473 SIP: INFO: module stop tmr<0x5C> [TIMER C] ok.
04-17 23:34:20.474  1681  2968 D LEMON   : SIP/2.0 200 OK
04-17 23:34:20.474  1681  2968 D LEMON   : From: <sip:+917011021641@ims.mnc872.mcc405.3gppnetwork.org;user=phone>;tag=a01UdedjZABbZbdW
04-17 23:34:20.474  1681  2968 D LEMON   : To: <sip:+917011021568@ims.mnc872.mcc405.3gppnetwork.org;user=phone>;tag=219tijG1c0EL7JRoKE6ePn_LE3
04-17 23:34:20.474  1681  2968 D LEMON   : Supported: 100rel,join,norefersub,replaces,timer
04-17 23:34:20.474  1681  2968 D LEMON   : Allow: INVITE,ACK,BYE,CANCEL,UPDATE,REGISTER,INFO,PRACK,SUBSCRIBE,NOTIFY,MESSAGE,REFER,PUBLISH
04-17 23:34:20.474  1681  2968 D LEMON   : Session-Expires: 1800;refresher=uac
04-17 23:34:20.474  1681  2968 D LEMON   : Min-SE: 600
04-17 23:34:20.474  1681  2968 D LEMON   : Require: timer
04-17 23:34:20.474  1681  2968 D LEMON   : Contact: <sip:405872000010353@100.80.131.52:5503>;+sip.instance="<urn:gsma:imei:86740002-050381-3>";+g.3gpp.icsi-ref="urn%%3Aurn-7%%3A3gpp-service.ims.icsi.mmtel";video
04-17 23:34:20.474  1681  2968 D LEMON   : Record-Route: <sip:10.56.5.85:5067;routing_id=pcscf_b_side;lskpmc=P97;lr>
04-17 23:34:20.474  1681  2968 D LEMON   : Record-Route: <sip:dl1scfx0202mw.ims.mnc872.mcc405.3gppnetwork.org:5090;lr;interface=isc;lskpmc=S97;reg-id=971460903928823043;routing_id=7f4f5015b98f93c74be1a801e380a188>
04-17 23:34:20.474  1681  2968 D LEMON   : Record-Route: <sip:AAQACE71wAAD/AAAAuAAAfYUK@10.56.4.26:5070;yop=00.00.73162006.0000.7013;lr>
04-17 23:34:20.474  1681  2968 D LEMON   : Call-ID: CAAF438FE7D8F8B0D054DD5B@1370ffffffff
04-17 23:34:20.474  1681  2968 D LEMON   : CSeq: 8 INVITE
04-17 23:34:20.474  1681  2968 D LEMON   : Max-Forwards: 70
04-17 23:34:20.474  1681  2968 D LEMON   : Server: VoWIFI/WFC UA
04-17 23:34:20.474  1681  2968 D LEMON   : Record-Route: <sip:10.56.5.85:5067;routing_id=pcscf_b_side;lskpmc=P97;lr>
04-17 23:34:20.474  1681  2968 D LEMON   : Record-Route: <sip:dl1scfx0202mw.ims.mnc872.mcc405.3gppnetwork.org:5090;lr;interface=isc;lskpmc=S97;reg-id=971460903928823043;routing_id=7f4f5015b98f93c74be1a801e380a188>
04-17 23:34:20.474  1681  2968 D LEMON   : Record-Route: <sip:AAQACE71wAAD/AAAAuAAAfYUK@10.56.4.26:5070;yop=00.00.73162006.0000.7013;lr>
04-17 23:34:20.474  1681  2968 D LEMON   : Via: SIP/2.0/UDP 10.56.5.85:5067;branch=z9hG4bK_IMSCL1550631.000_b37a0f689d442162b31e817701997dd3;lskpmc=P97;received=10.56.5.85
04-17 23:34:20.474  1681  2968 D LEMON   : Via: SIP/2.0/TCP 10.56.0.37:5090;branch=z9hG4bK_IMSCL1550631.000_9692b95668c08953acf7c22de0f32173;lskpmc=S97
04-17 23:34:20.474  1681  2968 D LEMON   : Via: SIP/2.0/TCP 10.56.4.26:5070;branch=z9hG4bK_de0g6586f43did7;yop=00.00.73162006.0000.7013
04-17 23:34:20.474  1681  2968 D LEMON   : Content-Type: application/sdp
04-17 23:34:20.474  1681  2968 D LEMON   : Content-Length: 575
04-17 23:34:20.474  1681  2968 D LEMON   : 
04-17 23:34:20.474  1681  2968 D LEMON   : v=0
04-17 23:34:20.474  1681  2968 D LEMON   : o=405872000010353 4258686320 4258686328 IN IP4 100.80.131.52
04-17 23:34:20.474  1681  2968 D LEMON   : s=-
04-17 23:34:20.474  1681  2968 D LEMON   : c=IN IP4 100.80.131.52
04-17 23:34:20.474  1681  2968 D LEMON   : t=0 0
04-17 23:34:20.474  1681  2968 D LEMON   : m=audio 37090 RTP/AVP 104
04-17 23:34:20.474  1681  2968 D LEMON   : a=rtpmap:104 AMR-WB/16000
04-17 23:34:20.474  1681  2968 D LEMON   : a=fmtp:104 octet-align=1;mode-change-period=2;mode-change-capability=2
04-17 23:34:20.474  1681  2968 D LEMON   : a=ptime:20
04-17 23:34:20.474  1681  2968 D LEMON   : a=maxptime:144
04-17 23:34:20.474  1681  2968 D LEMON   : a=sendonly
04-17 23:34:20.474  1681  2968 D LEMON   : m=video 37184 RTP/AVPF 121
04-17 23:34:20.474  1681  2968 D LEMON   : a=rtpmap:121 H264/90000
04-17 23:34:20.474  1681  2968 D LEMON   : a=fmtp:121 profile-level-id=42C00C; packetization-mode=1; sprop-parameter-sets=Z0LAKekHhSQCwiEagA==,aM48gA==
04-17 23:34:20.474  1681  2968 D LEMON   : a=rtcp-fb:121 nack
04-17 23:34:20.474  1681  2968 D LEMON   : a=rtcp-fb:121 nack pli
04-17 23:34:20.474  1681  2968 D LEMON   : a=rtcp-fb:121 ccm tmmbr
04-17 23:34:20.474  1681  2968 D LEMON   : a=rtcp-fb:121 ccm fir
04-17 23:34:20.474  1681  2968 D LEMON   : a=extmap:1 urn:3gpp:video-orientation
04-17 23:34:20.474  1681  2968 D LEMON   : a=sendonly
04-17 23:34:20.474  1681  2968 D LEMON   : 
04-17 23:34:20.474  1681  2968 D LEMON   : 23:34:20.474 UTPT: INFO: conn[0x4] send data[2342] to [10.56.5.85:5067] ok.
04-17 23:34:20.475  1681  2968 D LEMON   : 23:34:20.475 ZOS: INFO: fsm(SIP_IST) trans@[65544] state <PROCEEDING> run [SEND_2XX] event ok.
04-17 23:34:20.475  1681  2968 D LEMON   : 23:34:20.475 ZOS: INFO: fsm(SIP_IST) trans@[65544] state <PROCEEDING> to <TERMINATED>.
04-17 23:34:20.475  1681  2968 D LEMON   : 23:34:20.475 SIP: INFO: module delete tmr<0x58> [TIMER G] ok.
04-17 23:34:20.475  1681  2968 D LEMON   : 23:34:20.475 SIP: INFO: module delete tmr<0x59> [TIMER H] ok.
04-17 23:34:20.475  1681  2968 D LEMON   : 23:34:20.475 SIP: INFO: module delete tmr<0x5A> [TIMER I] ok.
04-17 23:34:20.476  1681  2968 D LEMON   : 23:34:20.475 SIP: INFO: module delete tmr<0x5B> [TIMER L] ok.
04-17 23:34:20.477  1681  2968 D LEMON   : 23:34:20.476 SIP: INFO: module delete tmr<0x5C> [TIMER C] ok.
04-17 23:34:21.226  1681  1833 D LEMON   : 23:34:21.226 UTPT: INFO: recv udp data(len:2139) from [10.56.5.85:32920].
04-17 23:34:21.227  1681  2968 D LEMON   : ACK sip:405872000010353@100.80.131.52:5503 SIP/2.0
04-17 23:34:21.227  1681  2968 D LEMON   : v:SIP/2.0/UDP 10.56.5.85:5067;branch=z9hG4bK_IMSCL1550631.000_b6eb4364a419b3aadd1bd5b291e4f8d3;lskpmc=P97
04-17 23:34:21.227  1681  2968 D LEMON   : Record-Route:<sip:10.56.5.85:5067;routing_id=pcscf_b_side;lskpmc=P97;lr>
04-17 23:34:21.227  1681  2968 D LEMON   : v:SIP/2.0/TCP 10.56.0.37:5090;branch=z9hG4bK_IMSCL1550631.000_46a10b5126accb0e8645168039325202;lskpmc=S97
04-17 23:34:21.227  1681  2968 D LEMON   : l:489
04-17 23:34:21.227  1681  2968 D LEMON   : f:<sip:+917011021641@ims.mnc872.mcc405.3gppnetwork.org;user=phone>;tag=a01UdedjZABbZbdW
04-17 23:34:21.227  1681  2968 D LEMON   : t:<sip:+917011021568@ims.mnc872.mcc405.3gppnetwork.org;user=phone>;tag=219tijG1c0EL7JRoKE6ePn_LE3
04-17 23:34:21.227  1681  2968 D LEMON   : v:SIP/2.0/TCP 10.56.4.26:5070;branch=z9hG4bKbX6jW8ha_AVBdchU;yop=00.00.73162006.0000.7013
04-17 23:34:21.227  1681  2968 D LEMON   : i:CAAF438FE7D8F8B0D054DD5B@1370ffffffff
04-17 23:34:21.227  1681  2968 D LEMON   : CSeq:8 ACK
04-17 23:34:21.227  1681  2968 D LEMON   : Max-Forwards:62
04-17 23:34:21.227  1681  2968 D LEMON   : d:no-fork
04-17 23:34:21.227  1681  2968 D LEMON   : c:application/sdp
04-17 23:34:21.227  1681  2968 D LEMON   : Content-Disposition:session;handling=required
04-17 23:34:21.227  1681  2968 D LEMON   : Server:VoWIFI/WFC UA
04-17 23:34:21.227  1681  2968 D LEMON   : P-NokiaSiemens.Session-Info:corrID=321CuyuqaaCsSwuDOKE6ei*1aF@100.81.138.26; originator=<sip:+917011021641@ims.mnc872.mcc405.3gppnetwork.org>; <sip:+917011021568@ims.mnc872.mcc405.3gppnetwork.org>;impi-orig="impi:405872000010425@ims.mnc872.mcc405.3gppnetwork.org";impi-term="impi:405872000010353@ims.mnc872.mcc405.3gppnetwork.org";instance-id-orig="urn:gsma:imei:86740002-050413-4";instance-id-term="urn:gsma:imei:86740002-050381-3";Originator-Domain=ims.mnc872.mcc405.3gppnetwork.org;dlg-to-tag=9WX.6dhB9dg8_ia_;dlg-from-tag=2YVCdW_bjdgfV_._;dlg-call-id="713A340C3FDE9188EFF35069@0170ffffffff";dlg-routing-id=3d5f09b2c3be96fc44fb27431f3a2251-edaee3faccaef95b3945ee2e3ee7798d
04-17 23:34:21.227  1681  2968 D LEMON   : P-Com.Nokia.B2BUA-Involved:no
04-17 23:34:21.227  1681  2968 D LEMON   : Record-Route:<sip:dl1scfx0202mw.ims.mnc872.mcc405.3gppnetwork.org:5090;lr;interface=isc;lskpmc=S97;routing_id=7f4f5015b98f93c74be1a801e380a188>
04-17 23:34:21.227  1681  2968 D LEMON   : 
04-17 23:34:21.227  1681  2968 D LEMON   : v=0
04-17 23:34:21.227  1681  2968 D LEMON   : o=- 0 7 IN IP4 ims.mnc872.mcc405.3gppnetwork.org
04-17 23:34:21.227  1681  2968 D LEMON   : s=media server session
04-17 23:34:21.227  1681  2968 D LEMON   : t=0 0
04-17 23:34:21.227  1681  2968 D LEMON   : m=audio 50792 RTP/AVP 104
04-17 23:34:21.227  1681  2968 D LEMON   : c=IN IP4 10.56.5.5
04-17 23:34:21.227  1681  2968 D LEMON   : a=rtpmap:104 AMR-WB/16000
04-17 23:34:21.227  1681  2968 D LEMON   : a=fmtp:104 octet-align=1; mode-change-capability=2
04-17 23:34:21.227  1681  2968 D LEMON   : a=rtcp-xr
04-17 23:34:21.227  1681  2968 D LEMON   : a=ptime:20
04-17 23:34:21.227  1681  2968 D LEMON   : a=recvonly
04-17 23:34:21.227  1681  2968 D LEMON   : m=video 50968 RTP/AVPF 121
04-17 23:34:21.227  1681  2968 D LEMON   : c=IN IP4 10.56.5.5
04-17 23:34:21.227  1681  2968 D LEMON   : b=AS:384
04-17 23:34:21.227  1681  2968 D LEMON   : a=rtpmap:121 H264/90000
04-17 23:34:21.227  1681  2968 D LEMON   : a=fmtp:121 profile-level-id=42800C; packetization-mode=1; parameter-add=0
04-17 23:34:21.227  1681  2968 D LEMON   : a=rtcp-fb:121 nack pli
04-17 23:34:21.227  1681  2968 D LEMON   : a=rtcp-fb:121 ccm fir
04-17 23:34:21.227  1681  2968 D LEMON   : a=rtcp-fb:121 ccm tmmbr
04-17 23:34:21.227  1681  2968 D LEMON   : a=recvonly
04-17 23:34:21.227  1681  2968 D LEMON   : 
04-17 23:34:21.229  1681  2968 D LEMON   : 23:34:21.229 SIP: INFO: dlg @20005 process request <ACK>.
04-17 23:34:21.229  1681  2968 D LEMON   : 23:34:21.229 SIP: INFO: module stop tmr<0x2A> [TIMER SEND_2XX] ok.
04-17 23:34:21.229  1681  2968 D LEMON   : 23:34:21.229 SIP: INFO: module stop tmr<0x2B> [TIMER STOP_2XX] ok.
04-17 23:34:21.239  1681  2968 D LEMON   : 23:34:21.239 ZOS: INFO: fsm(SIP_IVT) dlg@[131077] state <CONFIRMED> run [RECV_ACK] event ok.
04-17 23:34:21.471  1681  1826 D LEMON   : 23:34:21.471 ZOS: INFO: fsm(MTF_CALL) conn@[17] state <CONNECTED> run [SAM IND] event ok.
04-17 23:34:21.474  1681  1681 D LEMON   : 23:34:21.474 RSE: INFO: gui notify LeaveSessMdfyed.
04-17 23:34:29.925  1681  1826 D LEMON   : 23:34:29.925 ZOS: INFO: fsm(MTF_CALL) conn@[17] state <CONNECTED> run [USER UNHOLD] event ok.
04-17 23:34:29.925  1681  1826 D LEMON   : 23:34:29.925 ZOS: INFO: fsm(MTF_CALL) conn@[17] state <CONNECTED> to <MODIFYOUT>.
04-17 23:34:29.926  1681  2968 D LEMON   : 23:34:29.926 SIP: INFO: dlg @20005 process request <INVITE>.
04-17 23:34:29.926  1681  2968 D LEMON   : 23:34:29.926 SIP: INFO: module create tmr<0x5F> [TIMER A] ok.
04-17 23:34:29.926  1681  2968 D LEMON   : 23:34:29.926 SIP: INFO: module create tmr<0x60> [TIMER B] ok.
04-17 23:34:29.927  1681  2968 D LEMON   : 23:34:29.927 SIP: INFO: module create tmr<0x61> [TIMER D] ok.
04-17 23:34:29.927  1681  2968 D LEMON   : 23:34:29.927 SIP: INFO: module create tmr<0x62> [TIMER WAIT_CONN] ok.
04-17 23:34:29.927  1681  2968 D LEMON   : 23:34:29.927 SIP: INFO: module create tmr<0x63> [TIMER C] ok.
04-17 23:34:29.932  1681  2968 D LEMON   : 23:34:29.932 ZOS: INFO: fsm(SIP_IVT) dlg@[131077] state <CONFIRMED> run [SMM_REQ] event ok.
04-17 23:34:29.932  1681  2968 D LEMON   : 23:34:29.932 ZOS: INFO: fsm(SIP_IVT) dlg@[131077] state <CONFIRMED> to <MODIFY OUT>.
04-17 23:34:29.932  1681  2968 D LEMON   : 23:34:29.932 SIP: INFO: trans @10009 process request <INVITE>.
04-17 23:34:29.933  1681  2968 D LEMON   : INVITE sip:405872000010425@10.56.4.26:5070;yop=00.00.73162006.0000.7013 SIP/2.0
04-17 23:34:29.933  1681  2968 D LEMON   : From: <sip:+917011021568@ims.mnc872.mcc405.3gppnetwork.org;user=phone>;tag=219tijG1c0EL7JRoKE6ePn_LE3
04-17 23:34:29.933  1681  2968 D LEMON   : To: <sip:+917011021641@ims.mnc872.mcc405.3gppnetwork.org;user=phone>;tag=a01UdedjZABbZbdW
04-17 23:34:29.933  1681  2968 D LEMON   : Contact: <sip:405872000010353@100.80.131.52:5503>;+sip.instance="<urn:gsma:imei:86740002-050381-3>";+g.3gpp.icsi-ref="urn%%3Aurn-7%%3A3gpp-service.ims.icsi.mmtel";video
04-17 23:34:29.933  1681  2968 D LEMON   : Supported: 100rel,join,norefersub,replaces,timer,sec-agree
04-17 23:34:29.933  1681  2968 D LEMON   : Allow: INVITE,ACK,BYE,CANCEL,UPDATE,REGISTER,INFO,PRACK,SUBSCRIBE,NOTIFY,MESSAGE,REFER,PUBLISH
04-17 23:34:29.933  1681  2968 D LEMON   : Session-Expires: 1800
04-17 23:34:29.933  1681  2968 D LEMON   : Min-SE: 600
04-17 23:34:29.933  1681  2968 D LEMON   : Proxy-Require: sec-agree
04-17 23:34:29.933  1681  2968 D LEMON   : Require: sec-agree
04-17 23:34:29.933  1681  2968 D LEMON   : Route: <sip:10.56.5.85:5067;routing_id=pcscf_b_side;lskpmc=P97;lr>,<sip:dl1scfx0202mw.ims.mnc872.mcc405.3gppnetwork.org:5090;lr;interface=isc;lskpmc=S97;reg-id=971460903928823043;routing_id=7f4f5015b98f93c74be1a801e380a188>,<sip:AAQACE71wAAD/AAAAuAAAfYUK@10.56.4.26:5070;yop=00.00.73162006.0000.7013;lr>
04-17 23:34:29.933  1681  2968 D LEMON   : Call-ID: CAAF438FE7D8F8B0D054DD5B@1370ffffffff
04-17 23:34:29.933  1681  2968 D LEMON   : CSeq: 2 INVITE
04-17 23:34:29.933  1681  2968 D LEMON   : Max-Forwards: 70
04-17 23:34:29.933  1681  2968 D LEMON   : User-Agent: VoWIFI/WFC UA
04-17 23:34:29.933  1681  2968 D LEMON   : Via: SIP/2.0/UDP 100.80.131.52:5503;branch=z9hG4bKaH321ovyvatdmhVa0_PBF6e2At;rport
04-17 23:34:29.933  1681  2968 D LEMON   : Content-Type: application/sdp
04-17 23:34:29.933  1681  2968 D LEMON   : Content-Length: 603
04-17 23:34:29.933  1681  2968 D LEMON   : 
04-17 23:34:29.933  1681  2968 D LEMON   : v=0
04-17 23:34:29.933  1681  2968 D LEMON   : o=405872000010353 4258686320 4258686330 IN IP4 100.80.131.52
04-17 23:34:29.933  1681  2968 D LEMON   : s=-
04-17 23:34:29.933  1681  2968 D LEMON   : c=IN IP4 100.80.131.52
04-17 23:34:29.933  1681  2968 D LEMON   : t=0 0
04-17 23:34:29.933  1681  2968 D LEMON   : m=audio 37090 RTP/AVP 104 103
04-17 23:34:29.933  1681  2968 D LEMON   : a=rtpmap:104 AMR-WB/16000
04-17 23:34:29.933  1681  2968 D LEMON   : a=fmtp:104 octet-align=1
04-17 23:34:29.933  1681  2968 D LEMON   : a=rtpmap:103 AMR/8000
04-17 23:34:29.933  1681  2968 D LEMON   : a=fmtp:103 mode-set=0,1,2,3,4,5;octet-align=1
04-17 23:34:29.933  1681  2968 D LEMON   : a=ptime:20
04-17 23:34:29.933  1681  2968 D LEMON   : a=maxptime:400
04-17 23:34:29.933  1681  2968 D LEMON   : a=sendrecv
04-17 23:34:29.933  1681  2968 D LEMON   : m=video 37184 RTP/AVPF 121
04-17 23:34:29.933  1681  2968 D LEMON   : a=rtpmap:121 H264/90000
04-17 23:34:29.933  1681  2968 D LEMON   : a=fmtp:121 profile-level-id=42C00C; packetization-mode=1; sprop-parameter-sets=Z0LAKekHhSQCwiEagA==,aM48gA==
04-17 23:34:29.933  1681  2968 D LEMON   : a=rtcp-fb:121 nack
04-17 23:34:29.933  1681  2968 D LEMON   : a=rtcp-fb:121 nack pli
04-17 23:34:29.933  1681  2968 D LEMON   : a=rtcp-fb:121 ccm tmmbr
04-17 23:34:29.933  1681  2968 D LEMON   : a=rtcp-fb:121 ccm fir
04-17 23:34:29.933  1681  2968 D LEMON   : a=extmap:1 urn:3gpp:video-orientation
04-17 23:34:29.933  1681  2968 D LEMON   : a=sendrecv
04-17 23:34:29.933  1681  2968 D LEMON   : 
04-17 23:34:29.934  1681  2968 D LEMON   : 23:34:29.934 UTPT: INFO: conn[0x4] send data[1836] to [10.56.5.85:5067] ok.
04-17 23:34:29.934  1681  2968 D LEMON   : 23:34:29.934 SIP: INFO: module start tmr<0x5F> [TIMER A] <2000ms> ok.
04-17 23:34:29.934  1681  2968 D LEMON   : 23:34:29.934 SIP: INFO: module start tmr<0x60> [TIMER B] <128000ms> ok.
04-17 23:34:29.934  1681  2968 D LEMON   : 23:34:29.934 SIP: INFO: module start tmr<0x63> [TIMER C] <200000ms> ok.
04-17 23:34:29.934  1681  2968 D LEMON   : 23:34:29.934 ZOS: INFO: fsm(SIP_ICT) trans@[65545] state <IDLE> run [SEND_INVITE] event ok.
04-17 23:34:29.934  1681  2968 D LEMON   : 23:34:29.934 ZOS: INFO: fsm(SIP_ICT) trans@[65545] state <IDLE> to <CALLING>.
04-17 23:34:30.417  1681  1833 D LEMON   : 23:34:30.417 UTPT: INFO: recv udp data(len:381) from [10.56.5.85:32920].
04-17 23:34:30.418  1681  2968 D LEMON   : SIP/2.0 100 Trying
04-17 23:34:30.418  1681  2968 D LEMON   : f:<sip:+917011021568@ims.mnc872.mcc405.3gppnetwork.org;user=phone>;tag=219tijG1c0EL7JRoKE6ePn_LE3
04-17 23:34:30.418  1681  2968 D LEMON   : t:<sip:+917011021641@ims.mnc872.mcc405.3gppnetwork.org;user=phone>;tag=a01UdedjZABbZbdW
04-17 23:34:30.418  1681  2968 D LEMON   : i:CAAF438FE7D8F8B0D054DD5B@1370ffffffff
04-17 23:34:30.418  1681  2968 D LEMON   : CSeq:2 INVITE
04-17 23:34:30.418  1681  2968 D LEMON   : v:SIP/2.0/UDP 100.80.131.52:5503;branch=z9hG4bKaH321ovyvatdmhVa0_PBF6e2At;rport=33245;received=100.80.131.52
04-17 23:34:30.418  1681  2968 D LEMON   : l:0
04-17 23:34:30.418  1681  2968 D LEMON   : 
04-17 23:34:30.418  1681  2968 D LEMON   : 
04-17 23:34:30.420  1681  2968 D LEMON   : 23:34:30.420 SIP: INFO: trans @10009 process response <INVITE:100>.
04-17 23:34:30.420  1681  2968 D LEMON   : 23:34:30.420 SIP: INFO: module stop tmr<0x5F> [TIMER A] ok.
04-17 23:34:30.420  1681  2968 D LEMON   : 23:34:30.420 SIP: INFO: module stop tmr<0x60> [TIMER B] ok.
04-17 23:34:30.420  1681  2968 D LEMON   : 23:34:30.420 SIP: INFO: module stop tmr<0x63> [TIMER C] ok.
04-17 23:34:30.420  1681  2968 D LEMON   : 23:34:30.420 SIP: INFO: module start tmr<0x63> [TIMER C] <200000ms> ok.
04-17 23:34:30.420  1681  2968 D LEMON   : 23:34:30.420 ZOS: INFO: fsm(SIP_ICT) trans@[65545] state <CALLING> run [RECV_1XX] event ok.
04-17 23:34:30.420  1681  2968 D LEMON   : 23:34:30.420 ZOS: INFO: fsm(SIP_ICT) trans@[65545] state <CALLING> to <PROCEEDING>.
04-17 23:34:30.421  1681  2968 D LEMON   : 23:34:30.421 SIP: INFO: dlg @20005 process response <INVITE:100>.
04-17 23:34:30.421  1681  2968 D LEMON   : 23:34:30.421 ZOS: INFO: fsm(SIP_IVT) dlg@[131077] state <MODIFY OUT> run [RECV_1XX] event ok.
04-17 23:34:30.695  1681  1833 D LEMON   : 23:34:30.695 UTPT: INFO: recv udp data(len:1682) from [10.56.5.85:32920].
04-17 23:34:30.697  1681  2968 D LEMON   : SIP/2.0 200 OK
04-17 23:34:30.697  1681  2968 D LEMON   : l:489
04-17 23:34:30.697  1681  2968 D LEMON   : f:<sip:+917011021568@ims.mnc872.mcc405.3gppnetwork.org;user=phone>;tag=219tijG1c0EL7JRoKE6ePn_LE3
04-17 23:34:30.697  1681  2968 D LEMON   : t:<sip:+917011021641@ims.mnc872.mcc405.3gppnetwork.org;user=phone>;tag=a01UdedjZABbZbdW
04-17 23:34:30.697  1681  2968 D LEMON   : v:SIP/2.0/UDP 100.80.131.52:5503;branch=z9hG4bKaH321ovyvatdmhVa0_PBF6e2At;rport=33245;received=100.80.131.52
04-17 23:34:30.697  1681  2968 D LEMON   : i:CAAF438FE7D8F8B0D054DD5B@1370ffffffff
04-17 23:34:30.697  1681  2968 D LEMON   : CSeq:2 INVITE
04-17 23:34:30.697  1681  2968 D LEMON   : Record-Route:<sip:AAQACE71wAAD/AAAAuAAAfYUK@10.56.4.26:5070;yop=00.00.73162006.0000.7013;lr>,<sip:dl1scfx0202mw.ims.mnc872.mcc405.3gppnetwork.org:5090;lr;interface=isc;lskpmc=S97;reg-id=971460903928823043;routing_id=7f4f5015b98f93c74be1a801e380a188>,<sip:10.56.5.85:5067;routing_id=pcscf_b_side;lskpmc=P97;lr>
04-17 23:34:30.697  1681  2968 D LEMON   : x:1800;refresher=uas
04-17 23:34:30.697  1681  2968 D LEMON   : m:<sip:405872000010425@10.56.4.26:5070;yop=00.00.73162006.0000.7013>;+g.3gpp.icsi-ref="urn%%3Aurn-7%%3A3gpp-service.ims.icsi.mmtel";video;+sip.instance="<urn:gsma:imei:86740002-050413-0>"
04-17 23:34:30.697  1681  2968 D LEMON   : Require:timer
04-17 23:34:30.697  1681  2968 D LEMON   : k:100rel,timer,histinfo,eventlist,norefersub,tdialog
04-17 23:34:30.697  1681  2968 D LEMON   : Allow:ACK,BYE,CANCEL,INFO,INVITE,NOTIFY,OPTIONS,PRACK,REFER,UPDATE
04-17 23:34:30.697  1681  2968 D LEMON   : Feature-Caps:*;+g.3gpp.srvcc;+g.3gpp.icsi-ref="urn%%3Aurn-7%%3A3gpp-service.ims.icsi.mmtel"
04-17 23:34:30.697  1681  2968 D LEMON   : c:application/sdp
04-17 23:34:30.697  1681  2968 D LEMON   : Content-Disposition:session;handling=required
04-17 23:34:30.697  1681  2968 D LEMON   : 
04-17 23:34:30.697  1681  2968 D LEMON   : v=0
04-17 23:34:30.697  1681  2968 D LEMON   : o=- 0 8 IN IP4 ims.mnc872.mcc405.3gppnetwork.org
04-17 23:34:30.697  1681  2968 D LEMON   : s=media server session
04-17 23:34:30.697  1681  2968 D LEMON   : t=0 0
04-17 23:34:30.697  1681  2968 D LEMON   : m=audio 50792 RTP/AVP 104
04-17 23:34:30.697  1681  2968 D LEMON   : c=IN IP4 10.56.5.5
04-17 23:34:30.697  1681  2968 D LEMON   : a=rtpmap:104 AMR-WB/16000
04-17 23:34:30.697  1681  2968 D LEMON   : a=fmtp:104 octet-align=1; mode-change-capability=2
04-17 23:34:30.697  1681  2968 D LEMON   : a=rtcp-xr
04-17 23:34:30.697  1681  2968 D LEMON   : a=ptime:20
04-17 23:34:30.697  1681  2968 D LEMON   : a=sendrecv
04-17 23:34:30.697  1681  2968 D LEMON   : m=video 50968 RTP/AVPF 121
04-17 23:34:30.697  1681  2968 D LEMON   : c=IN IP4 10.56.5.5
04-17 23:34:30.697  1681  2968 D LEMON   : b=AS:384
04-17 23:34:30.697  1681  2968 D LEMON   : a=rtpmap:121 H264/90000
04-17 23:34:30.697  1681  2968 D LEMON   : a=fmtp:121 profile-level-id=42800C; packetization-mode=1; parameter-add=0
04-17 23:34:30.697  1681  2968 D LEMON   : a=rtcp-fb:121 nack pli
04-17 23:34:30.697  1681  2968 D LEMON   : a=rtcp-fb:121 ccm fir
04-17 23:34:30.697  1681  2968 D LEMON   : a=rtcp-fb:121 ccm tmmbr
04-17 23:34:30.697  1681  2968 D LEMON   : a=sendrecv
04-17 23:34:30.697  1681  2968 D LEMON   : 
04-17 23:34:30.699  1681  2968 D LEMON   : 23:34:30.699 SIP: INFO: trans @10009 process response <INVITE:200>.
04-17 23:34:30.699  1681  2968 D LEMON   : 23:34:30.699 SIP: INFO: module stop tmr<0x63> [TIMER C] ok.
04-17 23:34:30.699  1681  2968 D LEMON   : 23:34:30.699 ZOS: INFO: fsm(SIP_ICT) trans@[65545] state <PROCEEDING> run [RECV_2XX] event ok.
04-17 23:34:30.699  1681  2968 D LEMON   : 23:34:30.699 ZOS: INFO: fsm(SIP_ICT) trans@[65545] state <PROCEEDING> to <TERMINATED>.
04-17 23:34:30.700  1681  2968 D LEMON   : 23:34:30.700 SIP: INFO: dlg @20005 process response <INVITE:200>.
04-17 23:34:30.700  1681  2968 D LEMON   : 23:34:30.700 SIP: INFO: module start tmr<0x29> [TIMER WAIT_SAM] <128000ms> ok.
04-17 23:34:30.710  1681  2968 D LEMON   : 23:34:30.706 ZOS: INFO: fsm(SIP_IVT) dlg@[131077] state <MODIFY OUT> run [RECV_2XX] event ok.
04-17 23:34:30.711  1681  2968 D LEMON   : 23:34:30.711 ZOS: INFO: fsm(SIP_IVT) dlg@[131077] state <MODIFY OUT> to <CONFIRMED>.
04-17 23:34:30.711  1681  2968 D LEMON   : 23:34:30.711 SIP: INFO: module delete tmr<0x5F> [TIMER A] ok.
04-17 23:34:30.711  1681  2968 D LEMON   : 23:34:30.711 SIP: INFO: module delete tmr<0x60> [TIMER B] ok.
04-17 23:34:30.711  1681  2968 D LEMON   : 23:34:30.711 SIP: INFO: module delete tmr<0x61> [TIMER D] ok.
04-17 23:34:30.711  1681  2968 D LEMON   : 23:34:30.711 SIP: INFO: module delete tmr<0x62> [TIMER WAIT_CONN] ok.
04-17 23:34:30.712  1681  2968 D LEMON   : 23:34:30.712 SIP: INFO: module delete tmr<0x63> [TIMER C] ok.
04-17 23:34:30.911  1681  1826 D LEMON   : 23:34:30.911 ZOS: INFO: fsm(MTF_CALL) conn@[17] state <MODIFYOUT> run [SMM CNF] event ok.
04-17 23:34:30.911  1681  1826 D LEMON   : 23:34:30.911 ZOS: INFO: fsm(MTF_CALL) conn@[17] state <MODIFYOUT> to <CONNECTED>.
04-17 23:34:30.911  1681  2968 D LEMON   : 23:34:30.911 SIP: INFO: dlg @20005 process request <ACK>.
04-17 23:34:30.912  1681  2968 D LEMON   : ACK sip:405872000010425@10.56.4.26:5070;yop=00.00.73162006.0000.7013 SIP/2.0
04-17 23:34:30.912  1681  2968 D LEMON   : From: <sip:+917011021568@ims.mnc872.mcc405.3gppnetwork.org;user=phone>;tag=219tijG1c0EL7JRoKE6ePn_LE3
